xUnit.net v3 Microsoft.Testing.Platform v2 Runner v3.2.1+a9cfb80929 (64-bit .NET 10.0.1)

[17:27:57 INF] Silo starting with GC settings: ServerGC=False GCLatencyMode=Interactive
[17:27:57 WRN] Note: Silo not running with ServerGC turned on - recommend checking app config : <configuration>-<runtime>-<gcServer enabled="true">
[17:27:57 WRN] Note: ServerGC only kicks in on multi-core systems (settings enabling ServerGC have no effect on single-core machines).
[17:27:57 INF] -------------- Initializing silo on host rebond-dsk MachineName REBOND-DSK at 127.0.0.1:27159, gen 124421277 --------------
[17:27:57 INF] Starting silo Silo_0
[17:27:57 INF] -------------- Started silo S127.0.0.1:27159:124421277, ConsistentHashCode 87839254 --------------
[17:27:57 INF] Starting Orleans Silo.
[17:27:57 INF] Configuration Orleans.Configuration.ActivationCountBasedPlacementOptions:
ChooseOutOf: 2

[17:27:57 INF] Configuration Orleans.Configuration.ClusterMembershipOptions:
NumMissedTableIAmAliveLimit: 3
LivenessEnabled: True
ProbeTimeout: 00:00:05
TableRefreshTimeout: 00:01:00
DeathVoteExpirationTimeout: 00:02:00
IAmAliveTablePublishTimeout: 00:00:30
MaxJoinAttemptTime: 00:05:00
UseLivenessGossip: True
NumProbedSilos: 10
NumMissedProbesLimit: 3
NumVotesForDeathDeclaration: 2
DefunctSiloExpiration: 7.00:00:00
DefunctSiloCleanupPeriod: 01:00:00
LocalHealthDegradationMonitoringPeriod: 00:00:10
ExtendProbeTimeoutDuringDegradation: True
EnableIndirectProbes: True
EvictWhenMaxJoinAttemptTimeExceeded: True

[17:27:57 INF] Configuration Orleans.Configuration.ClusterOptions:
ClusterId: testcluster-2025-12-11t01-27-56-863
ServiceId: 28a5b35be8344814b7bbec1e8e748dab

[17:27:57 INF] Configuration Orleans.Configuration.ConnectionOptions:
ProtocolVersion: Version1
ConnectionsPerEndpoint: 1
ConnectionRetryDelay: 00:00:01
OpenConnectionTimeout: 00:00:05

[17:27:57 INF] Configuration Orleans.Configuration.ConsistentRingOptions:
NumVirtualBucketsConsistentRing: 30
UseVirtualBucketsConsistentRing: True

[17:27:57 INF] Configuration Orleans.Configuration.EndpointOptions:
AdvertisedIPAddress: 127.0.0.1
SiloPort: 27159
GatewayPort: 41732
SiloListeningEndpoint: 
GatewayListeningEndpoint: 

[17:27:57 INF] Configuration Orleans.Configuration.GrainCollectionOptions:
CollectionQuantum: 00:01:00
CollectionAge: 00:15:00
ActivationTimeout: 00:00:30
DeactivationTimeout: 00:00:30
EnableActivationSheddingOnMemoryPressure: False
MemoryUsagePollingPeriod: 00:00:05
MemoryUsageLimitPercentage: 80
MemoryUsageTargetPercentage: 75

[17:27:57 INF] Configuration Orleans.Configuration.GrainDirectoryOptions:
CachingStrategy: LRU
CacheSize: 1000000
LazyDeregistrationDelay: 00:01:00

[17:27:57 INF] Configuration Orleans.Configuration.GrainVersioningOptions:
DefaultCompatibilityStrategy: BackwardCompatible
DefaultVersionSelectorStrategy: AllCompatibleVersions

[17:27:57 INF] Configuration Orleans.Configuration.LoadSheddingOptions:
LoadSheddingEnabled: False
CpuThreshold: 95
MemoryThreshold: 90

[17:27:57 INF] Configuration Orleans.Configuration.MemoryGrainStorageOptions-Default:
NumStorageGrains: 10
InitStage: 10000
GrainStorageSerializer: Orleans.Storage.JsonGrainStorageSerializer

[17:27:57 INF] Configuration Orleans.Configuration.MemoryGrainStorageOptions-PubSubStore:
NumStorageGrains: 10
InitStage: 10000
GrainStorageSerializer: Orleans.Storage.JsonGrainStorageSerializer

[17:27:57 INF] Configuration Orleans.Configuration.ResourceOptimizedPlacementOptions:
CpuUsageWeight: 40
MemoryUsageWeight: 20
AvailableMemoryWeight: 20
MaxAvailableMemoryWeight: 5
ActivationCountWeight: 15
LocalSiloPreferenceMargin: 5

[17:27:57 INF] Configuration Orleans.Configuration.SchedulingOptions:
DelayWarningThreshold: 00:00:10
ActivationSchedulingQuantum: 00:00:00.1000000
TurnWarningLengthThreshold: 00:00:01
MaxPendingWorkItemsSoftLimit: 0
StoppedActivationWarningInterval: 00:01:00

[17:27:57 INF] Configuration Orleans.Configuration.SiloMessagingOptions:
SiloSenderQueues: 0
GatewaySenderQueues: 0
MaxForwardCount: 2
ClientDropTimeout: 00:01:00
ClientRegistrationRefresh: 00:05:00
ClientGatewayShutdownNotificationTimeout: 00:00:00
MaxEnqueuedRequestsSoftLimit: 0
MaxEnqueuedRequestsHardLimit: 0
MaxEnqueuedRequestsSoftLimit_StatelessWorker: 0
MaxEnqueuedRequestsHardLimit_StatelessWorker: 0
MaxRequestProcessingTime: 02:00:00
AssumeHomogenousSilosForTesting: False
SystemResponseTimeout: 00:00:30
GrainWorkloadAnalysisPeriod: 00:00:05
RequestProcessingWarningTime: 00:00:20
RequestQueueDelayWarningTime: 00:00:20
WaitForMessageToBeQueuedForOutboundTime: 00:00:00
ResponseTimeout: 00:00:30
ResponseTimeoutWithDebugger: 00:30:00
DropExpiredMessages: True
MaxMessageHeaderSize: 10485760
MaxMessageBodySize: 104857600
CancelRequestOnTimeout: True
WaitForCancellationAcknowledgement: False

[17:27:57 INF] Configuration Orleans.Configuration.SiloOptions:
SiloName: Silo_0

[17:27:57 INF] Configuration Orleans.Configuration.StatelessWorkerOptions:
RemoveIdleWorkers: True
IdleWorkersInspectionPeriod: 00:00:00.5000000
MinIdleCyclesBeforeRemoval: 0

[17:27:57 INF] Configuration Orleans.Streaming.Grains.Streams.GrainsOptions-Default:
QueueCount: 3
FireAndForgetDelivery: False
RetryTimeout: 00:00:01

[17:27:57 INF] Silo Start()
[17:27:57 INF] MembershipOracle starting on host rebond-dsk with SiloAddress S127.0.0.1:27159:124421277 at 2025-12-11 01:27:57.034 GMT
[17:27:57 INF] Init grain services took 0 milliseconds to finish
[17:27:57 INF] Joining
[17:27:57 INF] -BecomeActive
[17:27:57 INF] -Finished BecomeActive.
[17:27:57 INF] Successfully created queue balancer of type Orleans.Streaming.Grains.Streams.GrainsQueueBalancer for stream provider Default
[17:27:57 INF] Created PersistentStreamPullingManager for Stream Provider Default.
[17:27:57 INF] Init.
[17:27:57 INF] Initialize: I am now responsible for 18 queues: [blobmessage-0, blobmessage-1, blobmessage-2, broadcastmessage-0, broadcastmessage-1, broadcastmessage-2, compoundmessage-0, compoundmessage-1, compoundmessage-2, explosivemessage-0, explosivemessage-1, explosivemessage-2, explosivenextmessage-0, explosivenextmessage-1, explosivenextmessage-2, simplemessage-0, simplemessage-1, simplemessage-2].
[17:27:57 INF] Starting agents for 18 queues: [blobmessage-0, blobmessage-1, blobmessage-2, broadcastmessage-0, broadcastmessage-1, broadcastmessage-2, compoundmessage-0, compoundmessage-1, compoundmessage-2, explosivemessage-0, explosivemessage-1, explosivemessage-2, explosivenextmessage-0, explosivenextmessage-1, explosivenextmessage-2, simplemessage-0, simplemessage-1, simplemessage-2].
[17:27:57 INF] Created PersistentStreamPullingAgent sys.svc.stream.agent/127.0.0.1:27159@124421277+Default_1_blobmessage-0-0x00000000 for Stream Provider Default on silo S127.0.0.1:27159:124421277 for Queue blobmessage-0-0x00000000.
[17:27:57 INF] Created PersistentStreamPullingAgent sys.svc.stream.agent/127.0.0.1:27159@124421277+Default_2_blobmessage-1-0x00000000 for Stream Provider Default on silo S127.0.0.1:27159:124421277 for Queue blobmessage-1-0x00000000.
[17:27:57 INF] Created PersistentStreamPullingAgent sys.svc.stream.agent/127.0.0.1:27159@124421277+Default_3_blobmessage-2-0x00000000 for Stream Provider Default on silo S127.0.0.1:27159:124421277 for Queue blobmessage-2-0x00000000.
[17:27:57 INF] Created PersistentStreamPullingAgent sys.svc.stream.agent/127.0.0.1:27159@124421277+Default_4_broadcastmessage-0-0x00000000 for Stream Provider Default on silo S127.0.0.1:27159:124421277 for Queue broadcastmessage-0-0x00000000.
[17:27:57 INF] Created PersistentStreamPullingAgent sys.svc.stream.agent/127.0.0.1:27159@124421277+Default_5_broadcastmessage-1-0x00000000 for Stream Provider Default on silo S127.0.0.1:27159:124421277 for Queue broadcastmessage-1-0x00000000.
[17:27:57 INF] Created PersistentStreamPullingAgent sys.svc.stream.agent/127.0.0.1:27159@124421277+Default_6_broadcastmessage-2-0x00000000 for Stream Provider Default on silo S127.0.0.1:27159:124421277 for Queue broadcastmessage-2-0x00000000.
[17:27:57 INF] Created PersistentStreamPullingAgent sys.svc.stream.agent/127.0.0.1:27159@124421277+Default_7_compoundmessage-0-0x00000000 for Stream Provider Default on silo S127.0.0.1:27159:124421277 for Queue compoundmessage-0-0x00000000.
[17:27:57 INF] Created PersistentStreamPullingAgent sys.svc.stream.agent/127.0.0.1:27159@124421277+Default_8_compoundmessage-1-0x00000000 for Stream Provider Default on silo S127.0.0.1:27159:124421277 for Queue compoundmessage-1-0x00000000.
[17:27:57 INF] Created PersistentStreamPullingAgent sys.svc.stream.agent/127.0.0.1:27159@124421277+Default_9_compoundmessage-2-0x00000000 for Stream Provider Default on silo S127.0.0.1:27159:124421277 for Queue compoundmessage-2-0x00000000.
[17:27:57 INF] Created PersistentStreamPullingAgent sys.svc.stream.agent/127.0.0.1:27159@124421277+Default_10_explosivemessage-0-0x00000000 for Stream Provider Default on silo S127.0.0.1:27159:124421277 for Queue explosivemessage-0-0x00000000.
[17:27:57 INF] Created PersistentStreamPullingAgent sys.svc.stream.agent/127.0.0.1:27159@124421277+Default_11_explosivemessage-1-0x00000000 for Stream Provider Default on silo S127.0.0.1:27159:124421277 for Queue explosivemessage-1-0x00000000.
[17:27:57 INF] Created PersistentStreamPullingAgent sys.svc.stream.agent/127.0.0.1:27159@124421277+Default_12_explosivemessage-2-0x00000000 for Stream Provider Default on silo S127.0.0.1:27159:124421277 for Queue explosivemessage-2-0x00000000.
[17:27:57 INF] Created PersistentStreamPullingAgent sys.svc.stream.agent/127.0.0.1:27159@124421277+Default_13_explosivenextmessage-0-0x00000000 for Stream Provider Default on silo S127.0.0.1:27159:124421277 for Queue explosivenextmessage-0-0x00000000.
[17:27:57 INF] Created PersistentStreamPullingAgent sys.svc.stream.agent/127.0.0.1:27159@124421277+Default_14_explosivenextmessage-1-0x00000000 for Stream Provider Default on silo S127.0.0.1:27159:124421277 for Queue explosivenextmessage-1-0x00000000.
[17:27:57 INF] Created PersistentStreamPullingAgent sys.svc.stream.agent/127.0.0.1:27159@124421277+Default_15_explosivenextmessage-2-0x00000000 for Stream Provider Default on silo S127.0.0.1:27159:124421277 for Queue explosivenextmessage-2-0x00000000.
[17:27:57 INF] Created PersistentStreamPullingAgent sys.svc.stream.agent/127.0.0.1:27159@124421277+Default_16_simplemessage-0-0x00000000 for Stream Provider Default on silo S127.0.0.1:27159:124421277 for Queue simplemessage-0-0x00000000.
[17:27:57 INF] Created PersistentStreamPullingAgent sys.svc.stream.agent/127.0.0.1:27159@124421277+Default_17_simplemessage-1-0x00000000 for Stream Provider Default on silo S127.0.0.1:27159:124421277 for Queue simplemessage-1-0x00000000.
[17:27:57 INF] Created PersistentStreamPullingAgent sys.svc.stream.agent/127.0.0.1:27159@124421277+Default_18_simplemessage-2-0x00000000 for Stream Provider Default on silo S127.0.0.1:27159:124421277 for Queue simplemessage-2-0x00000000.
[17:27:57 INF] Init of PersistentStreamPullingAgent sys.svc.stream.agent/127.0.0.1:27159@124421277+Default_2_blobmessage-1-0x00000000 on silo S127.0.0.1:27159:124421277 for queue blobmessage-1-0x00000000.
[17:27:57 INF] Init of PersistentStreamPullingAgent sys.svc.stream.agent/127.0.0.1:27159@124421277+Default_3_blobmessage-2-0x00000000 on silo S127.0.0.1:27159:124421277 for queue blobmessage-2-0x00000000.
[17:27:57 INF] Init of PersistentStreamPullingAgent sys.svc.stream.agent/127.0.0.1:27159@124421277+Default_11_explosivemessage-1-0x00000000 on silo S127.0.0.1:27159:124421277 for queue explosivemessage-1-0x00000000.
[17:27:57 INF] Init of PersistentStreamPullingAgent sys.svc.stream.agent/127.0.0.1:27159@124421277+Default_5_broadcastmessage-1-0x00000000 on silo S127.0.0.1:27159:124421277 for queue broadcastmessage-1-0x00000000.
[17:27:57 INF] Init of PersistentStreamPullingAgent sys.svc.stream.agent/127.0.0.1:27159@124421277+Default_17_simplemessage-1-0x00000000 on silo S127.0.0.1:27159:124421277 for queue simplemessage-1-0x00000000.
[17:27:57 INF] Init of PersistentStreamPullingAgent sys.svc.stream.agent/127.0.0.1:27159@124421277+Default_8_compoundmessage-1-0x00000000 on silo S127.0.0.1:27159:124421277 for queue compoundmessage-1-0x00000000.
[17:27:57 INF] Init of PersistentStreamPullingAgent sys.svc.stream.agent/127.0.0.1:27159@124421277+Default_10_explosivemessage-0-0x00000000 on silo S127.0.0.1:27159:124421277 for queue explosivemessage-0-0x00000000.
[17:27:57 INF] Init of PersistentStreamPullingAgent sys.svc.stream.agent/127.0.0.1:27159@124421277+Default_9_compoundmessage-2-0x00000000 on silo S127.0.0.1:27159:124421277 for queue compoundmessage-2-0x00000000.
[17:27:57 INF] Init of PersistentStreamPullingAgent sys.svc.stream.agent/127.0.0.1:27159@124421277+Default_18_simplemessage-2-0x00000000 on silo S127.0.0.1:27159:124421277 for queue simplemessage-2-0x00000000.
[17:27:57 INF] Init of PersistentStreamPullingAgent sys.svc.stream.agent/127.0.0.1:27159@124421277+Default_15_explosivenextmessage-2-0x00000000 on silo S127.0.0.1:27159:124421277 for queue explosivenextmessage-2-0x00000000.
[17:27:57 INF] Init of PersistentStreamPullingAgent sys.svc.stream.agent/127.0.0.1:27159@124421277+Default_6_broadcastmessage-2-0x00000000 on silo S127.0.0.1:27159:124421277 for queue broadcastmessage-2-0x00000000.
[17:27:57 INF] Init of PersistentStreamPullingAgent sys.svc.stream.agent/127.0.0.1:27159@124421277+Default_1_blobmessage-0-0x00000000 on silo S127.0.0.1:27159:124421277 for queue blobmessage-0-0x00000000.
[17:27:57 INF] Init of PersistentStreamPullingAgent sys.svc.stream.agent/127.0.0.1:27159@124421277+Default_7_compoundmessage-0-0x00000000 on silo S127.0.0.1:27159:124421277 for queue compoundmessage-0-0x00000000.
[17:27:57 INF] Init of PersistentStreamPullingAgent sys.svc.stream.agent/127.0.0.1:27159@124421277+Default_14_explosivenextmessage-1-0x00000000 on silo S127.0.0.1:27159:124421277 for queue explosivenextmessage-1-0x00000000.
[17:27:57 INF] Init of PersistentStreamPullingAgent sys.svc.stream.agent/127.0.0.1:27159@124421277+Default_4_broadcastmessage-0-0x00000000 on silo S127.0.0.1:27159:124421277 for queue broadcastmessage-0-0x00000000.
[17:27:57 INF] Init of PersistentStreamPullingAgent sys.svc.stream.agent/127.0.0.1:27159@124421277+Default_12_explosivemessage-2-0x00000000 on silo S127.0.0.1:27159:124421277 for queue explosivemessage-2-0x00000000.
[17:27:57 INF] Init of PersistentStreamPullingAgent sys.svc.stream.agent/127.0.0.1:27159@124421277+Default_13_explosivenextmessage-0-0x00000000 on silo S127.0.0.1:27159:124421277 for queue explosivenextmessage-0-0x00000000.
[17:27:57 INF] Init of PersistentStreamPullingAgent sys.svc.stream.agent/127.0.0.1:27159@124421277+Default_16_simplemessage-0-0x00000000 on silo S127.0.0.1:27159:124421277 for queue simplemessage-0-0x00000000.
[17:27:57 INF] Taking queue simplemessage-1-0x00000000 under my responsibility.
[17:27:57 INF] Taking queue broadcastmessage-2-0x00000000 under my responsibility.
[17:27:57 INF] Taking queue explosivenextmessage-2-0x00000000 under my responsibility.
[17:27:57 INF] Taking queue simplemessage-2-0x00000000 under my responsibility.
[17:27:57 INF] Taking queue explosivemessage-0-0x00000000 under my responsibility.
[17:27:57 INF] Taking queue explosivenextmessage-1-0x00000000 under my responsibility.
[17:27:57 INF] Taking queue broadcastmessage-1-0x00000000 under my responsibility.
[17:27:57 INF] Taking queue broadcastmessage-0-0x00000000 under my responsibility.
[17:27:57 INF] Taking queue explosivemessage-2-0x00000000 under my responsibility.
[17:27:57 INF] Taking queue blobmessage-0-0x00000000 under my responsibility.
[17:27:57 INF] Taking queue compoundmessage-2-0x00000000 under my responsibility.
[17:27:57 INF] Taking queue simplemessage-0-0x00000000 under my responsibility.
[17:27:57 INF] Taking queue blobmessage-2-0x00000000 under my responsibility.
[17:27:57 INF] Taking queue explosivenextmessage-0-0x00000000 under my responsibility.
[17:27:57 INF] Taking queue compoundmessage-1-0x00000000 under my responsibility.
[17:27:57 INF] Taking queue explosivemessage-1-0x00000000 under my responsibility.
[17:27:57 INF] Taking queue blobmessage-1-0x00000000 under my responsibility.
[17:27:57 INF] Taking queue compoundmessage-0-0x00000000 under my responsibility.
[17:27:57 INF] Added 18 new queues: [blobmessage-0, blobmessage-1, blobmessage-2, broadcastmessage-0, broadcastmessage-1, broadcastmessage-2, compoundmessage-0, compoundmessage-1, compoundmessage-2, explosivemessage-0, explosivemessage-1, explosivemessage-2, explosivenextmessage-0, explosivenextmessage-1, explosivenextmessage-2, simplemessage-0, simplemessage-1, simplemessage-2]. Now own total of 18 queues: [blobmessage-0, blobmessage-1, blobmessage-2, broadcastmessage-0, broadcastmessage-1, broadcastmessage-2, compoundmessage-0, compoundmessage-1, compoundmessage-2, explosivemessage-0, explosivemessage-1, explosivemessage-2, explosivenextmessage-0, explosivenextmessage-1, explosivenextmessage-2, simplemessage-0, simplemessage-1, simplemessage-2].
[17:27:57 INF] Started agents.
[17:27:57 INF] Orleans Silo started.
[17:27:57 INF] Application started. Press Ctrl+C to shut down.
[17:27:57 INF] Hosting environment: Development
[17:27:57 INF] Content root path: C:\tmp\Orleans.Streaming.Grains\src\Orleans.Streaming.Grains.Tests\bin\Debug\net10.0\
[17:27:58 INF] Recorded opened connection from endpoint 127.0.0.1:42079, client ID sys.client/8f553acc18c340ca9a0db3242e82c4fd.
[+34/x0/?0] Orleans.Streaming.Grains.Tests.dll (net10.0|x64) - Orleans.Streaming.Grains.Tests.Grains.WhenPoppingSingleTimeout.It_Should_Return_Item (3s)

[+36/x0/?0] Orleans.Streaming.Grains.Tests.dll (net10.0|x64) - Orleans.Streaming.Grains.Tests.Grains.WhenPoppingSingleTimeout.It_Should_Return_Id (6s)

[+37/x0/?0] Orleans.Streaming.Grains.Tests.dll (net10.0|x64) - Orleans.Streaming.Grains.Tests.Grains.WhenPoppingSingleTimeout.State_Should_Have_Transactions_Empty (9s)

[+39/x0/?0] Orleans.Streaming.Grains.Tests.dll (net10.0|x64) - Orleans.Streaming.Grains.Tests.Grains.WhenPoppingSingleTimeout.State_Should_Have_Queue_One (12s)

[17:28:10 INF] Closing connection [Local: 127.0.0.1:41732, Remote: 127.0.0.1:42079, ConnectionId: 0HNHOAI258HU1]
[17:28:10 INF] Recorded closed socket from endpoint 127.0.0.1:42079, client ID sys.client/8f553acc18c340ca9a0db3242e82c4fd.
[17:28:10 INF] Connection [Local: 127.0.0.1:41732, Remote: 127.0.0.1:42079, ConnectionId: 0HNHOAI258HU1] terminated
[17:28:10 INF] Application is shutting down...
[17:28:10 INF] Stopping Orleans Silo
[17:28:10 INF] Stopping agents for 18 queues: [blobmessage-0, blobmessage-1, blobmessage-2, broadcastmessage-0, broadcastmessage-1, broadcastmessage-2, compoundmessage-0, compoundmessage-1, compoundmessage-2, explosivemessage-0, explosivemessage-1, explosivemessage-2, explosivenextmessage-0, explosivenextmessage-1, explosivenextmessage-2, simplemessage-0, simplemessage-1, simplemessage-2].
[17:28:10 INF] About to remove 18 agents from my responsibility: [blobmessage-0, blobmessage-1, blobmessage-2, broadcastmessage-0, broadcastmessage-1, broadcastmessage-2, compoundmessage-0, compoundmessage-1, compoundmessage-2, explosivemessage-0, explosivemessage-1, explosivemessage-2, explosivenextmessage-0, explosivenextmessage-1, explosivenextmessage-2, simplemessage-0, simplemessage-1, simplemessage-2].
[17:28:10 INF] Shutdown of PersistentStreamPullingAgent responsible for queue: explosivemessage-1-0x00000000
[17:28:10 INF] Shutdown of PersistentStreamPullingAgent responsible for queue: explosivenextmessage-0-0x00000000
[17:28:10 INF] Shutdown of PersistentStreamPullingAgent responsible for queue: simplemessage-1-0x00000000
[17:28:10 INF] Shutdown of PersistentStreamPullingAgent responsible for queue: compoundmessage-2-0x00000000
[17:28:10 INF] Shutdown of PersistentStreamPullingAgent responsible for queue: simplemessage-0-0x00000000
[17:28:10 INF] Shutdown of PersistentStreamPullingAgent responsible for queue: explosivemessage-0-0x00000000
[17:28:10 INF] Shutdown of PersistentStreamPullingAgent responsible for queue: simplemessage-2-0x00000000
[17:28:10 INF] Shutdown of PersistentStreamPullingAgent responsible for queue: explosivenextmessage-2-0x00000000
[17:28:10 INF] Shutdown of PersistentStreamPullingAgent responsible for queue: blobmessage-1-0x00000000
[17:28:10 INF] Shutdown of PersistentStreamPullingAgent responsible for queue: blobmessage-0-0x00000000
[17:28:10 INF] Shutdown of PersistentStreamPullingAgent responsible for queue: blobmessage-2-0x00000000
[17:28:10 INF] Shutdown of PersistentStreamPullingAgent responsible for queue: compoundmessage-1-0x00000000
[17:28:10 INF] Shutdown of PersistentStreamPullingAgent responsible for queue: broadcastmessage-0-0x00000000
[17:28:10 INF] Shutdown of PersistentStreamPullingAgent responsible for queue: broadcastmessage-1-0x00000000
[17:28:10 INF] Shutdown of PersistentStreamPullingAgent responsible for queue: broadcastmessage-2-0x00000000
[17:28:10 INF] Shutdown of PersistentStreamPullingAgent responsible for queue: compoundmessage-0-0x00000000
[17:28:10 INF] Shutdown of PersistentStreamPullingAgent responsible for queue: explosivemessage-2-0x00000000
[17:28:10 INF] Shutdown of PersistentStreamPullingAgent responsible for queue: explosivenextmessage-1-0x00000000
[17:28:10 INF] Removed 18 queues: [blobmessage-0, blobmessage-1, blobmessage-2, broadcastmessage-0, broadcastmessage-1, broadcastmessage-2, compoundmessage-0, compoundmessage-1, compoundmessage-2, explosivemessage-0, explosivemessage-1, explosivemessage-2, explosivenextmessage-0, explosivenextmessage-1, explosivenextmessage-2, simplemessage-0, simplemessage-1, simplemessage-2]. Now own total of 0 queues: [].
[17:28:10 INF] Stopped agents.
[17:28:10 WRN] AllActiveSilos SiloStatusOracle.GetApproximateSiloStatuses empty
[17:28:10 WRN] AllActiveSilos SiloStatusOracle.GetApproximateSiloStatuses empty
[17:28:10 WRN] AllActiveSilos SiloStatusOracle.GetApproximateSiloStatuses empty
[17:28:10 WRN] AllActiveSilos SiloStatusOracle.GetApproximateSiloStatuses empty
[17:28:10 WRN] AllActiveSilos SiloStatusOracle.GetApproximateSiloStatuses empty
[17:28:10 WRN] AllActiveSilos SiloStatusOracle.GetApproximateSiloStatuses empty
[17:28:10 WRN] AllActiveSilos SiloStatusOracle.GetApproximateSiloStatuses empty
[17:28:10 WRN] AllActiveSilos SiloStatusOracle.GetApproximateSiloStatuses empty
[17:28:10 WRN] AllActiveSilos SiloStatusOracle.GetApproximateSiloStatuses empty
[17:28:10 WRN] AllActiveSilos SiloStatusOracle.GetApproximateSiloStatuses empty
[17:28:10 WRN] AllActiveSilos SiloStatusOracle.GetApproximateSiloStatuses empty
[17:28:10 WRN] AllActiveSilos SiloStatusOracle.GetApproximateSiloStatuses empty
[17:28:10 WRN] AllActiveSilos SiloStatusOracle.GetApproximateSiloStatuses empty
[17:28:10 WRN] AllActiveSilos SiloStatusOracle.GetApproximateSiloStatuses empty
[17:28:10 WRN] AllActiveSilos SiloStatusOracle.GetApproximateSiloStatuses empty
[17:28:10 WRN] AllActiveSilos SiloStatusOracle.GetApproximateSiloStatuses empty
[17:28:10 WRN] AllActiveSilos SiloStatusOracle.GetApproximateSiloStatuses empty
[17:28:10 WRN] AllActiveSilos SiloStatusOracle.GetApproximateSiloStatuses empty
[17:28:10 WRN] AllActiveSilos SiloStatusOracle.GetApproximateSiloStatuses empty
[17:28:10 WRN] AllActiveSilos SiloStatusOracle.GetApproximateSiloStatuses empty
[17:28:10 WRN] AllActiveSilos SiloStatusOracle.GetApproximateSiloStatuses empty
[17:28:10 WRN] AllActiveSilos SiloStatusOracle.GetApproximateSiloStatuses empty
[17:28:10 WRN] AllActiveSilos SiloStatusOracle.GetApproximateSiloStatuses empty
[17:28:10 WRN] AllActiveSilos SiloStatusOracle.GetApproximateSiloStatuses empty
[17:28:10 WRN] AllActiveSilos SiloStatusOracle.GetApproximateSiloStatuses empty
[17:28:10 WRN] AllActiveSilos SiloStatusOracle.GetApproximateSiloStatuses empty
[17:28:10 WRN] AllActiveSilos SiloStatusOracle.GetApproximateSiloStatuses empty
[17:28:10 WRN] AllActiveSilos SiloStatusOracle.GetApproximateSiloStatuses empty
[17:28:10 WRN] AllActiveSilos SiloStatusOracle.GetApproximateSiloStatuses empty
[17:28:10 WRN] AllActiveSilos SiloStatusOracle.GetApproximateSiloStatuses empty
[17:28:10 WRN] AllActiveSilos SiloStatusOracle.GetApproximateSiloStatuses empty
[17:28:10 WRN] AllActiveSilos SiloStatusOracle.GetApproximateSiloStatuses empty
[17:28:10 WRN] AllActiveSilos SiloStatusOracle.GetApproximateSiloStatuses empty
[17:28:10 WRN] AllActiveSilos SiloStatusOracle.GetApproximateSiloStatuses empty
[17:28:10 WRN] AllActiveSilos SiloStatusOracle.GetApproximateSiloStatuses empty
[17:28:10 WRN] AllActiveSilos SiloStatusOracle.GetApproximateSiloStatuses empty
[17:28:10 WRN] AllActiveSilos SiloStatusOracle.GetApproximateSiloStatuses empty
[17:28:10 WRN] AllActiveSilos SiloStatusOracle.GetApproximateSiloStatuses empty
[17:28:10 WRN] AllActiveSilos SiloStatusOracle.GetApproximateSiloStatuses empty
[17:28:10 WRN] AllActiveSilos SiloStatusOracle.GetApproximateSiloStatuses empty
[17:28:10 WRN] AllActiveSilos SiloStatusOracle.GetApproximateSiloStatuses empty
[17:28:10 WRN] AllActiveSilos SiloStatusOracle.GetApproximateSiloStatuses empty
[17:28:10 WRN] Failed to forward message Request [S127.0.0.1:27159:124421277 transaction/popping-after-complete-poison-fddee4d3-9b11-4a0c-b095-ed93b47a24b7]->[S127.0.0.1:27159:124421277 memorystorage/6] Orleans.Storage.IMemoryStorageGrain.WriteStateAsync<T>(System.String, Orleans.IGrainState`1[System.ReadOnlyMemory`1[System.Byte]]) #3D551A52E217B436[ForwardCount=2] from [GrainAddress GrainId memorystorage/6, ActivationId: @00000000000000000000000000000000, SiloAddress: S127.0.0.1:27159:124421277] to null after Unable to create local activation. Attempt 2
[17:28:10 WRN] Failed to forward message Request [S127.0.0.1:27159:124421277 transaction/compoundmessage-0]->[S127.0.0.1:27159:124421277 memorystorage/9] Orleans.Storage.IMemoryStorageGrain.WriteStateAsync<T>(System.String, Orleans.IGrainState`1[System.ReadOnlyMemory`1[System.Byte]]) #3D551A52E217B42F[ForwardCount=2] from [GrainAddress GrainId memorystorage/9, ActivationId: @00000000000000000000000000000000, SiloAddress: S127.0.0.1:27159:124421277] to null after Unable to create local activation. Attempt 2
[17:28:10 WRN] Failed to forward message Request [S127.0.0.1:27159:124421277 transaction/simplemessage-0]->[S127.0.0.1:27159:124421277 memorystorage/5] Orleans.Storage.IMemoryStorageGrain.WriteStateAsync<T>(System.String, Orleans.IGrainState`1[System.ReadOnlyMemory`1[System.Byte]]) #3D551A52E217B430[ForwardCount=2] from [GrainAddress GrainId memorystorage/5, ActivationId: @00000000000000000000000000000000, SiloAddress: S127.0.0.1:27159:124421277] to null after Unable to create local activation. Attempt 2
[17:28:10 WRN] Failed to forward message Request [S127.0.0.1:27159:124421277 transaction/popping-after-complete-poison-17dd0af2-4506-46bc-a087-11c4ee97442c]->[S127.0.0.1:27159:124421277 memorystorage/0] Orleans.Storage.IMemoryStorageGrain.WriteStateAsync<T>(System.String, Orleans.IGrainState`1[System.ReadOnlyMemory`1[System.Byte]]) #3D551A52E217B414[ForwardCount=2] from [GrainAddress GrainId memorystorage/0, ActivationId: @00000000000000000000000000000000, SiloAddress: S127.0.0.1:27159:124421277] to null after Unable to create local activation. Attempt 2
[17:28:10 WRN] Failed to forward message Request [S127.0.0.1:27159:124421277 transaction/blobmessage-1]->[S127.0.0.1:27159:124421277 memorystorage/9] Orleans.Storage.IMemoryStorageGrain.WriteStateAsync<T>(System.String, Orleans.IGrainState`1[System.ReadOnlyMemory`1[System.Byte]]) #3D551A52E217B43E[ForwardCount=2] from [GrainAddress GrainId memorystorage/9, ActivationId: @00000000000000000000000000000000, SiloAddress: S127.0.0.1:27159:124421277] to null after Unable to create local activation. Attempt 2
[17:28:10 WRN] Failed to forward message Request [S127.0.0.1:27159:124421277 transaction/simplemessage-1]->[S127.0.0.1:27159:124421277 memorystorage/0] Orleans.Storage.IMemoryStorageGrain.WriteStateAsync<T>(System.String, Orleans.IGrainState`1[System.ReadOnlyMemory`1[System.Byte]]) #3D551A52E217B41F[ForwardCount=2] from [GrainAddress GrainId memorystorage/0, ActivationId: @00000000000000000000000000000000, SiloAddress: S127.0.0.1:27159:124421277] to null after Unable to create local activation. Attempt 2
[17:28:10 WRN] Failed to forward message Request [S127.0.0.1:27159:124421277 transaction/popping-after-complete-poison-6e593c34-538a-4cec-a9a3-6375d1ccd672]->[S127.0.0.1:27159:124421277 memorystorage/2] Orleans.Storage.IMemoryStorageGrain.WriteStateAsync<T>(System.String, Orleans.IGrainState`1[System.ReadOnlyMemory`1[System.Byte]]) #3D551A52E217B40C[ForwardCount=2] from [GrainAddress GrainId memorystorage/2, ActivationId: @00000000000000000000000000000000, SiloAddress: S127.0.0.1:27159:124421277] to null after Unable to create local activation. Attempt 2
[17:28:10 WRN] Failed to forward message Request [S127.0.0.1:27159:124421277 transaction/compoundmessage-1]->[S127.0.0.1:27159:124421277 memorystorage/8] Orleans.Storage.IMemoryStorageGrain.WriteStateAsync<T>(System.String, Orleans.IGrainState`1[System.ReadOnlyMemory`1[System.Byte]]) #3D551A52E217B439[ForwardCount=2] from [GrainAddress GrainId memorystorage/8, ActivationId: @00000000000000000000000000000000, SiloAddress: S127.0.0.1:27159:124421277] to null after Unable to create local activation. Attempt 2
[17:28:10 WRN] Failed to forward message Request [S127.0.0.1:27159:124421277 transaction/popping-single-timeout-78f77840-412a-4d6a-925b-85322305a763]->[S127.0.0.1:27159:124421277 memorystorage/6] Orleans.Storage.IMemoryStorageGrain.WriteStateAsync<T>(System.String, Orleans.IGrainState`1[System.ReadOnlyMemory`1[System.Byte]]) #3D551A52E217B437[ForwardCount=2] from [GrainAddress GrainId memorystorage/6, ActivationId: @00000000000000000000000000000000, SiloAddress: S127.0.0.1:27159:124421277] to null after Unable to create local activation. Attempt 2
[17:28:10 WRN] Failed to forward message Request [S127.0.0.1:27159:124421277 transaction/popping-single-timeout-6b926c43-c52f-4dea-9002-1204d9c52211]->[S127.0.0.1:27159:124421277 memorystorage/2] Orleans.Storage.IMemoryStorageGrain.WriteStateAsync<T>(System.String, Orleans.IGrainState`1[System.ReadOnlyMemory`1[System.Byte]]) #3D551A52E217B410[ForwardCount=2] from [GrainAddress GrainId memorystorage/2, ActivationId: @00000000000000000000000000000000, SiloAddress: S127.0.0.1:27159:124421277] to null after Unable to create local activation. Attempt 2
[17:28:10 WRN] Failed to forward message Request [S127.0.0.1:27159:124421277 transaction/popping-single-704b92db-b863-49ad-8406-18afe03db03a]->[S127.0.0.1:27159:124421277 memorystorage/0] Orleans.Storage.IMemoryStorageGrain.WriteStateAsync<T>(System.String, Orleans.IGrainState`1[System.ReadOnlyMemory`1[System.Byte]]) #3D551A52E217B417[ForwardCount=2] from [GrainAddress GrainId memorystorage/0, ActivationId: @00000000000000000000000000000000, SiloAddress: S127.0.0.1:27159:124421277] to null after Unable to create local activation. Attempt 2
[17:28:10 WRN] Failed to forward message Request [S127.0.0.1:27159:124421277 transaction/explosivenextmessage-0]->[S127.0.0.1:27159:124421277 memorystorage/7] Orleans.Storage.IMemoryStorageGrain.WriteStateAsync<T>(System.String, Orleans.IGrainState`1[System.ReadOnlyMemory`1[System.Byte]]) #3D551A52E217B41D[ForwardCount=2] from [GrainAddress GrainId memorystorage/7, ActivationId: @00000000000000000000000000000000, SiloAddress: S127.0.0.1:27159:124421277] to null after Unable to create local activation. Attempt 2
[17:28:10 WRN] Failed to forward message Request [S127.0.0.1:27159:124421277 transaction/explosivemessage-1]->[S127.0.0.1:27159:124421277 memorystorage/0] Orleans.Storage.IMemoryStorageGrain.WriteStateAsync<T>(System.String, Orleans.IGrainState`1[System.ReadOnlyMemory`1[System.Byte]]) #3D551A52E217B435[ForwardCount=2] from [GrainAddress GrainId memorystorage/0, ActivationId: @00000000000000000000000000000000, SiloAddress: S127.0.0.1:27159:124421277] to null after Unable to create local activation. Attempt 2
[17:28:10 WRN] Failed to forward message Request [S127.0.0.1:27159:124421277 transaction/blobmessage-0]->[S127.0.0.1:27159:124421277 memorystorage/4] Orleans.Storage.IMemoryStorageGrain.WriteStateAsync<T>(System.String, Orleans.IGrainState`1[System.ReadOnlyMemory`1[System.Byte]]) #3D551A52E217B411[ForwardCount=2] from [GrainAddress GrainId memorystorage/4, ActivationId: @00000000000000000000000000000000, SiloAddress: S127.0.0.1:27159:124421277] to null after Unable to create local activation. Attempt 2
[17:28:10 WRN] Failed to forward message Request [S127.0.0.1:27159:124421277 transaction/popping-after-complete-bdb7d5ca-d29d-4c56-a7e1-8ab78f27e96a]->[S127.0.0.1:27159:124421277 memorystorage/2] Orleans.Storage.IMemoryStorageGrain.WriteStateAsync<T>(System.String, Orleans.IGrainState`1[System.ReadOnlyMemory`1[System.Byte]]) #3D551A52E217B42B[ForwardCount=2] from [GrainAddress GrainId memorystorage/2, ActivationId: @00000000000000000000000000000000, SiloAddress: S127.0.0.1:27159:124421277] to null after Unable to create local activation. Attempt 2
[17:28:10 WRN] Failed to forward message Request [S127.0.0.1:27159:124421277 transaction/popping-single-0d35786f-fd5a-464e-be7c-284cee5d7a93]->[S127.0.0.1:27159:124421277 memorystorage/3] Orleans.Storage.IMemoryStorageGrain.WriteStateAsync<T>(System.String, Orleans.IGrainState`1[System.ReadOnlyMemory`1[System.Byte]]) #3D551A52E217B416[ForwardCount=2] from [GrainAddress GrainId memorystorage/3, ActivationId: @00000000000000000000000000000000, SiloAddress: S127.0.0.1:27159:124421277] to null after Unable to create local activation. Attempt 2
[17:28:10 WRN] Failed to forward message Request [S127.0.0.1:27159:124421277 transaction/explosivemessage-0]->[S127.0.0.1:27159:124421277 memorystorage/5] Orleans.Storage.IMemoryStorageGrain.WriteStateAsync<T>(System.String, Orleans.IGrainState`1[System.ReadOnlyMemory`1[System.Byte]]) #3D551A52E217B431[ForwardCount=2] from [GrainAddress GrainId memorystorage/5, ActivationId: @00000000000000000000000000000000, SiloAddress: S127.0.0.1:27159:124421277] to null after Unable to create local activation. Attempt 2
[17:28:10 WRN] Failed to forward message Request [S127.0.0.1:27159:124421277 transaction/popping-empty-9028c624-9c6d-4ebf-97e8-aa13301e435f]->[S127.0.0.1:27159:124421277 memorystorage/5] Orleans.Storage.IMemoryStorageGrain.WriteStateAsync<T>(System.String, Orleans.IGrainState`1[System.ReadOnlyMemory`1[System.Byte]]) #3D551A52E217B413[ForwardCount=2] from [GrainAddress GrainId memorystorage/5, ActivationId: @00000000000000000000000000000000, SiloAddress: S127.0.0.1:27159:124421277] to null after Unable to create local activation. Attempt 2
[17:28:10 WRN] Failed to forward message Request [S127.0.0.1:27159:124421277 transaction/popping-single-timeout-a969c01a-403f-45f7-a0b2-6838d207ce66]->[S127.0.0.1:27159:124421277 memorystorage/0] Orleans.Storage.IMemoryStorageGrain.WriteStateAsync<T>(System.String, Orleans.IGrainState`1[System.ReadOnlyMemory`1[System.Byte]]) #3D551A52E217B42E[ForwardCount=2] from [GrainAddress GrainId memorystorage/0, ActivationId: @00000000000000000000000000000000, SiloAddress: S127.0.0.1:27159:124421277] to null after Unable to create local activation. Attempt 2
[17:28:10 WRN] Failed to forward message Request [S127.0.0.1:27159:124421277 transaction/compoundmessage-2]->[S127.0.0.1:27159:124421277 memorystorage/6] Orleans.Storage.IMemoryStorageGrain.WriteStateAsync<T>(System.String, Orleans.IGrainState`1[System.ReadOnlyMemory`1[System.Byte]]) #3D551A52E217B41A[ForwardCount=2] from [GrainAddress GrainId memorystorage/6, ActivationId: @00000000000000000000000000000000, SiloAddress: S127.0.0.1:27159:124421277] to null after Unable to create local activation. Attempt 2
[17:28:10 WRN] Failed to forward message Request [S127.0.0.1:27159:124421277 transaction/broadcastmessage-1]->[S127.0.0.1:27159:124421277 memorystorage/2] Orleans.Storage.IMemoryStorageGrain.WriteStateAsync<T>(System.String, Orleans.IGrainState`1[System.ReadOnlyMemory`1[System.Byte]]) #3D551A52E217B421[ForwardCount=2] from [GrainAddress GrainId memorystorage/2, ActivationId: @00000000000000000000000000000000, SiloAddress: S127.0.0.1:27159:124421277] to null after Unable to create local activation. Attempt 2
[17:28:10 WRN] Failed to forward message Request [S127.0.0.1:27159:124421277 transaction/explosivemessage-2]->[S127.0.0.1:27159:124421277 memorystorage/9] Orleans.Storage.IMemoryStorageGrain.WriteStateAsync<T>(System.String, Orleans.IGrainState`1[System.ReadOnlyMemory`1[System.Byte]]) #3D551A52E217B43B[ForwardCount=2] from [GrainAddress GrainId memorystorage/9, ActivationId: @00000000000000000000000000000000, SiloAddress: S127.0.0.1:27159:124421277] to null after Unable to create local activation. Attempt 2
[17:28:10 WRN] Failed to forward message Request [S127.0.0.1:27159:124421277 transaction/popping-single-timeout-bc0a407d-83cf-4b80-9cdd-4d6f75ba0c92]->[S127.0.0.1:27159:124421277 memorystorage/5] Orleans.Storage.IMemoryStorageGrain.WriteStateAsync<T>(System.String, Orleans.IGrainState`1[System.ReadOnlyMemory`1[System.Byte]]) #3D551A52E217B434[ForwardCount=2] from [GrainAddress GrainId memorystorage/5, ActivationId: @00000000000000000000000000000000, SiloAddress: S127.0.0.1:27159:124421277] to null after Unable to create local activation. Attempt 2
[17:28:10 WRN] Failed to forward message Request [S127.0.0.1:27159:124421277 transaction/popping-after-complete-poison-b3ec04d6-cc73-4672-8084-21a79dca43f2]->[S127.0.0.1:27159:124421277 memorystorage/3] Orleans.Storage.IMemoryStorageGrain.WriteStateAsync<T>(System.String, Orleans.IGrainState`1[System.ReadOnlyMemory`1[System.Byte]]) #3D551A52E217B423[ForwardCount=2] from [GrainAddress GrainId memorystorage/3, ActivationId: @00000000000000000000000000000000, SiloAddress: S127.0.0.1:27159:124421277] to null after Unable to create local activation. Attempt 2
[17:28:10 WRN] Failed to forward message Request [S127.0.0.1:27159:124421277 transaction/broadcastmessage-0]->[S127.0.0.1:27159:124421277 memorystorage/0] Orleans.Storage.IMemoryStorageGrain.WriteStateAsync<T>(System.String, Orleans.IGrainState`1[System.ReadOnlyMemory`1[System.Byte]]) #3D551A52E217B412[ForwardCount=2] from [GrainAddress GrainId memorystorage/0, ActivationId: @00000000000000000000000000000000, SiloAddress: S127.0.0.1:27159:124421277] to null after Unable to create local activation. Attempt 2
[17:28:10 WRN] Failed to forward message Request [S127.0.0.1:27159:124421277 transaction/popping-single-dc20f1af-9caf-49ef-8829-3eec589f566e]->[S127.0.0.1:27159:124421277 memorystorage/7] Orleans.Storage.IMemoryStorageGrain.WriteStateAsync<T>(System.String, Orleans.IGrainState`1[System.ReadOnlyMemory`1[System.Byte]]) #3D551A52E217B415[ForwardCount=2] from [GrainAddress GrainId memorystorage/7, ActivationId: @00000000000000000000000000000000, SiloAddress: S127.0.0.1:27159:124421277] to null after Unable to create local activation. Attempt 2
[17:28:10 WRN] Failed to forward message Request [S127.0.0.1:27159:124421277 transaction/popping-single-c71a0b71-dc28-481e-88ee-2577af34734c]->[S127.0.0.1:27159:124421277 memorystorage/9] Orleans.Storage.IMemoryStorageGrain.WriteStateAsync<T>(System.String, Orleans.IGrainState`1[System.ReadOnlyMemory`1[System.Byte]]) #3D551A52E217B424[ForwardCount=2] from [GrainAddress GrainId memorystorage/9, ActivationId: @00000000000000000000000000000000, SiloAddress: S127.0.0.1:27159:124421277] to null after Unable to create local activation. Attempt 2
[17:28:10 WRN] Failed to forward message Request [S127.0.0.1:27159:124421277 transaction/popping-after-complete-poison-22559a28-9259-468a-9782-7fc365f57fbd]->[S127.0.0.1:27159:124421277 memorystorage/6] Orleans.Storage.IMemoryStorageGrain.WriteStateAsync<T>(System.String, Orleans.IGrainState`1[System.ReadOnlyMemory`1[System.Byte]]) #3D551A52E217B427[ForwardCount=2] from [GrainAddress GrainId memorystorage/6, ActivationId: @00000000000000000000000000000000, SiloAddress: S127.0.0.1:27159:124421277] to null after Unable to create local activation. Attempt 2
[17:28:10 WRN] Failed to forward message Request [S127.0.0.1:27159:124421277 transaction/popping-after-complete-a97a1caa-9fe4-4e83-80f0-acb094fa6656]->[S127.0.0.1:27159:124421277 memorystorage/8] Orleans.Storage.IMemoryStorageGrain.WriteStateAsync<T>(System.String, Orleans.IGrainState`1[System.ReadOnlyMemory`1[System.Byte]]) #3D551A52E217B422[ForwardCount=2] from [GrainAddress GrainId memorystorage/8, ActivationId: @00000000000000000000000000000000, SiloAddress: S127.0.0.1:27159:124421277] to null after Unable to create local activation. Attempt 2
[17:28:10 WRN] Failed to forward message Request [S127.0.0.1:27159:124421277 transaction/popping-single-3c869e99-42d4-4260-aea0-cf9c79a2f13a]->[S127.0.0.1:27159:124421277 memorystorage/8] Orleans.Storage.IMemoryStorageGrain.WriteStateAsync<T>(System.String, Orleans.IGrainState`1[System.ReadOnlyMemory`1[System.Byte]]) #3D551A52E217B418[ForwardCount=2] from [GrainAddress GrainId memorystorage/8, ActivationId: @00000000000000000000000000000000, SiloAddress: S127.0.0.1:27159:124421277] to null after Unable to create local activation. Attempt 2
[17:28:10 WRN] Failed to forward message Request [S127.0.0.1:27159:124421277 transaction/blobmessage-2]->[S127.0.0.1:27159:124421277 memorystorage/9] Orleans.Storage.IMemoryStorageGrain.WriteStateAsync<T>(System.String, Orleans.IGrainState`1[System.ReadOnlyMemory`1[System.Byte]]) #3D551A52E217B42C[ForwardCount=2] from [GrainAddress GrainId memorystorage/9, ActivationId: @00000000000000000000000000000000, SiloAddress: S127.0.0.1:27159:124421277] to null after Unable to create local activation. Attempt 2
[17:28:10 WRN] Failed to forward message Request [S127.0.0.1:27159:124421277 transaction/popping-after-complete-77b94dfe-cd44-4bb9-8aee-3c3b441e9d9f]->[S127.0.0.1:27159:124421277 memorystorage/6] Orleans.Storage.IMemoryStorageGrain.WriteStateAsync<T>(System.String, Orleans.IGrainState`1[System.ReadOnlyMemory`1[System.Byte]]) #3D551A52E217B41B[ForwardCount=2] from [GrainAddress GrainId memorystorage/6, ActivationId: @00000000000000000000000000000000, SiloAddress: S127.0.0.1:27159:124421277] to null after Unable to create local activation. Attempt 2
[17:28:10 WRN] Failed to forward message Request [S127.0.0.1:27159:124421277 transaction/popping-single-25d3b23b-ca9a-4300-89d4-052367f5363e]->[S127.0.0.1:27159:124421277 memorystorage/6] Orleans.Storage.IMemoryStorageGrain.WriteStateAsync<T>(System.String, Orleans.IGrainState`1[System.ReadOnlyMemory`1[System.Byte]]) #3D551A52E217B43F[ForwardCount=2] from [GrainAddress GrainId memorystorage/6, ActivationId: @00000000000000000000000000000000, SiloAddress: S127.0.0.1:27159:124421277] to null after Unable to create local activation. Attempt 2
[17:28:10 ERR] Error from storage provider MemoryGrainStorage.state during WriteStateAsync for grain transaction/blobmessage-0null
Orleans.Runtime.OrleansMessageRejectionException: Forwarding failed: tried to forward message Request [S127.0.0.1:27159:124421277 transaction/blobmessage-0]->[S127.0.0.1:27159:124421277 memorystorage/4] Orleans.Storage.IMemoryStorageGrain.WriteStateAsync<T>(System.String, Orleans.IGrainState`1[System.ReadOnlyMemory`1[System.Byte]]) #3D551A52E217B411[ForwardCount=2] for 2 times after "Unable to create local activation" to invalid activation. Rejecting now. 
   at System.Threading.Tasks.ValueTask`1.ValueTaskSourceAsTask.<>c.<.cctor>b__4_0(Object state)
--- End of stack trace from previous location ---
   at Orleans.Storage.MemoryGrainStorage.WriteStateAsync[T](String grainType, GrainId grainId, IGrainState`1 grainState) in /_/src/Orleans.Persistence.Memory/Storage/MemoryStorage.cs:line 102
   at Orleans.Core.StateStorageBridge`1.WriteStateAsync() in /_/src/Orleans.Runtime/Storage/StateStorageBridge.cs:line 106
[17:28:10 ERR] Error from storage provider MemoryGrainStorage.state during WriteStateAsync for grain transaction/broadcastmessage-1null
Orleans.Runtime.OrleansMessageRejectionException: Forwarding failed: tried to forward message Request [S127.0.0.1:27159:124421277 transaction/broadcastmessage-1]->[S127.0.0.1:27159:124421277 memorystorage/2] Orleans.Storage.IMemoryStorageGrain.WriteStateAsync<T>(System.String, Orleans.IGrainState`1[System.ReadOnlyMemory`1[System.Byte]]) #3D551A52E217B421[ForwardCount=2] for 2 times after "Unable to create local activation" to invalid activation. Rejecting now. 
   at System.Threading.Tasks.ValueTask`1.ValueTaskSourceAsTask.<>c.<.cctor>b__4_0(Object state)
--- End of stack trace from previous location ---
   at Orleans.Storage.MemoryGrainStorage.WriteStateAsync[T](String grainType, GrainId grainId, IGrainState`1 grainState) in /_/src/Orleans.Persistence.Memory/Storage/MemoryStorage.cs:line 102
   at Orleans.Core.StateStorageBridge`1.WriteStateAsync() in /_/src/Orleans.Runtime/Storage/StateStorageBridge.cs:line 106
[17:28:10 ERR] Error from storage provider MemoryGrainStorage.state during WriteStateAsync for grain transaction/explosivemessage-0null
Orleans.Runtime.OrleansMessageRejectionException: Forwarding failed: tried to forward message Request [S127.0.0.1:27159:124421277 transaction/explosivemessage-0]->[S127.0.0.1:27159:124421277 memorystorage/5] Orleans.Storage.IMemoryStorageGrain.WriteStateAsync<T>(System.String, Orleans.IGrainState`1[System.ReadOnlyMemory`1[System.Byte]]) #3D551A52E217B431[ForwardCount=2] for 2 times after "Unable to create local activation" to invalid activation. Rejecting now. 
   at System.Threading.Tasks.ValueTask`1.ValueTaskSourceAsTask.<>c.<.cctor>b__4_0(Object state)
--- End of stack trace from previous location ---
   at Orleans.Storage.MemoryGrainStorage.WriteStateAsync[T](String grainType, GrainId grainId, IGrainState`1 grainState) in /_/src/Orleans.Persistence.Memory/Storage/MemoryStorage.cs:line 102
   at Orleans.Core.StateStorageBridge`1.WriteStateAsync() in /_/src/Orleans.Runtime/Storage/StateStorageBridge.cs:line 106
[17:28:10 ERR] Error from storage provider MemoryGrainStorage.state during WriteStateAsync for grain transaction/popping-single-25d3b23b-ca9a-4300-89d4-052367f5363enull
Orleans.Runtime.OrleansMessageRejectionException: Forwarding failed: tried to forward message Request [S127.0.0.1:27159:124421277 transaction/popping-single-25d3b23b-ca9a-4300-89d4-052367f5363e]->[S127.0.0.1:27159:124421277 memorystorage/6] Orleans.Storage.IMemoryStorageGrain.WriteStateAsync<T>(System.String, Orleans.IGrainState`1[System.ReadOnlyMemory`1[System.Byte]]) #3D551A52E217B43F[ForwardCount=2] for 2 times after "Unable to create local activation" to invalid activation. Rejecting now. 
   at System.Threading.Tasks.ValueTask`1.ValueTaskSourceAsTask.<>c.<.cctor>b__4_0(Object state)
--- End of stack trace from previous location ---
   at Orleans.Storage.MemoryGrainStorage.WriteStateAsync[T](String grainType, GrainId grainId, IGrainState`1 grainState) in /_/src/Orleans.Persistence.Memory/Storage/MemoryStorage.cs:line 102
   at Orleans.Core.StateStorageBridge`1.WriteStateAsync() in /_/src/Orleans.Runtime/Storage/StateStorageBridge.cs:line 106
[17:28:10 ERR] Error from storage provider MemoryGrainStorage.state during WriteStateAsync for grain transaction/popping-single-timeout-78f77840-412a-4d6a-925b-85322305a763null
Orleans.Runtime.OrleansMessageRejectionException: Forwarding failed: tried to forward message Request [S127.0.0.1:27159:124421277 transaction/popping-single-timeout-78f77840-412a-4d6a-925b-85322305a763]->[S127.0.0.1:27159:124421277 memorystorage/6] Orleans.Storage.IMemoryStorageGrain.WriteStateAsync<T>(System.String, Orleans.IGrainState`1[System.ReadOnlyMemory`1[System.Byte]]) #3D551A52E217B437[ForwardCount=2] for 2 times after "Unable to create local activation" to invalid activation. Rejecting now. 
   at System.Threading.Tasks.ValueTask`1.ValueTaskSourceAsTask.<>c.<.cctor>b__4_0(Object state)
--- End of stack trace from previous location ---
   at Orleans.Storage.MemoryGrainStorage.WriteStateAsync[T](String grainType, GrainId grainId, IGrainState`1 grainState) in /_/src/Orleans.Persistence.Memory/Storage/MemoryStorage.cs:line 102
   at Orleans.Core.StateStorageBridge`1.WriteStateAsync() in /_/src/Orleans.Runtime/Storage/StateStorageBridge.cs:line 106
[17:28:10 ERR] Error from storage provider MemoryGrainStorage.state during WriteStateAsync for grain transaction/compoundmessage-0null
Orleans.Runtime.OrleansMessageRejectionException: Forwarding failed: tried to forward message Request [S127.0.0.1:27159:124421277 transaction/compoundmessage-0]->[S127.0.0.1:27159:124421277 memorystorage/9] Orleans.Storage.IMemoryStorageGrain.WriteStateAsync<T>(System.String, Orleans.IGrainState`1[System.ReadOnlyMemory`1[System.Byte]]) #3D551A52E217B42F[ForwardCount=2] for 2 times after "Unable to create local activation" to invalid activation. Rejecting now. 
   at System.Threading.Tasks.ValueTask`1.ValueTaskSourceAsTask.<>c.<.cctor>b__4_0(Object state)
--- End of stack trace from previous location ---
   at Orleans.Storage.MemoryGrainStorage.WriteStateAsync[T](String grainType, GrainId grainId, IGrainState`1 grainState) in /_/src/Orleans.Persistence.Memory/Storage/MemoryStorage.cs:line 102
   at Orleans.Core.StateStorageBridge`1.WriteStateAsync() in /_/src/Orleans.Runtime/Storage/StateStorageBridge.cs:line 106
[17:28:10 ERR] Error from storage provider MemoryGrainStorage.state during WriteStateAsync for grain transaction/explosivenextmessage-0null
Orleans.Runtime.OrleansMessageRejectionException: Forwarding failed: tried to forward message Request [S127.0.0.1:27159:124421277 transaction/explosivenextmessage-0]->[S127.0.0.1:27159:124421277 memorystorage/7] Orleans.Storage.IMemoryStorageGrain.WriteStateAsync<T>(System.String, Orleans.IGrainState`1[System.ReadOnlyMemory`1[System.Byte]]) #3D551A52E217B41D[ForwardCount=2] for 2 times after "Unable to create local activation" to invalid activation. Rejecting now. 
   at System.Threading.Tasks.ValueTask`1.ValueTaskSourceAsTask.<>c.<.cctor>b__4_0(Object state)
--- End of stack trace from previous location ---
   at Orleans.Storage.MemoryGrainStorage.WriteStateAsync[T](String grainType, GrainId grainId, IGrainState`1 grainState) in /_/src/Orleans.Persistence.Memory/Storage/MemoryStorage.cs:line 102
   at Orleans.Core.StateStorageBridge`1.WriteStateAsync() in /_/src/Orleans.Runtime/Storage/StateStorageBridge.cs:line 106
[17:28:10 ERR] Error from storage provider MemoryGrainStorage.state during WriteStateAsync for grain transaction/popping-after-complete-poison-6e593c34-538a-4cec-a9a3-6375d1ccd672null
Orleans.Runtime.OrleansMessageRejectionException: Forwarding failed: tried to forward message Request [S127.0.0.1:27159:124421277 transaction/popping-after-complete-poison-6e593c34-538a-4cec-a9a3-6375d1ccd672]->[S127.0.0.1:27159:124421277 memorystorage/2] Orleans.Storage.IMemoryStorageGrain.WriteStateAsync<T>(System.String, Orleans.IGrainState`1[System.ReadOnlyMemory`1[System.Byte]]) #3D551A52E217B40C[ForwardCount=2] for 2 times after "Unable to create local activation" to invalid activation. Rejecting now. 
   at System.Threading.Tasks.ValueTask`1.ValueTaskSourceAsTask.<>c.<.cctor>b__4_0(Object state)
--- End of stack trace from previous location ---
   at Orleans.Storage.MemoryGrainStorage.WriteStateAsync[T](String grainType, GrainId grainId, IGrainState`1 grainState) in /_/src/Orleans.Persistence.Memory/Storage/MemoryStorage.cs:line 102
   at Orleans.Core.StateStorageBridge`1.WriteStateAsync() in /_/src/Orleans.Runtime/Storage/StateStorageBridge.cs:line 106
[17:28:10 ERR] Error from storage provider MemoryGrainStorage.state during WriteStateAsync for grain transaction/popping-empty-9028c624-9c6d-4ebf-97e8-aa13301e435fnull
Orleans.Runtime.OrleansMessageRejectionException: Forwarding failed: tried to forward message Request [S127.0.0.1:27159:124421277 transaction/popping-empty-9028c624-9c6d-4ebf-97e8-aa13301e435f]->[S127.0.0.1:27159:124421277 memorystorage/5] Orleans.Storage.IMemoryStorageGrain.WriteStateAsync<T>(System.String, Orleans.IGrainState`1[System.ReadOnlyMemory`1[System.Byte]]) #3D551A52E217B413[ForwardCount=2] for 2 times after "Unable to create local activation" to invalid activation. Rejecting now. 
   at System.Threading.Tasks.ValueTask`1.ValueTaskSourceAsTask.<>c.<.cctor>b__4_0(Object state)
--- End of stack trace from previous location ---
   at Orleans.Storage.MemoryGrainStorage.WriteStateAsync[T](String grainType, GrainId grainId, IGrainState`1 grainState) in /_/src/Orleans.Persistence.Memory/Storage/MemoryStorage.cs:line 102
   at Orleans.Core.StateStorageBridge`1.WriteStateAsync() in /_/src/Orleans.Runtime/Storage/StateStorageBridge.cs:line 106
[17:28:10 ERR] Error from storage provider MemoryGrainStorage.state during WriteStateAsync for grain transaction/popping-after-complete-bdb7d5ca-d29d-4c56-a7e1-8ab78f27e96anull
Orleans.Runtime.OrleansMessageRejectionException: Forwarding failed: tried to forward message Request [S127.0.0.1:27159:124421277 transaction/popping-after-complete-bdb7d5ca-d29d-4c56-a7e1-8ab78f27e96a]->[S127.0.0.1:27159:124421277 memorystorage/2] Orleans.Storage.IMemoryStorageGrain.WriteStateAsync<T>(System.String, Orleans.IGrainState`1[System.ReadOnlyMemory`1[System.Byte]]) #3D551A52E217B42B[ForwardCount=2] for 2 times after "Unable to create local activation" to invalid activation. Rejecting now. 
   at System.Threading.Tasks.ValueTask`1.ValueTaskSourceAsTask.<>c.<.cctor>b__4_0(Object state)
--- End of stack trace from previous location ---
   at Orleans.Storage.MemoryGrainStorage.WriteStateAsync[T](String grainType, GrainId grainId, IGrainState`1 grainState) in /_/src/Orleans.Persistence.Memory/Storage/MemoryStorage.cs:line 102
   at Orleans.Core.StateStorageBridge`1.WriteStateAsync() in /_/src/Orleans.Runtime/Storage/StateStorageBridge.cs:line 106
[17:28:10 ERR] Error from storage provider MemoryGrainStorage.state during WriteStateAsync for grain transaction/blobmessage-2null
Orleans.Runtime.OrleansMessageRejectionException: Forwarding failed: tried to forward message Request [S127.0.0.1:27159:124421277 transaction/blobmessage-2]->[S127.0.0.1:27159:124421277 memorystorage/9] Orleans.Storage.IMemoryStorageGrain.WriteStateAsync<T>(System.String, Orleans.IGrainState`1[System.ReadOnlyMemory`1[System.Byte]]) #3D551A52E217B42C[ForwardCount=2] for 2 times after "Unable to create local activation" to invalid activation. Rejecting now. 
   at System.Threading.Tasks.ValueTask`1.ValueTaskSourceAsTask.<>c.<.cctor>b__4_0(Object state)
--- End of stack trace from previous location ---
   at Orleans.Storage.MemoryGrainStorage.WriteStateAsync[T](String grainType, GrainId grainId, IGrainState`1 grainState) in /_/src/Orleans.Persistence.Memory/Storage/MemoryStorage.cs:line 102
   at Orleans.Core.StateStorageBridge`1.WriteStateAsync() in /_/src/Orleans.Runtime/Storage/StateStorageBridge.cs:line 106
[17:28:10 ERR] Error from storage provider MemoryGrainStorage.state during WriteStateAsync for grain transaction/popping-after-complete-poison-b3ec04d6-cc73-4672-8084-21a79dca43f2null
Orleans.Runtime.OrleansMessageRejectionException: Forwarding failed: tried to forward message Request [S127.0.0.1:27159:124421277 transaction/popping-after-complete-poison-b3ec04d6-cc73-4672-8084-21a79dca43f2]->[S127.0.0.1:27159:124421277 memorystorage/3] Orleans.Storage.IMemoryStorageGrain.WriteStateAsync<T>(System.String, Orleans.IGrainState`1[System.ReadOnlyMemory`1[System.Byte]]) #3D551A52E217B423[ForwardCount=2] for 2 times after "Unable to create local activation" to invalid activation. Rejecting now. 
   at System.Threading.Tasks.ValueTask`1.ValueTaskSourceAsTask.<>c.<.cctor>b__4_0(Object state)
--- End of stack trace from previous location ---
   at Orleans.Storage.MemoryGrainStorage.WriteStateAsync[T](String grainType, GrainId grainId, IGrainState`1 grainState) in /_/src/Orleans.Persistence.Memory/Storage/MemoryStorage.cs:line 102
   at Orleans.Core.StateStorageBridge`1.WriteStateAsync() in /_/src/Orleans.Runtime/Storage/StateStorageBridge.cs:line 106
[17:28:10 ERR] Error from storage provider MemoryGrainStorage.state during WriteStateAsync for grain transaction/simplemessage-1null
Orleans.Runtime.OrleansMessageRejectionException: Forwarding failed: tried to forward message Request [S127.0.0.1:27159:124421277 transaction/simplemessage-1]->[S127.0.0.1:27159:124421277 memorystorage/0] Orleans.Storage.IMemoryStorageGrain.WriteStateAsync<T>(System.String, Orleans.IGrainState`1[System.ReadOnlyMemory`1[System.Byte]]) #3D551A52E217B41F[ForwardCount=2] for 2 times after "Unable to create local activation" to invalid activation. Rejecting now. 
   at System.Threading.Tasks.ValueTask`1.ValueTaskSourceAsTask.<>c.<.cctor>b__4_0(Object state)
--- End of stack trace from previous location ---
   at Orleans.Storage.MemoryGrainStorage.WriteStateAsync[T](String grainType, GrainId grainId, IGrainState`1 grainState) in /_/src/Orleans.Persistence.Memory/Storage/MemoryStorage.cs:line 102
   at Orleans.Core.StateStorageBridge`1.WriteStateAsync() in /_/src/Orleans.Runtime/Storage/StateStorageBridge.cs:line 106
[17:28:10 ERR] Error from storage provider MemoryGrainStorage.state during WriteStateAsync for grain transaction/popping-single-dc20f1af-9caf-49ef-8829-3eec589f566enull
Orleans.Runtime.OrleansMessageRejectionException: Forwarding failed: tried to forward message Request [S127.0.0.1:27159:124421277 transaction/popping-single-dc20f1af-9caf-49ef-8829-3eec589f566e]->[S127.0.0.1:27159:124421277 memorystorage/7] Orleans.Storage.IMemoryStorageGrain.WriteStateAsync<T>(System.String, Orleans.IGrainState`1[System.ReadOnlyMemory`1[System.Byte]]) #3D551A52E217B415[ForwardCount=2] for 2 times after "Unable to create local activation" to invalid activation. Rejecting now. 
   at System.Threading.Tasks.ValueTask`1.ValueTaskSourceAsTask.<>c.<.cctor>b__4_0(Object state)
--- End of stack trace from previous location ---
   at Orleans.Storage.MemoryGrainStorage.WriteStateAsync[T](String grainType, GrainId grainId, IGrainState`1 grainState) in /_/src/Orleans.Persistence.Memory/Storage/MemoryStorage.cs:line 102
   at Orleans.Core.StateStorageBridge`1.WriteStateAsync() in /_/src/Orleans.Runtime/Storage/StateStorageBridge.cs:line 106
[17:28:10 ERR] Error from storage provider MemoryGrainStorage.state during WriteStateAsync for grain transaction/popping-after-complete-77b94dfe-cd44-4bb9-8aee-3c3b441e9d9fnull
Orleans.Runtime.OrleansMessageRejectionException: Forwarding failed: tried to forward message Request [S127.0.0.1:27159:124421277 transaction/popping-after-complete-77b94dfe-cd44-4bb9-8aee-3c3b441e9d9f]->[S127.0.0.1:27159:124421277 memorystorage/6] Orleans.Storage.IMemoryStorageGrain.WriteStateAsync<T>(System.String, Orleans.IGrainState`1[System.ReadOnlyMemory`1[System.Byte]]) #3D551A52E217B41B[ForwardCount=2] for 2 times after "Unable to create local activation" to invalid activation. Rejecting now. 
   at System.Threading.Tasks.ValueTask`1.ValueTaskSourceAsTask.<>c.<.cctor>b__4_0(Object state)
--- End of stack trace from previous location ---
   at Orleans.Storage.MemoryGrainStorage.WriteStateAsync[T](String grainType, GrainId grainId, IGrainState`1 grainState) in /_/src/Orleans.Persistence.Memory/Storage/MemoryStorage.cs:line 102
   at Orleans.Core.StateStorageBridge`1.WriteStateAsync() in /_/src/Orleans.Runtime/Storage/StateStorageBridge.cs:line 106
[17:28:10 ERR] Error from storage provider MemoryGrainStorage.state during WriteStateAsync for grain transaction/popping-after-complete-poison-22559a28-9259-468a-9782-7fc365f57fbdnull
Orleans.Runtime.OrleansMessageRejectionException: Forwarding failed: tried to forward message Request [S127.0.0.1:27159:124421277 transaction/popping-after-complete-poison-22559a28-9259-468a-9782-7fc365f57fbd]->[S127.0.0.1:27159:124421277 memorystorage/6] Orleans.Storage.IMemoryStorageGrain.WriteStateAsync<T>(System.String, Orleans.IGrainState`1[System.ReadOnlyMemory`1[System.Byte]]) #3D551A52E217B427[ForwardCount=2] for 2 times after "Unable to create local activation" to invalid activation. Rejecting now. 
   at System.Threading.Tasks.ValueTask`1.ValueTaskSourceAsTask.<>c.<.cctor>b__4_0(Object state)
--- End of stack trace from previous location ---
   at Orleans.Storage.MemoryGrainStorage.WriteStateAsync[T](String grainType, GrainId grainId, IGrainState`1 grainState) in /_/src/Orleans.Persistence.Memory/Storage/MemoryStorage.cs:line 102
   at Orleans.Core.StateStorageBridge`1.WriteStateAsync() in /_/src/Orleans.Runtime/Storage/StateStorageBridge.cs:line 106
[17:28:10 ERR] Error from storage provider MemoryGrainStorage.state during WriteStateAsync for grain transaction/popping-single-timeout-bc0a407d-83cf-4b80-9cdd-4d6f75ba0c92null
Orleans.Runtime.OrleansMessageRejectionException: Forwarding failed: tried to forward message Request [S127.0.0.1:27159:124421277 transaction/popping-single-timeout-bc0a407d-83cf-4b80-9cdd-4d6f75ba0c92]->[S127.0.0.1:27159:124421277 memorystorage/5] Orleans.Storage.IMemoryStorageGrain.WriteStateAsync<T>(System.String, Orleans.IGrainState`1[System.ReadOnlyMemory`1[System.Byte]]) #3D551A52E217B434[ForwardCount=2] for 2 times after "Unable to create local activation" to invalid activation. Rejecting now. 
   at System.Threading.Tasks.ValueTask`1.ValueTaskSourceAsTask.<>c.<.cctor>b__4_0(Object state)
--- End of stack trace from previous location ---
   at Orleans.Storage.MemoryGrainStorage.WriteStateAsync[T](String grainType, GrainId grainId, IGrainState`1 grainState) in /_/src/Orleans.Persistence.Memory/Storage/MemoryStorage.cs:line 102
   at Orleans.Core.StateStorageBridge`1.WriteStateAsync() in /_/src/Orleans.Runtime/Storage/StateStorageBridge.cs:line 106
[17:28:10 ERR] Error from storage provider MemoryGrainStorage.state during WriteStateAsync for grain transaction/popping-after-complete-poison-17dd0af2-4506-46bc-a087-11c4ee97442cnull
Orleans.Runtime.OrleansMessageRejectionException: Forwarding failed: tried to forward message Request [S127.0.0.1:27159:124421277 transaction/popping-after-complete-poison-17dd0af2-4506-46bc-a087-11c4ee97442c]->[S127.0.0.1:27159:124421277 memorystorage/0] Orleans.Storage.IMemoryStorageGrain.WriteStateAsync<T>(System.String, Orleans.IGrainState`1[System.ReadOnlyMemory`1[System.Byte]]) #3D551A52E217B414[ForwardCount=2] for 2 times after "Unable to create local activation" to invalid activation. Rejecting now. 
   at System.Threading.Tasks.ValueTask`1.ValueTaskSourceAsTask.<>c.<.cctor>b__4_0(Object state)
--- End of stack trace from previous location ---
   at Orleans.Storage.MemoryGrainStorage.WriteStateAsync[T](String grainType, GrainId grainId, IGrainState`1 grainState) in /_/src/Orleans.Persistence.Memory/Storage/MemoryStorage.cs:line 102
   at Orleans.Core.StateStorageBridge`1.WriteStateAsync() in /_/src/Orleans.Runtime/Storage/StateStorageBridge.cs:line 106
[17:28:10 ERR] Error from storage provider MemoryGrainStorage.state during WriteStateAsync for grain transaction/popping-single-0d35786f-fd5a-464e-be7c-284cee5d7a93null
Orleans.Runtime.OrleansMessageRejectionException: Forwarding failed: tried to forward message Request [S127.0.0.1:27159:124421277 transaction/popping-single-0d35786f-fd5a-464e-be7c-284cee5d7a93]->[S127.0.0.1:27159:124421277 memorystorage/3] Orleans.Storage.IMemoryStorageGrain.WriteStateAsync<T>(System.String, Orleans.IGrainState`1[System.ReadOnlyMemory`1[System.Byte]]) #3D551A52E217B416[ForwardCount=2] for 2 times after "Unable to create local activation" to invalid activation. Rejecting now. 
   at System.Threading.Tasks.ValueTask`1.ValueTaskSourceAsTask.<>c.<.cctor>b__4_0(Object state)
--- End of stack trace from previous location ---
   at Orleans.Storage.MemoryGrainStorage.WriteStateAsync[T](String grainType, GrainId grainId, IGrainState`1 grainState) in /_/src/Orleans.Persistence.Memory/Storage/MemoryStorage.cs:line 102
   at Orleans.Core.StateStorageBridge`1.WriteStateAsync() in /_/src/Orleans.Runtime/Storage/StateStorageBridge.cs:line 106
[17:28:10 ERR] Error from storage provider MemoryGrainStorage.state during WriteStateAsync for grain transaction/compoundmessage-1null
Orleans.Runtime.OrleansMessageRejectionException: Forwarding failed: tried to forward message Request [S127.0.0.1:27159:124421277 transaction/compoundmessage-1]->[S127.0.0.1:27159:124421277 memorystorage/8] Orleans.Storage.IMemoryStorageGrain.WriteStateAsync<T>(System.String, Orleans.IGrainState`1[System.ReadOnlyMemory`1[System.Byte]]) #3D551A52E217B439[ForwardCount=2] for 2 times after "Unable to create local activation" to invalid activation. Rejecting now. 
   at System.Threading.Tasks.ValueTask`1.ValueTaskSourceAsTask.<>c.<.cctor>b__4_0(Object state)
--- End of stack trace from previous location ---
   at Orleans.Storage.MemoryGrainStorage.WriteStateAsync[T](String grainType, GrainId grainId, IGrainState`1 grainState) in /_/src/Orleans.Persistence.Memory/Storage/MemoryStorage.cs:line 102
   at Orleans.Core.StateStorageBridge`1.WriteStateAsync() in /_/src/Orleans.Runtime/Storage/StateStorageBridge.cs:line 106
[17:28:10 ERR] Error from storage provider MemoryGrainStorage.state during WriteStateAsync for grain transaction/popping-single-704b92db-b863-49ad-8406-18afe03db03anull
Orleans.Runtime.OrleansMessageRejectionException: Forwarding failed: tried to forward message Request [S127.0.0.1:27159:124421277 transaction/popping-single-704b92db-b863-49ad-8406-18afe03db03a]->[S127.0.0.1:27159:124421277 memorystorage/0] Orleans.Storage.IMemoryStorageGrain.WriteStateAsync<T>(System.String, Orleans.IGrainState`1[System.ReadOnlyMemory`1[System.Byte]]) #3D551A52E217B417[ForwardCount=2] for 2 times after "Unable to create local activation" to invalid activation. Rejecting now. 
   at System.Threading.Tasks.ValueTask`1.ValueTaskSourceAsTask.<>c.<.cctor>b__4_0(Object state)
--- End of stack trace from previous location ---
   at Orleans.Storage.MemoryGrainStorage.WriteStateAsync[T](String grainType, GrainId grainId, IGrainState`1 grainState) in /_/src/Orleans.Persistence.Memory/Storage/MemoryStorage.cs:line 102
   at Orleans.Core.StateStorageBridge`1.WriteStateAsync() in /_/src/Orleans.Runtime/Storage/StateStorageBridge.cs:line 106
[17:28:10 ERR] Error from storage provider MemoryGrainStorage.state during WriteStateAsync for grain transaction/popping-after-complete-a97a1caa-9fe4-4e83-80f0-acb094fa6656null
Orleans.Runtime.OrleansMessageRejectionException: Forwarding failed: tried to forward message Request [S127.0.0.1:27159:124421277 transaction/popping-after-complete-a97a1caa-9fe4-4e83-80f0-acb094fa6656]->[S127.0.0.1:27159:124421277 memorystorage/8] Orleans.Storage.IMemoryStorageGrain.WriteStateAsync<T>(System.String, Orleans.IGrainState`1[System.ReadOnlyMemory`1[System.Byte]]) #3D551A52E217B422[ForwardCount=2] for 2 times after "Unable to create local activation" to invalid activation. Rejecting now. 
   at System.Threading.Tasks.ValueTask`1.ValueTaskSourceAsTask.<>c.<.cctor>b__4_0(Object state)
--- End of stack trace from previous location ---
   at Orleans.Storage.MemoryGrainStorage.WriteStateAsync[T](String grainType, GrainId grainId, IGrainState`1 grainState) in /_/src/Orleans.Persistence.Memory/Storage/MemoryStorage.cs:line 102
   at Orleans.Core.StateStorageBridge`1.WriteStateAsync() in /_/src/Orleans.Runtime/Storage/StateStorageBridge.cs:line 106
[17:28:10 ERR] Error from storage provider MemoryGrainStorage.state during WriteStateAsync for grain transaction/blobmessage-1null
Orleans.Runtime.OrleansMessageRejectionException: Forwarding failed: tried to forward message Request [S127.0.0.1:27159:124421277 transaction/blobmessage-1]->[S127.0.0.1:27159:124421277 memorystorage/9] Orleans.Storage.IMemoryStorageGrain.WriteStateAsync<T>(System.String, Orleans.IGrainState`1[System.ReadOnlyMemory`1[System.Byte]]) #3D551A52E217B43E[ForwardCount=2] for 2 times after "Unable to create local activation" to invalid activation. Rejecting now. 
   at System.Threading.Tasks.ValueTask`1.ValueTaskSourceAsTask.<>c.<.cctor>b__4_0(Object state)
--- End of stack trace from previous location ---
   at Orleans.Storage.MemoryGrainStorage.WriteStateAsync[T](String grainType, GrainId grainId, IGrainState`1 grainState) in /_/src/Orleans.Persistence.Memory/Storage/MemoryStorage.cs:line 102
   at Orleans.Core.StateStorageBridge`1.WriteStateAsync() in /_/src/Orleans.Runtime/Storage/StateStorageBridge.cs:line 106
[17:28:10 ERR] Error from storage provider MemoryGrainStorage.state during WriteStateAsync for grain transaction/explosivemessage-1null
Orleans.Runtime.OrleansMessageRejectionException: Forwarding failed: tried to forward message Request [S127.0.0.1:27159:124421277 transaction/explosivemessage-1]->[S127.0.0.1:27159:124421277 memorystorage/0] Orleans.Storage.IMemoryStorageGrain.WriteStateAsync<T>(System.String, Orleans.IGrainState`1[System.ReadOnlyMemory`1[System.Byte]]) #3D551A52E217B435[ForwardCount=2] for 2 times after "Unable to create local activation" to invalid activation. Rejecting now. 
   at System.Threading.Tasks.ValueTask`1.ValueTaskSourceAsTask.<>c.<.cctor>b__4_0(Object state)
--- End of stack trace from previous location ---
   at Orleans.Storage.MemoryGrainStorage.WriteStateAsync[T](String grainType, GrainId grainId, IGrainState`1 grainState) in /_/src/Orleans.Persistence.Memory/Storage/MemoryStorage.cs:line 102
   at Orleans.Core.StateStorageBridge`1.WriteStateAsync() in /_/src/Orleans.Runtime/Storage/StateStorageBridge.cs:line 106
[17:28:10 ERR] Error from storage provider MemoryGrainStorage.state during WriteStateAsync for grain transaction/explosivemessage-2null
Orleans.Runtime.OrleansMessageRejectionException: Forwarding failed: tried to forward message Request [S127.0.0.1:27159:124421277 transaction/explosivemessage-2]->[S127.0.0.1:27159:124421277 memorystorage/9] Orleans.Storage.IMemoryStorageGrain.WriteStateAsync<T>(System.String, Orleans.IGrainState`1[System.ReadOnlyMemory`1[System.Byte]]) #3D551A52E217B43B[ForwardCount=2] for 2 times after "Unable to create local activation" to invalid activation. Rejecting now. 
   at System.Threading.Tasks.ValueTask`1.ValueTaskSourceAsTask.<>c.<.cctor>b__4_0(Object state)
--- End of stack trace from previous location ---
   at Orleans.Storage.MemoryGrainStorage.WriteStateAsync[T](String grainType, GrainId grainId, IGrainState`1 grainState) in /_/src/Orleans.Persistence.Memory/Storage/MemoryStorage.cs:line 102
   at Orleans.Core.StateStorageBridge`1.WriteStateAsync() in /_/src/Orleans.Runtime/Storage/StateStorageBridge.cs:line 106
[17:28:10 ERR] Error from storage provider MemoryGrainStorage.state during WriteStateAsync for grain transaction/popping-single-timeout-6b926c43-c52f-4dea-9002-1204d9c52211null
Orleans.Runtime.OrleansMessageRejectionException: Forwarding failed: tried to forward message Request [S127.0.0.1:27159:124421277 transaction/popping-single-timeout-6b926c43-c52f-4dea-9002-1204d9c52211]->[S127.0.0.1:27159:124421277 memorystorage/2] Orleans.Storage.IMemoryStorageGrain.WriteStateAsync<T>(System.String, Orleans.IGrainState`1[System.ReadOnlyMemory`1[System.Byte]]) #3D551A52E217B410[ForwardCount=2] for 2 times after "Unable to create local activation" to invalid activation. Rejecting now. 
   at System.Threading.Tasks.ValueTask`1.ValueTaskSourceAsTask.<>c.<.cctor>b__4_0(Object state)
--- End of stack trace from previous location ---
   at Orleans.Storage.MemoryGrainStorage.WriteStateAsync[T](String grainType, GrainId grainId, IGrainState`1 grainState) in /_/src/Orleans.Persistence.Memory/Storage/MemoryStorage.cs:line 102
   at Orleans.Core.StateStorageBridge`1.WriteStateAsync() in /_/src/Orleans.Runtime/Storage/StateStorageBridge.cs:line 106
[17:28:10 ERR] Error from storage provider MemoryGrainStorage.state during WriteStateAsync for grain transaction/simplemessage-0null
Orleans.Runtime.OrleansMessageRejectionException: Forwarding failed: tried to forward message Request [S127.0.0.1:27159:124421277 transaction/simplemessage-0]->[S127.0.0.1:27159:124421277 memorystorage/5] Orleans.Storage.IMemoryStorageGrain.WriteStateAsync<T>(System.String, Orleans.IGrainState`1[System.ReadOnlyMemory`1[System.Byte]]) #3D551A52E217B430[ForwardCount=2] for 2 times after "Unable to create local activation" to invalid activation. Rejecting now. 
   at System.Threading.Tasks.ValueTask`1.ValueTaskSourceAsTask.<>c.<.cctor>b__4_0(Object state)
--- End of stack trace from previous location ---
   at Orleans.Storage.MemoryGrainStorage.WriteStateAsync[T](String grainType, GrainId grainId, IGrainState`1 grainState) in /_/src/Orleans.Persistence.Memory/Storage/MemoryStorage.cs:line 102
   at Orleans.Core.StateStorageBridge`1.WriteStateAsync() in /_/src/Orleans.Runtime/Storage/StateStorageBridge.cs:line 106
[17:28:10 ERR] Error from storage provider MemoryGrainStorage.state during WriteStateAsync for grain transaction/popping-after-complete-poison-fddee4d3-9b11-4a0c-b095-ed93b47a24b7null
Orleans.Runtime.OrleansMessageRejectionException: Forwarding failed: tried to forward message Request [S127.0.0.1:27159:124421277 transaction/popping-after-complete-poison-fddee4d3-9b11-4a0c-b095-ed93b47a24b7]->[S127.0.0.1:27159:124421277 memorystorage/6] Orleans.Storage.IMemoryStorageGrain.WriteStateAsync<T>(System.String, Orleans.IGrainState`1[System.ReadOnlyMemory`1[System.Byte]]) #3D551A52E217B436[ForwardCount=2] for 2 times after "Unable to create local activation" to invalid activation. Rejecting now. 
   at System.Threading.Tasks.ValueTask`1.ValueTaskSourceAsTask.<>c.<.cctor>b__4_0(Object state)
--- End of stack trace from previous location ---
   at Orleans.Storage.MemoryGrainStorage.WriteStateAsync[T](String grainType, GrainId grainId, IGrainState`1 grainState) in /_/src/Orleans.Persistence.Memory/Storage/MemoryStorage.cs:line 102
   at Orleans.Core.StateStorageBridge`1.WriteStateAsync() in /_/src/Orleans.Runtime/Storage/StateStorageBridge.cs:line 106
[17:28:10 ERR] Error from storage provider MemoryGrainStorage.state during WriteStateAsync for grain transaction/popping-single-timeout-a969c01a-403f-45f7-a0b2-6838d207ce66null
Orleans.Runtime.OrleansMessageRejectionException: Forwarding failed: tried to forward message Request [S127.0.0.1:27159:124421277 transaction/popping-single-timeout-a969c01a-403f-45f7-a0b2-6838d207ce66]->[S127.0.0.1:27159:124421277 memorystorage/0] Orleans.Storage.IMemoryStorageGrain.WriteStateAsync<T>(System.String, Orleans.IGrainState`1[System.ReadOnlyMemory`1[System.Byte]]) #3D551A52E217B42E[ForwardCount=2] for 2 times after "Unable to create local activation" to invalid activation. Rejecting now. 
   at System.Threading.Tasks.ValueTask`1.ValueTaskSourceAsTask.<>c.<.cctor>b__4_0(Object state)
--- End of stack trace from previous location ---
   at Orleans.Storage.MemoryGrainStorage.WriteStateAsync[T](String grainType, GrainId grainId, IGrainState`1 grainState) in /_/src/Orleans.Persistence.Memory/Storage/MemoryStorage.cs:line 102
   at Orleans.Core.StateStorageBridge`1.WriteStateAsync() in /_/src/Orleans.Runtime/Storage/StateStorageBridge.cs:line 106
[17:28:10 ERR] Error from storage provider MemoryGrainStorage.state during WriteStateAsync for grain transaction/broadcastmessage-0null
Orleans.Runtime.OrleansMessageRejectionException: Forwarding failed: tried to forward message Request [S127.0.0.1:27159:124421277 transaction/broadcastmessage-0]->[S127.0.0.1:27159:124421277 memorystorage/0] Orleans.Storage.IMemoryStorageGrain.WriteStateAsync<T>(System.String, Orleans.IGrainState`1[System.ReadOnlyMemory`1[System.Byte]]) #3D551A52E217B412[ForwardCount=2] for 2 times after "Unable to create local activation" to invalid activation. Rejecting now. 
   at System.Threading.Tasks.ValueTask`1.ValueTaskSourceAsTask.<>c.<.cctor>b__4_0(Object state)
--- End of stack trace from previous location ---
   at Orleans.Storage.MemoryGrainStorage.WriteStateAsync[T](String grainType, GrainId grainId, IGrainState`1 grainState) in /_/src/Orleans.Persistence.Memory/Storage/MemoryStorage.cs:line 102
   at Orleans.Core.StateStorageBridge`1.WriteStateAsync() in /_/src/Orleans.Runtime/Storage/StateStorageBridge.cs:line 106
[17:28:10 ERR] Error from storage provider MemoryGrainStorage.state during WriteStateAsync for grain transaction/popping-single-3c869e99-42d4-4260-aea0-cf9c79a2f13anull
Orleans.Runtime.OrleansMessageRejectionException: Forwarding failed: tried to forward message Request [S127.0.0.1:27159:124421277 transaction/popping-single-3c869e99-42d4-4260-aea0-cf9c79a2f13a]->[S127.0.0.1:27159:124421277 memorystorage/8] Orleans.Storage.IMemoryStorageGrain.WriteStateAsync<T>(System.String, Orleans.IGrainState`1[System.ReadOnlyMemory`1[System.Byte]]) #3D551A52E217B418[ForwardCount=2] for 2 times after "Unable to create local activation" to invalid activation. Rejecting now. 
   at System.Threading.Tasks.ValueTask`1.ValueTaskSourceAsTask.<>c.<.cctor>b__4_0(Object state)
--- End of stack trace from previous location ---
   at Orleans.Storage.MemoryGrainStorage.WriteStateAsync[T](String grainType, GrainId grainId, IGrainState`1 grainState) in /_/src/Orleans.Persistence.Memory/Storage/MemoryStorage.cs:line 102
   at Orleans.Core.StateStorageBridge`1.WriteStateAsync() in /_/src/Orleans.Runtime/Storage/StateStorageBridge.cs:line 106
[17:28:10 ERR] Error from storage provider MemoryGrainStorage.state during WriteStateAsync for grain transaction/popping-single-c71a0b71-dc28-481e-88ee-2577af34734cnull
Orleans.Runtime.OrleansMessageRejectionException: Forwarding failed: tried to forward message Request [S127.0.0.1:27159:124421277 transaction/popping-single-c71a0b71-dc28-481e-88ee-2577af34734c]->[S127.0.0.1:27159:124421277 memorystorage/9] Orleans.Storage.IMemoryStorageGrain.WriteStateAsync<T>(System.String, Orleans.IGrainState`1[System.ReadOnlyMemory`1[System.Byte]]) #3D551A52E217B424[ForwardCount=2] for 2 times after "Unable to create local activation" to invalid activation. Rejecting now. 
   at System.Threading.Tasks.ValueTask`1.ValueTaskSourceAsTask.<>c.<.cctor>b__4_0(Object state)
--- End of stack trace from previous location ---
   at Orleans.Storage.MemoryGrainStorage.WriteStateAsync[T](String grainType, GrainId grainId, IGrainState`1 grainState) in /_/src/Orleans.Persistence.Memory/Storage/MemoryStorage.cs:line 102
   at Orleans.Core.StateStorageBridge`1.WriteStateAsync() in /_/src/Orleans.Runtime/Storage/StateStorageBridge.cs:line 106
[17:28:10 ERR] Error from storage provider MemoryGrainStorage.state during WriteStateAsync for grain transaction/compoundmessage-2null
Orleans.Runtime.OrleansMessageRejectionException: Forwarding failed: tried to forward message Request [S127.0.0.1:27159:124421277 transaction/compoundmessage-2]->[S127.0.0.1:27159:124421277 memorystorage/6] Orleans.Storage.IMemoryStorageGrain.WriteStateAsync<T>(System.String, Orleans.IGrainState`1[System.ReadOnlyMemory`1[System.Byte]]) #3D551A52E217B41A[ForwardCount=2] for 2 times after "Unable to create local activation" to invalid activation. Rejecting now. 
   at System.Threading.Tasks.ValueTask`1.ValueTaskSourceAsTask.<>c.<.cctor>b__4_0(Object state)
--- End of stack trace from previous location ---
   at Orleans.Storage.MemoryGrainStorage.WriteStateAsync[T](String grainType, GrainId grainId, IGrainState`1 grainState) in /_/src/Orleans.Persistence.Memory/Storage/MemoryStorage.cs:line 102
   at Orleans.Core.StateStorageBridge`1.WriteStateAsync() in /_/src/Orleans.Runtime/Storage/StateStorageBridge.cs:line 106
[17:28:10 ERR] Error thrown from OnDeactivateAsync for activation '[Activation: S127.0.0.1:27159:124421277/transaction/popping-after-complete-poison-b3ec04d6-cc73-4672-8084-21a79dca43f2@059292bd2651484982dd0d15bfb5b2e5#GrainType=Orleans.Streaming.Grains.Grains.TransactionGrain,Orleans.Streaming.Grains Placement=ResourceOptimizedPlacement State=Deactivating]'
Orleans.Runtime.OrleansMessageRejectionException: Forwarding failed: tried to forward message Request [S127.0.0.1:27159:124421277 transaction/popping-after-complete-poison-b3ec04d6-cc73-4672-8084-21a79dca43f2]->[S127.0.0.1:27159:124421277 memorystorage/3] Orleans.Storage.IMemoryStorageGrain.WriteStateAsync<T>(System.String, Orleans.IGrainState`1[System.ReadOnlyMemory`1[System.Byte]]) #3D551A52E217B423[ForwardCount=2] for 2 times after "Unable to create local activation" to invalid activation. Rejecting now. 
   at System.Threading.Tasks.ValueTask`1.ValueTaskSourceAsTask.<>c.<.cctor>b__4_0(Object state)
--- End of stack trace from previous location ---
   at Orleans.Storage.MemoryGrainStorage.WriteStateAsync[T](String grainType, GrainId grainId, IGrainState`1 grainState) in /_/src/Orleans.Persistence.Memory/Storage/MemoryStorage.cs:line 102
   at Orleans.Core.StateStorageBridge`1.WriteStateAsync() in /_/src/Orleans.Runtime/Storage/StateStorageBridge.cs:line 106
   at Orleans.Core.StateStorageBridge`1.OnError(Exception exception, ErrorCode id, String operation) in /_/src/Orleans.Runtime/Storage/StateStorageBridge.cs:line 188
   at Orleans.Core.StateStorageBridge`1.WriteStateAsync() in /_/src/Orleans.Runtime/Storage/StateStorageBridge.cs:line 112
   at Orleans.Streaming.Grains.Grains.TransactionGrain.PersistAsync() in C:\tmp\Orleans.Streaming.Grains\src\Orleans.Streaming.Grains\Grains\TransactionGrain.cs:line 153
   at Orleans.Streaming.Grains.Grains.TransactionGrain.OnDeactivateAsync(DeactivationReason reason, CancellationToken cancellationToken) in C:\tmp\Orleans.Streaming.Grains\src\Orleans.Streaming.Grains\Grains\TransactionGrain.cs:line 53
   at Orleans.Runtime.ActivationData.FinishDeactivating(ActivationState previousState, CancellationToken cancellationToken) in /_/src/Orleans.Runtime/Catalog/ActivationData.cs:line 1704
[17:28:10 ERR] Error thrown from OnDeactivateAsync for activation '[Activation: S127.0.0.1:27159:124421277/transaction/popping-single-timeout-78f77840-412a-4d6a-925b-85322305a763@983ef61f19004d3db107f357080a45b7#GrainType=Orleans.Streaming.Grains.Grains.TransactionGrain,Orleans.Streaming.Grains Placement=ResourceOptimizedPlacement State=Deactivating]'
Orleans.Runtime.OrleansMessageRejectionException: Forwarding failed: tried to forward message Request [S127.0.0.1:27159:124421277 transaction/popping-single-timeout-78f77840-412a-4d6a-925b-85322305a763]->[S127.0.0.1:27159:124421277 memorystorage/6] Orleans.Storage.IMemoryStorageGrain.WriteStateAsync<T>(System.String, Orleans.IGrainState`1[System.ReadOnlyMemory`1[System.Byte]]) #3D551A52E217B437[ForwardCount=2] for 2 times after "Unable to create local activation" to invalid activation. Rejecting now. 
   at System.Threading.Tasks.ValueTask`1.ValueTaskSourceAsTask.<>c.<.cctor>b__4_0(Object state)
--- End of stack trace from previous location ---
   at Orleans.Storage.MemoryGrainStorage.WriteStateAsync[T](String grainType, GrainId grainId, IGrainState`1 grainState) in /_/src/Orleans.Persistence.Memory/Storage/MemoryStorage.cs:line 102
   at Orleans.Core.StateStorageBridge`1.WriteStateAsync() in /_/src/Orleans.Runtime/Storage/StateStorageBridge.cs:line 106
   at Orleans.Core.StateStorageBridge`1.OnError(Exception exception, ErrorCode id, String operation) in /_/src/Orleans.Runtime/Storage/StateStorageBridge.cs:line 188
   at Orleans.Core.StateStorageBridge`1.WriteStateAsync() in /_/src/Orleans.Runtime/Storage/StateStorageBridge.cs:line 112
   at Orleans.Streaming.Grains.Grains.TransactionGrain.PersistAsync() in C:\tmp\Orleans.Streaming.Grains\src\Orleans.Streaming.Grains\Grains\TransactionGrain.cs:line 153
   at Orleans.Streaming.Grains.Grains.TransactionGrain.OnDeactivateAsync(DeactivationReason reason, CancellationToken cancellationToken) in C:\tmp\Orleans.Streaming.Grains\src\Orleans.Streaming.Grains\Grains\TransactionGrain.cs:line 53
   at Orleans.Runtime.ActivationData.FinishDeactivating(ActivationState previousState, CancellationToken cancellationToken) in /_/src/Orleans.Runtime/Catalog/ActivationData.cs:line 1704
[17:28:10 ERR] Error thrown from OnDeactivateAsync for activation '[Activation: S127.0.0.1:27159:124421277/transaction/explosivemessage-1@33afbf040cb9473d9ea071d6b016b3e1#GrainType=Orleans.Streaming.Grains.Grains.TransactionGrain,Orleans.Streaming.Grains Placement=ResourceOptimizedPlacement State=Deactivating]'
Orleans.Runtime.OrleansMessageRejectionException: Forwarding failed: tried to forward message Request [S127.0.0.1:27159:124421277 transaction/explosivemessage-1]->[S127.0.0.1:27159:124421277 memorystorage/0] Orleans.Storage.IMemoryStorageGrain.WriteStateAsync<T>(System.String, Orleans.IGrainState`1[System.ReadOnlyMemory`1[System.Byte]]) #3D551A52E217B435[ForwardCount=2] for 2 times after "Unable to create local activation" to invalid activation. Rejecting now. 
   at System.Threading.Tasks.ValueTask`1.ValueTaskSourceAsTask.<>c.<.cctor>b__4_0(Object state)
--- End of stack trace from previous location ---
   at Orleans.Storage.MemoryGrainStorage.WriteStateAsync[T](String grainType, GrainId grainId, IGrainState`1 grainState) in /_/src/Orleans.Persistence.Memory/Storage/MemoryStorage.cs:line 102
   at Orleans.Core.StateStorageBridge`1.WriteStateAsync() in /_/src/Orleans.Runtime/Storage/StateStorageBridge.cs:line 106
   at Orleans.Core.StateStorageBridge`1.OnError(Exception exception, ErrorCode id, String operation) in /_/src/Orleans.Runtime/Storage/StateStorageBridge.cs:line 188
   at Orleans.Core.StateStorageBridge`1.WriteStateAsync() in /_/src/Orleans.Runtime/Storage/StateStorageBridge.cs:line 112
   at Orleans.Streaming.Grains.Grains.TransactionGrain.PersistAsync() in C:\tmp\Orleans.Streaming.Grains\src\Orleans.Streaming.Grains\Grains\TransactionGrain.cs:line 153
   at Orleans.Streaming.Grains.Grains.TransactionGrain.OnDeactivateAsync(DeactivationReason reason, CancellationToken cancellationToken) in C:\tmp\Orleans.Streaming.Grains\src\Orleans.Streaming.Grains\Grains\TransactionGrain.cs:line 53
   at Orleans.Runtime.ActivationData.FinishDeactivating(ActivationState previousState, CancellationToken cancellationToken) in /_/src/Orleans.Runtime/Catalog/ActivationData.cs:line 1704
[17:28:10 ERR] Error thrown from OnDeactivateAsync for activation '[Activation: S127.0.0.1:27159:124421277/transaction/popping-single-0d35786f-fd5a-464e-be7c-284cee5d7a93@04999117351745d38dbfce1f8fb2ea8b#GrainType=Orleans.Streaming.Grains.Grains.TransactionGrain,Orleans.Streaming.Grains Placement=ResourceOptimizedPlacement State=Deactivating]'
Orleans.Runtime.OrleansMessageRejectionException: Forwarding failed: tried to forward message Request [S127.0.0.1:27159:124421277 transaction/popping-single-0d35786f-fd5a-464e-be7c-284cee5d7a93]->[S127.0.0.1:27159:124421277 memorystorage/3] Orleans.Storage.IMemoryStorageGrain.WriteStateAsync<T>(System.String, Orleans.IGrainState`1[System.ReadOnlyMemory`1[System.Byte]]) #3D551A52E217B416[ForwardCount=2] for 2 times after "Unable to create local activation" to invalid activation. Rejecting now. 
   at System.Threading.Tasks.ValueTask`1.ValueTaskSourceAsTask.<>c.<.cctor>b__4_0(Object state)
--- End of stack trace from previous location ---
   at Orleans.Storage.MemoryGrainStorage.WriteStateAsync[T](String grainType, GrainId grainId, IGrainState`1 grainState) in /_/src/Orleans.Persistence.Memory/Storage/MemoryStorage.cs:line 102
   at Orleans.Core.StateStorageBridge`1.WriteStateAsync() in /_/src/Orleans.Runtime/Storage/StateStorageBridge.cs:line 106
   at Orleans.Core.StateStorageBridge`1.OnError(Exception exception, ErrorCode id, String operation) in /_/src/Orleans.Runtime/Storage/StateStorageBridge.cs:line 188
   at Orleans.Core.StateStorageBridge`1.WriteStateAsync() in /_/src/Orleans.Runtime/Storage/StateStorageBridge.cs:line 112
   at Orleans.Streaming.Grains.Grains.TransactionGrain.PersistAsync() in C:\tmp\Orleans.Streaming.Grains\src\Orleans.Streaming.Grains\Grains\TransactionGrain.cs:line 153
   at Orleans.Streaming.Grains.Grains.TransactionGrain.OnDeactivateAsync(DeactivationReason reason, CancellationToken cancellationToken) in C:\tmp\Orleans.Streaming.Grains\src\Orleans.Streaming.Grains\Grains\TransactionGrain.cs:line 53
   at Orleans.Runtime.ActivationData.FinishDeactivating(ActivationState previousState, CancellationToken cancellationToken) in /_/src/Orleans.Runtime/Catalog/ActivationData.cs:line 1704
[17:28:10 ERR] Error thrown from OnDeactivateAsync for activation '[Activation: S127.0.0.1:27159:124421277/transaction/popping-after-complete-poison-22559a28-9259-468a-9782-7fc365f57fbd@78a2a6fd9e584126a2bfdcd3d2bb3c3e#GrainType=Orleans.Streaming.Grains.Grains.TransactionGrain,Orleans.Streaming.Grains Placement=ResourceOptimizedPlacement State=Deactivating]'
Orleans.Runtime.OrleansMessageRejectionException: Forwarding failed: tried to forward message Request [S127.0.0.1:27159:124421277 transaction/popping-after-complete-poison-22559a28-9259-468a-9782-7fc365f57fbd]->[S127.0.0.1:27159:124421277 memorystorage/6] Orleans.Storage.IMemoryStorageGrain.WriteStateAsync<T>(System.String, Orleans.IGrainState`1[System.ReadOnlyMemory`1[System.Byte]]) #3D551A52E217B427[ForwardCount=2] for 2 times after "Unable to create local activation" to invalid activation. Rejecting now. 
   at System.Threading.Tasks.ValueTask`1.ValueTaskSourceAsTask.<>c.<.cctor>b__4_0(Object state)
--- End of stack trace from previous location ---
   at Orleans.Storage.MemoryGrainStorage.WriteStateAsync[T](String grainType, GrainId grainId, IGrainState`1 grainState) in /_/src/Orleans.Persistence.Memory/Storage/MemoryStorage.cs:line 102
   at Orleans.Core.StateStorageBridge`1.WriteStateAsync() in /_/src/Orleans.Runtime/Storage/StateStorageBridge.cs:line 106
   at Orleans.Core.StateStorageBridge`1.OnError(Exception exception, ErrorCode id, String operation) in /_/src/Orleans.Runtime/Storage/StateStorageBridge.cs:line 188
   at Orleans.Core.StateStorageBridge`1.WriteStateAsync() in /_/src/Orleans.Runtime/Storage/StateStorageBridge.cs:line 112
   at Orleans.Streaming.Grains.Grains.TransactionGrain.PersistAsync() in C:\tmp\Orleans.Streaming.Grains\src\Orleans.Streaming.Grains\Grains\TransactionGrain.cs:line 153
   at Orleans.Streaming.Grains.Grains.TransactionGrain.OnDeactivateAsync(DeactivationReason reason, CancellationToken cancellationToken) in C:\tmp\Orleans.Streaming.Grains\src\Orleans.Streaming.Grains\Grains\TransactionGrain.cs:line 53
   at Orleans.Runtime.ActivationData.FinishDeactivating(ActivationState previousState, CancellationToken cancellationToken) in /_/src/Orleans.Runtime/Catalog/ActivationData.cs:line 1704
[17:28:10 ERR] Error thrown from OnDeactivateAsync for activation '[Activation: S127.0.0.1:27159:124421277/transaction/popping-single-704b92db-b863-49ad-8406-18afe03db03a@a5998a6d15fd487ca1fc1c61248f8f69#GrainType=Orleans.Streaming.Grains.Grains.TransactionGrain,Orleans.Streaming.Grains Placement=ResourceOptimizedPlacement State=Deactivating]'
Orleans.Runtime.OrleansMessageRejectionException: Forwarding failed: tried to forward message Request [S127.0.0.1:27159:124421277 transaction/popping-single-704b92db-b863-49ad-8406-18afe03db03a]->[S127.0.0.1:27159:124421277 memorystorage/0] Orleans.Storage.IMemoryStorageGrain.WriteStateAsync<T>(System.String, Orleans.IGrainState`1[System.ReadOnlyMemory`1[System.Byte]]) #3D551A52E217B417[ForwardCount=2] for 2 times after "Unable to create local activation" to invalid activation. Rejecting now. 
   at System.Threading.Tasks.ValueTask`1.ValueTaskSourceAsTask.<>c.<.cctor>b__4_0(Object state)
--- End of stack trace from previous location ---
   at Orleans.Storage.MemoryGrainStorage.WriteStateAsync[T](String grainType, GrainId grainId, IGrainState`1 grainState) in /_/src/Orleans.Persistence.Memory/Storage/MemoryStorage.cs:line 102
   at Orleans.Core.StateStorageBridge`1.WriteStateAsync() in /_/src/Orleans.Runtime/Storage/StateStorageBridge.cs:line 106
   at Orleans.Core.StateStorageBridge`1.OnError(Exception exception, ErrorCode id, String operation) in /_/src/Orleans.Runtime/Storage/StateStorageBridge.cs:line 188
   at Orleans.Core.StateStorageBridge`1.WriteStateAsync() in /_/src/Orleans.Runtime/Storage/StateStorageBridge.cs:line 112
   at Orleans.Streaming.Grains.Grains.TransactionGrain.PersistAsync() in C:\tmp\Orleans.Streaming.Grains\src\Orleans.Streaming.Grains\Grains\TransactionGrain.cs:line 153
   at Orleans.Streaming.Grains.Grains.TransactionGrain.OnDeactivateAsync(DeactivationReason reason, CancellationToken cancellationToken) in C:\tmp\Orleans.Streaming.Grains\src\Orleans.Streaming.Grains\Grains\TransactionGrain.cs:line 53
   at Orleans.Runtime.ActivationData.FinishDeactivating(ActivationState previousState, CancellationToken cancellationToken) in /_/src/Orleans.Runtime/Catalog/ActivationData.cs:line 1704
[17:28:10 ERR] Error thrown from OnDeactivateAsync for activation '[Activation: S127.0.0.1:27159:124421277/transaction/popping-single-timeout-6b926c43-c52f-4dea-9002-1204d9c52211@c0481fdbe86241978a773a5b010bdc3c#GrainType=Orleans.Streaming.Grains.Grains.TransactionGrain,Orleans.Streaming.Grains Placement=ResourceOptimizedPlacement State=Deactivating]'
Orleans.Runtime.OrleansMessageRejectionException: Forwarding failed: tried to forward message Request [S127.0.0.1:27159:124421277 transaction/popping-single-timeout-6b926c43-c52f-4dea-9002-1204d9c52211]->[S127.0.0.1:27159:124421277 memorystorage/2] Orleans.Storage.IMemoryStorageGrain.WriteStateAsync<T>(System.String, Orleans.IGrainState`1[System.ReadOnlyMemory`1[System.Byte]]) #3D551A52E217B410[ForwardCount=2] for 2 times after "Unable to create local activation" to invalid activation. Rejecting now. 
   at System.Threading.Tasks.ValueTask`1.ValueTaskSourceAsTask.<>c.<.cctor>b__4_0(Object state)
--- End of stack trace from previous location ---
   at Orleans.Storage.MemoryGrainStorage.WriteStateAsync[T](String grainType, GrainId grainId, IGrainState`1 grainState) in /_/src/Orleans.Persistence.Memory/Storage/MemoryStorage.cs:line 102
   at Orleans.Core.StateStorageBridge`1.WriteStateAsync() in /_/src/Orleans.Runtime/Storage/StateStorageBridge.cs:line 106
   at Orleans.Core.StateStorageBridge`1.OnError(Exception exception, ErrorCode id, String operation) in /_/src/Orleans.Runtime/Storage/StateStorageBridge.cs:line 188
   at Orleans.Core.StateStorageBridge`1.WriteStateAsync() in /_/src/Orleans.Runtime/Storage/StateStorageBridge.cs:line 112
   at Orleans.Streaming.Grains.Grains.TransactionGrain.PersistAsync() in C:\tmp\Orleans.Streaming.Grains\src\Orleans.Streaming.Grains\Grains\TransactionGrain.cs:line 153
   at Orleans.Streaming.Grains.Grains.TransactionGrain.OnDeactivateAsync(DeactivationReason reason, CancellationToken cancellationToken) in C:\tmp\Orleans.Streaming.Grains\src\Orleans.Streaming.Grains\Grains\TransactionGrain.cs:line 53
   at Orleans.Runtime.ActivationData.FinishDeactivating(ActivationState previousState, CancellationToken cancellationToken) in /_/src/Orleans.Runtime/Catalog/ActivationData.cs:line 1704
[17:28:10 ERR] Error thrown from OnDeactivateAsync for activation '[Activation: S127.0.0.1:27159:124421277/transaction/explosivemessage-2@c532758f5a2446cd9e2df7eedfba4423#GrainType=Orleans.Streaming.Grains.Grains.TransactionGrain,Orleans.Streaming.Grains Placement=ResourceOptimizedPlacement State=Deactivating]'
Orleans.Runtime.OrleansMessageRejectionException: Forwarding failed: tried to forward message Request [S127.0.0.1:27159:124421277 transaction/explosivemessage-2]->[S127.0.0.1:27159:124421277 memorystorage/9] Orleans.Storage.IMemoryStorageGrain.WriteStateAsync<T>(System.String, Orleans.IGrainState`1[System.ReadOnlyMemory`1[System.Byte]]) #3D551A52E217B43B[ForwardCount=2] for 2 times after "Unable to create local activation" to invalid activation. Rejecting now. 
   at System.Threading.Tasks.ValueTask`1.ValueTaskSourceAsTask.<>c.<.cctor>b__4_0(Object state)
--- End of stack trace from previous location ---
   at Orleans.Storage.MemoryGrainStorage.WriteStateAsync[T](String grainType, GrainId grainId, IGrainState`1 grainState) in /_/src/Orleans.Persistence.Memory/Storage/MemoryStorage.cs:line 102
   at Orleans.Core.StateStorageBridge`1.WriteStateAsync() in /_/src/Orleans.Runtime/Storage/StateStorageBridge.cs:line 106
   at Orleans.Core.StateStorageBridge`1.OnError(Exception exception, ErrorCode id, String operation) in /_/src/Orleans.Runtime/Storage/StateStorageBridge.cs:line 188
   at Orleans.Core.StateStorageBridge`1.WriteStateAsync() in /_/src/Orleans.Runtime/Storage/StateStorageBridge.cs:line 112
   at Orleans.Streaming.Grains.Grains.TransactionGrain.PersistAsync() in C:\tmp\Orleans.Streaming.Grains\src\Orleans.Streaming.Grains\Grains\TransactionGrain.cs:line 153
   at Orleans.Streaming.Grains.Grains.TransactionGrain.OnDeactivateAsync(DeactivationReason reason, CancellationToken cancellationToken) in C:\tmp\Orleans.Streaming.Grains\src\Orleans.Streaming.Grains\Grains\TransactionGrain.cs:line 53
   at Orleans.Runtime.ActivationData.FinishDeactivating(ActivationState previousState, CancellationToken cancellationToken) in /_/src/Orleans.Runtime/Catalog/ActivationData.cs:line 1704
[17:28:10 ERR] Error thrown from OnDeactivateAsync for activation '[Activation: S127.0.0.1:27159:124421277/transaction/popping-single-dc20f1af-9caf-49ef-8829-3eec589f566e@c4d7a3ac798f4d21a422a63ae0d4b57c#GrainType=Orleans.Streaming.Grains.Grains.TransactionGrain,Orleans.Streaming.Grains Placement=ResourceOptimizedPlacement State=Deactivating]'
Orleans.Runtime.OrleansMessageRejectionException: Forwarding failed: tried to forward message Request [S127.0.0.1:27159:124421277 transaction/popping-single-dc20f1af-9caf-49ef-8829-3eec589f566e]->[S127.0.0.1:27159:124421277 memorystorage/7] Orleans.Storage.IMemoryStorageGrain.WriteStateAsync<T>(System.String, Orleans.IGrainState`1[System.ReadOnlyMemory`1[System.Byte]]) #3D551A52E217B415[ForwardCount=2] for 2 times after "Unable to create local activation" to invalid activation. Rejecting now. 
   at System.Threading.Tasks.ValueTask`1.ValueTaskSourceAsTask.<>c.<.cctor>b__4_0(Object state)
--- End of stack trace from previous location ---
   at Orleans.Storage.MemoryGrainStorage.WriteStateAsync[T](String grainType, GrainId grainId, IGrainState`1 grainState) in /_/src/Orleans.Persistence.Memory/Storage/MemoryStorage.cs:line 102
   at Orleans.Core.StateStorageBridge`1.WriteStateAsync() in /_/src/Orleans.Runtime/Storage/StateStorageBridge.cs:line 106
   at Orleans.Core.StateStorageBridge`1.OnError(Exception exception, ErrorCode id, String operation) in /_/src/Orleans.Runtime/Storage/StateStorageBridge.cs:line 188
   at Orleans.Core.StateStorageBridge`1.WriteStateAsync() in /_/src/Orleans.Runtime/Storage/StateStorageBridge.cs:line 112
   at Orleans.Streaming.Grains.Grains.TransactionGrain.PersistAsync() in C:\tmp\Orleans.Streaming.Grains\src\Orleans.Streaming.Grains\Grains\TransactionGrain.cs:line 153
   at Orleans.Streaming.Grains.Grains.TransactionGrain.OnDeactivateAsync(DeactivationReason reason, CancellationToken cancellationToken) in C:\tmp\Orleans.Streaming.Grains\src\Orleans.Streaming.Grains\Grains\TransactionGrain.cs:line 53
   at Orleans.Runtime.ActivationData.FinishDeactivating(ActivationState previousState, CancellationToken cancellationToken) in /_/src/Orleans.Runtime/Catalog/ActivationData.cs:line 1704
[17:28:10 ERR] Error thrown from OnDeactivateAsync for activation '[Activation: S127.0.0.1:27159:124421277/transaction/popping-single-3c869e99-42d4-4260-aea0-cf9c79a2f13a@267ea43ab7b340a4857da6047a2b0869#GrainType=Orleans.Streaming.Grains.Grains.TransactionGrain,Orleans.Streaming.Grains Placement=ResourceOptimizedPlacement State=Deactivating]'
Orleans.Runtime.OrleansMessageRejectionException: Forwarding failed: tried to forward message Request [S127.0.0.1:27159:124421277 transaction/popping-single-3c869e99-42d4-4260-aea0-cf9c79a2f13a]->[S127.0.0.1:27159:124421277 memorystorage/8] Orleans.Storage.IMemoryStorageGrain.WriteStateAsync<T>(System.String, Orleans.IGrainState`1[System.ReadOnlyMemory`1[System.Byte]]) #3D551A52E217B418[ForwardCount=2] for 2 times after "Unable to create local activation" to invalid activation. Rejecting now. 
   at System.Threading.Tasks.ValueTask`1.ValueTaskSourceAsTask.<>c.<.cctor>b__4_0(Object state)
--- End of stack trace from previous location ---
   at Orleans.Storage.MemoryGrainStorage.WriteStateAsync[T](String grainType, GrainId grainId, IGrainState`1 grainState) in /_/src/Orleans.Persistence.Memory/Storage/MemoryStorage.cs:line 102
   at Orleans.Core.StateStorageBridge`1.WriteStateAsync() in /_/src/Orleans.Runtime/Storage/StateStorageBridge.cs:line 106
   at Orleans.Core.StateStorageBridge`1.OnError(Exception exception, ErrorCode id, String operation) in /_/src/Orleans.Runtime/Storage/StateStorageBridge.cs:line 188
   at Orleans.Core.StateStorageBridge`1.WriteStateAsync() in /_/src/Orleans.Runtime/Storage/StateStorageBridge.cs:line 112
   at Orleans.Streaming.Grains.Grains.TransactionGrain.PersistAsync() in C:\tmp\Orleans.Streaming.Grains\src\Orleans.Streaming.Grains\Grains\TransactionGrain.cs:line 153
   at Orleans.Streaming.Grains.Grains.TransactionGrain.OnDeactivateAsync(DeactivationReason reason, CancellationToken cancellationToken) in C:\tmp\Orleans.Streaming.Grains\src\Orleans.Streaming.Grains\Grains\TransactionGrain.cs:line 53
   at Orleans.Runtime.ActivationData.FinishDeactivating(ActivationState previousState, CancellationToken cancellationToken) in /_/src/Orleans.Runtime/Catalog/ActivationData.cs:line 1704
[17:28:10 ERR] Error thrown from OnDeactivateAsync for activation '[Activation: S127.0.0.1:27159:124421277/transaction/compoundmessage-0@63666049bc754061a0fbd2951acca777#GrainType=Orleans.Streaming.Grains.Grains.TransactionGrain,Orleans.Streaming.Grains Placement=ResourceOptimizedPlacement State=Deactivating]'
Orleans.Runtime.OrleansMessageRejectionException: Forwarding failed: tried to forward message Request [S127.0.0.1:27159:124421277 transaction/compoundmessage-0]->[S127.0.0.1:27159:124421277 memorystorage/9] Orleans.Storage.IMemoryStorageGrain.WriteStateAsync<T>(System.String, Orleans.IGrainState`1[System.ReadOnlyMemory`1[System.Byte]]) #3D551A52E217B42F[ForwardCount=2] for 2 times after "Unable to create local activation" to invalid activation. Rejecting now. 
   at System.Threading.Tasks.ValueTask`1.ValueTaskSourceAsTask.<>c.<.cctor>b__4_0(Object state)
--- End of stack trace from previous location ---
   at Orleans.Storage.MemoryGrainStorage.WriteStateAsync[T](String grainType, GrainId grainId, IGrainState`1 grainState) in /_/src/Orleans.Persistence.Memory/Storage/MemoryStorage.cs:line 102
   at Orleans.Core.StateStorageBridge`1.WriteStateAsync() in /_/src/Orleans.Runtime/Storage/StateStorageBridge.cs:line 106
   at Orleans.Core.StateStorageBridge`1.OnError(Exception exception, ErrorCode id, String operation) in /_/src/Orleans.Runtime/Storage/StateStorageBridge.cs:line 188
   at Orleans.Core.StateStorageBridge`1.WriteStateAsync() in /_/src/Orleans.Runtime/Storage/StateStorageBridge.cs:line 112
   at Orleans.Streaming.Grains.Grains.TransactionGrain.PersistAsync() in C:\tmp\Orleans.Streaming.Grains\src\Orleans.Streaming.Grains\Grains\TransactionGrain.cs:line 153
   at Orleans.Streaming.Grains.Grains.TransactionGrain.OnDeactivateAsync(DeactivationReason reason, CancellationToken cancellationToken) in C:\tmp\Orleans.Streaming.Grains\src\Orleans.Streaming.Grains\Grains\TransactionGrain.cs:line 53
   at Orleans.Runtime.ActivationData.FinishDeactivating(ActivationState previousState, CancellationToken cancellationToken) in /_/src/Orleans.Runtime/Catalog/ActivationData.cs:line 1704
[17:28:10 ERR] Error thrown from OnDeactivateAsync for activation '[Activation: S127.0.0.1:27159:124421277/transaction/explosivemessage-0@cfa6d784e359492f86c427844d0473af#GrainType=Orleans.Streaming.Grains.Grains.TransactionGrain,Orleans.Streaming.Grains Placement=ResourceOptimizedPlacement State=Deactivating]'
Orleans.Runtime.OrleansMessageRejectionException: Forwarding failed: tried to forward message Request [S127.0.0.1:27159:124421277 transaction/explosivemessage-0]->[S127.0.0.1:27159:124421277 memorystorage/5] Orleans.Storage.IMemoryStorageGrain.WriteStateAsync<T>(System.String, Orleans.IGrainState`1[System.ReadOnlyMemory`1[System.Byte]]) #3D551A52E217B431[ForwardCount=2] for 2 times after "Unable to create local activation" to invalid activation. Rejecting now. 
   at System.Threading.Tasks.ValueTask`1.ValueTaskSourceAsTask.<>c.<.cctor>b__4_0(Object state)
--- End of stack trace from previous location ---
   at Orleans.Storage.MemoryGrainStorage.WriteStateAsync[T](String grainType, GrainId grainId, IGrainState`1 grainState) in /_/src/Orleans.Persistence.Memory/Storage/MemoryStorage.cs:line 102
   at Orleans.Core.StateStorageBridge`1.WriteStateAsync() in /_/src/Orleans.Runtime/Storage/StateStorageBridge.cs:line 106
   at Orleans.Core.StateStorageBridge`1.OnError(Exception exception, ErrorCode id, String operation) in /_/src/Orleans.Runtime/Storage/StateStorageBridge.cs:line 188
   at Orleans.Core.StateStorageBridge`1.WriteStateAsync() in /_/src/Orleans.Runtime/Storage/StateStorageBridge.cs:line 112
   at Orleans.Streaming.Grains.Grains.TransactionGrain.PersistAsync() in C:\tmp\Orleans.Streaming.Grains\src\Orleans.Streaming.Grains\Grains\TransactionGrain.cs:line 153
   at Orleans.Streaming.Grains.Grains.TransactionGrain.OnDeactivateAsync(DeactivationReason reason, CancellationToken cancellationToken) in C:\tmp\Orleans.Streaming.Grains\src\Orleans.Streaming.Grains\Grains\TransactionGrain.cs:line 53
   at Orleans.Runtime.ActivationData.FinishDeactivating(ActivationState previousState, CancellationToken cancellationToken) in /_/src/Orleans.Runtime/Catalog/ActivationData.cs:line 1704
[17:28:10 ERR] Error thrown from OnDeactivateAsync for activation '[Activation: S127.0.0.1:27159:124421277/transaction/compoundmessage-2@2d8c7b28f0604056828e6cb8c8c81090#GrainType=Orleans.Streaming.Grains.Grains.TransactionGrain,Orleans.Streaming.Grains Placement=ResourceOptimizedPlacement State=Deactivating]'
Orleans.Runtime.OrleansMessageRejectionException: Forwarding failed: tried to forward message Request [S127.0.0.1:27159:124421277 transaction/compoundmessage-2]->[S127.0.0.1:27159:124421277 memorystorage/6] Orleans.Storage.IMemoryStorageGrain.WriteStateAsync<T>(System.String, Orleans.IGrainState`1[System.ReadOnlyMemory`1[System.Byte]]) #3D551A52E217B41A[ForwardCount=2] for 2 times after "Unable to create local activation" to invalid activation. Rejecting now. 
   at System.Threading.Tasks.ValueTask`1.ValueTaskSourceAsTask.<>c.<.cctor>b__4_0(Object state)
--- End of stack trace from previous location ---
   at Orleans.Storage.MemoryGrainStorage.WriteStateAsync[T](String grainType, GrainId grainId, IGrainState`1 grainState) in /_/src/Orleans.Persistence.Memory/Storage/MemoryStorage.cs:line 102
   at Orleans.Core.StateStorageBridge`1.WriteStateAsync() in /_/src/Orleans.Runtime/Storage/StateStorageBridge.cs:line 106
   at Orleans.Core.StateStorageBridge`1.OnError(Exception exception, ErrorCode id, String operation) in /_/src/Orleans.Runtime/Storage/StateStorageBridge.cs:line 188
   at Orleans.Core.StateStorageBridge`1.WriteStateAsync() in /_/src/Orleans.Runtime/Storage/StateStorageBridge.cs:line 112
   at Orleans.Streaming.Grains.Grains.TransactionGrain.PersistAsync() in C:\tmp\Orleans.Streaming.Grains\src\Orleans.Streaming.Grains\Grains\TransactionGrain.cs:line 153
   at Orleans.Streaming.Grains.Grains.TransactionGrain.OnDeactivateAsync(DeactivationReason reason, CancellationToken cancellationToken) in C:\tmp\Orleans.Streaming.Grains\src\Orleans.Streaming.Grains\Grains\TransactionGrain.cs:line 53
   at Orleans.Runtime.ActivationData.FinishDeactivating(ActivationState previousState, CancellationToken cancellationToken) in /_/src/Orleans.Runtime/Catalog/ActivationData.cs:line 1704
[17:28:10 ERR] Error thrown from OnDeactivateAsync for activation '[Activation: S127.0.0.1:27159:124421277/transaction/broadcastmessage-1@9609013330c34efe91bd8443a375cc2f#GrainType=Orleans.Streaming.Grains.Grains.TransactionGrain,Orleans.Streaming.Grains Placement=ResourceOptimizedPlacement State=Deactivating]'
Orleans.Runtime.OrleansMessageRejectionException: Forwarding failed: tried to forward message Request [S127.0.0.1:27159:124421277 transaction/broadcastmessage-1]->[S127.0.0.1:27159:124421277 memorystorage/2] Orleans.Storage.IMemoryStorageGrain.WriteStateAsync<T>(System.String, Orleans.IGrainState`1[System.ReadOnlyMemory`1[System.Byte]]) #3D551A52E217B421[ForwardCount=2] for 2 times after "Unable to create local activation" to invalid activation. Rejecting now. 
   at System.Threading.Tasks.ValueTask`1.ValueTaskSourceAsTask.<>c.<.cctor>b__4_0(Object state)
--- End of stack trace from previous location ---
   at Orleans.Storage.MemoryGrainStorage.WriteStateAsync[T](String grainType, GrainId grainId, IGrainState`1 grainState) in /_/src/Orleans.Persistence.Memory/Storage/MemoryStorage.cs:line 102
   at Orleans.Core.StateStorageBridge`1.WriteStateAsync() in /_/src/Orleans.Runtime/Storage/StateStorageBridge.cs:line 106
   at Orleans.Core.StateStorageBridge`1.OnError(Exception exception, ErrorCode id, String operation) in /_/src/Orleans.Runtime/Storage/StateStorageBridge.cs:line 188
   at Orleans.Core.StateStorageBridge`1.WriteStateAsync() in /_/src/Orleans.Runtime/Storage/StateStorageBridge.cs:line 112
   at Orleans.Streaming.Grains.Grains.TransactionGrain.PersistAsync() in C:\tmp\Orleans.Streaming.Grains\src\Orleans.Streaming.Grains\Grains\TransactionGrain.cs:line 153
   at Orleans.Streaming.Grains.Grains.TransactionGrain.OnDeactivateAsync(DeactivationReason reason, CancellationToken cancellationToken) in C:\tmp\Orleans.Streaming.Grains\src\Orleans.Streaming.Grains\Grains\TransactionGrain.cs:line 53
   at Orleans.Runtime.ActivationData.FinishDeactivating(ActivationState previousState, CancellationToken cancellationToken) in /_/src/Orleans.Runtime/Catalog/ActivationData.cs:line 1704
[17:28:10 ERR] Error thrown from OnDeactivateAsync for activation '[Activation: S127.0.0.1:27159:124421277/transaction/popping-after-complete-a97a1caa-9fe4-4e83-80f0-acb094fa6656@c61d220eff1a430ba3f02f0a3fde8953#GrainType=Orleans.Streaming.Grains.Grains.TransactionGrain,Orleans.Streaming.Grains Placement=ResourceOptimizedPlacement State=Deactivating]'
Orleans.Runtime.OrleansMessageRejectionException: Forwarding failed: tried to forward message Request [S127.0.0.1:27159:124421277 transaction/popping-after-complete-a97a1caa-9fe4-4e83-80f0-acb094fa6656]->[S127.0.0.1:27159:124421277 memorystorage/8] Orleans.Storage.IMemoryStorageGrain.WriteStateAsync<T>(System.String, Orleans.IGrainState`1[System.ReadOnlyMemory`1[System.Byte]]) #3D551A52E217B422[ForwardCount=2] for 2 times after "Unable to create local activation" to invalid activation. Rejecting now. 
   at System.Threading.Tasks.ValueTask`1.ValueTaskSourceAsTask.<>c.<.cctor>b__4_0(Object state)
--- End of stack trace from previous location ---
   at Orleans.Storage.MemoryGrainStorage.WriteStateAsync[T](String grainType, GrainId grainId, IGrainState`1 grainState) in /_/src/Orleans.Persistence.Memory/Storage/MemoryStorage.cs:line 102
   at Orleans.Core.StateStorageBridge`1.WriteStateAsync() in /_/src/Orleans.Runtime/Storage/StateStorageBridge.cs:line 106
   at Orleans.Core.StateStorageBridge`1.OnError(Exception exception, ErrorCode id, String operation) in /_/src/Orleans.Runtime/Storage/StateStorageBridge.cs:line 188
   at Orleans.Core.StateStorageBridge`1.WriteStateAsync() in /_/src/Orleans.Runtime/Storage/StateStorageBridge.cs:line 112
   at Orleans.Streaming.Grains.Grains.TransactionGrain.PersistAsync() in C:\tmp\Orleans.Streaming.Grains\src\Orleans.Streaming.Grains\Grains\TransactionGrain.cs:line 153
   at Orleans.Streaming.Grains.Grains.TransactionGrain.OnDeactivateAsync(DeactivationReason reason, CancellationToken cancellationToken) in C:\tmp\Orleans.Streaming.Grains\src\Orleans.Streaming.Grains\Grains\TransactionGrain.cs:line 53
   at Orleans.Runtime.ActivationData.FinishDeactivating(ActivationState previousState, CancellationToken cancellationToken) in /_/src/Orleans.Runtime/Catalog/ActivationData.cs:line 1704
[17:28:10 ERR] Error thrown from OnDeactivateAsync for activation '[Activation: S127.0.0.1:27159:124421277/transaction/simplemessage-1@2f4a4e2bcacf452b864704da41ba1d24#GrainType=Orleans.Streaming.Grains.Grains.TransactionGrain,Orleans.Streaming.Grains Placement=ResourceOptimizedPlacement State=Deactivating]'
Orleans.Runtime.OrleansMessageRejectionException: Forwarding failed: tried to forward message Request [S127.0.0.1:27159:124421277 transaction/simplemessage-1]->[S127.0.0.1:27159:124421277 memorystorage/0] Orleans.Storage.IMemoryStorageGrain.WriteStateAsync<T>(System.String, Orleans.IGrainState`1[System.ReadOnlyMemory`1[System.Byte]]) #3D551A52E217B41F[ForwardCount=2] for 2 times after "Unable to create local activation" to invalid activation. Rejecting now. 
   at System.Threading.Tasks.ValueTask`1.ValueTaskSourceAsTask.<>c.<.cctor>b__4_0(Object state)
--- End of stack trace from previous location ---
   at Orleans.Storage.MemoryGrainStorage.WriteStateAsync[T](String grainType, GrainId grainId, IGrainState`1 grainState) in /_/src/Orleans.Persistence.Memory/Storage/MemoryStorage.cs:line 102
   at Orleans.Core.StateStorageBridge`1.WriteStateAsync() in /_/src/Orleans.Runtime/Storage/StateStorageBridge.cs:line 106
   at Orleans.Core.StateStorageBridge`1.OnError(Exception exception, ErrorCode id, String operation) in /_/src/Orleans.Runtime/Storage/StateStorageBridge.cs:line 188
   at Orleans.Core.StateStorageBridge`1.WriteStateAsync() in /_/src/Orleans.Runtime/Storage/StateStorageBridge.cs:line 112
   at Orleans.Streaming.Grains.Grains.TransactionGrain.PersistAsync() in C:\tmp\Orleans.Streaming.Grains\src\Orleans.Streaming.Grains\Grains\TransactionGrain.cs:line 153
   at Orleans.Streaming.Grains.Grains.TransactionGrain.OnDeactivateAsync(DeactivationReason reason, CancellationToken cancellationToken) in C:\tmp\Orleans.Streaming.Grains\src\Orleans.Streaming.Grains\Grains\TransactionGrain.cs:line 53
   at Orleans.Runtime.ActivationData.FinishDeactivating(ActivationState previousState, CancellationToken cancellationToken) in /_/src/Orleans.Runtime/Catalog/ActivationData.cs:line 1704
[17:28:10 ERR] Error thrown from OnDeactivateAsync for activation '[Activation: S127.0.0.1:27159:124421277/transaction/popping-single-timeout-a969c01a-403f-45f7-a0b2-6838d207ce66@9b54219f68424a8595386b7b4cb268b0#GrainType=Orleans.Streaming.Grains.Grains.TransactionGrain,Orleans.Streaming.Grains Placement=ResourceOptimizedPlacement State=Deactivating]'
Orleans.Runtime.OrleansMessageRejectionException: Forwarding failed: tried to forward message Request [S127.0.0.1:27159:124421277 transaction/popping-single-timeout-a969c01a-403f-45f7-a0b2-6838d207ce66]->[S127.0.0.1:27159:124421277 memorystorage/0] Orleans.Storage.IMemoryStorageGrain.WriteStateAsync<T>(System.String, Orleans.IGrainState`1[System.ReadOnlyMemory`1[System.Byte]]) #3D551A52E217B42E[ForwardCount=2] for 2 times after "Unable to create local activation" to invalid activation. Rejecting now. 
   at System.Threading.Tasks.ValueTask`1.ValueTaskSourceAsTask.<>c.<.cctor>b__4_0(Object state)
--- End of stack trace from previous location ---
   at Orleans.Storage.MemoryGrainStorage.WriteStateAsync[T](String grainType, GrainId grainId, IGrainState`1 grainState) in /_/src/Orleans.Persistence.Memory/Storage/MemoryStorage.cs:line 102
   at Orleans.Core.StateStorageBridge`1.WriteStateAsync() in /_/src/Orleans.Runtime/Storage/StateStorageBridge.cs:line 106
   at Orleans.Core.StateStorageBridge`1.OnError(Exception exception, ErrorCode id, String operation) in /_/src/Orleans.Runtime/Storage/StateStorageBridge.cs:line 188
   at Orleans.Core.StateStorageBridge`1.WriteStateAsync() in /_/src/Orleans.Runtime/Storage/StateStorageBridge.cs:line 112
   at Orleans.Streaming.Grains.Grains.TransactionGrain.PersistAsync() in C:\tmp\Orleans.Streaming.Grains\src\Orleans.Streaming.Grains\Grains\TransactionGrain.cs:line 153
   at Orleans.Streaming.Grains.Grains.TransactionGrain.OnDeactivateAsync(DeactivationReason reason, CancellationToken cancellationToken) in C:\tmp\Orleans.Streaming.Grains\src\Orleans.Streaming.Grains\Grains\TransactionGrain.cs:line 53
   at Orleans.Runtime.ActivationData.FinishDeactivating(ActivationState previousState, CancellationToken cancellationToken) in /_/src/Orleans.Runtime/Catalog/ActivationData.cs:line 1704
[17:28:10 ERR] Error thrown from OnDeactivateAsync for activation '[Activation: S127.0.0.1:27159:124421277/transaction/popping-after-complete-77b94dfe-cd44-4bb9-8aee-3c3b441e9d9f@b2ab0d3dc126416c8d559a3c9c27f186#GrainType=Orleans.Streaming.Grains.Grains.TransactionGrain,Orleans.Streaming.Grains Placement=ResourceOptimizedPlacement State=Deactivating]'
Orleans.Runtime.OrleansMessageRejectionException: Forwarding failed: tried to forward message Request [S127.0.0.1:27159:124421277 transaction/popping-after-complete-77b94dfe-cd44-4bb9-8aee-3c3b441e9d9f]->[S127.0.0.1:27159:124421277 memorystorage/6] Orleans.Storage.IMemoryStorageGrain.WriteStateAsync<T>(System.String, Orleans.IGrainState`1[System.ReadOnlyMemory`1[System.Byte]]) #3D551A52E217B41B[ForwardCount=2] for 2 times after "Unable to create local activation" to invalid activation. Rejecting now. 
   at System.Threading.Tasks.ValueTask`1.ValueTaskSourceAsTask.<>c.<.cctor>b__4_0(Object state)
--- End of stack trace from previous location ---
   at Orleans.Storage.MemoryGrainStorage.WriteStateAsync[T](String grainType, GrainId grainId, IGrainState`1 grainState) in /_/src/Orleans.Persistence.Memory/Storage/MemoryStorage.cs:line 102
   at Orleans.Core.StateStorageBridge`1.WriteStateAsync() in /_/src/Orleans.Runtime/Storage/StateStorageBridge.cs:line 106
   at Orleans.Core.StateStorageBridge`1.OnError(Exception exception, ErrorCode id, String operation) in /_/src/Orleans.Runtime/Storage/StateStorageBridge.cs:line 188
   at Orleans.Core.StateStorageBridge`1.WriteStateAsync() in /_/src/Orleans.Runtime/Storage/StateStorageBridge.cs:line 112
   at Orleans.Streaming.Grains.Grains.TransactionGrain.PersistAsync() in C:\tmp\Orleans.Streaming.Grains\src\Orleans.Streaming.Grains\Grains\TransactionGrain.cs:line 153
   at Orleans.Streaming.Grains.Grains.TransactionGrain.OnDeactivateAsync(DeactivationReason reason, CancellationToken cancellationToken) in C:\tmp\Orleans.Streaming.Grains\src\Orleans.Streaming.Grains\Grains\TransactionGrain.cs:line 53
   at Orleans.Runtime.ActivationData.FinishDeactivating(ActivationState previousState, CancellationToken cancellationToken) in /_/src/Orleans.Runtime/Catalog/ActivationData.cs:line 1704
[17:28:10 ERR] Error thrown from OnDeactivateAsync for activation '[Activation: S127.0.0.1:27159:124421277/transaction/blobmessage-1@66af55257f10415093bf84e1344b97f3#GrainType=Orleans.Streaming.Grains.Grains.TransactionGrain,Orleans.Streaming.Grains Placement=ResourceOptimizedPlacement State=Deactivating]'
Orleans.Runtime.OrleansMessageRejectionException: Forwarding failed: tried to forward message Request [S127.0.0.1:27159:124421277 transaction/blobmessage-1]->[S127.0.0.1:27159:124421277 memorystorage/9] Orleans.Storage.IMemoryStorageGrain.WriteStateAsync<T>(System.String, Orleans.IGrainState`1[System.ReadOnlyMemory`1[System.Byte]]) #3D551A52E217B43E[ForwardCount=2] for 2 times after "Unable to create local activation" to invalid activation. Rejecting now. 
   at System.Threading.Tasks.ValueTask`1.ValueTaskSourceAsTask.<>c.<.cctor>b__4_0(Object state)
--- End of stack trace from previous location ---
   at Orleans.Storage.MemoryGrainStorage.WriteStateAsync[T](String grainType, GrainId grainId, IGrainState`1 grainState) in /_/src/Orleans.Persistence.Memory/Storage/MemoryStorage.cs:line 102
   at Orleans.Core.StateStorageBridge`1.WriteStateAsync() in /_/src/Orleans.Runtime/Storage/StateStorageBridge.cs:line 106
   at Orleans.Core.StateStorageBridge`1.OnError(Exception exception, ErrorCode id, String operation) in /_/src/Orleans.Runtime/Storage/StateStorageBridge.cs:line 188
   at Orleans.Core.StateStorageBridge`1.WriteStateAsync() in /_/src/Orleans.Runtime/Storage/StateStorageBridge.cs:line 112
   at Orleans.Streaming.Grains.Grains.TransactionGrain.PersistAsync() in C:\tmp\Orleans.Streaming.Grains\src\Orleans.Streaming.Grains\Grains\TransactionGrain.cs:line 153
   at Orleans.Streaming.Grains.Grains.TransactionGrain.OnDeactivateAsync(DeactivationReason reason, CancellationToken cancellationToken) in C:\tmp\Orleans.Streaming.Grains\src\Orleans.Streaming.Grains\Grains\TransactionGrain.cs:line 53
   at Orleans.Runtime.ActivationData.FinishDeactivating(ActivationState previousState, CancellationToken cancellationToken) in /_/src/Orleans.Runtime/Catalog/ActivationData.cs:line 1704
[17:28:10 ERR] Error thrown from OnDeactivateAsync for activation '[Activation: S127.0.0.1:27159:124421277/transaction/explosivenextmessage-0@d4c68e47be4f4755b0992b55e4d893f9#GrainType=Orleans.Streaming.Grains.Grains.TransactionGrain,Orleans.Streaming.Grains Placement=ResourceOptimizedPlacement State=Deactivating]'
Orleans.Runtime.OrleansMessageRejectionException: Forwarding failed: tried to forward message Request [S127.0.0.1:27159:124421277 transaction/explosivenextmessage-0]->[S127.0.0.1:27159:124421277 memorystorage/7] Orleans.Storage.IMemoryStorageGrain.WriteStateAsync<T>(System.String, Orleans.IGrainState`1[System.ReadOnlyMemory`1[System.Byte]]) #3D551A52E217B41D[ForwardCount=2] for 2 times after "Unable to create local activation" to invalid activation. Rejecting now. 
   at System.Threading.Tasks.ValueTask`1.ValueTaskSourceAsTask.<>c.<.cctor>b__4_0(Object state)
--- End of stack trace from previous location ---
   at Orleans.Storage.MemoryGrainStorage.WriteStateAsync[T](String grainType, GrainId grainId, IGrainState`1 grainState) in /_/src/Orleans.Persistence.Memory/Storage/MemoryStorage.cs:line 102
   at Orleans.Core.StateStorageBridge`1.WriteStateAsync() in /_/src/Orleans.Runtime/Storage/StateStorageBridge.cs:line 106
   at Orleans.Core.StateStorageBridge`1.OnError(Exception exception, ErrorCode id, String operation) in /_/src/Orleans.Runtime/Storage/StateStorageBridge.cs:line 188
   at Orleans.Core.StateStorageBridge`1.WriteStateAsync() in /_/src/Orleans.Runtime/Storage/StateStorageBridge.cs:line 112
   at Orleans.Streaming.Grains.Grains.TransactionGrain.PersistAsync() in C:\tmp\Orleans.Streaming.Grains\src\Orleans.Streaming.Grains\Grains\TransactionGrain.cs:line 153
   at Orleans.Streaming.Grains.Grains.TransactionGrain.OnDeactivateAsync(DeactivationReason reason, CancellationToken cancellationToken) in C:\tmp\Orleans.Streaming.Grains\src\Orleans.Streaming.Grains\Grains\TransactionGrain.cs:line 53
   at Orleans.Runtime.ActivationData.FinishDeactivating(ActivationState previousState, CancellationToken cancellationToken) in /_/src/Orleans.Runtime/Catalog/ActivationData.cs:line 1704
[17:28:10 ERR] Error thrown from OnDeactivateAsync for activation '[Activation: S127.0.0.1:27159:124421277/transaction/popping-after-complete-poison-fddee4d3-9b11-4a0c-b095-ed93b47a24b7@e55abfa1ec3d4d7a804ed7af96d4e751#GrainType=Orleans.Streaming.Grains.Grains.TransactionGrain,Orleans.Streaming.Grains Placement=ResourceOptimizedPlacement State=Deactivating]'
Orleans.Runtime.OrleansMessageRejectionException: Forwarding failed: tried to forward message Request [S127.0.0.1:27159:124421277 transaction/popping-after-complete-poison-fddee4d3-9b11-4a0c-b095-ed93b47a24b7]->[S127.0.0.1:27159:124421277 memorystorage/6] Orleans.Storage.IMemoryStorageGrain.WriteStateAsync<T>(System.String, Orleans.IGrainState`1[System.ReadOnlyMemory`1[System.Byte]]) #3D551A52E217B436[ForwardCount=2] for 2 times after "Unable to create local activation" to invalid activation. Rejecting now. 
   at System.Threading.Tasks.ValueTask`1.ValueTaskSourceAsTask.<>c.<.cctor>b__4_0(Object state)
--- End of stack trace from previous location ---
   at Orleans.Storage.MemoryGrainStorage.WriteStateAsync[T](String grainType, GrainId grainId, IGrainState`1 grainState) in /_/src/Orleans.Persistence.Memory/Storage/MemoryStorage.cs:line 102
   at Orleans.Core.StateStorageBridge`1.WriteStateAsync() in /_/src/Orleans.Runtime/Storage/StateStorageBridge.cs:line 106
   at Orleans.Core.StateStorageBridge`1.OnError(Exception exception, ErrorCode id, String operation) in /_/src/Orleans.Runtime/Storage/StateStorageBridge.cs:line 188
   at Orleans.Core.StateStorageBridge`1.WriteStateAsync() in /_/src/Orleans.Runtime/Storage/StateStorageBridge.cs:line 112
   at Orleans.Streaming.Grains.Grains.TransactionGrain.PersistAsync() in C:\tmp\Orleans.Streaming.Grains\src\Orleans.Streaming.Grains\Grains\TransactionGrain.cs:line 153
   at Orleans.Streaming.Grains.Grains.TransactionGrain.OnDeactivateAsync(DeactivationReason reason, CancellationToken cancellationToken) in C:\tmp\Orleans.Streaming.Grains\src\Orleans.Streaming.Grains\Grains\TransactionGrain.cs:line 53
   at Orleans.Runtime.ActivationData.FinishDeactivating(ActivationState previousState, CancellationToken cancellationToken) in /_/src/Orleans.Runtime/Catalog/ActivationData.cs:line 1704
[17:28:10 ERR] Error thrown from OnDeactivateAsync for activation '[Activation: S127.0.0.1:27159:124421277/transaction/broadcastmessage-0@5e396d5cae194f9381ff010a95e8a480#GrainType=Orleans.Streaming.Grains.Grains.TransactionGrain,Orleans.Streaming.Grains Placement=ResourceOptimizedPlacement State=Deactivating]'
Orleans.Runtime.OrleansMessageRejectionException: Forwarding failed: tried to forward message Request [S127.0.0.1:27159:124421277 transaction/broadcastmessage-0]->[S127.0.0.1:27159:124421277 memorystorage/0] Orleans.Storage.IMemoryStorageGrain.WriteStateAsync<T>(System.String, Orleans.IGrainState`1[System.ReadOnlyMemory`1[System.Byte]]) #3D551A52E217B412[ForwardCount=2] for 2 times after "Unable to create local activation" to invalid activation. Rejecting now. 
   at System.Threading.Tasks.ValueTask`1.ValueTaskSourceAsTask.<>c.<.cctor>b__4_0(Object state)
--- End of stack trace from previous location ---
   at Orleans.Storage.MemoryGrainStorage.WriteStateAsync[T](String grainType, GrainId grainId, IGrainState`1 grainState) in /_/src/Orleans.Persistence.Memory/Storage/MemoryStorage.cs:line 102
   at Orleans.Core.StateStorageBridge`1.WriteStateAsync() in /_/src/Orleans.Runtime/Storage/StateStorageBridge.cs:line 106
   at Orleans.Core.StateStorageBridge`1.OnError(Exception exception, ErrorCode id, String operation) in /_/src/Orleans.Runtime/Storage/StateStorageBridge.cs:line 188
   at Orleans.Core.StateStorageBridge`1.WriteStateAsync() in /_/src/Orleans.Runtime/Storage/StateStorageBridge.cs:line 112
   at Orleans.Streaming.Grains.Grains.TransactionGrain.PersistAsync() in C:\tmp\Orleans.Streaming.Grains\src\Orleans.Streaming.Grains\Grains\TransactionGrain.cs:line 153
   at Orleans.Streaming.Grains.Grains.TransactionGrain.OnDeactivateAsync(DeactivationReason reason, CancellationToken cancellationToken) in C:\tmp\Orleans.Streaming.Grains\src\Orleans.Streaming.Grains\Grains\TransactionGrain.cs:line 53
   at Orleans.Runtime.ActivationData.FinishDeactivating(ActivationState previousState, CancellationToken cancellationToken) in /_/src/Orleans.Runtime/Catalog/ActivationData.cs:line 1704
[17:28:10 ERR] Error thrown from OnDeactivateAsync for activation '[Activation: S127.0.0.1:27159:124421277/transaction/popping-single-timeout-bc0a407d-83cf-4b80-9cdd-4d6f75ba0c92@574333a7579440cd98ddc22a4cde4d13#GrainType=Orleans.Streaming.Grains.Grains.TransactionGrain,Orleans.Streaming.Grains Placement=ResourceOptimizedPlacement State=Deactivating]'
Orleans.Runtime.OrleansMessageRejectionException: Forwarding failed: tried to forward message Request [S127.0.0.1:27159:124421277 transaction/popping-single-timeout-bc0a407d-83cf-4b80-9cdd-4d6f75ba0c92]->[S127.0.0.1:27159:124421277 memorystorage/5] Orleans.Storage.IMemoryStorageGrain.WriteStateAsync<T>(System.String, Orleans.IGrainState`1[System.ReadOnlyMemory`1[System.Byte]]) #3D551A52E217B434[ForwardCount=2] for 2 times after "Unable to create local activation" to invalid activation. Rejecting now. 
   at System.Threading.Tasks.ValueTask`1.ValueTaskSourceAsTask.<>c.<.cctor>b__4_0(Object state)
--- End of stack trace from previous location ---
   at Orleans.Storage.MemoryGrainStorage.WriteStateAsync[T](String grainType, GrainId grainId, IGrainState`1 grainState) in /_/src/Orleans.Persistence.Memory/Storage/MemoryStorage.cs:line 102
   at Orleans.Core.StateStorageBridge`1.WriteStateAsync() in /_/src/Orleans.Runtime/Storage/StateStorageBridge.cs:line 106
   at Orleans.Core.StateStorageBridge`1.OnError(Exception exception, ErrorCode id, String operation) in /_/src/Orleans.Runtime/Storage/StateStorageBridge.cs:line 188
   at Orleans.Core.StateStorageBridge`1.WriteStateAsync() in /_/src/Orleans.Runtime/Storage/StateStorageBridge.cs:line 112
   at Orleans.Streaming.Grains.Grains.TransactionGrain.PersistAsync() in C:\tmp\Orleans.Streaming.Grains\src\Orleans.Streaming.Grains\Grains\TransactionGrain.cs:line 153
   at Orleans.Streaming.Grains.Grains.TransactionGrain.OnDeactivateAsync(DeactivationReason reason, CancellationToken cancellationToken) in C:\tmp\Orleans.Streaming.Grains\src\Orleans.Streaming.Grains\Grains\TransactionGrain.cs:line 53
   at Orleans.Runtime.ActivationData.FinishDeactivating(ActivationState previousState, CancellationToken cancellationToken) in /_/src/Orleans.Runtime/Catalog/ActivationData.cs:line 1704
[17:28:10 ERR] Error thrown from OnDeactivateAsync for activation '[Activation: S127.0.0.1:27159:124421277/transaction/simplemessage-0@313678983c274016875cb7187f8fb9ca#GrainType=Orleans.Streaming.Grains.Grains.TransactionGrain,Orleans.Streaming.Grains Placement=ResourceOptimizedPlacement State=Deactivating]'
Orleans.Runtime.OrleansMessageRejectionException: Forwarding failed: tried to forward message Request [S127.0.0.1:27159:124421277 transaction/simplemessage-0]->[S127.0.0.1:27159:124421277 memorystorage/5] Orleans.Storage.IMemoryStorageGrain.WriteStateAsync<T>(System.String, Orleans.IGrainState`1[System.ReadOnlyMemory`1[System.Byte]]) #3D551A52E217B430[ForwardCount=2] for 2 times after "Unable to create local activation" to invalid activation. Rejecting now. 
   at System.Threading.Tasks.ValueTask`1.ValueTaskSourceAsTask.<>c.<.cctor>b__4_0(Object state)
--- End of stack trace from previous location ---
   at Orleans.Storage.MemoryGrainStorage.WriteStateAsync[T](String grainType, GrainId grainId, IGrainState`1 grainState) in /_/src/Orleans.Persistence.Memory/Storage/MemoryStorage.cs:line 102
   at Orleans.Core.StateStorageBridge`1.WriteStateAsync() in /_/src/Orleans.Runtime/Storage/StateStorageBridge.cs:line 106
   at Orleans.Core.StateStorageBridge`1.OnError(Exception exception, ErrorCode id, String operation) in /_/src/Orleans.Runtime/Storage/StateStorageBridge.cs:line 188
   at Orleans.Core.StateStorageBridge`1.WriteStateAsync() in /_/src/Orleans.Runtime/Storage/StateStorageBridge.cs:line 112
   at Orleans.Streaming.Grains.Grains.TransactionGrain.PersistAsync() in C:\tmp\Orleans.Streaming.Grains\src\Orleans.Streaming.Grains\Grains\TransactionGrain.cs:line 153
   at Orleans.Streaming.Grains.Grains.TransactionGrain.OnDeactivateAsync(DeactivationReason reason, CancellationToken cancellationToken) in C:\tmp\Orleans.Streaming.Grains\src\Orleans.Streaming.Grains\Grains\TransactionGrain.cs:line 53
   at Orleans.Runtime.ActivationData.FinishDeactivating(ActivationState previousState, CancellationToken cancellationToken) in /_/src/Orleans.Runtime/Catalog/ActivationData.cs:line 1704
[17:28:10 ERR] Error thrown from OnDeactivateAsync for activation '[Activation: S127.0.0.1:27159:124421277/transaction/compoundmessage-1@b69676fed25a4d6e97caa1f82c2454b4#GrainType=Orleans.Streaming.Grains.Grains.TransactionGrain,Orleans.Streaming.Grains Placement=ResourceOptimizedPlacement State=Deactivating]'
Orleans.Runtime.OrleansMessageRejectionException: Forwarding failed: tried to forward message Request [S127.0.0.1:27159:124421277 transaction/compoundmessage-1]->[S127.0.0.1:27159:124421277 memorystorage/8] Orleans.Storage.IMemoryStorageGrain.WriteStateAsync<T>(System.String, Orleans.IGrainState`1[System.ReadOnlyMemory`1[System.Byte]]) #3D551A52E217B439[ForwardCount=2] for 2 times after "Unable to create local activation" to invalid activation. Rejecting now. 
   at System.Threading.Tasks.ValueTask`1.ValueTaskSourceAsTask.<>c.<.cctor>b__4_0(Object state)
--- End of stack trace from previous location ---
   at Orleans.Storage.MemoryGrainStorage.WriteStateAsync[T](String grainType, GrainId grainId, IGrainState`1 grainState) in /_/src/Orleans.Persistence.Memory/Storage/MemoryStorage.cs:line 102
   at Orleans.Core.StateStorageBridge`1.WriteStateAsync() in /_/src/Orleans.Runtime/Storage/StateStorageBridge.cs:line 106
   at Orleans.Core.StateStorageBridge`1.OnError(Exception exception, ErrorCode id, String operation) in /_/src/Orleans.Runtime/Storage/StateStorageBridge.cs:line 188
   at Orleans.Core.StateStorageBridge`1.WriteStateAsync() in /_/src/Orleans.Runtime/Storage/StateStorageBridge.cs:line 112
   at Orleans.Streaming.Grains.Grains.TransactionGrain.PersistAsync() in C:\tmp\Orleans.Streaming.Grains\src\Orleans.Streaming.Grains\Grains\TransactionGrain.cs:line 153
   at Orleans.Streaming.Grains.Grains.TransactionGrain.OnDeactivateAsync(DeactivationReason reason, CancellationToken cancellationToken) in C:\tmp\Orleans.Streaming.Grains\src\Orleans.Streaming.Grains\Grains\TransactionGrain.cs:line 53
   at Orleans.Runtime.ActivationData.FinishDeactivating(ActivationState previousState, CancellationToken cancellationToken) in /_/src/Orleans.Runtime/Catalog/ActivationData.cs:line 1704
[17:28:10 ERR] Error thrown from OnDeactivateAsync for activation '[Activation: S127.0.0.1:27159:124421277/transaction/blobmessage-0@cbd4a4056ab644e5845b8ee6bab34d03#GrainType=Orleans.Streaming.Grains.Grains.TransactionGrain,Orleans.Streaming.Grains Placement=ResourceOptimizedPlacement State=Deactivating]'
Orleans.Runtime.OrleansMessageRejectionException: Forwarding failed: tried to forward message Request [S127.0.0.1:27159:124421277 transaction/blobmessage-0]->[S127.0.0.1:27159:124421277 memorystorage/4] Orleans.Storage.IMemoryStorageGrain.WriteStateAsync<T>(System.String, Orleans.IGrainState`1[System.ReadOnlyMemory`1[System.Byte]]) #3D551A52E217B411[ForwardCount=2] for 2 times after "Unable to create local activation" to invalid activation. Rejecting now. 
   at System.Threading.Tasks.ValueTask`1.ValueTaskSourceAsTask.<>c.<.cctor>b__4_0(Object state)
--- End of stack trace from previous location ---
   at Orleans.Storage.MemoryGrainStorage.WriteStateAsync[T](String grainType, GrainId grainId, IGrainState`1 grainState) in /_/src/Orleans.Persistence.Memory/Storage/MemoryStorage.cs:line 102
   at Orleans.Core.StateStorageBridge`1.WriteStateAsync() in /_/src/Orleans.Runtime/Storage/StateStorageBridge.cs:line 106
   at Orleans.Core.StateStorageBridge`1.OnError(Exception exception, ErrorCode id, String operation) in /_/src/Orleans.Runtime/Storage/StateStorageBridge.cs:line 188
   at Orleans.Core.StateStorageBridge`1.WriteStateAsync() in /_/src/Orleans.Runtime/Storage/StateStorageBridge.cs:line 112
   at Orleans.Streaming.Grains.Grains.TransactionGrain.PersistAsync() in C:\tmp\Orleans.Streaming.Grains\src\Orleans.Streaming.Grains\Grains\TransactionGrain.cs:line 153
   at Orleans.Streaming.Grains.Grains.TransactionGrain.OnDeactivateAsync(DeactivationReason reason, CancellationToken cancellationToken) in C:\tmp\Orleans.Streaming.Grains\src\Orleans.Streaming.Grains\Grains\TransactionGrain.cs:line 53
   at Orleans.Runtime.ActivationData.FinishDeactivating(ActivationState previousState, CancellationToken cancellationToken) in /_/src/Orleans.Runtime/Catalog/ActivationData.cs:line 1704
[17:28:10 ERR] Error thrown from OnDeactivateAsync for activation '[Activation: S127.0.0.1:27159:124421277/transaction/blobmessage-2@5560dfc1b9e94170b04657b878ef8d3b#GrainType=Orleans.Streaming.Grains.Grains.TransactionGrain,Orleans.Streaming.Grains Placement=ResourceOptimizedPlacement State=Deactivating]'
Orleans.Runtime.OrleansMessageRejectionException: Forwarding failed: tried to forward message Request [S127.0.0.1:27159:124421277 transaction/blobmessage-2]->[S127.0.0.1:27159:124421277 memorystorage/9] Orleans.Storage.IMemoryStorageGrain.WriteStateAsync<T>(System.String, Orleans.IGrainState`1[System.ReadOnlyMemory`1[System.Byte]]) #3D551A52E217B42C[ForwardCount=2] for 2 times after "Unable to create local activation" to invalid activation. Rejecting now. 
   at System.Threading.Tasks.ValueTask`1.ValueTaskSourceAsTask.<>c.<.cctor>b__4_0(Object state)
--- End of stack trace from previous location ---
   at Orleans.Storage.MemoryGrainStorage.WriteStateAsync[T](String grainType, GrainId grainId, IGrainState`1 grainState) in /_/src/Orleans.Persistence.Memory/Storage/MemoryStorage.cs:line 102
   at Orleans.Core.StateStorageBridge`1.WriteStateAsync() in /_/src/Orleans.Runtime/Storage/StateStorageBridge.cs:line 106
   at Orleans.Core.StateStorageBridge`1.OnError(Exception exception, ErrorCode id, String operation) in /_/src/Orleans.Runtime/Storage/StateStorageBridge.cs:line 188
   at Orleans.Core.StateStorageBridge`1.WriteStateAsync() in /_/src/Orleans.Runtime/Storage/StateStorageBridge.cs:line 112
   at Orleans.Streaming.Grains.Grains.TransactionGrain.PersistAsync() in C:\tmp\Orleans.Streaming.Grains\src\Orleans.Streaming.Grains\Grains\TransactionGrain.cs:line 153
   at Orleans.Streaming.Grains.Grains.TransactionGrain.OnDeactivateAsync(DeactivationReason reason, CancellationToken cancellationToken) in C:\tmp\Orleans.Streaming.Grains\src\Orleans.Streaming.Grains\Grains\TransactionGrain.cs:line 53
   at Orleans.Runtime.ActivationData.FinishDeactivating(ActivationState previousState, CancellationToken cancellationToken) in /_/src/Orleans.Runtime/Catalog/ActivationData.cs:line 1704
[17:28:10 ERR] Error thrown from OnDeactivateAsync for activation '[Activation: S127.0.0.1:27159:124421277/transaction/popping-empty-9028c624-9c6d-4ebf-97e8-aa13301e435f@e63be30281b944888d2417f0ca6d1e6a#GrainType=Orleans.Streaming.Grains.Grains.TransactionGrain,Orleans.Streaming.Grains Placement=ResourceOptimizedPlacement State=Deactivating]'
Orleans.Runtime.OrleansMessageRejectionException: Forwarding failed: tried to forward message Request [S127.0.0.1:27159:124421277 transaction/popping-empty-9028c624-9c6d-4ebf-97e8-aa13301e435f]->[S127.0.0.1:27159:124421277 memorystorage/5] Orleans.Storage.IMemoryStorageGrain.WriteStateAsync<T>(System.String, Orleans.IGrainState`1[System.ReadOnlyMemory`1[System.Byte]]) #3D551A52E217B413[ForwardCount=2] for 2 times after "Unable to create local activation" to invalid activation. Rejecting now. 
   at System.Threading.Tasks.ValueTask`1.ValueTaskSourceAsTask.<>c.<.cctor>b__4_0(Object state)
--- End of stack trace from previous location ---
   at Orleans.Storage.MemoryGrainStorage.WriteStateAsync[T](String grainType, GrainId grainId, IGrainState`1 grainState) in /_/src/Orleans.Persistence.Memory/Storage/MemoryStorage.cs:line 102
   at Orleans.Core.StateStorageBridge`1.WriteStateAsync() in /_/src/Orleans.Runtime/Storage/StateStorageBridge.cs:line 106
   at Orleans.Core.StateStorageBridge`1.OnError(Exception exception, ErrorCode id, String operation) in /_/src/Orleans.Runtime/Storage/StateStorageBridge.cs:line 188
   at Orleans.Core.StateStorageBridge`1.WriteStateAsync() in /_/src/Orleans.Runtime/Storage/StateStorageBridge.cs:line 112
   at Orleans.Streaming.Grains.Grains.TransactionGrain.PersistAsync() in C:\tmp\Orleans.Streaming.Grains\src\Orleans.Streaming.Grains\Grains\TransactionGrain.cs:line 153
   at Orleans.Streaming.Grains.Grains.TransactionGrain.OnDeactivateAsync(DeactivationReason reason, CancellationToken cancellationToken) in C:\tmp\Orleans.Streaming.Grains\src\Orleans.Streaming.Grains\Grains\TransactionGrain.cs:line 53
   at Orleans.Runtime.ActivationData.FinishDeactivating(ActivationState previousState, CancellationToken cancellationToken) in /_/src/Orleans.Runtime/Catalog/ActivationData.cs:line 1704
[17:28:10 ERR] Error thrown from OnDeactivateAsync for activation '[Activation: S127.0.0.1:27159:124421277/transaction/popping-after-complete-poison-17dd0af2-4506-46bc-a087-11c4ee97442c@3568c69f2c994f24add3ff55cf920b98#GrainType=Orleans.Streaming.Grains.Grains.TransactionGrain,Orleans.Streaming.Grains Placement=ResourceOptimizedPlacement State=Deactivating]'
Orleans.Runtime.OrleansMessageRejectionException: Forwarding failed: tried to forward message Request [S127.0.0.1:27159:124421277 transaction/popping-after-complete-poison-17dd0af2-4506-46bc-a087-11c4ee97442c]->[S127.0.0.1:27159:124421277 memorystorage/0] Orleans.Storage.IMemoryStorageGrain.WriteStateAsync<T>(System.String, Orleans.IGrainState`1[System.ReadOnlyMemory`1[System.Byte]]) #3D551A52E217B414[ForwardCount=2] for 2 times after "Unable to create local activation" to invalid activation. Rejecting now. 
   at System.Threading.Tasks.ValueTask`1.ValueTaskSourceAsTask.<>c.<.cctor>b__4_0(Object state)
--- End of stack trace from previous location ---
   at Orleans.Storage.MemoryGrainStorage.WriteStateAsync[T](String grainType, GrainId grainId, IGrainState`1 grainState) in /_/src/Orleans.Persistence.Memory/Storage/MemoryStorage.cs:line 102
   at Orleans.Core.StateStorageBridge`1.WriteStateAsync() in /_/src/Orleans.Runtime/Storage/StateStorageBridge.cs:line 106
   at Orleans.Core.StateStorageBridge`1.OnError(Exception exception, ErrorCode id, String operation) in /_/src/Orleans.Runtime/Storage/StateStorageBridge.cs:line 188
   at Orleans.Core.StateStorageBridge`1.WriteStateAsync() in /_/src/Orleans.Runtime/Storage/StateStorageBridge.cs:line 112
   at Orleans.Streaming.Grains.Grains.TransactionGrain.PersistAsync() in C:\tmp\Orleans.Streaming.Grains\src\Orleans.Streaming.Grains\Grains\TransactionGrain.cs:line 153
   at Orleans.Streaming.Grains.Grains.TransactionGrain.OnDeactivateAsync(DeactivationReason reason, CancellationToken cancellationToken) in C:\tmp\Orleans.Streaming.Grains\src\Orleans.Streaming.Grains\Grains\TransactionGrain.cs:line 53
   at Orleans.Runtime.ActivationData.FinishDeactivating(ActivationState previousState, CancellationToken cancellationToken) in /_/src/Orleans.Runtime/Catalog/ActivationData.cs:line 1704
[17:28:10 ERR] Error thrown from OnDeactivateAsync for activation '[Activation: S127.0.0.1:27159:124421277/transaction/popping-after-complete-poison-6e593c34-538a-4cec-a9a3-6375d1ccd672@d8e2b1a8ff9949cd847d57d0ef7d5041#GrainType=Orleans.Streaming.Grains.Grains.TransactionGrain,Orleans.Streaming.Grains Placement=ResourceOptimizedPlacement State=Deactivating]'
Orleans.Runtime.OrleansMessageRejectionException: Forwarding failed: tried to forward message Request [S127.0.0.1:27159:124421277 transaction/popping-after-complete-poison-6e593c34-538a-4cec-a9a3-6375d1ccd672]->[S127.0.0.1:27159:124421277 memorystorage/2] Orleans.Storage.IMemoryStorageGrain.WriteStateAsync<T>(System.String, Orleans.IGrainState`1[System.ReadOnlyMemory`1[System.Byte]]) #3D551A52E217B40C[ForwardCount=2] for 2 times after "Unable to create local activation" to invalid activation. Rejecting now. 
   at System.Threading.Tasks.ValueTask`1.ValueTaskSourceAsTask.<>c.<.cctor>b__4_0(Object state)
--- End of stack trace from previous location ---
   at Orleans.Storage.MemoryGrainStorage.WriteStateAsync[T](String grainType, GrainId grainId, IGrainState`1 grainState) in /_/src/Orleans.Persistence.Memory/Storage/MemoryStorage.cs:line 102
   at Orleans.Core.StateStorageBridge`1.WriteStateAsync() in /_/src/Orleans.Runtime/Storage/StateStorageBridge.cs:line 106
   at Orleans.Core.StateStorageBridge`1.OnError(Exception exception, ErrorCode id, String operation) in /_/src/Orleans.Runtime/Storage/StateStorageBridge.cs:line 188
   at Orleans.Core.StateStorageBridge`1.WriteStateAsync() in /_/src/Orleans.Runtime/Storage/StateStorageBridge.cs:line 112
   at Orleans.Streaming.Grains.Grains.TransactionGrain.PersistAsync() in C:\tmp\Orleans.Streaming.Grains\src\Orleans.Streaming.Grains\Grains\TransactionGrain.cs:line 153
   at Orleans.Streaming.Grains.Grains.TransactionGrain.OnDeactivateAsync(DeactivationReason reason, CancellationToken cancellationToken) in C:\tmp\Orleans.Streaming.Grains\src\Orleans.Streaming.Grains\Grains\TransactionGrain.cs:line 53
   at Orleans.Runtime.ActivationData.FinishDeactivating(ActivationState previousState, CancellationToken cancellationToken) in /_/src/Orleans.Runtime/Catalog/ActivationData.cs:line 1704
[17:28:10 ERR] Error thrown from OnDeactivateAsync for activation '[Activation: S127.0.0.1:27159:124421277/transaction/popping-after-complete-bdb7d5ca-d29d-4c56-a7e1-8ab78f27e96a@1b22b006211f48ef912a52cf8a2883b0#GrainType=Orleans.Streaming.Grains.Grains.TransactionGrain,Orleans.Streaming.Grains Placement=ResourceOptimizedPlacement State=Deactivating]'
Orleans.Runtime.OrleansMessageRejectionException: Forwarding failed: tried to forward message Request [S127.0.0.1:27159:124421277 transaction/popping-after-complete-bdb7d5ca-d29d-4c56-a7e1-8ab78f27e96a]->[S127.0.0.1:27159:124421277 memorystorage/2] Orleans.Storage.IMemoryStorageGrain.WriteStateAsync<T>(System.String, Orleans.IGrainState`1[System.ReadOnlyMemory`1[System.Byte]]) #3D551A52E217B42B[ForwardCount=2] for 2 times after "Unable to create local activation" to invalid activation. Rejecting now. 
   at System.Threading.Tasks.ValueTask`1.ValueTaskSourceAsTask.<>c.<.cctor>b__4_0(Object state)
--- End of stack trace from previous location ---
   at Orleans.Storage.MemoryGrainStorage.WriteStateAsync[T](String grainType, GrainId grainId, IGrainState`1 grainState) in /_/src/Orleans.Persistence.Memory/Storage/MemoryStorage.cs:line 102
   at Orleans.Core.StateStorageBridge`1.WriteStateAsync() in /_/src/Orleans.Runtime/Storage/StateStorageBridge.cs:line 106
   at Orleans.Core.StateStorageBridge`1.OnError(Exception exception, ErrorCode id, String operation) in /_/src/Orleans.Runtime/Storage/StateStorageBridge.cs:line 188
   at Orleans.Core.StateStorageBridge`1.WriteStateAsync() in /_/src/Orleans.Runtime/Storage/StateStorageBridge.cs:line 112
   at Orleans.Streaming.Grains.Grains.TransactionGrain.PersistAsync() in C:\tmp\Orleans.Streaming.Grains\src\Orleans.Streaming.Grains\Grains\TransactionGrain.cs:line 153
   at Orleans.Streaming.Grains.Grains.TransactionGrain.OnDeactivateAsync(DeactivationReason reason, CancellationToken cancellationToken) in C:\tmp\Orleans.Streaming.Grains\src\Orleans.Streaming.Grains\Grains\TransactionGrain.cs:line 53
   at Orleans.Runtime.ActivationData.FinishDeactivating(ActivationState previousState, CancellationToken cancellationToken) in /_/src/Orleans.Runtime/Catalog/ActivationData.cs:line 1704
[17:28:10 ERR] Error thrown from OnDeactivateAsync for activation '[Activation: S127.0.0.1:27159:124421277/transaction/popping-single-c71a0b71-dc28-481e-88ee-2577af34734c@af1cb4d22ddf454282ca3b5663fe38af#GrainType=Orleans.Streaming.Grains.Grains.TransactionGrain,Orleans.Streaming.Grains Placement=ResourceOptimizedPlacement State=Deactivating]'
Orleans.Runtime.OrleansMessageRejectionException: Forwarding failed: tried to forward message Request [S127.0.0.1:27159:124421277 transaction/popping-single-c71a0b71-dc28-481e-88ee-2577af34734c]->[S127.0.0.1:27159:124421277 memorystorage/9] Orleans.Storage.IMemoryStorageGrain.WriteStateAsync<T>(System.String, Orleans.IGrainState`1[System.ReadOnlyMemory`1[System.Byte]]) #3D551A52E217B424[ForwardCount=2] for 2 times after "Unable to create local activation" to invalid activation. Rejecting now. 
   at System.Threading.Tasks.ValueTask`1.ValueTaskSourceAsTask.<>c.<.cctor>b__4_0(Object state)
--- End of stack trace from previous location ---
   at Orleans.Storage.MemoryGrainStorage.WriteStateAsync[T](String grainType, GrainId grainId, IGrainState`1 grainState) in /_/src/Orleans.Persistence.Memory/Storage/MemoryStorage.cs:line 102
   at Orleans.Core.StateStorageBridge`1.WriteStateAsync() in /_/src/Orleans.Runtime/Storage/StateStorageBridge.cs:line 106
   at Orleans.Core.StateStorageBridge`1.OnError(Exception exception, ErrorCode id, String operation) in /_/src/Orleans.Runtime/Storage/StateStorageBridge.cs:line 188
   at Orleans.Core.StateStorageBridge`1.WriteStateAsync() in /_/src/Orleans.Runtime/Storage/StateStorageBridge.cs:line 112
   at Orleans.Streaming.Grains.Grains.TransactionGrain.PersistAsync() in C:\tmp\Orleans.Streaming.Grains\src\Orleans.Streaming.Grains\Grains\TransactionGrain.cs:line 153
   at Orleans.Streaming.Grains.Grains.TransactionGrain.OnDeactivateAsync(DeactivationReason reason, CancellationToken cancellationToken) in C:\tmp\Orleans.Streaming.Grains\src\Orleans.Streaming.Grains\Grains\TransactionGrain.cs:line 53
   at Orleans.Runtime.ActivationData.FinishDeactivating(ActivationState previousState, CancellationToken cancellationToken) in /_/src/Orleans.Runtime/Catalog/ActivationData.cs:line 1704
[17:28:10 ERR] Error thrown from OnDeactivateAsync for activation '[Activation: S127.0.0.1:27159:124421277/transaction/popping-single-25d3b23b-ca9a-4300-89d4-052367f5363e@601bfdbba5a64bf6ac9f8827cd671396#GrainType=Orleans.Streaming.Grains.Grains.TransactionGrain,Orleans.Streaming.Grains Placement=ResourceOptimizedPlacement State=Deactivating]'
Orleans.Runtime.OrleansMessageRejectionException: Forwarding failed: tried to forward message Request [S127.0.0.1:27159:124421277 transaction/popping-single-25d3b23b-ca9a-4300-89d4-052367f5363e]->[S127.0.0.1:27159:124421277 memorystorage/6] Orleans.Storage.IMemoryStorageGrain.WriteStateAsync<T>(System.String, Orleans.IGrainState`1[System.ReadOnlyMemory`1[System.Byte]]) #3D551A52E217B43F[ForwardCount=2] for 2 times after "Unable to create local activation" to invalid activation. Rejecting now. 
   at System.Threading.Tasks.ValueTask`1.ValueTaskSourceAsTask.<>c.<.cctor>b__4_0(Object state)
--- End of stack trace from previous location ---
   at Orleans.Storage.MemoryGrainStorage.WriteStateAsync[T](String grainType, GrainId grainId, IGrainState`1 grainState) in /_/src/Orleans.Persistence.Memory/Storage/MemoryStorage.cs:line 102
   at Orleans.Core.StateStorageBridge`1.WriteStateAsync() in /_/src/Orleans.Runtime/Storage/StateStorageBridge.cs:line 106
   at Orleans.Core.StateStorageBridge`1.OnError(Exception exception, ErrorCode id, String operation) in /_/src/Orleans.Runtime/Storage/StateStorageBridge.cs:line 188
   at Orleans.Core.StateStorageBridge`1.WriteStateAsync() in /_/src/Orleans.Runtime/Storage/StateStorageBridge.cs:line 112
   at Orleans.Streaming.Grains.Grains.TransactionGrain.PersistAsync() in C:\tmp\Orleans.Streaming.Grains\src\Orleans.Streaming.Grains\Grains\TransactionGrain.cs:line 153
   at Orleans.Streaming.Grains.Grains.TransactionGrain.OnDeactivateAsync(DeactivationReason reason, CancellationToken cancellationToken) in C:\tmp\Orleans.Streaming.Grains\src\Orleans.Streaming.Grains\Grains\TransactionGrain.cs:line 53
   at Orleans.Runtime.ActivationData.FinishDeactivating(ActivationState previousState, CancellationToken cancellationToken) in /_/src/Orleans.Runtime/Catalog/ActivationData.cs:line 1704
[17:28:10 INF] Orleans Silo stopped.
[17:28:10 INF] Silo starting with GC settings: ServerGC=False GCLatencyMode=Interactive
[17:28:10 WRN] Note: Silo not running with ServerGC turned on - recommend checking app config : <configuration>-<runtime>-<gcServer enabled="true">
[17:28:10 WRN] Note: ServerGC only kicks in on multi-core systems (settings enabling ServerGC have no effect on single-core machines).
[17:28:10 INF] -------------- Initializing silo on host rebond-dsk MachineName REBOND-DSK at 127.0.0.1:26498, gen 124421290 --------------
[17:28:10 INF] Starting silo Silo_0
[17:28:10 INF] -------------- Started silo S127.0.0.1:26498:124421290, ConsistentHashCode CE49A3A8 --------------
[17:28:10 INF] Starting Orleans Silo.
[17:28:10 INF] Configuration Orleans.Configuration.ActivationCountBasedPlacementOptions:
ChooseOutOf: 2

[17:28:10 INF] Configuration Orleans.Configuration.ClusterMembershipOptions:
NumMissedTableIAmAliveLimit: 3
LivenessEnabled: True
ProbeTimeout: 00:00:05
TableRefreshTimeout: 00:01:00
DeathVoteExpirationTimeout: 00:02:00
IAmAliveTablePublishTimeout: 00:00:30
MaxJoinAttemptTime: 00:05:00
UseLivenessGossip: True
NumProbedSilos: 10
NumMissedProbesLimit: 3
NumVotesForDeathDeclaration: 2
DefunctSiloExpiration: 7.00:00:00
DefunctSiloCleanupPeriod: 01:00:00
LocalHealthDegradationMonitoringPeriod: 00:00:10
ExtendProbeTimeoutDuringDegradation: True
EnableIndirectProbes: True
EvictWhenMaxJoinAttemptTimeExceeded: True

[17:28:10 INF] Configuration Orleans.Configuration.ClusterOptions:
ClusterId: testcluster-2025-12-11t01-28-10-57
ServiceId: ce323df3e6de4bd29bb16a1bc19d5bc4

[17:28:10 INF] Configuration Orleans.Configuration.ConnectionOptions:
ProtocolVersion: Version1
ConnectionsPerEndpoint: 1
ConnectionRetryDelay: 00:00:01
OpenConnectionTimeout: 00:00:05

[17:28:10 INF] Configuration Orleans.Configuration.ConsistentRingOptions:
NumVirtualBucketsConsistentRing: 30
UseVirtualBucketsConsistentRing: True

[17:28:10 INF] Configuration Orleans.Configuration.EndpointOptions:
AdvertisedIPAddress: 127.0.0.1
SiloPort: 26498
GatewayPort: 42581
SiloListeningEndpoint: 
GatewayListeningEndpoint: 

[17:28:10 INF] Configuration Orleans.Configuration.GrainCollectionOptions:
CollectionQuantum: 00:01:00
CollectionAge: 00:15:00
ActivationTimeout: 00:00:30
DeactivationTimeout: 00:00:30
EnableActivationSheddingOnMemoryPressure: False
MemoryUsagePollingPeriod: 00:00:05
MemoryUsageLimitPercentage: 80
MemoryUsageTargetPercentage: 75

[17:28:10 INF] Configuration Orleans.Configuration.GrainDirectoryOptions:
CachingStrategy: LRU
CacheSize: 1000000
LazyDeregistrationDelay: 00:01:00

[17:28:10 INF] Configuration Orleans.Configuration.GrainVersioningOptions:
DefaultCompatibilityStrategy: BackwardCompatible
DefaultVersionSelectorStrategy: AllCompatibleVersions

[17:28:10 INF] Configuration Orleans.Configuration.LoadSheddingOptions:
LoadSheddingEnabled: False
CpuThreshold: 95
MemoryThreshold: 90

[17:28:10 INF] Configuration Orleans.Configuration.MemoryGrainStorageOptions-Default:
NumStorageGrains: 10
InitStage: 10000
GrainStorageSerializer: Orleans.Storage.JsonGrainStorageSerializer

[17:28:10 INF] Configuration Orleans.Configuration.MemoryGrainStorageOptions-PubSubStore:
NumStorageGrains: 10
InitStage: 10000
GrainStorageSerializer: Orleans.Storage.JsonGrainStorageSerializer

[17:28:10 INF] Configuration Orleans.Configuration.ResourceOptimizedPlacementOptions:
CpuUsageWeight: 40
MemoryUsageWeight: 20
AvailableMemoryWeight: 20
MaxAvailableMemoryWeight: 5
ActivationCountWeight: 15
LocalSiloPreferenceMargin: 5

[17:28:10 INF] Configuration Orleans.Configuration.SchedulingOptions:
DelayWarningThreshold: 00:00:10
ActivationSchedulingQuantum: 00:00:00.1000000
TurnWarningLengthThreshold: 00:00:01
MaxPendingWorkItemsSoftLimit: 0
StoppedActivationWarningInterval: 00:01:00

[17:28:10 INF] Configuration Orleans.Configuration.SiloMessagingOptions:
SiloSenderQueues: 0
GatewaySenderQueues: 0
MaxForwardCount: 2
ClientDropTimeout: 00:01:00
ClientRegistrationRefresh: 00:05:00
ClientGatewayShutdownNotificationTimeout: 00:00:00
MaxEnqueuedRequestsSoftLimit: 0
MaxEnqueuedRequestsHardLimit: 0
MaxEnqueuedRequestsSoftLimit_StatelessWorker: 0
MaxEnqueuedRequestsHardLimit_StatelessWorker: 0
MaxRequestProcessingTime: 02:00:00
AssumeHomogenousSilosForTesting: False
SystemResponseTimeout: 00:00:30
GrainWorkloadAnalysisPeriod: 00:00:05
RequestProcessingWarningTime: 00:00:20
RequestQueueDelayWarningTime: 00:00:20
WaitForMessageToBeQueuedForOutboundTime: 00:00:00
ResponseTimeout: 00:00:30
ResponseTimeoutWithDebugger: 00:30:00
DropExpiredMessages: True
MaxMessageHeaderSize: 10485760
MaxMessageBodySize: 104857600
CancelRequestOnTimeout: True
WaitForCancellationAcknowledgement: False

[17:28:10 INF] Configuration Orleans.Configuration.SiloOptions:
SiloName: Silo_0

[17:28:10 INF] Configuration Orleans.Configuration.StatelessWorkerOptions:
RemoveIdleWorkers: True
IdleWorkersInspectionPeriod: 00:00:00.5000000
MinIdleCyclesBeforeRemoval: 0

[17:28:10 INF] Configuration Orleans.Streaming.Grains.Streams.GrainsOptions-Default:
QueueCount: 3
FireAndForgetDelivery: False
RetryTimeout: 00:00:01

[17:28:10 INF] Silo Start()
[17:28:10 INF] MembershipOracle starting on host rebond-dsk with SiloAddress S127.0.0.1:26498:124421290 at 2025-12-11 01:28:10.561 GMT
[17:28:10 INF] Init grain services took 0 milliseconds to finish
[17:28:10 INF] Joining
[17:28:10 INF] -BecomeActive
[17:28:10 INF] -Finished BecomeActive.
[17:28:10 INF] Successfully created queue balancer of type Orleans.Streaming.Grains.Streams.GrainsQueueBalancer for stream provider Default
[17:28:10 INF] Created PersistentStreamPullingManager for Stream Provider Default.
[17:28:10 INF] Init.
[17:28:10 INF] Initialize: I am now responsible for 18 queues: [blobmessage-0, blobmessage-1, blobmessage-2, broadcastmessage-0, broadcastmessage-1, broadcastmessage-2, compoundmessage-0, compoundmessage-1, compoundmessage-2, explosivemessage-0, explosivemessage-1, explosivemessage-2, explosivenextmessage-0, explosivenextmessage-1, explosivenextmessage-2, simplemessage-0, simplemessage-1, simplemessage-2].
[17:28:10 INF] Starting agents for 18 queues: [blobmessage-0, blobmessage-1, blobmessage-2, broadcastmessage-0, broadcastmessage-1, broadcastmessage-2, compoundmessage-0, compoundmessage-1, compoundmessage-2, explosivemessage-0, explosivemessage-1, explosivemessage-2, explosivenextmessage-0, explosivenextmessage-1, explosivenextmessage-2, simplemessage-0, simplemessage-1, simplemessage-2].
[17:28:10 INF] Created PersistentStreamPullingAgent sys.svc.stream.agent/127.0.0.1:26498@124421290+Default_1_blobmessage-0-0x00000000 for Stream Provider Default on silo S127.0.0.1:26498:124421290 for Queue blobmessage-0-0x00000000.
[17:28:10 INF] Created PersistentStreamPullingAgent sys.svc.stream.agent/127.0.0.1:26498@124421290+Default_2_blobmessage-1-0x00000000 for Stream Provider Default on silo S127.0.0.1:26498:124421290 for Queue blobmessage-1-0x00000000.
[17:28:10 INF] Created PersistentStreamPullingAgent sys.svc.stream.agent/127.0.0.1:26498@124421290+Default_3_blobmessage-2-0x00000000 for Stream Provider Default on silo S127.0.0.1:26498:124421290 for Queue blobmessage-2-0x00000000.
[17:28:10 INF] Created PersistentStreamPullingAgent sys.svc.stream.agent/127.0.0.1:26498@124421290+Default_4_broadcastmessage-0-0x00000000 for Stream Provider Default on silo S127.0.0.1:26498:124421290 for Queue broadcastmessage-0-0x00000000.
[17:28:10 INF] Created PersistentStreamPullingAgent sys.svc.stream.agent/127.0.0.1:26498@124421290+Default_5_broadcastmessage-1-0x00000000 for Stream Provider Default on silo S127.0.0.1:26498:124421290 for Queue broadcastmessage-1-0x00000000.
[17:28:10 INF] Created PersistentStreamPullingAgent sys.svc.stream.agent/127.0.0.1:26498@124421290+Default_6_broadcastmessage-2-0x00000000 for Stream Provider Default on silo S127.0.0.1:26498:124421290 for Queue broadcastmessage-2-0x00000000.
[17:28:10 INF] Created PersistentStreamPullingAgent sys.svc.stream.agent/127.0.0.1:26498@124421290+Default_7_compoundmessage-0-0x00000000 for Stream Provider Default on silo S127.0.0.1:26498:124421290 for Queue compoundmessage-0-0x00000000.
[17:28:10 INF] Created PersistentStreamPullingAgent sys.svc.stream.agent/127.0.0.1:26498@124421290+Default_8_compoundmessage-1-0x00000000 for Stream Provider Default on silo S127.0.0.1:26498:124421290 for Queue compoundmessage-1-0x00000000.
[17:28:10 INF] Created PersistentStreamPullingAgent sys.svc.stream.agent/127.0.0.1:26498@124421290+Default_9_compoundmessage-2-0x00000000 for Stream Provider Default on silo S127.0.0.1:26498:124421290 for Queue compoundmessage-2-0x00000000.
[17:28:10 INF] Created PersistentStreamPullingAgent sys.svc.stream.agent/127.0.0.1:26498@124421290+Default_10_explosivemessage-0-0x00000000 for Stream Provider Default on silo S127.0.0.1:26498:124421290 for Queue explosivemessage-0-0x00000000.
[17:28:10 INF] Created PersistentStreamPullingAgent sys.svc.stream.agent/127.0.0.1:26498@124421290+Default_11_explosivemessage-1-0x00000000 for Stream Provider Default on silo S127.0.0.1:26498:124421290 for Queue explosivemessage-1-0x00000000.
[17:28:10 INF] Created PersistentStreamPullingAgent sys.svc.stream.agent/127.0.0.1:26498@124421290+Default_12_explosivemessage-2-0x00000000 for Stream Provider Default on silo S127.0.0.1:26498:124421290 for Queue explosivemessage-2-0x00000000.
[17:28:10 INF] Created PersistentStreamPullingAgent sys.svc.stream.agent/127.0.0.1:26498@124421290+Default_13_explosivenextmessage-0-0x00000000 for Stream Provider Default on silo S127.0.0.1:26498:124421290 for Queue explosivenextmessage-0-0x00000000.
[17:28:10 INF] Created PersistentStreamPullingAgent sys.svc.stream.agent/127.0.0.1:26498@124421290+Default_14_explosivenextmessage-1-0x00000000 for Stream Provider Default on silo S127.0.0.1:26498:124421290 for Queue explosivenextmessage-1-0x00000000.
[17:28:10 INF] Created PersistentStreamPullingAgent sys.svc.stream.agent/127.0.0.1:26498@124421290+Default_15_explosivenextmessage-2-0x00000000 for Stream Provider Default on silo S127.0.0.1:26498:124421290 for Queue explosivenextmessage-2-0x00000000.
[17:28:10 INF] Created PersistentStreamPullingAgent sys.svc.stream.agent/127.0.0.1:26498@124421290+Default_16_simplemessage-0-0x00000000 for Stream Provider Default on silo S127.0.0.1:26498:124421290 for Queue simplemessage-0-0x00000000.
[17:28:10 INF] Created PersistentStreamPullingAgent sys.svc.stream.agent/127.0.0.1:26498@124421290+Default_17_simplemessage-1-0x00000000 for Stream Provider Default on silo S127.0.0.1:26498:124421290 for Queue simplemessage-1-0x00000000.
[17:28:10 INF] Created PersistentStreamPullingAgent sys.svc.stream.agent/127.0.0.1:26498@124421290+Default_18_simplemessage-2-0x00000000 for Stream Provider Default on silo S127.0.0.1:26498:124421290 for Queue simplemessage-2-0x00000000.
[17:28:10 INF] Init of PersistentStreamPullingAgent sys.svc.stream.agent/127.0.0.1:26498@124421290+Default_18_simplemessage-2-0x00000000 on silo S127.0.0.1:26498:124421290 for queue simplemessage-2-0x00000000.
[17:28:10 INF] Init of PersistentStreamPullingAgent sys.svc.stream.agent/127.0.0.1:26498@124421290+Default_1_blobmessage-0-0x00000000 on silo S127.0.0.1:26498:124421290 for queue blobmessage-0-0x00000000.
[17:28:10 INF] Taking queue simplemessage-2-0x00000000 under my responsibility.
[17:28:10 INF] Taking queue blobmessage-0-0x00000000 under my responsibility.
[17:28:10 INF] Init of PersistentStreamPullingAgent sys.svc.stream.agent/127.0.0.1:26498@124421290+Default_17_simplemessage-1-0x00000000 on silo S127.0.0.1:26498:124421290 for queue simplemessage-1-0x00000000.
[17:28:10 INF] Init of PersistentStreamPullingAgent sys.svc.stream.agent/127.0.0.1:26498@124421290+Default_2_blobmessage-1-0x00000000 on silo S127.0.0.1:26498:124421290 for queue blobmessage-1-0x00000000.
[17:28:10 INF] Taking queue simplemessage-1-0x00000000 under my responsibility.
[17:28:10 INF] Taking queue blobmessage-1-0x00000000 under my responsibility.
[17:28:10 INF] Init of PersistentStreamPullingAgent sys.svc.stream.agent/127.0.0.1:26498@124421290+Default_4_broadcastmessage-0-0x00000000 on silo S127.0.0.1:26498:124421290 for queue broadcastmessage-0-0x00000000.
[17:28:10 INF] Init of PersistentStreamPullingAgent sys.svc.stream.agent/127.0.0.1:26498@124421290+Default_16_simplemessage-0-0x00000000 on silo S127.0.0.1:26498:124421290 for queue simplemessage-0-0x00000000.
[17:28:10 INF] Taking queue broadcastmessage-0-0x00000000 under my responsibility.
[17:28:10 INF] Init of PersistentStreamPullingAgent sys.svc.stream.agent/127.0.0.1:26498@124421290+Default_6_broadcastmessage-2-0x00000000 on silo S127.0.0.1:26498:124421290 for queue broadcastmessage-2-0x00000000.
[17:28:10 INF] Taking queue simplemessage-0-0x00000000 under my responsibility.
[17:28:10 INF] Init of PersistentStreamPullingAgent sys.svc.stream.agent/127.0.0.1:26498@124421290+Default_7_compoundmessage-0-0x00000000 on silo S127.0.0.1:26498:124421290 for queue compoundmessage-0-0x00000000.
[17:28:10 INF] Init of PersistentStreamPullingAgent sys.svc.stream.agent/127.0.0.1:26498@124421290+Default_5_broadcastmessage-1-0x00000000 on silo S127.0.0.1:26498:124421290 for queue broadcastmessage-1-0x00000000.
[17:28:10 INF] Init of PersistentStreamPullingAgent sys.svc.stream.agent/127.0.0.1:26498@124421290+Default_3_blobmessage-2-0x00000000 on silo S127.0.0.1:26498:124421290 for queue blobmessage-2-0x00000000.
[17:28:10 INF] Init of PersistentStreamPullingAgent sys.svc.stream.agent/127.0.0.1:26498@124421290+Default_8_compoundmessage-1-0x00000000 on silo S127.0.0.1:26498:124421290 for queue compoundmessage-1-0x00000000.
[17:28:10 INF] Init of PersistentStreamPullingAgent sys.svc.stream.agent/127.0.0.1:26498@124421290+Default_15_explosivenextmessage-2-0x00000000 on silo S127.0.0.1:26498:124421290 for queue explosivenextmessage-2-0x00000000.
[17:28:10 INF] Init of PersistentStreamPullingAgent sys.svc.stream.agent/127.0.0.1:26498@124421290+Default_9_compoundmessage-2-0x00000000 on silo S127.0.0.1:26498:124421290 for queue compoundmessage-2-0x00000000.
[17:28:10 INF] Taking queue broadcastmessage-2-0x00000000 under my responsibility.
[17:28:10 INF] Taking queue blobmessage-2-0x00000000 under my responsibility.
[17:28:10 INF] Init of PersistentStreamPullingAgent sys.svc.stream.agent/127.0.0.1:26498@124421290+Default_10_explosivemessage-0-0x00000000 on silo S127.0.0.1:26498:124421290 for queue explosivemessage-0-0x00000000.
[17:28:10 INF] Taking queue explosivenextmessage-2-0x00000000 under my responsibility.
[17:28:10 INF] Init of PersistentStreamPullingAgent sys.svc.stream.agent/127.0.0.1:26498@124421290+Default_12_explosivemessage-2-0x00000000 on silo S127.0.0.1:26498:124421290 for queue explosivemessage-2-0x00000000.
[17:28:10 INF] Taking queue explosivemessage-0-0x00000000 under my responsibility.
[17:28:10 INF] Init of PersistentStreamPullingAgent sys.svc.stream.agent/127.0.0.1:26498@124421290+Default_11_explosivemessage-1-0x00000000 on silo S127.0.0.1:26498:124421290 for queue explosivemessage-1-0x00000000.
[17:28:10 INF] Init of PersistentStreamPullingAgent sys.svc.stream.agent/127.0.0.1:26498@124421290+Default_13_explosivenextmessage-0-0x00000000 on silo S127.0.0.1:26498:124421290 for queue explosivenextmessage-0-0x00000000.
[17:28:10 INF] Taking queue compoundmessage-1-0x00000000 under my responsibility.
[17:28:10 INF] Taking queue broadcastmessage-1-0x00000000 under my responsibility.
[17:28:10 INF] Taking queue compoundmessage-0-0x00000000 under my responsibility.
[17:28:10 INF] Taking queue explosivemessage-1-0x00000000 under my responsibility.
[17:28:10 INF] Init of PersistentStreamPullingAgent sys.svc.stream.agent/127.0.0.1:26498@124421290+Default_14_explosivenextmessage-1-0x00000000 on silo S127.0.0.1:26498:124421290 for queue explosivenextmessage-1-0x00000000.
[17:28:10 INF] Taking queue explosivemessage-2-0x00000000 under my responsibility.
[17:28:10 INF] Taking queue compoundmessage-2-0x00000000 under my responsibility.
[17:28:10 INF] Taking queue explosivenextmessage-0-0x00000000 under my responsibility.
[17:28:10 INF] Taking queue explosivenextmessage-1-0x00000000 under my responsibility.
[17:28:10 INF] Added 18 new queues: [blobmessage-0, blobmessage-1, blobmessage-2, broadcastmessage-0, broadcastmessage-1, broadcastmessage-2, compoundmessage-0, compoundmessage-1, compoundmessage-2, explosivemessage-0, explosivemessage-1, explosivemessage-2, explosivenextmessage-0, explosivenextmessage-1, explosivenextmessage-2, simplemessage-0, simplemessage-1, simplemessage-2]. Now own total of 18 queues: [blobmessage-0, blobmessage-1, blobmessage-2, broadcastmessage-0, broadcastmessage-1, broadcastmessage-2, compoundmessage-0, compoundmessage-1, compoundmessage-2, explosivemessage-0, explosivemessage-1, explosivemessage-2, explosivenextmessage-0, explosivenextmessage-1, explosivenextmessage-2, simplemessage-0, simplemessage-1, simplemessage-2].
[17:28:10 INF] Started agents.
[17:28:10 INF] Orleans Silo started.
[17:28:10 INF] Application started. Press Ctrl+C to shut down.
[17:28:10 INF] Hosting environment: Development
[17:28:10 INF] Content root path: C:\tmp\Orleans.Streaming.Grains\src\Orleans.Streaming.Grains.Tests\bin\Debug\net10.0\
[17:28:10 INF] Recorded opened connection from endpoint 127.0.0.1:26371, client ID sys.client/758027e20dd94d1ca062ec22e1484b91.
[+42/x0/?0] Orleans.Streaming.Grains.Tests.dll (net10.0|x64) - Orleans.Streaming.Grains.Tests.Streams.Scenarios.When_Sending_Blob_Message_One_To_One.It_Should_Deliver (15s)

[+44/x0/?0] Orleans.Streaming.Grains.Tests.dll (net10.0|x64) - Orleans.Streaming.Grains.Tests.Streams.Scenarios.When_Sending_Blob_Message_One_To_One.It_Should_Fast (18s)

[+46/x0/?0] Orleans.Streaming.Grains.Tests.dll (net10.0|x64) - Orleans.Streaming.Grains.Tests.Streams.Scenarios.When_Sending_Broadcast_Message_One_To_Many.It_Should_Deliver_Expected_Text (21s)

[+48/x0/?0] Orleans.Streaming.Grains.Tests.dll (net10.0|x64) - Orleans.Streaming.Grains.Tests.Streams.Scenarios.When_Sending_Broadcast_Message_One_To_Many.It_Should_Deliver_Expected_Data (24s)

[+50/x0/?0] Orleans.Streaming.Grains.Tests.dll (net10.0|x64) - Orleans.Streaming.Grains.Tests.Streams.Scenarios.When_Sending_Broadcast_Message_One_To_Many.It_Should_Empty_Transactions (27s)

skipped Orleans.Streaming.Grains.Tests.Streams.Scenarios.When_Sending_Broadcast_Message_One_To_Many.It_Should_Empty_Poison (0ms)
  Poison assertions are unreliable when running with shared cluster fixture
[+52/x0/?1] Orleans.Streaming.Grains.Tests.dll (net10.0|x64) - Orleans.Streaming.Grains.Tests.Streams.Scenarios.When_Sending_Explosive_Message_One_To_Many.It_Should_Deliver_Expected_Text (30s)

[+53/x0/?1] Orleans.Streaming.Grains.Tests.dll (net10.0|x64) - Orleans.Streaming.Grains.Tests.Streams.Scenarios.When_Sending_Explosive_Message_One_To_Many.It_Should_Empty_Queue (33s)

[+54/x0/?1] Orleans.Streaming.Grains.Tests.dll (net10.0|x64) - Orleans.Streaming.Grains.Tests.Streams.Scenarios.When_Sending_Explosive_Message_One_To_Many.It_Should_Deliver_Text (36s)

skipped Orleans.Streaming.Grains.Tests.Streams.Scenarios.When_Sending_Explosive_Message_One_To_Many.It_Should_Empty_Poison (0ms)
  Poison assertions are unreliable when running with shared cluster fixture
[+55/x0/?2] Orleans.Streaming.Grains.Tests.dll (net10.0|x64) - Orleans.Streaming.Grains.Tests.Streams.Scenarios.When_Sending_Explosive_Message_One_To_Many.It_Should_Deliver_Expected_Data (39s)

[+56/x0/?2] Orleans.Streaming.Grains.Tests.dll (net10.0|x64) - Orleans.Streaming.Grains.Tests.Streams.Scenarios.When_Sending_Explosive_Message_One_To_Many.It_Should_Empty_Transactions (42s)

[+56/x0/?2] Orleans.Streaming.Grains.Tests.dll (net10.0|x64) - Orleans.Streaming.Grains.Tests.Streams.Scenarios.When_Sending_Explosive_Message_One_To_Many.It_Should_Empty_Transactions (45s)

[17:28:41 WRN] Failed to deliver message to consumer on 3f8787ce-927f-7eb6-0b00-0000c424e1a7 for stream Default/BlobMessage/9d0c97ec80ad43ffb99e695bab08c8a8, may retry.
System.Exception: Exception of type 'System.Exception' was thrown.
   at Moq.Behaviors.ThrowException.Execute(Invocation invocation) in /_/src/Moq/Behaviors/ThrowException.cs:line 22
   at Moq.Setup.Execute(Invocation invocation) in /_/src/Moq/Setup.cs:line 84
   at Moq.CastleProxyFactory.Interceptor.Intercept(IInvocation underlying) in /_/src/Moq/Interception/CastleProxyFactory.cs:line 107
   at Castle.DynamicProxy.AbstractInvocation.Proceed()
   at Orleans.Streaming.Grains.Tests.Streams.Grains.BlobReceiverGrain.OnBroadcastAsync(BroadcastMessage message, StreamSequenceToken token) in C:\tmp\Orleans.Streaming.Grains\src\Orleans.Streaming.Grains.Tests.Shared\Streams\Grains\BlobReceiverGrain.cs:line 82
   at Orleans.Streams.StreamSubscriptionHandleImpl`1.DeliverBatch(IBatchContainer batch, StreamHandshakeToken handshakeToken)
   at Orleans.Streams.StreamConsumerExtension.DeliverBatch(GuidId subscriptionId, QualifiedStreamId streamId, IBatchContainer batch, StreamHandshakeToken handshakeToken) in /_/src/Orleans.Streaming/Internal/StreamConsumerExtension.cs:line 127
   at Orleans.Runtime.TaskRequest`1.Invoke() in /_/src/Orleans.Core.Abstractions/Runtime/GrainReference.cs:line 709
--- End of stack trace from previous location ---
   at Orleans.Serialization.Invocation.ResponseCompletionSource`1.GetResult(Int16 token) in /_/src/Orleans.Serialization/Invocation/ResponseCompletionSource.cs:line 227
   at System.Threading.Tasks.ValueTask`1.ValueTaskSourceAsTask.<>c.<.cctor>b__4_0(Object state)
--- End of stack trace from previous location ---
   at Orleans.Streams.PersistentStreamPullingAgent.DeliverBatchToConsumer(StreamConsumerData consumerData, IBatchContainer batch) in /_/src/Orleans.Streaming/PersistentStreams/PersistentStreamPullingAgent.cs:line 653
[17:28:41 WRN] Failed to deliver message to consumer on 1544bf5b-3651-08cd-0d00-0000c424e1a7 for stream Default/SimpleMessage/00a5382798534182ab5f6c1826da210d, may retry.
System.Exception: Exception of type 'System.Exception' was thrown.
   at Moq.Behaviors.ThrowException.Execute(Invocation invocation) in /_/src/Moq/Behaviors/ThrowException.cs:line 22
   at Moq.Setup.Execute(Invocation invocation) in /_/src/Moq/Setup.cs:line 84
   at Moq.CastleProxyFactory.Interceptor.Intercept(IInvocation underlying) in /_/src/Moq/Interception/CastleProxyFactory.cs:line 107
   at Castle.DynamicProxy.AbstractInvocation.Proceed()
   at Orleans.Streaming.Grains.Tests.Streams.Grains.SimpleReceiverGrain.OnNextAsync(SimpleMessage message, StreamSequenceToken token) in C:\tmp\Orleans.Streaming.Grains\src\Orleans.Streaming.Grains.Tests.Shared\Streams\Grains\SimpleReceiverGrain.cs:line 58
   at Orleans.Streams.StreamSubscriptionHandleImpl`1.DeliverBatch(IBatchContainer batch, StreamHandshakeToken handshakeToken)
   at Orleans.Streams.StreamConsumerExtension.DeliverBatch(GuidId subscriptionId, QualifiedStreamId streamId, IBatchContainer batch, StreamHandshakeToken handshakeToken) in /_/src/Orleans.Streaming/Internal/StreamConsumerExtension.cs:line 127
   at Orleans.Runtime.TaskRequest`1.Invoke() in /_/src/Orleans.Core.Abstractions/Runtime/GrainReference.cs:line 709
--- End of stack trace from previous location ---
   at Orleans.Serialization.Invocation.ResponseCompletionSource`1.GetResult(Int16 token) in /_/src/Orleans.Serialization/Invocation/ResponseCompletionSource.cs:line 227
   at System.Threading.Tasks.ValueTask`1.ValueTaskSourceAsTask.<>c.<.cctor>b__4_0(Object state)
[17:28:41 WRN] Failed to deliver message to consumer on 1544bf5b-bf62-689d-0d00-0000c424e1a7 for stream Default/SimpleMessage/62026ce9484142078dfa7b1b9ea5e6fc, may retry.
System.Exception: Exception of type 'System.Exception' was thrown.
   at Moq.Behaviors.ThrowException.Execute(Invocation invocation) in /_/src/Moq/Behaviors/ThrowException.cs:line 22
   at Moq.Setup.Execute(Invocation invocation) in /_/src/Moq/Setup.cs:line 84
   at Moq.CastleProxyFactory.Interceptor.Intercept(IInvocation underlying) in /_/src/Moq/Interception/CastleProxyFactory.cs:line 107
   at Castle.DynamicProxy.AbstractInvocation.Proceed()
   at Orleans.Streaming.Grains.Tests.Streams.Grains.SimpleReceiverGrain.OnNextAsync(SimpleMessage message, StreamSequenceToken token) in C:\tmp\Orleans.Streaming.Grains\src\Orleans.Streaming.Grains.Tests.Shared\Streams\Grains\SimpleReceiverGrain.cs:line 58
   at Orleans.Streams.StreamSubscriptionHandleImpl`1.DeliverBatch(IBatchContainer batch, StreamHandshakeToken handshakeToken)
   at Orleans.Streams.StreamConsumerExtension.DeliverBatch(GuidId subscriptionId, QualifiedStreamId streamId, IBatchContainer batch, StreamHandshakeToken handshakeToken) in /_/src/Orleans.Streaming/Internal/StreamConsumerExtension.cs:line 127
   at Orleans.Runtime.TaskRequest`1.Invoke() in /_/src/Orleans.Core.Abstractions/Runtime/GrainReference.cs:line 709
--- End of stack trace from previous location ---
   at Orleans.Serialization.Invocation.ResponseCompletionSource`1.GetResult(Int16 token) in /_/src/Orleans.Serialization/Invocation/ResponseCompletionSource.cs:line 227
   at System.Threading.Tasks.ValueTask`1.ValueTaskSourceAsTask.<>c.<.cctor>b__4_0(Object state)
--- End of stack trace from previous location ---
   at Orleans.Streams.PersistentStreamPullingAgent.DeliverBatchToConsumer(StreamConsumerData consumerData, IBatchContainer batch) in /_/src/Orleans.Streaming/PersistentStreams/PersistentStreamPullingAgent.cs:line 653
[17:28:41 WRN] Failed to deliver message to consumer on 3f8787ce-e6a6-774f-0b00-0000c424e1a7 for stream Default/BlobMessage/dfb27d29a5b7439e8b84b0be3c4f1ef3, may retry.
System.Exception: Exception of type 'System.Exception' was thrown.
   at Moq.Behaviors.ThrowException.Execute(Invocation invocation) in /_/src/Moq/Behaviors/ThrowException.cs:line 22
   at Moq.Setup.Execute(Invocation invocation) in /_/src/Moq/Setup.cs:line 84
   at Moq.CastleProxyFactory.Interceptor.Intercept(IInvocation underlying) in /_/src/Moq/Interception/CastleProxyFactory.cs:line 107
   at Castle.DynamicProxy.AbstractInvocation.Proceed()
   at Orleans.Streaming.Grains.Tests.Streams.Grains.BlobReceiverGrain.OnBroadcastAsync(BroadcastMessage message, StreamSequenceToken token) in C:\tmp\Orleans.Streaming.Grains\src\Orleans.Streaming.Grains.Tests.Shared\Streams\Grains\BlobReceiverGrain.cs:line 82
   at Orleans.Streams.StreamSubscriptionHandleImpl`1.DeliverBatch(IBatchContainer batch, StreamHandshakeToken handshakeToken)
   at Orleans.Streams.StreamConsumerExtension.DeliverBatch(GuidId subscriptionId, QualifiedStreamId streamId, IBatchContainer batch, StreamHandshakeToken handshakeToken) in /_/src/Orleans.Streaming/Internal/StreamConsumerExtension.cs:line 127
   at Orleans.Runtime.TaskRequest`1.Invoke() in /_/src/Orleans.Core.Abstractions/Runtime/GrainReference.cs:line 709
--- End of stack trace from previous location ---
   at Orleans.Serialization.Invocation.ResponseCompletionSource`1.GetResult(Int16 token) in /_/src/Orleans.Serialization/Invocation/ResponseCompletionSource.cs:line 227
   at System.Threading.Tasks.ValueTask`1.ValueTaskSourceAsTask.<>c.<.cctor>b__4_0(Object state)
--- End of stack trace from previous location ---
   at Orleans.Streams.PersistentStreamPullingAgent.DeliverBatchToConsumer(StreamConsumerData consumerData, IBatchContainer batch) in /_/src/Orleans.Streaming/PersistentStreams/PersistentStreamPullingAgent.cs:line 653
   at Orleans.Internal.AsyncExecutorWithRetries.ExecuteWithRetriesHelper[T](Func`2 function, Int32 maxNumSuccessTries, Int32 maxNumErrorTries, TimeSpan maxExecutionTime, DateTime startExecutionTime, Func`3 retryValueFilter, Func`3 retryExceptionFilter, IBackoffProvider onSuccessBackOff, IBackoffProvider onErrorBackOff, CancellationToken cancellationToken)
[17:28:41 WRN] Failed to deliver message to consumer on 3f8787ce-e133-f43d-1000-0000c424e1a7 for stream Default/BroadcastMessage/2608f94bfeab46328d7c981da7d70a2e, may retry.
System.Exception: Exception of type 'System.Exception' was thrown.
   at Moq.Behaviors.ThrowException.Execute(Invocation invocation) in /_/src/Moq/Behaviors/ThrowException.cs:line 22
   at Moq.Setup.Execute(Invocation invocation) in /_/src/Moq/Setup.cs:line 84
   at Moq.CastleProxyFactory.Interceptor.Intercept(IInvocation underlying) in /_/src/Moq/Interception/CastleProxyFactory.cs:line 107
   at Castle.DynamicProxy.AbstractInvocation.Proceed()
   at Orleans.Streaming.Grains.Tests.Streams.Grains.BlobReceiverGrain.OnBroadcastAsync(BroadcastMessage message, StreamSequenceToken token) in C:\tmp\Orleans.Streaming.Grains\src\Orleans.Streaming.Grains.Tests.Shared\Streams\Grains\BlobReceiverGrain.cs:line 82
   at Orleans.Streams.StreamSubscriptionHandleImpl`1.DeliverBatch(IBatchContainer batch, StreamHandshakeToken handshakeToken)
   at Orleans.Streams.StreamConsumerExtension.DeliverBatch(GuidId subscriptionId, QualifiedStreamId streamId, IBatchContainer batch, StreamHandshakeToken handshakeToken) in /_/src/Orleans.Streaming/Internal/StreamConsumerExtension.cs:line 127
   at Orleans.Runtime.TaskRequest`1.Invoke() in /_/src/Orleans.Core.Abstractions/Runtime/GrainReference.cs:line 709
--- End of stack trace from previous location ---
   at Orleans.Serialization.Invocation.ResponseCompletionSource`1.GetResult(Int16 token) in /_/src/Orleans.Serialization/Invocation/ResponseCompletionSource.cs:line 227
   at System.Threading.Tasks.ValueTask`1.ValueTaskSourceAsTask.<>c.<.cctor>b__4_0(Object state)
--- End of stack trace from previous location ---
   at Orleans.Streams.PersistentStreamPullingAgent.DeliverBatchToConsumer(StreamConsumerData consumerData, IBatchContainer batch) in /_/src/Orleans.Streaming/PersistentStreams/PersistentStreamPullingAgent.cs:line 653
   at Orleans.Internal.AsyncExecutorWithRetries.ExecuteWithRetriesHelper[T](Func`2 function, Int32 maxNumSuccessTries, Int32 maxNumErrorTries, TimeSpan maxExecutionTime, DateTime startExecutionTime, Func`3 retryValueFilter, Func`3 retryExceptionFilter, IBackoffProvider onSuccessBackOff, IBackoffProvider onErrorBackOff, CancellationToken cancellationToken)
[17:28:41 WRN] Failed to deliver message to consumer on 1544bf5b-e133-f43d-1000-0000c424e1a7 for stream Default/BroadcastMessage/2608f94bfeab46328d7c981da7d70a2e, may retry.
System.Exception: Exception of type 'System.Exception' was thrown.
   at Moq.Behaviors.ThrowException.Execute(Invocation invocation) in /_/src/Moq/Behaviors/ThrowException.cs:line 22
   at Moq.Setup.Execute(Invocation invocation) in /_/src/Moq/Setup.cs:line 84
   at Moq.CastleProxyFactory.Interceptor.Intercept(IInvocation underlying) in /_/src/Moq/Interception/CastleProxyFactory.cs:line 107
   at Castle.DynamicProxy.AbstractInvocation.Proceed()
   at Orleans.Streaming.Grains.Tests.Streams.Grains.SimpleReceiverGrain.OnBroadcastAsync(BroadcastMessage message, StreamSequenceToken token) in C:\tmp\Orleans.Streaming.Grains\src\Orleans.Streaming.Grains.Tests.Shared\Streams\Grains\SimpleReceiverGrain.cs:line 70
   at Orleans.Streams.StreamSubscriptionHandleImpl`1.DeliverBatch(IBatchContainer batch, StreamHandshakeToken handshakeToken)
   at Orleans.Streams.StreamConsumerExtension.DeliverBatch(GuidId subscriptionId, QualifiedStreamId streamId, IBatchContainer batch, StreamHandshakeToken handshakeToken) in /_/src/Orleans.Streaming/Internal/StreamConsumerExtension.cs:line 127
   at Orleans.Runtime.TaskRequest`1.Invoke() in /_/src/Orleans.Core.Abstractions/Runtime/GrainReference.cs:line 709
--- End of stack trace from previous location ---
   at Orleans.Serialization.Invocation.ResponseCompletionSource`1.GetResult(Int16 token) in /_/src/Orleans.Serialization/Invocation/ResponseCompletionSource.cs:line 227
   at System.Threading.Tasks.ValueTask`1.ValueTaskSourceAsTask.<>c.<.cctor>b__4_0(Object state)
--- End of stack trace from previous location ---
   at Orleans.Streams.PersistentStreamPullingAgent.DeliverBatchToConsumer(StreamConsumerData consumerData, IBatchContainer batch) in /_/src/Orleans.Streaming/PersistentStreams/PersistentStreamPullingAgent.cs:line 653
[17:28:41 WRN] Failed to deliver message to consumer on 1544bf5b-2257-6292-0d00-0000c424e1a7 for stream Default/SimpleMessage/7800a671914443609ec3d06e26bafb78, may retry.
System.Exception: Exception of type 'System.Exception' was thrown.
   at Moq.Behaviors.ThrowException.Execute(Invocation invocation) in /_/src/Moq/Behaviors/ThrowException.cs:line 22
   at Moq.Setup.Execute(Invocation invocation) in /_/src/Moq/Setup.cs:line 84
   at Moq.CastleProxyFactory.Interceptor.Intercept(IInvocation underlying) in /_/src/Moq/Interception/CastleProxyFactory.cs:line 107
   at Castle.DynamicProxy.AbstractInvocation.Proceed()
   at Orleans.Streaming.Grains.Tests.Streams.Grains.SimpleReceiverGrain.OnNextAsync(SimpleMessage message, StreamSequenceToken token) in C:\tmp\Orleans.Streaming.Grains\src\Orleans.Streaming.Grains.Tests.Shared\Streams\Grains\SimpleReceiverGrain.cs:line 58
   at Orleans.Streams.StreamSubscriptionHandleImpl`1.DeliverBatch(IBatchContainer batch, StreamHandshakeToken handshakeToken)
   at Orleans.Streams.StreamConsumerExtension.DeliverBatch(GuidId subscriptionId, QualifiedStreamId streamId, IBatchContainer batch, StreamHandshakeToken handshakeToken) in /_/src/Orleans.Streaming/Internal/StreamConsumerExtension.cs:line 127
   at Orleans.Runtime.TaskRequest`1.Invoke() in /_/src/Orleans.Core.Abstractions/Runtime/GrainReference.cs:line 709
--- End of stack trace from previous location ---
   at Orleans.Serialization.Invocation.ResponseCompletionSource`1.GetResult(Int16 token) in /_/src/Orleans.Serialization/Invocation/ResponseCompletionSource.cs:line 227
   at System.Threading.Tasks.ValueTask`1.ValueTaskSourceAsTask.<>c.<.cctor>b__4_0(Object state)
--- End of stack trace from previous location ---
   at Orleans.Streams.PersistentStreamPullingAgent.DeliverBatchToConsumer(StreamConsumerData consumerData, IBatchContainer batch) in /_/src/Orleans.Streaming/PersistentStreams/PersistentStreamPullingAgent.cs:line 653
[17:28:41 WRN] Failed to deliver message to consumer on 1544bf5b-150f-19da-0d00-0000c424e1a7 for stream Default/SimpleMessage/eb72923fb8664781be6433ff4166b720, may retry.
System.Exception: Exception of type 'System.Exception' was thrown.
   at Moq.Behaviors.ThrowException.Execute(Invocation invocation) in /_/src/Moq/Behaviors/ThrowException.cs:line 22
   at Moq.Setup.Execute(Invocation invocation) in /_/src/Moq/Setup.cs:line 84
   at Moq.CastleProxyFactory.Interceptor.Intercept(IInvocation underlying) in /_/src/Moq/Interception/CastleProxyFactory.cs:line 107
   at Castle.DynamicProxy.AbstractInvocation.Proceed()
   at Orleans.Streaming.Grains.Tests.Streams.Grains.SimpleReceiverGrain.OnNextAsync(SimpleMessage message, StreamSequenceToken token) in C:\tmp\Orleans.Streaming.Grains\src\Orleans.Streaming.Grains.Tests.Shared\Streams\Grains\SimpleReceiverGrain.cs:line 58
   at Orleans.Streams.StreamSubscriptionHandleImpl`1.DeliverBatch(IBatchContainer batch, StreamHandshakeToken handshakeToken)
   at Orleans.Streams.StreamConsumerExtension.DeliverBatch(GuidId subscriptionId, QualifiedStreamId streamId, IBatchContainer batch, StreamHandshakeToken handshakeToken) in /_/src/Orleans.Streaming/Internal/StreamConsumerExtension.cs:line 127
   at Orleans.Runtime.TaskRequest`1.Invoke() in /_/src/Orleans.Core.Abstractions/Runtime/GrainReference.cs:line 709
--- End of stack trace from previous location ---
   at Orleans.Serialization.Invocation.ResponseCompletionSource`1.GetResult(Int16 token) in /_/src/Orleans.Serialization/Invocation/ResponseCompletionSource.cs:line 227
   at System.Threading.Tasks.ValueTask`1.ValueTaskSourceAsTask.<>c.<.cctor>b__4_0(Object state)
--- End of stack trace from previous location ---
   at Orleans.Streams.PersistentStreamPullingAgent.DeliverBatchToConsumer(StreamConsumerData consumerData, IBatchContainer batch) in /_/src/Orleans.Streaming/PersistentStreams/PersistentStreamPullingAgent.cs:line 653
[17:28:41 WRN] Failed to deliver message to consumer on 3f8787ce-bab1-fe17-0b00-0000c424e1a7 for stream Default/BlobMessage/28c4e45a8efa44eb990d0bab1801a93a, may retry.
System.Exception: Exception of type 'System.Exception' was thrown.
   at Moq.Behaviors.ThrowException.Execute(Invocation invocation) in /_/src/Moq/Behaviors/ThrowException.cs:line 22
   at Moq.Setup.Execute(Invocation invocation) in /_/src/Moq/Setup.cs:line 84
   at Moq.CastleProxyFactory.Interceptor.Intercept(IInvocation underlying) in /_/src/Moq/Interception/CastleProxyFactory.cs:line 107
   at Castle.DynamicProxy.AbstractInvocation.Proceed()
   at Orleans.Streaming.Grains.Tests.Streams.Grains.BlobReceiverGrain.OnNextAsync(BlobMessage message, StreamSequenceToken token) in C:\tmp\Orleans.Streaming.Grains\src\Orleans.Streaming.Grains.Tests.Shared\Streams\Grains\BlobReceiverGrain.cs:line 70
   at Orleans.Streams.StreamSubscriptionHandleImpl`1.DeliverBatch(IBatchContainer batch, StreamHandshakeToken handshakeToken)
   at Orleans.Streams.StreamConsumerExtension.DeliverBatch(GuidId subscriptionId, QualifiedStreamId streamId, IBatchContainer batch, StreamHandshakeToken handshakeToken) in /_/src/Orleans.Streaming/Internal/StreamConsumerExtension.cs:line 127
   at Orleans.Runtime.TaskRequest`1.Invoke() in /_/src/Orleans.Core.Abstractions/Runtime/GrainReference.cs:line 709
--- End of stack trace from previous location ---
   at Orleans.Serialization.Invocation.ResponseCompletionSource`1.GetResult(Int16 token) in /_/src/Orleans.Serialization/Invocation/ResponseCompletionSource.cs:line 227
   at System.Threading.Tasks.ValueTask`1.ValueTaskSourceAsTask.<>c.<.cctor>b__4_0(Object state)
--- End of stack trace from previous location ---
   at Orleans.Streams.PersistentStreamPullingAgent.DeliverBatchToConsumer(StreamConsumerData consumerData, IBatchContainer batch) in /_/src/Orleans.Streaming/PersistentStreams/PersistentStreamPullingAgent.cs:line 653
[17:28:41 WRN] Failed to deliver message to consumer on 1544bf5b-1749-42c3-0d00-0000c424e1a7 for stream Default/SimpleMessage/4d29994ef4704f97a7a069f80ac30df1, may retry.
System.Exception: Exception of type 'System.Exception' was thrown.
   at Moq.Behaviors.ThrowException.Execute(Invocation invocation) in /_/src/Moq/Behaviors/ThrowException.cs:line 22
   at Moq.Setup.Execute(Invocation invocation) in /_/src/Moq/Setup.cs:line 84
   at Moq.CastleProxyFactory.Interceptor.Intercept(IInvocation underlying) in /_/src/Moq/Interception/CastleProxyFactory.cs:line 107
   at Castle.DynamicProxy.AbstractInvocation.Proceed()
   at Orleans.Streaming.Grains.Tests.Streams.Grains.SimpleReceiverGrain.OnNextAsync(SimpleMessage message, StreamSequenceToken token) in C:\tmp\Orleans.Streaming.Grains\src\Orleans.Streaming.Grains.Tests.Shared\Streams\Grains\SimpleReceiverGrain.cs:line 58
   at Orleans.Streams.StreamSubscriptionHandleImpl`1.DeliverBatch(IBatchContainer batch, StreamHandshakeToken handshakeToken)
   at Orleans.Streams.StreamConsumerExtension.DeliverBatch(GuidId subscriptionId, QualifiedStreamId streamId, IBatchContainer batch, StreamHandshakeToken handshakeToken) in /_/src/Orleans.Streaming/Internal/StreamConsumerExtension.cs:line 127
   at Orleans.Runtime.TaskRequest`1.Invoke() in /_/src/Orleans.Core.Abstractions/Runtime/GrainReference.cs:line 709
--- End of stack trace from previous location ---
   at Orleans.Serialization.Invocation.ResponseCompletionSource`1.GetResult(Int16 token) in /_/src/Orleans.Serialization/Invocation/ResponseCompletionSource.cs:line 227
   at System.Threading.Tasks.ValueTask`1.ValueTaskSourceAsTask.<>c.<.cctor>b__4_0(Object state)
--- End of stack trace from previous location ---
   at Orleans.Streams.PersistentStreamPullingAgent.DeliverBatchToConsumer(StreamConsumerData consumerData, IBatchContainer batch) in /_/src/Orleans.Streaming/PersistentStreams/PersistentStreamPullingAgent.cs:line 653
[17:28:42 WRN] Failed to deliver message to consumer on 3f8787ce-21e6-002e-0b00-0000c424e1a7 for stream Default/BlobMessage/9f1fe184038c486fa9bb5423ae9f01b1, may retry.
System.Exception: Exception of type 'System.Exception' was thrown.
   at Moq.Behaviors.ThrowException.Execute(Invocation invocation) in /_/src/Moq/Behaviors/ThrowException.cs:line 22
   at Moq.Setup.Execute(Invocation invocation) in /_/src/Moq/Setup.cs:line 84
   at Moq.CastleProxyFactory.Interceptor.Intercept(IInvocation underlying) in /_/src/Moq/Interception/CastleProxyFactory.cs:line 107
   at Castle.DynamicProxy.AbstractInvocation.Proceed()
   at Orleans.Streaming.Grains.Tests.Streams.Grains.BlobReceiverGrain.OnNextAsync(BlobMessage message, StreamSequenceToken token) in C:\tmp\Orleans.Streaming.Grains\src\Orleans.Streaming.Grains.Tests.Shared\Streams\Grains\BlobReceiverGrain.cs:line 70
   at Orleans.Streams.StreamSubscriptionHandleImpl`1.DeliverBatch(IBatchContainer batch, StreamHandshakeToken handshakeToken)
   at Orleans.Streams.StreamConsumerExtension.DeliverBatch(GuidId subscriptionId, QualifiedStreamId streamId, IBatchContainer batch, StreamHandshakeToken handshakeToken) in /_/src/Orleans.Streaming/Internal/StreamConsumerExtension.cs:line 127
   at Orleans.Runtime.TaskRequest`1.Invoke() in /_/src/Orleans.Core.Abstractions/Runtime/GrainReference.cs:line 709
--- End of stack trace from previous location ---
   at Orleans.Serialization.Invocation.ResponseCompletionSource`1.GetResult(Int16 token) in /_/src/Orleans.Serialization/Invocation/ResponseCompletionSource.cs:line 227
   at System.Threading.Tasks.ValueTask`1.ValueTaskSourceAsTask.<>c.<.cctor>b__4_0(Object state)
--- End of stack trace from previous location ---
   at Orleans.Streams.PersistentStreamPullingAgent.DeliverBatchToConsumer(StreamConsumerData consumerData, IBatchContainer batch) in /_/src/Orleans.Streaming/PersistentStreams/PersistentStreamPullingAgent.cs:line 653
[17:28:42 WRN] Failed to deliver message to consumer on 3f8787ce-1c79-646f-0b00-0000c424e1a7 for stream Default/BlobMessage/a5cb9b6a09fd4c6fae67616a49e1ccee, may retry.
System.Exception: Exception of type 'System.Exception' was thrown.
   at Moq.Behaviors.ThrowException.Execute(Invocation invocation) in /_/src/Moq/Behaviors/ThrowException.cs:line 22
   at Moq.Setup.Execute(Invocation invocation) in /_/src/Moq/Setup.cs:line 84
   at Moq.CastleProxyFactory.Interceptor.Intercept(IInvocation underlying) in /_/src/Moq/Interception/CastleProxyFactory.cs:line 107
   at Castle.DynamicProxy.AbstractInvocation.Proceed()
   at Orleans.Streaming.Grains.Tests.Streams.Grains.BlobReceiverGrain.OnNextAsync(BlobMessage message, StreamSequenceToken token) in C:\tmp\Orleans.Streaming.Grains\src\Orleans.Streaming.Grains.Tests.Shared\Streams\Grains\BlobReceiverGrain.cs:line 70
   at Orleans.Streams.StreamSubscriptionHandleImpl`1.DeliverBatch(IBatchContainer batch, StreamHandshakeToken handshakeToken)
   at Orleans.Streams.StreamConsumerExtension.DeliverBatch(GuidId subscriptionId, QualifiedStreamId streamId, IBatchContainer batch, StreamHandshakeToken handshakeToken) in /_/src/Orleans.Streaming/Internal/StreamConsumerExtension.cs:line 127
   at Orleans.Runtime.TaskRequest`1.Invoke() in /_/src/Orleans.Core.Abstractions/Runtime/GrainReference.cs:line 709
--- End of stack trace from previous location ---
   at Orleans.Serialization.Invocation.ResponseCompletionSource`1.GetResult(Int16 token) in /_/src/Orleans.Serialization/Invocation/ResponseCompletionSource.cs:line 227
   at System.Threading.Tasks.ValueTask`1.ValueTaskSourceAsTask.<>c.<.cctor>b__4_0(Object state)
--- End of stack trace from previous location ---
   at Orleans.Streams.PersistentStreamPullingAgent.DeliverBatchToConsumer(StreamConsumerData consumerData, IBatchContainer batch) in /_/src/Orleans.Streaming/PersistentStreams/PersistentStreamPullingAgent.cs:line 653
[17:28:42 WRN] Failed to deliver message to consumer on 3f8787ce-e6a6-774f-0b00-0000c424e1a7 for stream Default/BlobMessage/dfb27d29a5b7439e8b84b0be3c4f1ef3, may retry.
System.Exception: Exception of type 'System.Exception' was thrown.
   at Moq.Behaviors.ThrowException.Execute(Invocation invocation) in /_/src/Moq/Behaviors/ThrowException.cs:line 22
   at Moq.Setup.Execute(Invocation invocation) in /_/src/Moq/Setup.cs:line 84
   at Moq.CastleProxyFactory.Interceptor.Intercept(IInvocation underlying) in /_/src/Moq/Interception/CastleProxyFactory.cs:line 107
   at Castle.DynamicProxy.AbstractInvocation.Proceed()
   at Orleans.Streaming.Grains.Tests.Streams.Grains.BlobReceiverGrain.OnNextAsync(BlobMessage message, StreamSequenceToken token) in C:\tmp\Orleans.Streaming.Grains\src\Orleans.Streaming.Grains.Tests.Shared\Streams\Grains\BlobReceiverGrain.cs:line 70
   at Orleans.Streams.StreamSubscriptionHandleImpl`1.DeliverBatch(IBatchContainer batch, StreamHandshakeToken handshakeToken)
   at Orleans.Streams.StreamConsumerExtension.DeliverBatch(GuidId subscriptionId, QualifiedStreamId streamId, IBatchContainer batch, StreamHandshakeToken handshakeToken) in /_/src/Orleans.Streaming/Internal/StreamConsumerExtension.cs:line 127
   at Orleans.Runtime.TaskRequest`1.Invoke() in /_/src/Orleans.Core.Abstractions/Runtime/GrainReference.cs:line 709
--- End of stack trace from previous location ---
   at Orleans.Serialization.Invocation.ResponseCompletionSource`1.GetResult(Int16 token) in /_/src/Orleans.Serialization/Invocation/ResponseCompletionSource.cs:line 227
   at System.Threading.Tasks.ValueTask`1.ValueTaskSourceAsTask.<>c.<.cctor>b__4_0(Object state)
--- End of stack trace from previous location ---
   at Orleans.Streams.PersistentStreamPullingAgent.DeliverBatchToConsumer(StreamConsumerData consumerData, IBatchContainer batch) in /_/src/Orleans.Streaming/PersistentStreams/PersistentStreamPullingAgent.cs:line 653
[17:28:43 WRN] Failed to deliver message to consumer on 3f8787ce-bab1-fe17-0b00-0000c424e1a7 for stream Default/BlobMessage/28c4e45a8efa44eb990d0bab1801a93a, may retry.
System.Exception: Exception of type 'System.Exception' was thrown.
   at Moq.Behaviors.ThrowException.Execute(Invocation invocation) in /_/src/Moq/Behaviors/ThrowException.cs:line 22
   at Moq.Setup.Execute(Invocation invocation) in /_/src/Moq/Setup.cs:line 84
   at Moq.CastleProxyFactory.Interceptor.Intercept(IInvocation underlying) in /_/src/Moq/Interception/CastleProxyFactory.cs:line 107
   at Castle.DynamicProxy.AbstractInvocation.Proceed()
   at Orleans.Streaming.Grains.Tests.Streams.Grains.BlobReceiverGrain.OnNextAsync(BlobMessage message, StreamSequenceToken token) in C:\tmp\Orleans.Streaming.Grains\src\Orleans.Streaming.Grains.Tests.Shared\Streams\Grains\BlobReceiverGrain.cs:line 70
   at Orleans.Streams.StreamSubscriptionHandleImpl`1.DeliverBatch(IBatchContainer batch, StreamHandshakeToken handshakeToken)
   at Orleans.Streams.StreamConsumerExtension.DeliverBatch(GuidId subscriptionId, QualifiedStreamId streamId, IBatchContainer batch, StreamHandshakeToken handshakeToken) in /_/src/Orleans.Streaming/Internal/StreamConsumerExtension.cs:line 127
   at Orleans.Runtime.TaskRequest`1.Invoke() in /_/src/Orleans.Core.Abstractions/Runtime/GrainReference.cs:line 709
--- End of stack trace from previous location ---
   at Orleans.Serialization.Invocation.ResponseCompletionSource`1.GetResult(Int16 token) in /_/src/Orleans.Serialization/Invocation/ResponseCompletionSource.cs:line 227
   at System.Threading.Tasks.ValueTask`1.ValueTaskSourceAsTask.<>c.<.cctor>b__4_0(Object state)
--- End of stack trace from previous location ---
   at Orleans.Streams.PersistentStreamPullingAgent.DeliverBatchToConsumer(StreamConsumerData consumerData, IBatchContainer batch) in /_/src/Orleans.Streaming/PersistentStreams/PersistentStreamPullingAgent.cs:line 653
[17:28:43 WRN] Failed to deliver message to consumer on 1544bf5b-3651-08cd-0d00-0000c424e1a7 for stream Default/SimpleMessage/00a5382798534182ab5f6c1826da210d, may retry.
System.Exception: Exception of type 'System.Exception' was thrown.
   at Moq.Behaviors.ThrowException.Execute(Invocation invocation) in /_/src/Moq/Behaviors/ThrowException.cs:line 22
   at Moq.Setup.Execute(Invocation invocation) in /_/src/Moq/Setup.cs:line 84
   at Moq.CastleProxyFactory.Interceptor.Intercept(IInvocation underlying) in /_/src/Moq/Interception/CastleProxyFactory.cs:line 107
   at Castle.DynamicProxy.AbstractInvocation.Proceed()
   at Orleans.Streaming.Grains.Tests.Streams.Grains.SimpleReceiverGrain.OnNextAsync(SimpleMessage message, StreamSequenceToken token) in C:\tmp\Orleans.Streaming.Grains\src\Orleans.Streaming.Grains.Tests.Shared\Streams\Grains\SimpleReceiverGrain.cs:line 58
   at Orleans.Streams.StreamSubscriptionHandleImpl`1.DeliverBatch(IBatchContainer batch, StreamHandshakeToken handshakeToken)
   at Orleans.Streams.StreamConsumerExtension.DeliverBatch(GuidId subscriptionId, QualifiedStreamId streamId, IBatchContainer batch, StreamHandshakeToken handshakeToken) in /_/src/Orleans.Streaming/Internal/StreamConsumerExtension.cs:line 127
   at Orleans.Runtime.TaskRequest`1.Invoke() in /_/src/Orleans.Core.Abstractions/Runtime/GrainReference.cs:line 709
--- End of stack trace from previous location ---
   at Orleans.Serialization.Invocation.ResponseCompletionSource`1.GetResult(Int16 token) in /_/src/Orleans.Serialization/Invocation/ResponseCompletionSource.cs:line 227
   at System.Threading.Tasks.ValueTask`1.ValueTaskSourceAsTask.<>c.<.cctor>b__4_0(Object state)
--- End of stack trace from previous location ---
   at Orleans.Streams.PersistentStreamPullingAgent.DeliverBatchToConsumer(StreamConsumerData consumerData, IBatchContainer batch) in /_/src/Orleans.Streaming/PersistentStreams/PersistentStreamPullingAgent.cs:line 653
[17:28:43 WRN] Failed to deliver message to consumer on 1544bf5b-bf62-689d-0d00-0000c424e1a7 for stream Default/SimpleMessage/62026ce9484142078dfa7b1b9ea5e6fc, may retry.
System.Exception: Exception of type 'System.Exception' was thrown.
   at Moq.Behaviors.ThrowException.Execute(Invocation invocation) in /_/src/Moq/Behaviors/ThrowException.cs:line 22
   at Moq.Setup.Execute(Invocation invocation) in /_/src/Moq/Setup.cs:line 84
   at Moq.CastleProxyFactory.Interceptor.Intercept(IInvocation underlying) in /_/src/Moq/Interception/CastleProxyFactory.cs:line 107
   at Castle.DynamicProxy.AbstractInvocation.Proceed()
   at Orleans.Streaming.Grains.Tests.Streams.Grains.SimpleReceiverGrain.OnNextAsync(SimpleMessage message, StreamSequenceToken token) in C:\tmp\Orleans.Streaming.Grains\src\Orleans.Streaming.Grains.Tests.Shared\Streams\Grains\SimpleReceiverGrain.cs:line 58
   at Orleans.Streams.StreamSubscriptionHandleImpl`1.DeliverBatch(IBatchContainer batch, StreamHandshakeToken handshakeToken)
   at Orleans.Streams.StreamConsumerExtension.DeliverBatch(GuidId subscriptionId, QualifiedStreamId streamId, IBatchContainer batch, StreamHandshakeToken handshakeToken) in /_/src/Orleans.Streaming/Internal/StreamConsumerExtension.cs:line 127
   at Orleans.Runtime.TaskRequest`1.Invoke() in /_/src/Orleans.Core.Abstractions/Runtime/GrainReference.cs:line 709
--- End of stack trace from previous location ---
   at Orleans.Serialization.Invocation.ResponseCompletionSource`1.GetResult(Int16 token) in /_/src/Orleans.Serialization/Invocation/ResponseCompletionSource.cs:line 227
   at System.Threading.Tasks.ValueTask`1.ValueTaskSourceAsTask.<>c.<.cctor>b__4_0(Object state)
--- End of stack trace from previous location ---
   at Orleans.Streams.PersistentStreamPullingAgent.DeliverBatchToConsumer(StreamConsumerData consumerData, IBatchContainer batch) in /_/src/Orleans.Streaming/PersistentStreams/PersistentStreamPullingAgent.cs:line 653
[17:28:43 WRN] Failed to deliver message to consumer on 1544bf5b-e133-f43d-1000-0000c424e1a7 for stream Default/BroadcastMessage/2608f94bfeab46328d7c981da7d70a2e, may retry.
System.Exception: Exception of type 'System.Exception' was thrown.
   at Moq.Behaviors.ThrowException.Execute(Invocation invocation) in /_/src/Moq/Behaviors/ThrowException.cs:line 22
   at Moq.Setup.Execute(Invocation invocation) in /_/src/Moq/Setup.cs:line 84
   at Moq.CastleProxyFactory.Interceptor.Intercept(IInvocation underlying) in /_/src/Moq/Interception/CastleProxyFactory.cs:line 107
   at Castle.DynamicProxy.AbstractInvocation.Proceed()
   at Orleans.Streaming.Grains.Tests.Streams.Grains.SimpleReceiverGrain.OnBroadcastAsync(BroadcastMessage message, StreamSequenceToken token) in C:\tmp\Orleans.Streaming.Grains\src\Orleans.Streaming.Grains.Tests.Shared\Streams\Grains\SimpleReceiverGrain.cs:line 70
   at Orleans.Streams.StreamSubscriptionHandleImpl`1.DeliverBatch(IBatchContainer batch, StreamHandshakeToken handshakeToken)
   at Orleans.Streams.StreamConsumerExtension.DeliverBatch(GuidId subscriptionId, QualifiedStreamId streamId, IBatchContainer batch, StreamHandshakeToken handshakeToken) in /_/src/Orleans.Streaming/Internal/StreamConsumerExtension.cs:line 127
   at Orleans.Runtime.TaskRequest`1.Invoke() in /_/src/Orleans.Core.Abstractions/Runtime/GrainReference.cs:line 709
--- End of stack trace from previous location ---
   at Orleans.Serialization.Invocation.ResponseCompletionSource`1.GetResult(Int16 token) in /_/src/Orleans.Serialization/Invocation/ResponseCompletionSource.cs:line 227
   at System.Threading.Tasks.ValueTask`1.ValueTaskSourceAsTask.<>c.<.cctor>b__4_0(Object state)
--- End of stack trace from previous location ---
   at Orleans.Streams.PersistentStreamPullingAgent.DeliverBatchToConsumer(StreamConsumerData consumerData, IBatchContainer batch) in /_/src/Orleans.Streaming/PersistentStreams/PersistentStreamPullingAgent.cs:line 653
[17:28:43 WRN] Failed to deliver message to consumer on 1544bf5b-2257-6292-0d00-0000c424e1a7 for stream Default/SimpleMessage/7800a671914443609ec3d06e26bafb78, may retry.
System.Exception: Exception of type 'System.Exception' was thrown.
   at Moq.Behaviors.ThrowException.Execute(Invocation invocation) in /_/src/Moq/Behaviors/ThrowException.cs:line 22
   at Moq.Setup.Execute(Invocation invocation) in /_/src/Moq/Setup.cs:line 84
   at Moq.CastleProxyFactory.Interceptor.Intercept(IInvocation underlying) in /_/src/Moq/Interception/CastleProxyFactory.cs:line 107
   at Castle.DynamicProxy.AbstractInvocation.Proceed()
   at Orleans.Streaming.Grains.Tests.Streams.Grains.SimpleReceiverGrain.OnNextAsync(SimpleMessage message, StreamSequenceToken token) in C:\tmp\Orleans.Streaming.Grains\src\Orleans.Streaming.Grains.Tests.Shared\Streams\Grains\SimpleReceiverGrain.cs:line 58
   at Orleans.Streams.StreamSubscriptionHandleImpl`1.DeliverBatch(IBatchContainer batch, StreamHandshakeToken handshakeToken)
   at Orleans.Streams.StreamConsumerExtension.DeliverBatch(GuidId subscriptionId, QualifiedStreamId streamId, IBatchContainer batch, StreamHandshakeToken handshakeToken) in /_/src/Orleans.Streaming/Internal/StreamConsumerExtension.cs:line 127
   at Orleans.Runtime.TaskRequest`1.Invoke() in /_/src/Orleans.Core.Abstractions/Runtime/GrainReference.cs:line 709
--- End of stack trace from previous location ---
   at Orleans.Serialization.Invocation.ResponseCompletionSource`1.GetResult(Int16 token) in /_/src/Orleans.Serialization/Invocation/ResponseCompletionSource.cs:line 227
   at System.Threading.Tasks.ValueTask`1.ValueTaskSourceAsTask.<>c.<.cctor>b__4_0(Object state)
--- End of stack trace from previous location ---
   at Orleans.Streams.PersistentStreamPullingAgent.DeliverBatchToConsumer(StreamConsumerData consumerData, IBatchContainer batch) in /_/src/Orleans.Streaming/PersistentStreams/PersistentStreamPullingAgent.cs:line 653
[17:28:43 WRN] Failed to deliver message to consumer on 1544bf5b-1749-42c3-0d00-0000c424e1a7 for stream Default/SimpleMessage/4d29994ef4704f97a7a069f80ac30df1, may retry.
System.Exception: Exception of type 'System.Exception' was thrown.
   at Moq.Behaviors.ThrowException.Execute(Invocation invocation) in /_/src/Moq/Behaviors/ThrowException.cs:line 22
   at Moq.Setup.Execute(Invocation invocation) in /_/src/Moq/Setup.cs:line 84
   at Moq.CastleProxyFactory.Interceptor.Intercept(IInvocation underlying) in /_/src/Moq/Interception/CastleProxyFactory.cs:line 107
   at Castle.DynamicProxy.AbstractInvocation.Proceed()
   at Orleans.Streaming.Grains.Tests.Streams.Grains.SimpleReceiverGrain.OnNextAsync(SimpleMessage message, StreamSequenceToken token) in C:\tmp\Orleans.Streaming.Grains\src\Orleans.Streaming.Grains.Tests.Shared\Streams\Grains\SimpleReceiverGrain.cs:line 58
   at Orleans.Streams.StreamSubscriptionHandleImpl`1.DeliverBatch(IBatchContainer batch, StreamHandshakeToken handshakeToken)
   at Orleans.Streams.StreamConsumerExtension.DeliverBatch(GuidId subscriptionId, QualifiedStreamId streamId, IBatchContainer batch, StreamHandshakeToken handshakeToken) in /_/src/Orleans.Streaming/Internal/StreamConsumerExtension.cs:line 127
   at Orleans.Runtime.TaskRequest`1.Invoke() in /_/src/Orleans.Core.Abstractions/Runtime/GrainReference.cs:line 709
--- End of stack trace from previous location ---
   at Orleans.Serialization.Invocation.ResponseCompletionSource`1.GetResult(Int16 token) in /_/src/Orleans.Serialization/Invocation/ResponseCompletionSource.cs:line 227
   at System.Threading.Tasks.ValueTask`1.ValueTaskSourceAsTask.<>c.<.cctor>b__4_0(Object state)
--- End of stack trace from previous location ---
   at Orleans.Streams.PersistentStreamPullingAgent.DeliverBatchToConsumer(StreamConsumerData consumerData, IBatchContainer batch) in /_/src/Orleans.Streaming/PersistentStreams/PersistentStreamPullingAgent.cs:line 653
[17:28:43 WRN] Failed to deliver message to consumer on 3f8787ce-21e6-002e-0b00-0000c424e1a7 for stream Default/BlobMessage/9f1fe184038c486fa9bb5423ae9f01b1, may retry.
System.Exception: Exception of type 'System.Exception' was thrown.
   at Moq.Behaviors.ThrowException.Execute(Invocation invocation) in /_/src/Moq/Behaviors/ThrowException.cs:line 22
   at Moq.Setup.Execute(Invocation invocation) in /_/src/Moq/Setup.cs:line 84
   at Moq.CastleProxyFactory.Interceptor.Intercept(IInvocation underlying) in /_/src/Moq/Interception/CastleProxyFactory.cs:line 107
   at Castle.DynamicProxy.AbstractInvocation.Proceed()
   at Orleans.Streaming.Grains.Tests.Streams.Grains.BlobReceiverGrain.OnNextAsync(BlobMessage message, StreamSequenceToken token) in C:\tmp\Orleans.Streaming.Grains\src\Orleans.Streaming.Grains.Tests.Shared\Streams\Grains\BlobReceiverGrain.cs:line 70
   at Orleans.Streams.StreamSubscriptionHandleImpl`1.DeliverBatch(IBatchContainer batch, StreamHandshakeToken handshakeToken)
   at Orleans.Streams.StreamConsumerExtension.DeliverBatch(GuidId subscriptionId, QualifiedStreamId streamId, IBatchContainer batch, StreamHandshakeToken handshakeToken) in /_/src/Orleans.Streaming/Internal/StreamConsumerExtension.cs:line 127
   at Orleans.Runtime.TaskRequest`1.Invoke() in /_/src/Orleans.Core.Abstractions/Runtime/GrainReference.cs:line 709
--- End of stack trace from previous location ---
   at Orleans.Serialization.Invocation.ResponseCompletionSource`1.GetResult(Int16 token) in /_/src/Orleans.Serialization/Invocation/ResponseCompletionSource.cs:line 227
   at System.Threading.Tasks.ValueTask`1.ValueTaskSourceAsTask.<>c.<.cctor>b__4_0(Object state)
--- End of stack trace from previous location ---
   at Orleans.Streams.PersistentStreamPullingAgent.DeliverBatchToConsumer(StreamConsumerData consumerData, IBatchContainer batch) in /_/src/Orleans.Streaming/PersistentStreams/PersistentStreamPullingAgent.cs:line 653
[17:28:43 WRN] Failed to deliver message to consumer on 1544bf5b-150f-19da-0d00-0000c424e1a7 for stream Default/SimpleMessage/eb72923fb8664781be6433ff4166b720, may retry.
System.Exception: Exception of type 'System.Exception' was thrown.
   at Moq.Behaviors.ThrowException.Execute(Invocation invocation) in /_/src/Moq/Behaviors/ThrowException.cs:line 22
   at Moq.Setup.Execute(Invocation invocation) in /_/src/Moq/Setup.cs:line 84
   at Moq.CastleProxyFactory.Interceptor.Intercept(IInvocation underlying) in /_/src/Moq/Interception/CastleProxyFactory.cs:line 107
   at Castle.DynamicProxy.AbstractInvocation.Proceed()
   at Orleans.Streaming.Grains.Tests.Streams.Grains.SimpleReceiverGrain.OnNextAsync(SimpleMessage message, StreamSequenceToken token) in C:\tmp\Orleans.Streaming.Grains\src\Orleans.Streaming.Grains.Tests.Shared\Streams\Grains\SimpleReceiverGrain.cs:line 58
   at Orleans.Streams.StreamSubscriptionHandleImpl`1.DeliverBatch(IBatchContainer batch, StreamHandshakeToken handshakeToken)
   at Orleans.Streams.StreamConsumerExtension.DeliverBatch(GuidId subscriptionId, QualifiedStreamId streamId, IBatchContainer batch, StreamHandshakeToken handshakeToken) in /_/src/Orleans.Streaming/Internal/StreamConsumerExtension.cs:line 127
   at Orleans.Runtime.TaskRequest`1.Invoke() in /_/src/Orleans.Core.Abstractions/Runtime/GrainReference.cs:line 709
--- End of stack trace from previous location ---
   at Orleans.Serialization.Invocation.ResponseCompletionSource`1.GetResult(Int16 token) in /_/src/Orleans.Serialization/Invocation/ResponseCompletionSource.cs:line 227
   at System.Threading.Tasks.ValueTask`1.ValueTaskSourceAsTask.<>c.<.cctor>b__4_0(Object state)
--- End of stack trace from previous location ---
   at Orleans.Streams.PersistentStreamPullingAgent.DeliverBatchToConsumer(StreamConsumerData consumerData, IBatchContainer batch) in /_/src/Orleans.Streaming/PersistentStreams/PersistentStreamPullingAgent.cs:line 653
[17:28:43 WRN] Failed to deliver message to consumer on 3f8787ce-e133-f43d-1000-0000c424e1a7 for stream Default/BroadcastMessage/2608f94bfeab46328d7c981da7d70a2e, may retry.
System.Exception: Exception of type 'System.Exception' was thrown.
   at Moq.Behaviors.ThrowException.Execute(Invocation invocation) in /_/src/Moq/Behaviors/ThrowException.cs:line 22
   at Moq.Setup.Execute(Invocation invocation) in /_/src/Moq/Setup.cs:line 84
   at Moq.CastleProxyFactory.Interceptor.Intercept(IInvocation underlying) in /_/src/Moq/Interception/CastleProxyFactory.cs:line 107
   at Castle.DynamicProxy.AbstractInvocation.Proceed()
   at Orleans.Streaming.Grains.Tests.Streams.Grains.BlobReceiverGrain.OnBroadcastAsync(BroadcastMessage message, StreamSequenceToken token) in C:\tmp\Orleans.Streaming.Grains\src\Orleans.Streaming.Grains.Tests.Shared\Streams\Grains\BlobReceiverGrain.cs:line 82
   at Orleans.Streams.StreamSubscriptionHandleImpl`1.DeliverBatch(IBatchContainer batch, StreamHandshakeToken handshakeToken)
   at Orleans.Streams.StreamConsumerExtension.DeliverBatch(GuidId subscriptionId, QualifiedStreamId streamId, IBatchContainer batch, StreamHandshakeToken handshakeToken) in /_/src/Orleans.Streaming/Internal/StreamConsumerExtension.cs:line 127
   at Orleans.Runtime.TaskRequest`1.Invoke() in /_/src/Orleans.Core.Abstractions/Runtime/GrainReference.cs:line 709
--- End of stack trace from previous location ---
   at Orleans.Serialization.Invocation.ResponseCompletionSource`1.GetResult(Int16 token) in /_/src/Orleans.Serialization/Invocation/ResponseCompletionSource.cs:line 227
   at System.Threading.Tasks.ValueTask`1.ValueTaskSourceAsTask.<>c.<.cctor>b__4_0(Object state)
--- End of stack trace from previous location ---
   at Orleans.Streams.PersistentStreamPullingAgent.DeliverBatchToConsumer(StreamConsumerData consumerData, IBatchContainer batch) in /_/src/Orleans.Streaming/PersistentStreams/PersistentStreamPullingAgent.cs:line 653
[17:28:43 WRN] Failed to deliver message to consumer on 3f8787ce-927f-7eb6-0b00-0000c424e1a7 for stream Default/BlobMessage/9d0c97ec80ad43ffb99e695bab08c8a8, may retry.
System.Exception: Exception of type 'System.Exception' was thrown.
   at Moq.Behaviors.ThrowException.Execute(Invocation invocation) in /_/src/Moq/Behaviors/ThrowException.cs:line 22
   at Moq.Setup.Execute(Invocation invocation) in /_/src/Moq/Setup.cs:line 84
   at Moq.CastleProxyFactory.Interceptor.Intercept(IInvocation underlying) in /_/src/Moq/Interception/CastleProxyFactory.cs:line 107
   at Castle.DynamicProxy.AbstractInvocation.Proceed()
   at Orleans.Streaming.Grains.Tests.Streams.Grains.BlobReceiverGrain.OnNextAsync(BlobMessage message, StreamSequenceToken token) in C:\tmp\Orleans.Streaming.Grains\src\Orleans.Streaming.Grains.Tests.Shared\Streams\Grains\BlobReceiverGrain.cs:line 70
   at Orleans.Streams.StreamSubscriptionHandleImpl`1.DeliverBatch(IBatchContainer batch, StreamHandshakeToken handshakeToken)
   at Orleans.Streams.StreamConsumerExtension.DeliverBatch(GuidId subscriptionId, QualifiedStreamId streamId, IBatchContainer batch, StreamHandshakeToken handshakeToken) in /_/src/Orleans.Streaming/Internal/StreamConsumerExtension.cs:line 127
   at Orleans.Runtime.TaskRequest`1.Invoke() in /_/src/Orleans.Core.Abstractions/Runtime/GrainReference.cs:line 709
--- End of stack trace from previous location ---
   at Orleans.Serialization.Invocation.ResponseCompletionSource`1.GetResult(Int16 token) in /_/src/Orleans.Serialization/Invocation/ResponseCompletionSource.cs:line 227
   at System.Threading.Tasks.ValueTask`1.ValueTaskSourceAsTask.<>c.<.cctor>b__4_0(Object state)
--- End of stack trace from previous location ---
   at Orleans.Streams.PersistentStreamPullingAgent.DeliverBatchToConsumer(StreamConsumerData consumerData, IBatchContainer batch) in /_/src/Orleans.Streaming/PersistentStreams/PersistentStreamPullingAgent.cs:line 653
[17:28:43 WRN] Failed to deliver message to consumer on 3f8787ce-1c79-646f-0b00-0000c424e1a7 for stream Default/BlobMessage/a5cb9b6a09fd4c6fae67616a49e1ccee, may retry.
System.Exception: Exception of type 'System.Exception' was thrown.
   at Moq.Behaviors.ThrowException.Execute(Invocation invocation) in /_/src/Moq/Behaviors/ThrowException.cs:line 22
   at Moq.Setup.Execute(Invocation invocation) in /_/src/Moq/Setup.cs:line 84
   at Moq.CastleProxyFactory.Interceptor.Intercept(IInvocation underlying) in /_/src/Moq/Interception/CastleProxyFactory.cs:line 107
   at Castle.DynamicProxy.AbstractInvocation.Proceed()
   at Orleans.Streaming.Grains.Tests.Streams.Grains.BlobReceiverGrain.OnNextAsync(BlobMessage message, StreamSequenceToken token) in C:\tmp\Orleans.Streaming.Grains\src\Orleans.Streaming.Grains.Tests.Shared\Streams\Grains\BlobReceiverGrain.cs:line 70
   at Orleans.Streams.StreamSubscriptionHandleImpl`1.DeliverBatch(IBatchContainer batch, StreamHandshakeToken handshakeToken)
   at Orleans.Streams.StreamConsumerExtension.DeliverBatch(GuidId subscriptionId, QualifiedStreamId streamId, IBatchContainer batch, StreamHandshakeToken handshakeToken) in /_/src/Orleans.Streaming/Internal/StreamConsumerExtension.cs:line 127
   at Orleans.Runtime.TaskRequest`1.Invoke() in /_/src/Orleans.Core.Abstractions/Runtime/GrainReference.cs:line 709
--- End of stack trace from previous location ---
   at Orleans.Serialization.Invocation.ResponseCompletionSource`1.GetResult(Int16 token) in /_/src/Orleans.Serialization/Invocation/ResponseCompletionSource.cs:line 227
   at System.Threading.Tasks.ValueTask`1.ValueTaskSourceAsTask.<>c.<.cctor>b__4_0(Object state)
--- End of stack trace from previous location ---
   at Orleans.Streams.PersistentStreamPullingAgent.DeliverBatchToConsumer(StreamConsumerData consumerData, IBatchContainer batch) in /_/src/Orleans.Streaming/PersistentStreams/PersistentStreamPullingAgent.cs:line 653
[17:28:44 WRN] Failed to deliver message to consumer on 1544bf5b-bf62-689d-0d00-0000c424e1a7 for stream Default/SimpleMessage/62026ce9484142078dfa7b1b9ea5e6fc, may retry.
System.Exception: Exception of type 'System.Exception' was thrown.
   at Moq.Behaviors.ThrowException.Execute(Invocation invocation) in /_/src/Moq/Behaviors/ThrowException.cs:line 22
   at Moq.Setup.Execute(Invocation invocation) in /_/src/Moq/Setup.cs:line 84
   at Moq.CastleProxyFactory.Interceptor.Intercept(IInvocation underlying) in /_/src/Moq/Interception/CastleProxyFactory.cs:line 107
   at Castle.DynamicProxy.AbstractInvocation.Proceed()
   at Orleans.Streaming.Grains.Tests.Streams.Grains.SimpleReceiverGrain.OnNextAsync(SimpleMessage message, StreamSequenceToken token) in C:\tmp\Orleans.Streaming.Grains\src\Orleans.Streaming.Grains.Tests.Shared\Streams\Grains\SimpleReceiverGrain.cs:line 58
   at Orleans.Streams.StreamSubscriptionHandleImpl`1.DeliverBatch(IBatchContainer batch, StreamHandshakeToken handshakeToken)
   at Orleans.Streams.StreamConsumerExtension.DeliverBatch(GuidId subscriptionId, QualifiedStreamId streamId, IBatchContainer batch, StreamHandshakeToken handshakeToken) in /_/src/Orleans.Streaming/Internal/StreamConsumerExtension.cs:line 127
   at Orleans.Runtime.TaskRequest`1.Invoke() in /_/src/Orleans.Core.Abstractions/Runtime/GrainReference.cs:line 709
--- End of stack trace from previous location ---
   at Orleans.Serialization.Invocation.ResponseCompletionSource`1.GetResult(Int16 token) in /_/src/Orleans.Serialization/Invocation/ResponseCompletionSource.cs:line 227
   at System.Threading.Tasks.ValueTask`1.ValueTaskSourceAsTask.<>c.<.cctor>b__4_0(Object state)
--- End of stack trace from previous location ---
   at Orleans.Streams.PersistentStreamPullingAgent.DeliverBatchToConsumer(StreamConsumerData consumerData, IBatchContainer batch) in /_/src/Orleans.Streaming/PersistentStreams/PersistentStreamPullingAgent.cs:line 653
[17:28:44 WRN] Failed to deliver message to consumer on 1544bf5b-e133-f43d-1000-0000c424e1a7 for stream Default/BroadcastMessage/2608f94bfeab46328d7c981da7d70a2e, may retry.
System.Exception: Exception of type 'System.Exception' was thrown.
   at Moq.Behaviors.ThrowException.Execute(Invocation invocation) in /_/src/Moq/Behaviors/ThrowException.cs:line 22
   at Moq.Setup.Execute(Invocation invocation) in /_/src/Moq/Setup.cs:line 84
   at Moq.CastleProxyFactory.Interceptor.Intercept(IInvocation underlying) in /_/src/Moq/Interception/CastleProxyFactory.cs:line 107
   at Castle.DynamicProxy.AbstractInvocation.Proceed()
   at Orleans.Streaming.Grains.Tests.Streams.Grains.SimpleReceiverGrain.OnBroadcastAsync(BroadcastMessage message, StreamSequenceToken token) in C:\tmp\Orleans.Streaming.Grains\src\Orleans.Streaming.Grains.Tests.Shared\Streams\Grains\SimpleReceiverGrain.cs:line 70
   at Orleans.Streams.StreamSubscriptionHandleImpl`1.DeliverBatch(IBatchContainer batch, StreamHandshakeToken handshakeToken)
   at Orleans.Streams.StreamConsumerExtension.DeliverBatch(GuidId subscriptionId, QualifiedStreamId streamId, IBatchContainer batch, StreamHandshakeToken handshakeToken) in /_/src/Orleans.Streaming/Internal/StreamConsumerExtension.cs:line 127
   at Orleans.Runtime.TaskRequest`1.Invoke() in /_/src/Orleans.Core.Abstractions/Runtime/GrainReference.cs:line 709
--- End of stack trace from previous location ---
   at Orleans.Serialization.Invocation.ResponseCompletionSource`1.GetResult(Int16 token) in /_/src/Orleans.Serialization/Invocation/ResponseCompletionSource.cs:line 227
   at System.Threading.Tasks.ValueTask`1.ValueTaskSourceAsTask.<>c.<.cctor>b__4_0(Object state)
--- End of stack trace from previous location ---
   at Orleans.Streams.PersistentStreamPullingAgent.DeliverBatchToConsumer(StreamConsumerData consumerData, IBatchContainer batch) in /_/src/Orleans.Streaming/PersistentStreams/PersistentStreamPullingAgent.cs:line 653
[17:28:44 WRN] Failed to deliver message to consumer on 1544bf5b-3651-08cd-0d00-0000c424e1a7 for stream Default/SimpleMessage/00a5382798534182ab5f6c1826da210d, may retry.
System.Exception: Exception of type 'System.Exception' was thrown.
   at Moq.Behaviors.ThrowException.Execute(Invocation invocation) in /_/src/Moq/Behaviors/ThrowException.cs:line 22
   at Moq.Setup.Execute(Invocation invocation) in /_/src/Moq/Setup.cs:line 84
   at Moq.CastleProxyFactory.Interceptor.Intercept(IInvocation underlying) in /_/src/Moq/Interception/CastleProxyFactory.cs:line 107
   at Castle.DynamicProxy.AbstractInvocation.Proceed()
   at Orleans.Streaming.Grains.Tests.Streams.Grains.SimpleReceiverGrain.OnNextAsync(SimpleMessage message, StreamSequenceToken token) in C:\tmp\Orleans.Streaming.Grains\src\Orleans.Streaming.Grains.Tests.Shared\Streams\Grains\SimpleReceiverGrain.cs:line 58
   at Orleans.Streams.StreamSubscriptionHandleImpl`1.DeliverBatch(IBatchContainer batch, StreamHandshakeToken handshakeToken)
   at Orleans.Streams.StreamConsumerExtension.DeliverBatch(GuidId subscriptionId, QualifiedStreamId streamId, IBatchContainer batch, StreamHandshakeToken handshakeToken) in /_/src/Orleans.Streaming/Internal/StreamConsumerExtension.cs:line 127
   at Orleans.Runtime.TaskRequest`1.Invoke() in /_/src/Orleans.Core.Abstractions/Runtime/GrainReference.cs:line 709
--- End of stack trace from previous location ---
   at Orleans.Serialization.Invocation.ResponseCompletionSource`1.GetResult(Int16 token) in /_/src/Orleans.Serialization/Invocation/ResponseCompletionSource.cs:line 227
   at System.Threading.Tasks.ValueTask`1.ValueTaskSourceAsTask.<>c.<.cctor>b__4_0(Object state)
--- End of stack trace from previous location ---
   at Orleans.Streams.PersistentStreamPullingAgent.DeliverBatchToConsumer(StreamConsumerData consumerData, IBatchContainer batch) in /_/src/Orleans.Streaming/PersistentStreams/PersistentStreamPullingAgent.cs:line 653
[+57/x0/?2] Orleans.Streaming.Grains.Tests.dll (net10.0|x64) - Orleans.Streaming.Grains.Tests.Streams.Scenarios.When_Sending_Broadcast_Message_One_To_Many_Error.State_Should_Have_Transactions_Empty (48s)

[17:28:44 WRN] Failed to deliver message to consumer on 1544bf5b-150f-19da-0d00-0000c424e1a7 for stream Default/SimpleMessage/eb72923fb8664781be6433ff4166b720, may retry.
System.Exception: Exception of type 'System.Exception' was thrown.
   at Moq.Behaviors.ThrowException.Execute(Invocation invocation) in /_/src/Moq/Behaviors/ThrowException.cs:line 22
   at Moq.Setup.Execute(Invocation invocation) in /_/src/Moq/Setup.cs:line 84
   at Moq.CastleProxyFactory.Interceptor.Intercept(IInvocation underlying) in /_/src/Moq/Interception/CastleProxyFactory.cs:line 107
   at Castle.DynamicProxy.AbstractInvocation.Proceed()
   at Orleans.Streaming.Grains.Tests.Streams.Grains.SimpleReceiverGrain.OnNextAsync(SimpleMessage message, StreamSequenceToken token) in C:\tmp\Orleans.Streaming.Grains\src\Orleans.Streaming.Grains.Tests.Shared\Streams\Grains\SimpleReceiverGrain.cs:line 58
   at Orleans.Streams.StreamSubscriptionHandleImpl`1.DeliverBatch(IBatchContainer batch, StreamHandshakeToken handshakeToken)
   at Orleans.Streams.StreamConsumerExtension.DeliverBatch(GuidId subscriptionId, QualifiedStreamId streamId, IBatchContainer batch, StreamHandshakeToken handshakeToken) in /_/src/Orleans.Streaming/Internal/StreamConsumerExtension.cs:line 127
   at Orleans.Runtime.TaskRequest`1.Invoke() in /_/src/Orleans.Core.Abstractions/Runtime/GrainReference.cs:line 709
--- End of stack trace from previous location ---
   at Orleans.Serialization.Invocation.ResponseCompletionSource`1.GetResult(Int16 token) in /_/src/Orleans.Serialization/Invocation/ResponseCompletionSource.cs:line 227
   at System.Threading.Tasks.ValueTask`1.ValueTaskSourceAsTask.<>c.<.cctor>b__4_0(Object state)
--- End of stack trace from previous location ---
   at Orleans.Streams.PersistentStreamPullingAgent.DeliverBatchToConsumer(StreamConsumerData consumerData, IBatchContainer batch) in /_/src/Orleans.Streaming/PersistentStreams/PersistentStreamPullingAgent.cs:line 653
[17:28:45 WRN] Failed to deliver message to consumer on 1544bf5b-2257-6292-0d00-0000c424e1a7 for stream Default/SimpleMessage/7800a671914443609ec3d06e26bafb78, may retry.
System.Exception: Exception of type 'System.Exception' was thrown.
   at Moq.Behaviors.ThrowException.Execute(Invocation invocation) in /_/src/Moq/Behaviors/ThrowException.cs:line 22
   at Moq.Setup.Execute(Invocation invocation) in /_/src/Moq/Setup.cs:line 84
   at Moq.CastleProxyFactory.Interceptor.Intercept(IInvocation underlying) in /_/src/Moq/Interception/CastleProxyFactory.cs:line 107
   at Castle.DynamicProxy.AbstractInvocation.Proceed()
   at Orleans.Streaming.Grains.Tests.Streams.Grains.SimpleReceiverGrain.OnNextAsync(SimpleMessage message, StreamSequenceToken token) in C:\tmp\Orleans.Streaming.Grains\src\Orleans.Streaming.Grains.Tests.Shared\Streams\Grains\SimpleReceiverGrain.cs:line 58
   at Orleans.Streams.StreamSubscriptionHandleImpl`1.DeliverBatch(IBatchContainer batch, StreamHandshakeToken handshakeToken)
   at Orleans.Streams.StreamConsumerExtension.DeliverBatch(GuidId subscriptionId, QualifiedStreamId streamId, IBatchContainer batch, StreamHandshakeToken handshakeToken) in /_/src/Orleans.Streaming/Internal/StreamConsumerExtension.cs:line 127
   at Orleans.Runtime.TaskRequest`1.Invoke() in /_/src/Orleans.Core.Abstractions/Runtime/GrainReference.cs:line 709
--- End of stack trace from previous location ---
   at Orleans.Serialization.Invocation.ResponseCompletionSource`1.GetResult(Int16 token) in /_/src/Orleans.Serialization/Invocation/ResponseCompletionSource.cs:line 227
   at System.Threading.Tasks.ValueTask`1.ValueTaskSourceAsTask.<>c.<.cctor>b__4_0(Object state)
--- End of stack trace from previous location ---
   at Orleans.Streams.PersistentStreamPullingAgent.DeliverBatchToConsumer(StreamConsumerData consumerData, IBatchContainer batch) in /_/src/Orleans.Streaming/PersistentStreams/PersistentStreamPullingAgent.cs:line 653
[17:28:45 WRN] Failed to deliver message to consumer on 1544bf5b-093d-1839-0d00-0000c424e1a7 for stream Default/SimpleMessage/dfb27d29a5b7439e8b84b0be3c4f1ef3, may retry.
System.Exception: Exception of type 'System.Exception' was thrown.
   at Moq.Behaviors.ThrowException.Execute(Invocation invocation) in /_/src/Moq/Behaviors/ThrowException.cs:line 22
   at Moq.Setup.Execute(Invocation invocation) in /_/src/Moq/Setup.cs:line 84
   at Moq.CastleProxyFactory.Interceptor.Intercept(IInvocation underlying) in /_/src/Moq/Interception/CastleProxyFactory.cs:line 107
   at Castle.DynamicProxy.AbstractInvocation.Proceed()
   at Orleans.Streaming.Grains.Tests.Streams.Grains.SimpleReceiverGrain.OnNextAsync(SimpleMessage message, StreamSequenceToken token) in C:\tmp\Orleans.Streaming.Grains\src\Orleans.Streaming.Grains.Tests.Shared\Streams\Grains\SimpleReceiverGrain.cs:line 58
   at Orleans.Streams.StreamSubscriptionHandleImpl`1.DeliverBatch(IBatchContainer batch, StreamHandshakeToken handshakeToken)
   at Orleans.Streams.StreamConsumerExtension.DeliverBatch(GuidId subscriptionId, QualifiedStreamId streamId, IBatchContainer batch, StreamHandshakeToken handshakeToken) in /_/src/Orleans.Streaming/Internal/StreamConsumerExtension.cs:line 127
   at Orleans.Runtime.TaskRequest`1.Invoke() in /_/src/Orleans.Core.Abstractions/Runtime/GrainReference.cs:line 709
--- End of stack trace from previous location ---
   at Orleans.Serialization.Invocation.ResponseCompletionSource`1.GetResult(Int16 token) in /_/src/Orleans.Serialization/Invocation/ResponseCompletionSource.cs:line 227
   at System.Threading.Tasks.ValueTask`1.ValueTaskSourceAsTask.<>c.<.cctor>b__4_0(Object state)
--- End of stack trace from previous location ---
   at Orleans.Streams.PersistentStreamPullingAgent.DeliverBatchToConsumer(StreamConsumerData consumerData, IBatchContainer batch) in /_/src/Orleans.Streaming/PersistentStreams/PersistentStreamPullingAgent.cs:line 653
[17:28:45 WRN] Failed to deliver message to consumer on 1544bf5b-9705-c061-0d00-0000c424e1a7 for stream Default/SimpleMessage/9d0c97ec80ad43ffb99e695bab08c8a8, may retry.
System.Exception: Exception of type 'System.Exception' was thrown.
   at Moq.Behaviors.ThrowException.Execute(Invocation invocation) in /_/src/Moq/Behaviors/ThrowException.cs:line 22
   at Moq.Setup.Execute(Invocation invocation) in /_/src/Moq/Setup.cs:line 84
   at Moq.CastleProxyFactory.Interceptor.Intercept(IInvocation underlying) in /_/src/Moq/Interception/CastleProxyFactory.cs:line 107
   at Castle.DynamicProxy.AbstractInvocation.Proceed()
   at Orleans.Streaming.Grains.Tests.Streams.Grains.SimpleReceiverGrain.OnNextAsync(SimpleMessage message, StreamSequenceToken token) in C:\tmp\Orleans.Streaming.Grains\src\Orleans.Streaming.Grains.Tests.Shared\Streams\Grains\SimpleReceiverGrain.cs:line 58
   at Orleans.Streams.StreamSubscriptionHandleImpl`1.DeliverBatch(IBatchContainer batch, StreamHandshakeToken handshakeToken)
   at Orleans.Streams.StreamConsumerExtension.DeliverBatch(GuidId subscriptionId, QualifiedStreamId streamId, IBatchContainer batch, StreamHandshakeToken handshakeToken) in /_/src/Orleans.Streaming/Internal/StreamConsumerExtension.cs:line 127
   at Orleans.Runtime.TaskRequest`1.Invoke() in /_/src/Orleans.Core.Abstractions/Runtime/GrainReference.cs:line 709
--- End of stack trace from previous location ---
   at Orleans.Serialization.Invocation.ResponseCompletionSource`1.GetResult(Int16 token) in /_/src/Orleans.Serialization/Invocation/ResponseCompletionSource.cs:line 227
   at System.Threading.Tasks.ValueTask`1.ValueTaskSourceAsTask.<>c.<.cctor>b__4_0(Object state)
--- End of stack trace from previous location ---
   at Orleans.Streams.PersistentStreamPullingAgent.DeliverBatchToConsumer(StreamConsumerData consumerData, IBatchContainer batch) in /_/src/Orleans.Streaming/PersistentStreams/PersistentStreamPullingAgent.cs:line 653
[17:28:45 WRN] Failed to deliver message to consumer on 3f8787ce-301a-cb6f-1000-0000c424e1a7 for stream Default/BroadcastMessage/7f0e99e8907849cfa3179d2814356a78, may retry.
System.Exception: Exception of type 'System.Exception' was thrown.
   at Moq.Behaviors.ThrowException.Execute(Invocation invocation) in /_/src/Moq/Behaviors/ThrowException.cs:line 22
   at Moq.Setup.Execute(Invocation invocation) in /_/src/Moq/Setup.cs:line 84
   at Moq.CastleProxyFactory.Interceptor.Intercept(IInvocation underlying) in /_/src/Moq/Interception/CastleProxyFactory.cs:line 107
   at Castle.DynamicProxy.AbstractInvocation.Proceed()
   at Orleans.Streaming.Grains.Tests.Streams.Grains.BlobReceiverGrain.OnBroadcastAsync(BroadcastMessage message, StreamSequenceToken token) in C:\tmp\Orleans.Streaming.Grains\src\Orleans.Streaming.Grains.Tests.Shared\Streams\Grains\BlobReceiverGrain.cs:line 82
   at Orleans.Streams.StreamSubscriptionHandleImpl`1.DeliverBatch(IBatchContainer batch, StreamHandshakeToken handshakeToken)
   at Orleans.Streams.StreamConsumerExtension.DeliverBatch(GuidId subscriptionId, QualifiedStreamId streamId, IBatchContainer batch, StreamHandshakeToken handshakeToken) in /_/src/Orleans.Streaming/Internal/StreamConsumerExtension.cs:line 127
   at Orleans.Runtime.TaskRequest`1.Invoke() in /_/src/Orleans.Core.Abstractions/Runtime/GrainReference.cs:line 709
--- End of stack trace from previous location ---
   at Orleans.Serialization.Invocation.ResponseCompletionSource`1.GetResult(Int16 token) in /_/src/Orleans.Serialization/Invocation/ResponseCompletionSource.cs:line 227
   at System.Threading.Tasks.ValueTask`1.ValueTaskSourceAsTask.<>c.<.cctor>b__4_0(Object state)
--- End of stack trace from previous location ---
   at Orleans.Streams.PersistentStreamPullingAgent.DeliverBatchToConsumer(StreamConsumerData consumerData, IBatchContainer batch) in /_/src/Orleans.Streaming/PersistentStreams/PersistentStreamPullingAgent.cs:line 653
[17:28:45 WRN] Failed to deliver message to consumer on 1544bf5b-301a-cb6f-1000-0000c424e1a7 for stream Default/BroadcastMessage/7f0e99e8907849cfa3179d2814356a78, may retry.
System.Exception: Exception of type 'System.Exception' was thrown.
   at Moq.Behaviors.ThrowException.Execute(Invocation invocation) in /_/src/Moq/Behaviors/ThrowException.cs:line 22
   at Moq.Setup.Execute(Invocation invocation) in /_/src/Moq/Setup.cs:line 84
   at Moq.CastleProxyFactory.Interceptor.Intercept(IInvocation underlying) in /_/src/Moq/Interception/CastleProxyFactory.cs:line 107
   at Castle.DynamicProxy.AbstractInvocation.Proceed()
   at Orleans.Streaming.Grains.Tests.Streams.Grains.SimpleReceiverGrain.OnBroadcastAsync(BroadcastMessage message, StreamSequenceToken token) in C:\tmp\Orleans.Streaming.Grains\src\Orleans.Streaming.Grains.Tests.Shared\Streams\Grains\SimpleReceiverGrain.cs:line 70
   at Orleans.Streams.StreamSubscriptionHandleImpl`1.DeliverBatch(IBatchContainer batch, StreamHandshakeToken handshakeToken)
   at Orleans.Streams.StreamConsumerExtension.DeliverBatch(GuidId subscriptionId, QualifiedStreamId streamId, IBatchContainer batch, StreamHandshakeToken handshakeToken) in /_/src/Orleans.Streaming/Internal/StreamConsumerExtension.cs:line 127
   at Orleans.Runtime.TaskRequest`1.Invoke() in /_/src/Orleans.Core.Abstractions/Runtime/GrainReference.cs:line 709
--- End of stack trace from previous location ---
   at Orleans.Serialization.Invocation.ResponseCompletionSource`1.GetResult(Int16 token) in /_/src/Orleans.Serialization/Invocation/ResponseCompletionSource.cs:line 227
   at System.Threading.Tasks.ValueTask`1.ValueTaskSourceAsTask.<>c.<.cctor>b__4_0(Object state)
--- End of stack trace from previous location ---
   at Orleans.Streams.PersistentStreamPullingAgent.DeliverBatchToConsumer(StreamConsumerData consumerData, IBatchContainer batch) in /_/src/Orleans.Streaming/PersistentStreams/PersistentStreamPullingAgent.cs:line 653
[17:28:45 WRN] Failed to deliver message to consumer on 3f8787ce-88f2-4df0-0b00-0000c424e1a7 for stream Default/BlobMessage/00a5382798534182ab5f6c1826da210d, may retry.
System.Exception: Exception of type 'System.Exception' was thrown.
   at Moq.Behaviors.ThrowException.Execute(Invocation invocation) in /_/src/Moq/Behaviors/ThrowException.cs:line 22
   at Moq.Setup.Execute(Invocation invocation) in /_/src/Moq/Setup.cs:line 84
   at Moq.CastleProxyFactory.Interceptor.Intercept(IInvocation underlying) in /_/src/Moq/Interception/CastleProxyFactory.cs:line 107
   at Castle.DynamicProxy.AbstractInvocation.Proceed()
   at Orleans.Streaming.Grains.Tests.Streams.Grains.BlobReceiverGrain.OnNextAsync(BlobMessage message, StreamSequenceToken token) in C:\tmp\Orleans.Streaming.Grains\src\Orleans.Streaming.Grains.Tests.Shared\Streams\Grains\BlobReceiverGrain.cs:line 70
   at Orleans.Streams.StreamSubscriptionHandleImpl`1.DeliverBatch(IBatchContainer batch, StreamHandshakeToken handshakeToken)
   at Orleans.Streams.StreamConsumerExtension.DeliverBatch(GuidId subscriptionId, QualifiedStreamId streamId, IBatchContainer batch, StreamHandshakeToken handshakeToken) in /_/src/Orleans.Streaming/Internal/StreamConsumerExtension.cs:line 127
   at Orleans.Runtime.TaskRequest`1.Invoke() in /_/src/Orleans.Core.Abstractions/Runtime/GrainReference.cs:line 709
--- End of stack trace from previous location ---
   at Orleans.Serialization.Invocation.ResponseCompletionSource`1.GetResult(Int16 token) in /_/src/Orleans.Serialization/Invocation/ResponseCompletionSource.cs:line 227
   at System.Threading.Tasks.ValueTask`1.ValueTaskSourceAsTask.<>c.<.cctor>b__4_0(Object state)
--- End of stack trace from previous location ---
   at Orleans.Streams.PersistentStreamPullingAgent.DeliverBatchToConsumer(StreamConsumerData consumerData, IBatchContainer batch) in /_/src/Orleans.Streaming/PersistentStreams/PersistentStreamPullingAgent.cs:line 653
[17:28:45 WRN] Failed to deliver message to consumer on 3f8787ce-004e-3365-0b00-0000c424e1a7 for stream Default/BlobMessage/62026ce9484142078dfa7b1b9ea5e6fc, may retry.
System.Exception: Exception of type 'System.Exception' was thrown.
   at Moq.Behaviors.ThrowException.Execute(Invocation invocation) in /_/src/Moq/Behaviors/ThrowException.cs:line 22
   at Moq.Setup.Execute(Invocation invocation) in /_/src/Moq/Setup.cs:line 84
   at Moq.CastleProxyFactory.Interceptor.Intercept(IInvocation underlying) in /_/src/Moq/Interception/CastleProxyFactory.cs:line 107
   at Castle.DynamicProxy.AbstractInvocation.Proceed()
   at Orleans.Streaming.Grains.Tests.Streams.Grains.BlobReceiverGrain.OnNextAsync(BlobMessage message, StreamSequenceToken token) in C:\tmp\Orleans.Streaming.Grains\src\Orleans.Streaming.Grains.Tests.Shared\Streams\Grains\BlobReceiverGrain.cs:line 70
   at Orleans.Streams.StreamSubscriptionHandleImpl`1.DeliverBatch(IBatchContainer batch, StreamHandshakeToken handshakeToken)
   at Orleans.Streams.StreamConsumerExtension.DeliverBatch(GuidId subscriptionId, QualifiedStreamId streamId, IBatchContainer batch, StreamHandshakeToken handshakeToken) in /_/src/Orleans.Streaming/Internal/StreamConsumerExtension.cs:line 127
   at Orleans.Runtime.TaskRequest`1.Invoke() in /_/src/Orleans.Core.Abstractions/Runtime/GrainReference.cs:line 709
--- End of stack trace from previous location ---
   at Orleans.Serialization.Invocation.ResponseCompletionSource`1.GetResult(Int16 token) in /_/src/Orleans.Serialization/Invocation/ResponseCompletionSource.cs:line 227
   at System.Threading.Tasks.ValueTask`1.ValueTaskSourceAsTask.<>c.<.cctor>b__4_0(Object state)
--- End of stack trace from previous location ---
   at Orleans.Streams.PersistentStreamPullingAgent.DeliverBatchToConsumer(StreamConsumerData consumerData, IBatchContainer batch) in /_/src/Orleans.Streaming/PersistentStreams/PersistentStreamPullingAgent.cs:line 653
[17:28:45 WRN] Failed to deliver message to consumer on 3f8787ce-4fa9-7abb-0b00-0000c424e1a7 for stream Default/BlobMessage/7800a671914443609ec3d06e26bafb78, may retry.
System.Exception: Exception of type 'System.Exception' was thrown.
   at Moq.Behaviors.ThrowException.Execute(Invocation invocation) in /_/src/Moq/Behaviors/ThrowException.cs:line 22
   at Moq.Setup.Execute(Invocation invocation) in /_/src/Moq/Setup.cs:line 84
   at Moq.CastleProxyFactory.Interceptor.Intercept(IInvocation underlying) in /_/src/Moq/Interception/CastleProxyFactory.cs:line 107
   at Castle.DynamicProxy.AbstractInvocation.Proceed()
   at Orleans.Streaming.Grains.Tests.Streams.Grains.BlobReceiverGrain.OnNextAsync(BlobMessage message, StreamSequenceToken token) in C:\tmp\Orleans.Streaming.Grains\src\Orleans.Streaming.Grains.Tests.Shared\Streams\Grains\BlobReceiverGrain.cs:line 70
   at Orleans.Streams.StreamSubscriptionHandleImpl`1.DeliverBatch(IBatchContainer batch, StreamHandshakeToken handshakeToken)
   at Orleans.Streams.StreamConsumerExtension.DeliverBatch(GuidId subscriptionId, QualifiedStreamId streamId, IBatchContainer batch, StreamHandshakeToken handshakeToken) in /_/src/Orleans.Streaming/Internal/StreamConsumerExtension.cs:line 127
   at Orleans.Runtime.TaskRequest`1.Invoke() in /_/src/Orleans.Core.Abstractions/Runtime/GrainReference.cs:line 709
--- End of stack trace from previous location ---
   at Orleans.Serialization.Invocation.ResponseCompletionSource`1.GetResult(Int16 token) in /_/src/Orleans.Serialization/Invocation/ResponseCompletionSource.cs:line 227
   at System.Threading.Tasks.ValueTask`1.ValueTaskSourceAsTask.<>c.<.cctor>b__4_0(Object state)
--- End of stack trace from previous location ---
   at Orleans.Streams.PersistentStreamPullingAgent.DeliverBatchToConsumer(StreamConsumerData consumerData, IBatchContainer batch) in /_/src/Orleans.Streaming/PersistentStreams/PersistentStreamPullingAgent.cs:line 653
[17:28:45 WRN] Failed to deliver message to consumer on 3f8787ce-fc25-eeb6-0b00-0000c424e1a7 for stream Default/BlobMessage/eb72923fb8664781be6433ff4166b720, may retry.
System.Exception: Exception of type 'System.Exception' was thrown.
   at Moq.Behaviors.ThrowException.Execute(Invocation invocation) in /_/src/Moq/Behaviors/ThrowException.cs:line 22
   at Moq.Setup.Execute(Invocation invocation) in /_/src/Moq/Setup.cs:line 84
   at Moq.CastleProxyFactory.Interceptor.Intercept(IInvocation underlying) in /_/src/Moq/Interception/CastleProxyFactory.cs:line 107
   at Castle.DynamicProxy.AbstractInvocation.Proceed()
   at Orleans.Streaming.Grains.Tests.Streams.Grains.BlobReceiverGrain.OnNextAsync(BlobMessage message, StreamSequenceToken token) in C:\tmp\Orleans.Streaming.Grains\src\Orleans.Streaming.Grains.Tests.Shared\Streams\Grains\BlobReceiverGrain.cs:line 70
   at Orleans.Streams.StreamSubscriptionHandleImpl`1.DeliverBatch(IBatchContainer batch, StreamHandshakeToken handshakeToken)
   at Orleans.Streams.StreamConsumerExtension.DeliverBatch(GuidId subscriptionId, QualifiedStreamId streamId, IBatchContainer batch, StreamHandshakeToken handshakeToken) in /_/src/Orleans.Streaming/Internal/StreamConsumerExtension.cs:line 127
   at Orleans.Runtime.TaskRequest`1.Invoke() in /_/src/Orleans.Core.Abstractions/Runtime/GrainReference.cs:line 709
--- End of stack trace from previous location ---
   at Orleans.Serialization.Invocation.ResponseCompletionSource`1.GetResult(Int16 token) in /_/src/Orleans.Serialization/Invocation/ResponseCompletionSource.cs:line 227
   at System.Threading.Tasks.ValueTask`1.ValueTaskSourceAsTask.<>c.<.cctor>b__4_0(Object state)
--- End of stack trace from previous location ---
   at Orleans.Streams.PersistentStreamPullingAgent.DeliverBatchToConsumer(StreamConsumerData consumerData, IBatchContainer batch) in /_/src/Orleans.Streaming/PersistentStreams/PersistentStreamPullingAgent.cs:line 653
[17:28:45 WRN] Failed to deliver message to consumer on 1544bf5b-6a55-94e1-0d00-0000c424e1a7 for stream Default/SimpleMessage/28c4e45a8efa44eb990d0bab1801a93a, may retry.
System.Exception: Exception of type 'System.Exception' was thrown.
   at Moq.Behaviors.ThrowException.Execute(Invocation invocation) in /_/src/Moq/Behaviors/ThrowException.cs:line 22
   at Moq.Setup.Execute(Invocation invocation) in /_/src/Moq/Setup.cs:line 84
   at Moq.CastleProxyFactory.Interceptor.Intercept(IInvocation underlying) in /_/src/Moq/Interception/CastleProxyFactory.cs:line 107
   at Castle.DynamicProxy.AbstractInvocation.Proceed()
   at Orleans.Streaming.Grains.Tests.Streams.Grains.SimpleReceiverGrain.OnNextAsync(SimpleMessage message, StreamSequenceToken token) in C:\tmp\Orleans.Streaming.Grains\src\Orleans.Streaming.Grains.Tests.Shared\Streams\Grains\SimpleReceiverGrain.cs:line 58
   at Orleans.Streams.StreamSubscriptionHandleImpl`1.DeliverBatch(IBatchContainer batch, StreamHandshakeToken handshakeToken)
   at Orleans.Streams.StreamConsumerExtension.DeliverBatch(GuidId subscriptionId, QualifiedStreamId streamId, IBatchContainer batch, StreamHandshakeToken handshakeToken) in /_/src/Orleans.Streaming/Internal/StreamConsumerExtension.cs:line 127
   at Orleans.Runtime.TaskRequest`1.Invoke() in /_/src/Orleans.Core.Abstractions/Runtime/GrainReference.cs:line 709
--- End of stack trace from previous location ---
   at Orleans.Serialization.Invocation.ResponseCompletionSource`1.GetResult(Int16 token) in /_/src/Orleans.Serialization/Invocation/ResponseCompletionSource.cs:line 227
   at System.Threading.Tasks.ValueTask`1.ValueTaskSourceAsTask.<>c.<.cctor>b__4_0(Object state)
--- End of stack trace from previous location ---
   at Orleans.Streams.PersistentStreamPullingAgent.DeliverBatchToConsumer(StreamConsumerData consumerData, IBatchContainer batch) in /_/src/Orleans.Streaming/PersistentStreams/PersistentStreamPullingAgent.cs:line 653
[17:28:45 WRN] Failed to deliver message to consumer on 3f8787ce-7926-df6f-0b00-0000c424e1a7 for stream Default/BlobMessage/4d29994ef4704f97a7a069f80ac30df1, may retry.
System.Exception: Exception of type 'System.Exception' was thrown.
   at Moq.Behaviors.ThrowException.Execute(Invocation invocation) in /_/src/Moq/Behaviors/ThrowException.cs:line 22
   at Moq.Setup.Execute(Invocation invocation) in /_/src/Moq/Setup.cs:line 84
   at Moq.CastleProxyFactory.Interceptor.Intercept(IInvocation underlying) in /_/src/Moq/Interception/CastleProxyFactory.cs:line 107
   at Castle.DynamicProxy.AbstractInvocation.Proceed()
   at Orleans.Streaming.Grains.Tests.Streams.Grains.BlobReceiverGrain.OnNextAsync(BlobMessage message, StreamSequenceToken token) in C:\tmp\Orleans.Streaming.Grains\src\Orleans.Streaming.Grains.Tests.Shared\Streams\Grains\BlobReceiverGrain.cs:line 70
   at Orleans.Streams.StreamSubscriptionHandleImpl`1.DeliverBatch(IBatchContainer batch, StreamHandshakeToken handshakeToken)
   at Orleans.Streams.StreamConsumerExtension.DeliverBatch(GuidId subscriptionId, QualifiedStreamId streamId, IBatchContainer batch, StreamHandshakeToken handshakeToken) in /_/src/Orleans.Streaming/Internal/StreamConsumerExtension.cs:line 127
   at Orleans.Runtime.TaskRequest`1.Invoke() in /_/src/Orleans.Core.Abstractions/Runtime/GrainReference.cs:line 709
--- End of stack trace from previous location ---
   at Orleans.Serialization.Invocation.ResponseCompletionSource`1.GetResult(Int16 token) in /_/src/Orleans.Serialization/Invocation/ResponseCompletionSource.cs:line 227
   at System.Threading.Tasks.ValueTask`1.ValueTaskSourceAsTask.<>c.<.cctor>b__4_0(Object state)
--- End of stack trace from previous location ---
   at Orleans.Streams.PersistentStreamPullingAgent.DeliverBatchToConsumer(StreamConsumerData consumerData, IBatchContainer batch) in /_/src/Orleans.Streaming/PersistentStreams/PersistentStreamPullingAgent.cs:line 653
[17:28:45 WRN] Failed to deliver message to consumer on 1544bf5b-5d91-53ab-0d00-0000c424e1a7 for stream Default/SimpleMessage/9f1fe184038c486fa9bb5423ae9f01b1, may retry.
System.Exception: Exception of type 'System.Exception' was thrown.
   at Moq.Behaviors.ThrowException.Execute(Invocation invocation) in /_/src/Moq/Behaviors/ThrowException.cs:line 22
   at Moq.Setup.Execute(Invocation invocation) in /_/src/Moq/Setup.cs:line 84
   at Moq.CastleProxyFactory.Interceptor.Intercept(IInvocation underlying) in /_/src/Moq/Interception/CastleProxyFactory.cs:line 107
   at Castle.DynamicProxy.AbstractInvocation.Proceed()
   at Orleans.Streaming.Grains.Tests.Streams.Grains.SimpleReceiverGrain.OnNextAsync(SimpleMessage message, StreamSequenceToken token) in C:\tmp\Orleans.Streaming.Grains\src\Orleans.Streaming.Grains.Tests.Shared\Streams\Grains\SimpleReceiverGrain.cs:line 58
   at Orleans.Streams.StreamSubscriptionHandleImpl`1.DeliverBatch(IBatchContainer batch, StreamHandshakeToken handshakeToken)
   at Orleans.Streams.StreamConsumerExtension.DeliverBatch(GuidId subscriptionId, QualifiedStreamId streamId, IBatchContainer batch, StreamHandshakeToken handshakeToken) in /_/src/Orleans.Streaming/Internal/StreamConsumerExtension.cs:line 127
   at Orleans.Runtime.TaskRequest`1.Invoke() in /_/src/Orleans.Core.Abstractions/Runtime/GrainReference.cs:line 709
--- End of stack trace from previous location ---
   at Orleans.Serialization.Invocation.ResponseCompletionSource`1.GetResult(Int16 token) in /_/src/Orleans.Serialization/Invocation/ResponseCompletionSource.cs:line 227
   at System.Threading.Tasks.ValueTask`1.ValueTaskSourceAsTask.<>c.<.cctor>b__4_0(Object state)
--- End of stack trace from previous location ---
   at Orleans.Streams.PersistentStreamPullingAgent.DeliverBatchToConsumer(StreamConsumerData consumerData, IBatchContainer batch) in /_/src/Orleans.Streaming/PersistentStreams/PersistentStreamPullingAgent.cs:line 653
[17:28:45 WRN] Failed to deliver message to consumer on 1544bf5b-3f05-eb51-0d00-0000c424e1a7 for stream Default/SimpleMessage/a5cb9b6a09fd4c6fae67616a49e1ccee, may retry.
System.Exception: Exception of type 'System.Exception' was thrown.
   at Moq.Behaviors.ThrowException.Execute(Invocation invocation) in /_/src/Moq/Behaviors/ThrowException.cs:line 22
   at Moq.Setup.Execute(Invocation invocation) in /_/src/Moq/Setup.cs:line 84
   at Moq.CastleProxyFactory.Interceptor.Intercept(IInvocation underlying) in /_/src/Moq/Interception/CastleProxyFactory.cs:line 107
   at Castle.DynamicProxy.AbstractInvocation.Proceed()
   at Orleans.Streaming.Grains.Tests.Streams.Grains.SimpleReceiverGrain.OnNextAsync(SimpleMessage message, StreamSequenceToken token) in C:\tmp\Orleans.Streaming.Grains\src\Orleans.Streaming.Grains.Tests.Shared\Streams\Grains\SimpleReceiverGrain.cs:line 58
   at Orleans.Streams.StreamSubscriptionHandleImpl`1.DeliverBatch(IBatchContainer batch, StreamHandshakeToken handshakeToken)
   at Orleans.Streams.StreamConsumerExtension.DeliverBatch(GuidId subscriptionId, QualifiedStreamId streamId, IBatchContainer batch, StreamHandshakeToken handshakeToken) in /_/src/Orleans.Streaming/Internal/StreamConsumerExtension.cs:line 127
   at Orleans.Runtime.TaskRequest`1.Invoke() in /_/src/Orleans.Core.Abstractions/Runtime/GrainReference.cs:line 709
--- End of stack trace from previous location ---
   at Orleans.Serialization.Invocation.ResponseCompletionSource`1.GetResult(Int16 token) in /_/src/Orleans.Serialization/Invocation/ResponseCompletionSource.cs:line 227
   at System.Threading.Tasks.ValueTask`1.ValueTaskSourceAsTask.<>c.<.cctor>b__4_0(Object state)
--- End of stack trace from previous location ---
   at Orleans.Streams.PersistentStreamPullingAgent.DeliverBatchToConsumer(StreamConsumerData consumerData, IBatchContainer batch) in /_/src/Orleans.Streaming/PersistentStreams/PersistentStreamPullingAgent.cs:line 653
[17:28:45 WRN] Failed to deliver message to consumer on 3f8787ce-e6a6-774f-0b00-0000c424e1a7 for stream Default/BlobMessage/dfb27d29a5b7439e8b84b0be3c4f1ef3, may retry.
System.Exception: Exception of type 'System.Exception' was thrown.
   at Moq.Behaviors.ThrowException.Execute(Invocation invocation) in /_/src/Moq/Behaviors/ThrowException.cs:line 22
   at Moq.Setup.Execute(Invocation invocation) in /_/src/Moq/Setup.cs:line 84
   at Moq.CastleProxyFactory.Interceptor.Intercept(IInvocation underlying) in /_/src/Moq/Interception/CastleProxyFactory.cs:line 107
   at Castle.DynamicProxy.AbstractInvocation.Proceed()
   at Orleans.Streaming.Grains.Tests.Streams.Grains.BlobReceiverGrain.OnNextAsync(BlobMessage message, StreamSequenceToken token) in C:\tmp\Orleans.Streaming.Grains\src\Orleans.Streaming.Grains.Tests.Shared\Streams\Grains\BlobReceiverGrain.cs:line 70
   at Orleans.Streams.StreamSubscriptionHandleImpl`1.DeliverBatch(IBatchContainer batch, StreamHandshakeToken handshakeToken)
   at Orleans.Streams.StreamConsumerExtension.DeliverBatch(GuidId subscriptionId, QualifiedStreamId streamId, IBatchContainer batch, StreamHandshakeToken handshakeToken) in /_/src/Orleans.Streaming/Internal/StreamConsumerExtension.cs:line 127
   at Orleans.Runtime.TaskRequest`1.Invoke() in /_/src/Orleans.Core.Abstractions/Runtime/GrainReference.cs:line 709
--- End of stack trace from previous location ---
   at Orleans.Serialization.Invocation.ResponseCompletionSource`1.GetResult(Int16 token) in /_/src/Orleans.Serialization/Invocation/ResponseCompletionSource.cs:line 227
   at System.Threading.Tasks.ValueTask`1.ValueTaskSourceAsTask.<>c.<.cctor>b__4_0(Object state)
--- End of stack trace from previous location ---
   at Orleans.Streams.PersistentStreamPullingAgent.DeliverBatchToConsumer(StreamConsumerData consumerData, IBatchContainer batch) in /_/src/Orleans.Streaming/PersistentStreams/PersistentStreamPullingAgent.cs:line 653
[17:28:45 WRN] Failed to deliver message to consumer on 3f8787ce-21e6-002e-0b00-0000c424e1a7 for stream Default/BlobMessage/9f1fe184038c486fa9bb5423ae9f01b1, may retry.
System.Exception: Exception of type 'System.Exception' was thrown.
   at Moq.Behaviors.ThrowException.Execute(Invocation invocation) in /_/src/Moq/Behaviors/ThrowException.cs:line 22
   at Moq.Setup.Execute(Invocation invocation) in /_/src/Moq/Setup.cs:line 84
   at Moq.CastleProxyFactory.Interceptor.Intercept(IInvocation underlying) in /_/src/Moq/Interception/CastleProxyFactory.cs:line 107
   at Castle.DynamicProxy.AbstractInvocation.Proceed()
   at Orleans.Streaming.Grains.Tests.Streams.Grains.BlobReceiverGrain.OnNextAsync(BlobMessage message, StreamSequenceToken token) in C:\tmp\Orleans.Streaming.Grains\src\Orleans.Streaming.Grains.Tests.Shared\Streams\Grains\BlobReceiverGrain.cs:line 70
   at Orleans.Streams.StreamSubscriptionHandleImpl`1.DeliverBatch(IBatchContainer batch, StreamHandshakeToken handshakeToken)
   at Orleans.Streams.StreamConsumerExtension.DeliverBatch(GuidId subscriptionId, QualifiedStreamId streamId, IBatchContainer batch, StreamHandshakeToken handshakeToken) in /_/src/Orleans.Streaming/Internal/StreamConsumerExtension.cs:line 127
   at Orleans.Runtime.TaskRequest`1.Invoke() in /_/src/Orleans.Core.Abstractions/Runtime/GrainReference.cs:line 709
--- End of stack trace from previous location ---
   at Orleans.Serialization.Invocation.ResponseCompletionSource`1.GetResult(Int16 token) in /_/src/Orleans.Serialization/Invocation/ResponseCompletionSource.cs:line 227
   at System.Threading.Tasks.ValueTask`1.ValueTaskSourceAsTask.<>c.<.cctor>b__4_0(Object state)
--- End of stack trace from previous location ---
   at Orleans.Streams.PersistentStreamPullingAgent.DeliverBatchToConsumer(StreamConsumerData consumerData, IBatchContainer batch) in /_/src/Orleans.Streaming/PersistentStreams/PersistentStreamPullingAgent.cs:line 653
[17:28:45 WRN] Failed to deliver message to consumer on 3f8787ce-bab1-fe17-0b00-0000c424e1a7 for stream Default/BlobMessage/28c4e45a8efa44eb990d0bab1801a93a, may retry.
System.Exception: Exception of type 'System.Exception' was thrown.
   at Moq.Behaviors.ThrowException.Execute(Invocation invocation) in /_/src/Moq/Behaviors/ThrowException.cs:line 22
   at Moq.Setup.Execute(Invocation invocation) in /_/src/Moq/Setup.cs:line 84
   at Moq.CastleProxyFactory.Interceptor.Intercept(IInvocation underlying) in /_/src/Moq/Interception/CastleProxyFactory.cs:line 107
   at Castle.DynamicProxy.AbstractInvocation.Proceed()
   at Orleans.Streaming.Grains.Tests.Streams.Grains.BlobReceiverGrain.OnNextAsync(BlobMessage message, StreamSequenceToken token) in C:\tmp\Orleans.Streaming.Grains\src\Orleans.Streaming.Grains.Tests.Shared\Streams\Grains\BlobReceiverGrain.cs:line 70
   at Orleans.Streams.StreamSubscriptionHandleImpl`1.DeliverBatch(IBatchContainer batch, StreamHandshakeToken handshakeToken)
   at Orleans.Streams.StreamConsumerExtension.DeliverBatch(GuidId subscriptionId, QualifiedStreamId streamId, IBatchContainer batch, StreamHandshakeToken handshakeToken) in /_/src/Orleans.Streaming/Internal/StreamConsumerExtension.cs:line 127
   at Orleans.Runtime.TaskRequest`1.Invoke() in /_/src/Orleans.Core.Abstractions/Runtime/GrainReference.cs:line 709
--- End of stack trace from previous location ---
   at Orleans.Serialization.Invocation.ResponseCompletionSource`1.GetResult(Int16 token) in /_/src/Orleans.Serialization/Invocation/ResponseCompletionSource.cs:line 227
   at System.Threading.Tasks.ValueTask`1.ValueTaskSourceAsTask.<>c.<.cctor>b__4_0(Object state)
--- End of stack trace from previous location ---
   at Orleans.Streams.PersistentStreamPullingAgent.DeliverBatchToConsumer(StreamConsumerData consumerData, IBatchContainer batch) in /_/src/Orleans.Streaming/PersistentStreams/PersistentStreamPullingAgent.cs:line 653
[17:28:45 WRN] Failed to deliver message to consumer on 1544bf5b-1749-42c3-0d00-0000c424e1a7 for stream Default/SimpleMessage/4d29994ef4704f97a7a069f80ac30df1, may retry.
System.Exception: Exception of type 'System.Exception' was thrown.
   at Moq.Behaviors.ThrowException.Execute(Invocation invocation) in /_/src/Moq/Behaviors/ThrowException.cs:line 22
   at Moq.Setup.Execute(Invocation invocation) in /_/src/Moq/Setup.cs:line 84
   at Moq.CastleProxyFactory.Interceptor.Intercept(IInvocation underlying) in /_/src/Moq/Interception/CastleProxyFactory.cs:line 107
   at Castle.DynamicProxy.AbstractInvocation.Proceed()
   at Orleans.Streaming.Grains.Tests.Streams.Grains.SimpleReceiverGrain.OnNextAsync(SimpleMessage message, StreamSequenceToken token) in C:\tmp\Orleans.Streaming.Grains\src\Orleans.Streaming.Grains.Tests.Shared\Streams\Grains\SimpleReceiverGrain.cs:line 58
   at Orleans.Streams.StreamSubscriptionHandleImpl`1.DeliverBatch(IBatchContainer batch, StreamHandshakeToken handshakeToken)
   at Orleans.Streams.StreamConsumerExtension.DeliverBatch(GuidId subscriptionId, QualifiedStreamId streamId, IBatchContainer batch, StreamHandshakeToken handshakeToken) in /_/src/Orleans.Streaming/Internal/StreamConsumerExtension.cs:line 127
   at Orleans.Runtime.TaskRequest`1.Invoke() in /_/src/Orleans.Core.Abstractions/Runtime/GrainReference.cs:line 709
--- End of stack trace from previous location ---
   at Orleans.Serialization.Invocation.ResponseCompletionSource`1.GetResult(Int16 token) in /_/src/Orleans.Serialization/Invocation/ResponseCompletionSource.cs:line 227
   at System.Threading.Tasks.ValueTask`1.ValueTaskSourceAsTask.<>c.<.cctor>b__4_0(Object state)
--- End of stack trace from previous location ---
   at Orleans.Streams.PersistentStreamPullingAgent.DeliverBatchToConsumer(StreamConsumerData consumerData, IBatchContainer batch) in /_/src/Orleans.Streaming/PersistentStreams/PersistentStreamPullingAgent.cs:line 653
[17:28:45 WRN] Failed to deliver message to consumer on 3f8787ce-927f-7eb6-0b00-0000c424e1a7 for stream Default/BlobMessage/9d0c97ec80ad43ffb99e695bab08c8a8, may retry.
System.Exception: Exception of type 'System.Exception' was thrown.
   at Moq.Behaviors.ThrowException.Execute(Invocation invocation) in /_/src/Moq/Behaviors/ThrowException.cs:line 22
   at Moq.Setup.Execute(Invocation invocation) in /_/src/Moq/Setup.cs:line 84
   at Moq.CastleProxyFactory.Interceptor.Intercept(IInvocation underlying) in /_/src/Moq/Interception/CastleProxyFactory.cs:line 107
   at Castle.DynamicProxy.AbstractInvocation.Proceed()
   at Orleans.Streaming.Grains.Tests.Streams.Grains.BlobReceiverGrain.OnNextAsync(BlobMessage message, StreamSequenceToken token) in C:\tmp\Orleans.Streaming.Grains\src\Orleans.Streaming.Grains.Tests.Shared\Streams\Grains\BlobReceiverGrain.cs:line 70
   at Orleans.Streams.StreamSubscriptionHandleImpl`1.DeliverBatch(IBatchContainer batch, StreamHandshakeToken handshakeToken)
   at Orleans.Streams.StreamConsumerExtension.DeliverBatch(GuidId subscriptionId, QualifiedStreamId streamId, IBatchContainer batch, StreamHandshakeToken handshakeToken) in /_/src/Orleans.Streaming/Internal/StreamConsumerExtension.cs:line 127
   at Orleans.Runtime.TaskRequest`1.Invoke() in /_/src/Orleans.Core.Abstractions/Runtime/GrainReference.cs:line 709
--- End of stack trace from previous location ---
   at Orleans.Serialization.Invocation.ResponseCompletionSource`1.GetResult(Int16 token) in /_/src/Orleans.Serialization/Invocation/ResponseCompletionSource.cs:line 227
   at System.Threading.Tasks.ValueTask`1.ValueTaskSourceAsTask.<>c.<.cctor>b__4_0(Object state)
--- End of stack trace from previous location ---
   at Orleans.Streams.PersistentStreamPullingAgent.DeliverBatchToConsumer(StreamConsumerData consumerData, IBatchContainer batch) in /_/src/Orleans.Streaming/PersistentStreams/PersistentStreamPullingAgent.cs:line 653
[17:28:45 WRN] Failed to deliver message to consumer on 3f8787ce-e133-f43d-1000-0000c424e1a7 for stream Default/BroadcastMessage/2608f94bfeab46328d7c981da7d70a2e, may retry.
System.Exception: Exception of type 'System.Exception' was thrown.
   at Moq.Behaviors.ThrowException.Execute(Invocation invocation) in /_/src/Moq/Behaviors/ThrowException.cs:line 22
   at Moq.Setup.Execute(Invocation invocation) in /_/src/Moq/Setup.cs:line 84
   at Moq.CastleProxyFactory.Interceptor.Intercept(IInvocation underlying) in /_/src/Moq/Interception/CastleProxyFactory.cs:line 107
   at Castle.DynamicProxy.AbstractInvocation.Proceed()
   at Orleans.Streaming.Grains.Tests.Streams.Grains.BlobReceiverGrain.OnBroadcastAsync(BroadcastMessage message, StreamSequenceToken token) in C:\tmp\Orleans.Streaming.Grains\src\Orleans.Streaming.Grains.Tests.Shared\Streams\Grains\BlobReceiverGrain.cs:line 82
   at Orleans.Streams.StreamSubscriptionHandleImpl`1.DeliverBatch(IBatchContainer batch, StreamHandshakeToken handshakeToken)
   at Orleans.Streams.StreamConsumerExtension.DeliverBatch(GuidId subscriptionId, QualifiedStreamId streamId, IBatchContainer batch, StreamHandshakeToken handshakeToken) in /_/src/Orleans.Streaming/Internal/StreamConsumerExtension.cs:line 127
   at Orleans.Runtime.TaskRequest`1.Invoke() in /_/src/Orleans.Core.Abstractions/Runtime/GrainReference.cs:line 709
--- End of stack trace from previous location ---
   at Orleans.Serialization.Invocation.ResponseCompletionSource`1.GetResult(Int16 token) in /_/src/Orleans.Serialization/Invocation/ResponseCompletionSource.cs:line 227
   at System.Threading.Tasks.ValueTask`1.ValueTaskSourceAsTask.<>c.<.cctor>b__4_0(Object state)
--- End of stack trace from previous location ---
   at Orleans.Streams.PersistentStreamPullingAgent.DeliverBatchToConsumer(StreamConsumerData consumerData, IBatchContainer batch) in /_/src/Orleans.Streaming/PersistentStreams/PersistentStreamPullingAgent.cs:line 653
[17:28:45 WRN] Failed to deliver message to consumer on 1544bf5b-bf62-689d-0d00-0000c424e1a7 for stream Default/SimpleMessage/62026ce9484142078dfa7b1b9ea5e6fc, may retry.
System.Exception: Exception of type 'System.Exception' was thrown.
   at Moq.Behaviors.ThrowException.Execute(Invocation invocation) in /_/src/Moq/Behaviors/ThrowException.cs:line 22
   at Moq.Setup.Execute(Invocation invocation) in /_/src/Moq/Setup.cs:line 84
   at Moq.CastleProxyFactory.Interceptor.Intercept(IInvocation underlying) in /_/src/Moq/Interception/CastleProxyFactory.cs:line 107
   at Castle.DynamicProxy.AbstractInvocation.Proceed()
   at Orleans.Streaming.Grains.Tests.Streams.Grains.SimpleReceiverGrain.OnNextAsync(SimpleMessage message, StreamSequenceToken token) in C:\tmp\Orleans.Streaming.Grains\src\Orleans.Streaming.Grains.Tests.Shared\Streams\Grains\SimpleReceiverGrain.cs:line 58
   at Orleans.Streams.StreamSubscriptionHandleImpl`1.DeliverBatch(IBatchContainer batch, StreamHandshakeToken handshakeToken)
   at Orleans.Streams.StreamConsumerExtension.DeliverBatch(GuidId subscriptionId, QualifiedStreamId streamId, IBatchContainer batch, StreamHandshakeToken handshakeToken) in /_/src/Orleans.Streaming/Internal/StreamConsumerExtension.cs:line 127
   at Orleans.Runtime.TaskRequest`1.Invoke() in /_/src/Orleans.Core.Abstractions/Runtime/GrainReference.cs:line 709
--- End of stack trace from previous location ---
   at Orleans.Serialization.Invocation.ResponseCompletionSource`1.GetResult(Int16 token) in /_/src/Orleans.Serialization/Invocation/ResponseCompletionSource.cs:line 227
   at System.Threading.Tasks.ValueTask`1.ValueTaskSourceAsTask.<>c.<.cctor>b__4_0(Object state)
--- End of stack trace from previous location ---
   at Orleans.Streams.PersistentStreamPullingAgent.DeliverBatchToConsumer(StreamConsumerData consumerData, IBatchContainer batch) in /_/src/Orleans.Streaming/PersistentStreams/PersistentStreamPullingAgent.cs:line 653
[17:28:46 WRN] Failed to deliver message to consumer on 1544bf5b-9705-c061-0d00-0000c424e1a7 for stream Default/SimpleMessage/9d0c97ec80ad43ffb99e695bab08c8a8, may retry.
System.Exception: Exception of type 'System.Exception' was thrown.
   at Moq.Behaviors.ThrowException.Execute(Invocation invocation) in /_/src/Moq/Behaviors/ThrowException.cs:line 22
   at Moq.Setup.Execute(Invocation invocation) in /_/src/Moq/Setup.cs:line 84
   at Moq.CastleProxyFactory.Interceptor.Intercept(IInvocation underlying) in /_/src/Moq/Interception/CastleProxyFactory.cs:line 107
   at Castle.DynamicProxy.AbstractInvocation.Proceed()
   at Orleans.Streaming.Grains.Tests.Streams.Grains.SimpleReceiverGrain.OnNextAsync(SimpleMessage message, StreamSequenceToken token) in C:\tmp\Orleans.Streaming.Grains\src\Orleans.Streaming.Grains.Tests.Shared\Streams\Grains\SimpleReceiverGrain.cs:line 58
   at Orleans.Streams.StreamSubscriptionHandleImpl`1.DeliverBatch(IBatchContainer batch, StreamHandshakeToken handshakeToken)
   at Orleans.Streams.StreamConsumerExtension.DeliverBatch(GuidId subscriptionId, QualifiedStreamId streamId, IBatchContainer batch, StreamHandshakeToken handshakeToken) in /_/src/Orleans.Streaming/Internal/StreamConsumerExtension.cs:line 127
   at Orleans.Runtime.TaskRequest`1.Invoke() in /_/src/Orleans.Core.Abstractions/Runtime/GrainReference.cs:line 709
--- End of stack trace from previous location ---
   at Orleans.Serialization.Invocation.ResponseCompletionSource`1.GetResult(Int16 token) in /_/src/Orleans.Serialization/Invocation/ResponseCompletionSource.cs:line 227
   at System.Threading.Tasks.ValueTask`1.ValueTaskSourceAsTask.<>c.<.cctor>b__4_0(Object state)
--- End of stack trace from previous location ---
   at Orleans.Streams.PersistentStreamPullingAgent.DeliverBatchToConsumer(StreamConsumerData consumerData, IBatchContainer batch) in /_/src/Orleans.Streaming/PersistentStreams/PersistentStreamPullingAgent.cs:line 653
[17:28:46 WRN] Failed to deliver message to consumer on 3f8787ce-004e-3365-0b00-0000c424e1a7 for stream Default/BlobMessage/62026ce9484142078dfa7b1b9ea5e6fc, may retry.
System.Exception: Exception of type 'System.Exception' was thrown.
   at Moq.Behaviors.ThrowException.Execute(Invocation invocation) in /_/src/Moq/Behaviors/ThrowException.cs:line 22
   at Moq.Setup.Execute(Invocation invocation) in /_/src/Moq/Setup.cs:line 84
   at Moq.CastleProxyFactory.Interceptor.Intercept(IInvocation underlying) in /_/src/Moq/Interception/CastleProxyFactory.cs:line 107
   at Castle.DynamicProxy.AbstractInvocation.Proceed()
   at Orleans.Streaming.Grains.Tests.Streams.Grains.BlobReceiverGrain.OnNextAsync(BlobMessage message, StreamSequenceToken token) in C:\tmp\Orleans.Streaming.Grains\src\Orleans.Streaming.Grains.Tests.Shared\Streams\Grains\BlobReceiverGrain.cs:line 70
   at Orleans.Streams.StreamSubscriptionHandleImpl`1.DeliverBatch(IBatchContainer batch, StreamHandshakeToken handshakeToken)
   at Orleans.Streams.StreamConsumerExtension.DeliverBatch(GuidId subscriptionId, QualifiedStreamId streamId, IBatchContainer batch, StreamHandshakeToken handshakeToken) in /_/src/Orleans.Streaming/Internal/StreamConsumerExtension.cs:line 127
   at Orleans.Runtime.TaskRequest`1.Invoke() in /_/src/Orleans.Core.Abstractions/Runtime/GrainReference.cs:line 709
--- End of stack trace from previous location ---
   at Orleans.Serialization.Invocation.ResponseCompletionSource`1.GetResult(Int16 token) in /_/src/Orleans.Serialization/Invocation/ResponseCompletionSource.cs:line 227
   at System.Threading.Tasks.ValueTask`1.ValueTaskSourceAsTask.<>c.<.cctor>b__4_0(Object state)
--- End of stack trace from previous location ---
   at Orleans.Streams.PersistentStreamPullingAgent.DeliverBatchToConsumer(StreamConsumerData consumerData, IBatchContainer batch) in /_/src/Orleans.Streaming/PersistentStreams/PersistentStreamPullingAgent.cs:line 653
[17:28:46 WRN] Failed to deliver message to consumer on 3f8787ce-4fa9-7abb-0b00-0000c424e1a7 for stream Default/BlobMessage/7800a671914443609ec3d06e26bafb78, may retry.
System.Exception: Exception of type 'System.Exception' was thrown.
   at Moq.Behaviors.ThrowException.Execute(Invocation invocation) in /_/src/Moq/Behaviors/ThrowException.cs:line 22
   at Moq.Setup.Execute(Invocation invocation) in /_/src/Moq/Setup.cs:line 84
   at Moq.CastleProxyFactory.Interceptor.Intercept(IInvocation underlying) in /_/src/Moq/Interception/CastleProxyFactory.cs:line 107
   at Castle.DynamicProxy.AbstractInvocation.Proceed()
   at Orleans.Streaming.Grains.Tests.Streams.Grains.BlobReceiverGrain.OnNextAsync(BlobMessage message, StreamSequenceToken token) in C:\tmp\Orleans.Streaming.Grains\src\Orleans.Streaming.Grains.Tests.Shared\Streams\Grains\BlobReceiverGrain.cs:line 70
   at Orleans.Streams.StreamSubscriptionHandleImpl`1.DeliverBatch(IBatchContainer batch, StreamHandshakeToken handshakeToken)
   at Orleans.Streams.StreamConsumerExtension.DeliverBatch(GuidId subscriptionId, QualifiedStreamId streamId, IBatchContainer batch, StreamHandshakeToken handshakeToken) in /_/src/Orleans.Streaming/Internal/StreamConsumerExtension.cs:line 127
   at Orleans.Runtime.TaskRequest`1.Invoke() in /_/src/Orleans.Core.Abstractions/Runtime/GrainReference.cs:line 709
--- End of stack trace from previous location ---
   at Orleans.Serialization.Invocation.ResponseCompletionSource`1.GetResult(Int16 token) in /_/src/Orleans.Serialization/Invocation/ResponseCompletionSource.cs:line 227
   at System.Threading.Tasks.ValueTask`1.ValueTaskSourceAsTask.<>c.<.cctor>b__4_0(Object state)
--- End of stack trace from previous location ---
   at Orleans.Streams.PersistentStreamPullingAgent.DeliverBatchToConsumer(StreamConsumerData consumerData, IBatchContainer batch) in /_/src/Orleans.Streaming/PersistentStreams/PersistentStreamPullingAgent.cs:line 653
[17:28:46 WRN] Failed to deliver message to consumer on 1544bf5b-5d91-53ab-0d00-0000c424e1a7 for stream Default/SimpleMessage/9f1fe184038c486fa9bb5423ae9f01b1, may retry.
System.Exception: Exception of type 'System.Exception' was thrown.
   at Moq.Behaviors.ThrowException.Execute(Invocation invocation) in /_/src/Moq/Behaviors/ThrowException.cs:line 22
   at Moq.Setup.Execute(Invocation invocation) in /_/src/Moq/Setup.cs:line 84
   at Moq.CastleProxyFactory.Interceptor.Intercept(IInvocation underlying) in /_/src/Moq/Interception/CastleProxyFactory.cs:line 107
   at Castle.DynamicProxy.AbstractInvocation.Proceed()
   at Orleans.Streaming.Grains.Tests.Streams.Grains.SimpleReceiverGrain.OnNextAsync(SimpleMessage message, StreamSequenceToken token) in C:\tmp\Orleans.Streaming.Grains\src\Orleans.Streaming.Grains.Tests.Shared\Streams\Grains\SimpleReceiverGrain.cs:line 58
   at Orleans.Streams.StreamSubscriptionHandleImpl`1.DeliverBatch(IBatchContainer batch, StreamHandshakeToken handshakeToken)
   at Orleans.Streams.StreamConsumerExtension.DeliverBatch(GuidId subscriptionId, QualifiedStreamId streamId, IBatchContainer batch, StreamHandshakeToken handshakeToken) in /_/src/Orleans.Streaming/Internal/StreamConsumerExtension.cs:line 127
   at Orleans.Runtime.TaskRequest`1.Invoke() in /_/src/Orleans.Core.Abstractions/Runtime/GrainReference.cs:line 709
--- End of stack trace from previous location ---
   at Orleans.Serialization.Invocation.ResponseCompletionSource`1.GetResult(Int16 token) in /_/src/Orleans.Serialization/Invocation/ResponseCompletionSource.cs:line 227
   at System.Threading.Tasks.ValueTask`1.ValueTaskSourceAsTask.<>c.<.cctor>b__4_0(Object state)
--- End of stack trace from previous location ---
   at Orleans.Streams.PersistentStreamPullingAgent.DeliverBatchToConsumer(StreamConsumerData consumerData, IBatchContainer batch) in /_/src/Orleans.Streaming/PersistentStreams/PersistentStreamPullingAgent.cs:line 653
[17:28:46 WRN] Failed to deliver message to consumer on 3f8787ce-88f2-4df0-0b00-0000c424e1a7 for stream Default/BlobMessage/00a5382798534182ab5f6c1826da210d, may retry.
System.Exception: Exception of type 'System.Exception' was thrown.
   at Moq.Behaviors.ThrowException.Execute(Invocation invocation) in /_/src/Moq/Behaviors/ThrowException.cs:line 22
   at Moq.Setup.Execute(Invocation invocation) in /_/src/Moq/Setup.cs:line 84
   at Moq.CastleProxyFactory.Interceptor.Intercept(IInvocation underlying) in /_/src/Moq/Interception/CastleProxyFactory.cs:line 107
   at Castle.DynamicProxy.AbstractInvocation.Proceed()
   at Orleans.Streaming.Grains.Tests.Streams.Grains.BlobReceiverGrain.OnNextAsync(BlobMessage message, StreamSequenceToken token) in C:\tmp\Orleans.Streaming.Grains\src\Orleans.Streaming.Grains.Tests.Shared\Streams\Grains\BlobReceiverGrain.cs:line 70
   at Orleans.Streams.StreamSubscriptionHandleImpl`1.DeliverBatch(IBatchContainer batch, StreamHandshakeToken handshakeToken)
   at Orleans.Streams.StreamConsumerExtension.DeliverBatch(GuidId subscriptionId, QualifiedStreamId streamId, IBatchContainer batch, StreamHandshakeToken handshakeToken) in /_/src/Orleans.Streaming/Internal/StreamConsumerExtension.cs:line 127
   at Orleans.Runtime.TaskRequest`1.Invoke() in /_/src/Orleans.Core.Abstractions/Runtime/GrainReference.cs:line 709
--- End of stack trace from previous location ---
   at Orleans.Serialization.Invocation.ResponseCompletionSource`1.GetResult(Int16 token) in /_/src/Orleans.Serialization/Invocation/ResponseCompletionSource.cs:line 227
   at System.Threading.Tasks.ValueTask`1.ValueTaskSourceAsTask.<>c.<.cctor>b__4_0(Object state)
--- End of stack trace from previous location ---
   at Orleans.Streams.PersistentStreamPullingAgent.DeliverBatchToConsumer(StreamConsumerData consumerData, IBatchContainer batch) in /_/src/Orleans.Streaming/PersistentStreams/PersistentStreamPullingAgent.cs:line 653
[17:28:46 WRN] Failed to deliver message to consumer on 3f8787ce-fc25-eeb6-0b00-0000c424e1a7 for stream Default/BlobMessage/eb72923fb8664781be6433ff4166b720, may retry.
System.Exception: Exception of type 'System.Exception' was thrown.
   at Moq.Behaviors.ThrowException.Execute(Invocation invocation) in /_/src/Moq/Behaviors/ThrowException.cs:line 22
   at Moq.Setup.Execute(Invocation invocation) in /_/src/Moq/Setup.cs:line 84
   at Moq.CastleProxyFactory.Interceptor.Intercept(IInvocation underlying) in /_/src/Moq/Interception/CastleProxyFactory.cs:line 107
   at Castle.DynamicProxy.AbstractInvocation.Proceed()
   at Orleans.Streaming.Grains.Tests.Streams.Grains.BlobReceiverGrain.OnNextAsync(BlobMessage message, StreamSequenceToken token) in C:\tmp\Orleans.Streaming.Grains\src\Orleans.Streaming.Grains.Tests.Shared\Streams\Grains\BlobReceiverGrain.cs:line 70
   at Orleans.Streams.StreamSubscriptionHandleImpl`1.DeliverBatch(IBatchContainer batch, StreamHandshakeToken handshakeToken)
   at Orleans.Streams.StreamConsumerExtension.DeliverBatch(GuidId subscriptionId, QualifiedStreamId streamId, IBatchContainer batch, StreamHandshakeToken handshakeToken) in /_/src/Orleans.Streaming/Internal/StreamConsumerExtension.cs:line 127
   at Orleans.Runtime.TaskRequest`1.Invoke() in /_/src/Orleans.Core.Abstractions/Runtime/GrainReference.cs:line 709
--- End of stack trace from previous location ---
   at Orleans.Serialization.Invocation.ResponseCompletionSource`1.GetResult(Int16 token) in /_/src/Orleans.Serialization/Invocation/ResponseCompletionSource.cs:line 227
   at System.Threading.Tasks.ValueTask`1.ValueTaskSourceAsTask.<>c.<.cctor>b__4_0(Object state)
--- End of stack trace from previous location ---
   at Orleans.Streams.PersistentStreamPullingAgent.DeliverBatchToConsumer(StreamConsumerData consumerData, IBatchContainer batch) in /_/src/Orleans.Streaming/PersistentStreams/PersistentStreamPullingAgent.cs:line 653
[17:28:46 WRN] Failed to deliver message to consumer on 3f8787ce-1c79-646f-0b00-0000c424e1a7 for stream Default/BlobMessage/a5cb9b6a09fd4c6fae67616a49e1ccee, may retry.
System.Exception: Exception of type 'System.Exception' was thrown.
   at Moq.Behaviors.ThrowException.Execute(Invocation invocation) in /_/src/Moq/Behaviors/ThrowException.cs:line 22
   at Moq.Setup.Execute(Invocation invocation) in /_/src/Moq/Setup.cs:line 84
   at Moq.CastleProxyFactory.Interceptor.Intercept(IInvocation underlying) in /_/src/Moq/Interception/CastleProxyFactory.cs:line 107
   at Castle.DynamicProxy.AbstractInvocation.Proceed()
   at Orleans.Streaming.Grains.Tests.Streams.Grains.BlobReceiverGrain.OnNextAsync(BlobMessage message, StreamSequenceToken token) in C:\tmp\Orleans.Streaming.Grains\src\Orleans.Streaming.Grains.Tests.Shared\Streams\Grains\BlobReceiverGrain.cs:line 70
   at Orleans.Streams.StreamSubscriptionHandleImpl`1.DeliverBatch(IBatchContainer batch, StreamHandshakeToken handshakeToken)
   at Orleans.Streams.StreamConsumerExtension.DeliverBatch(GuidId subscriptionId, QualifiedStreamId streamId, IBatchContainer batch, StreamHandshakeToken handshakeToken) in /_/src/Orleans.Streaming/Internal/StreamConsumerExtension.cs:line 127
   at Orleans.Runtime.TaskRequest`1.Invoke() in /_/src/Orleans.Core.Abstractions/Runtime/GrainReference.cs:line 709
--- End of stack trace from previous location ---
   at Orleans.Serialization.Invocation.ResponseCompletionSource`1.GetResult(Int16 token) in /_/src/Orleans.Serialization/Invocation/ResponseCompletionSource.cs:line 227
   at System.Threading.Tasks.ValueTask`1.ValueTaskSourceAsTask.<>c.<.cctor>b__4_0(Object state)
--- End of stack trace from previous location ---
   at Orleans.Streams.PersistentStreamPullingAgent.DeliverBatchToConsumer(StreamConsumerData consumerData, IBatchContainer batch) in /_/src/Orleans.Streaming/PersistentStreams/PersistentStreamPullingAgent.cs:line 653
[17:28:46 WRN] Failed to deliver message to consumer on 1544bf5b-3f05-eb51-0d00-0000c424e1a7 for stream Default/SimpleMessage/a5cb9b6a09fd4c6fae67616a49e1ccee, may retry.
System.Exception: Exception of type 'System.Exception' was thrown.
   at Moq.Behaviors.ThrowException.Execute(Invocation invocation) in /_/src/Moq/Behaviors/ThrowException.cs:line 22
   at Moq.Setup.Execute(Invocation invocation) in /_/src/Moq/Setup.cs:line 84
   at Moq.CastleProxyFactory.Interceptor.Intercept(IInvocation underlying) in /_/src/Moq/Interception/CastleProxyFactory.cs:line 107
   at Castle.DynamicProxy.AbstractInvocation.Proceed()
   at Orleans.Streaming.Grains.Tests.Streams.Grains.SimpleReceiverGrain.OnNextAsync(SimpleMessage message, StreamSequenceToken token) in C:\tmp\Orleans.Streaming.Grains\src\Orleans.Streaming.Grains.Tests.Shared\Streams\Grains\SimpleReceiverGrain.cs:line 58
   at Orleans.Streams.StreamSubscriptionHandleImpl`1.DeliverBatch(IBatchContainer batch, StreamHandshakeToken handshakeToken)
   at Orleans.Streams.StreamConsumerExtension.DeliverBatch(GuidId subscriptionId, QualifiedStreamId streamId, IBatchContainer batch, StreamHandshakeToken handshakeToken) in /_/src/Orleans.Streaming/Internal/StreamConsumerExtension.cs:line 127
   at Orleans.Runtime.TaskRequest`1.Invoke() in /_/src/Orleans.Core.Abstractions/Runtime/GrainReference.cs:line 709
--- End of stack trace from previous location ---
   at Orleans.Serialization.Invocation.ResponseCompletionSource`1.GetResult(Int16 token) in /_/src/Orleans.Serialization/Invocation/ResponseCompletionSource.cs:line 227
   at System.Threading.Tasks.ValueTask`1.ValueTaskSourceAsTask.<>c.<.cctor>b__4_0(Object state)
--- End of stack trace from previous location ---
   at Orleans.Streams.PersistentStreamPullingAgent.DeliverBatchToConsumer(StreamConsumerData consumerData, IBatchContainer batch) in /_/src/Orleans.Streaming/PersistentStreams/PersistentStreamPullingAgent.cs:line 653
[17:28:46 WRN] Failed to deliver message to consumer on 1544bf5b-6a55-94e1-0d00-0000c424e1a7 for stream Default/SimpleMessage/28c4e45a8efa44eb990d0bab1801a93a, may retry.
System.Exception: Exception of type 'System.Exception' was thrown.
   at Moq.Behaviors.ThrowException.Execute(Invocation invocation) in /_/src/Moq/Behaviors/ThrowException.cs:line 22
   at Moq.Setup.Execute(Invocation invocation) in /_/src/Moq/Setup.cs:line 84
   at Moq.CastleProxyFactory.Interceptor.Intercept(IInvocation underlying) in /_/src/Moq/Interception/CastleProxyFactory.cs:line 107
   at Castle.DynamicProxy.AbstractInvocation.Proceed()
   at Orleans.Streaming.Grains.Tests.Streams.Grains.SimpleReceiverGrain.OnNextAsync(SimpleMessage message, StreamSequenceToken token) in C:\tmp\Orleans.Streaming.Grains\src\Orleans.Streaming.Grains.Tests.Shared\Streams\Grains\SimpleReceiverGrain.cs:line 58
   at Orleans.Streams.StreamSubscriptionHandleImpl`1.DeliverBatch(IBatchContainer batch, StreamHandshakeToken handshakeToken)
   at Orleans.Streams.StreamConsumerExtension.DeliverBatch(GuidId subscriptionId, QualifiedStreamId streamId, IBatchContainer batch, StreamHandshakeToken handshakeToken) in /_/src/Orleans.Streaming/Internal/StreamConsumerExtension.cs:line 127
   at Orleans.Runtime.TaskRequest`1.Invoke() in /_/src/Orleans.Core.Abstractions/Runtime/GrainReference.cs:line 709
--- End of stack trace from previous location ---
   at Orleans.Serialization.Invocation.ResponseCompletionSource`1.GetResult(Int16 token) in /_/src/Orleans.Serialization/Invocation/ResponseCompletionSource.cs:line 227
   at System.Threading.Tasks.ValueTask`1.ValueTaskSourceAsTask.<>c.<.cctor>b__4_0(Object state)
--- End of stack trace from previous location ---
   at Orleans.Streams.PersistentStreamPullingAgent.DeliverBatchToConsumer(StreamConsumerData consumerData, IBatchContainer batch) in /_/src/Orleans.Streaming/PersistentStreams/PersistentStreamPullingAgent.cs:line 653
[17:28:46 WRN] Failed to deliver message to consumer on 3f8787ce-301a-cb6f-1000-0000c424e1a7 for stream Default/BroadcastMessage/7f0e99e8907849cfa3179d2814356a78, may retry.
System.Exception: Exception of type 'System.Exception' was thrown.
   at Moq.Behaviors.ThrowException.Execute(Invocation invocation) in /_/src/Moq/Behaviors/ThrowException.cs:line 22
   at Moq.Setup.Execute(Invocation invocation) in /_/src/Moq/Setup.cs:line 84
   at Moq.CastleProxyFactory.Interceptor.Intercept(IInvocation underlying) in /_/src/Moq/Interception/CastleProxyFactory.cs:line 107
   at Castle.DynamicProxy.AbstractInvocation.Proceed()
   at Orleans.Streaming.Grains.Tests.Streams.Grains.BlobReceiverGrain.OnBroadcastAsync(BroadcastMessage message, StreamSequenceToken token) in C:\tmp\Orleans.Streaming.Grains\src\Orleans.Streaming.Grains.Tests.Shared\Streams\Grains\BlobReceiverGrain.cs:line 82
   at Orleans.Streams.StreamSubscriptionHandleImpl`1.DeliverBatch(IBatchContainer batch, StreamHandshakeToken handshakeToken)
   at Orleans.Streams.StreamConsumerExtension.DeliverBatch(GuidId subscriptionId, QualifiedStreamId streamId, IBatchContainer batch, StreamHandshakeToken handshakeToken) in /_/src/Orleans.Streaming/Internal/StreamConsumerExtension.cs:line 127
   at Orleans.Runtime.TaskRequest`1.Invoke() in /_/src/Orleans.Core.Abstractions/Runtime/GrainReference.cs:line 709
--- End of stack trace from previous location ---
   at Orleans.Serialization.Invocation.ResponseCompletionSource`1.GetResult(Int16 token) in /_/src/Orleans.Serialization/Invocation/ResponseCompletionSource.cs:line 227
   at System.Threading.Tasks.ValueTask`1.ValueTaskSourceAsTask.<>c.<.cctor>b__4_0(Object state)
--- End of stack trace from previous location ---
   at Orleans.Streams.PersistentStreamPullingAgent.DeliverBatchToConsumer(StreamConsumerData consumerData, IBatchContainer batch) in /_/src/Orleans.Streaming/PersistentStreams/PersistentStreamPullingAgent.cs:line 653
[17:28:46 WRN] Failed to deliver message to consumer on 1544bf5b-150f-19da-0d00-0000c424e1a7 for stream Default/SimpleMessage/eb72923fb8664781be6433ff4166b720, may retry.
System.Exception: Exception of type 'System.Exception' was thrown.
   at Moq.Behaviors.ThrowException.Execute(Invocation invocation) in /_/src/Moq/Behaviors/ThrowException.cs:line 22
   at Moq.Setup.Execute(Invocation invocation) in /_/src/Moq/Setup.cs:line 84
   at Moq.CastleProxyFactory.Interceptor.Intercept(IInvocation underlying) in /_/src/Moq/Interception/CastleProxyFactory.cs:line 107
   at Castle.DynamicProxy.AbstractInvocation.Proceed()
   at Orleans.Streaming.Grains.Tests.Streams.Grains.SimpleReceiverGrain.OnNextAsync(SimpleMessage message, StreamSequenceToken token) in C:\tmp\Orleans.Streaming.Grains\src\Orleans.Streaming.Grains.Tests.Shared\Streams\Grains\SimpleReceiverGrain.cs:line 58
   at Orleans.Streams.StreamSubscriptionHandleImpl`1.DeliverBatch(IBatchContainer batch, StreamHandshakeToken handshakeToken)
   at Orleans.Streams.StreamConsumerExtension.DeliverBatch(GuidId subscriptionId, QualifiedStreamId streamId, IBatchContainer batch, StreamHandshakeToken handshakeToken) in /_/src/Orleans.Streaming/Internal/StreamConsumerExtension.cs:line 127
   at Orleans.Runtime.TaskRequest`1.Invoke() in /_/src/Orleans.Core.Abstractions/Runtime/GrainReference.cs:line 709
--- End of stack trace from previous location ---
   at Orleans.Serialization.Invocation.ResponseCompletionSource`1.GetResult(Int16 token) in /_/src/Orleans.Serialization/Invocation/ResponseCompletionSource.cs:line 227
   at System.Threading.Tasks.ValueTask`1.ValueTaskSourceAsTask.<>c.<.cctor>b__4_0(Object state)
--- End of stack trace from previous location ---
   at Orleans.Streams.PersistentStreamPullingAgent.DeliverBatchToConsumer(StreamConsumerData consumerData, IBatchContainer batch) in /_/src/Orleans.Streaming/PersistentStreams/PersistentStreamPullingAgent.cs:line 653
[17:28:46 WRN] Failed to deliver message to consumer on 1544bf5b-2257-6292-0d00-0000c424e1a7 for stream Default/SimpleMessage/7800a671914443609ec3d06e26bafb78, may retry.
System.Exception: Exception of type 'System.Exception' was thrown.
   at Moq.Behaviors.ThrowException.Execute(Invocation invocation) in /_/src/Moq/Behaviors/ThrowException.cs:line 22
   at Moq.Setup.Execute(Invocation invocation) in /_/src/Moq/Setup.cs:line 84
   at Moq.CastleProxyFactory.Interceptor.Intercept(IInvocation underlying) in /_/src/Moq/Interception/CastleProxyFactory.cs:line 107
   at Castle.DynamicProxy.AbstractInvocation.Proceed()
   at Orleans.Streaming.Grains.Tests.Streams.Grains.SimpleReceiverGrain.OnNextAsync(SimpleMessage message, StreamSequenceToken token) in C:\tmp\Orleans.Streaming.Grains\src\Orleans.Streaming.Grains.Tests.Shared\Streams\Grains\SimpleReceiverGrain.cs:line 58
   at Orleans.Streams.StreamSubscriptionHandleImpl`1.DeliverBatch(IBatchContainer batch, StreamHandshakeToken handshakeToken)
   at Orleans.Streams.StreamConsumerExtension.DeliverBatch(GuidId subscriptionId, QualifiedStreamId streamId, IBatchContainer batch, StreamHandshakeToken handshakeToken) in /_/src/Orleans.Streaming/Internal/StreamConsumerExtension.cs:line 127
   at Orleans.Runtime.TaskRequest`1.Invoke() in /_/src/Orleans.Core.Abstractions/Runtime/GrainReference.cs:line 709
--- End of stack trace from previous location ---
   at Orleans.Serialization.Invocation.ResponseCompletionSource`1.GetResult(Int16 token) in /_/src/Orleans.Serialization/Invocation/ResponseCompletionSource.cs:line 227
   at System.Threading.Tasks.ValueTask`1.ValueTaskSourceAsTask.<>c.<.cctor>b__4_0(Object state)
--- End of stack trace from previous location ---
   at Orleans.Streams.PersistentStreamPullingAgent.DeliverBatchToConsumer(StreamConsumerData consumerData, IBatchContainer batch) in /_/src/Orleans.Streaming/PersistentStreams/PersistentStreamPullingAgent.cs:line 653
[17:28:46 WRN] Failed to deliver message to consumer on 1544bf5b-301a-cb6f-1000-0000c424e1a7 for stream Default/BroadcastMessage/7f0e99e8907849cfa3179d2814356a78, may retry.
System.Exception: Exception of type 'System.Exception' was thrown.
   at Moq.Behaviors.ThrowException.Execute(Invocation invocation) in /_/src/Moq/Behaviors/ThrowException.cs:line 22
   at Moq.Setup.Execute(Invocation invocation) in /_/src/Moq/Setup.cs:line 84
   at Moq.CastleProxyFactory.Interceptor.Intercept(IInvocation underlying) in /_/src/Moq/Interception/CastleProxyFactory.cs:line 107
   at Castle.DynamicProxy.AbstractInvocation.Proceed()
   at Orleans.Streaming.Grains.Tests.Streams.Grains.SimpleReceiverGrain.OnBroadcastAsync(BroadcastMessage message, StreamSequenceToken token) in C:\tmp\Orleans.Streaming.Grains\src\Orleans.Streaming.Grains.Tests.Shared\Streams\Grains\SimpleReceiverGrain.cs:line 70
   at Orleans.Streams.StreamSubscriptionHandleImpl`1.DeliverBatch(IBatchContainer batch, StreamHandshakeToken handshakeToken)
   at Orleans.Streams.StreamConsumerExtension.DeliverBatch(GuidId subscriptionId, QualifiedStreamId streamId, IBatchContainer batch, StreamHandshakeToken handshakeToken) in /_/src/Orleans.Streaming/Internal/StreamConsumerExtension.cs:line 127
   at Orleans.Runtime.TaskRequest`1.Invoke() in /_/src/Orleans.Core.Abstractions/Runtime/GrainReference.cs:line 709
--- End of stack trace from previous location ---
   at Orleans.Serialization.Invocation.ResponseCompletionSource`1.GetResult(Int16 token) in /_/src/Orleans.Serialization/Invocation/ResponseCompletionSource.cs:line 227
   at System.Threading.Tasks.ValueTask`1.ValueTaskSourceAsTask.<>c.<.cctor>b__4_0(Object state)
--- End of stack trace from previous location ---
   at Orleans.Streams.PersistentStreamPullingAgent.DeliverBatchToConsumer(StreamConsumerData consumerData, IBatchContainer batch) in /_/src/Orleans.Streaming/PersistentStreams/PersistentStreamPullingAgent.cs:line 653
[17:28:47 WRN] Failed to deliver message to consumer on 1544bf5b-093d-1839-0d00-0000c424e1a7 for stream Default/SimpleMessage/dfb27d29a5b7439e8b84b0be3c4f1ef3, may retry.
System.Exception: Exception of type 'System.Exception' was thrown.
   at Moq.Behaviors.ThrowException.Execute(Invocation invocation) in /_/src/Moq/Behaviors/ThrowException.cs:line 22
   at Moq.Setup.Execute(Invocation invocation) in /_/src/Moq/Setup.cs:line 84
   at Moq.CastleProxyFactory.Interceptor.Intercept(IInvocation underlying) in /_/src/Moq/Interception/CastleProxyFactory.cs:line 107
   at Castle.DynamicProxy.AbstractInvocation.Proceed()
   at Orleans.Streaming.Grains.Tests.Streams.Grains.SimpleReceiverGrain.OnNextAsync(SimpleMessage message, StreamSequenceToken token) in C:\tmp\Orleans.Streaming.Grains\src\Orleans.Streaming.Grains.Tests.Shared\Streams\Grains\SimpleReceiverGrain.cs:line 58
   at Orleans.Streams.StreamSubscriptionHandleImpl`1.DeliverBatch(IBatchContainer batch, StreamHandshakeToken handshakeToken)
   at Orleans.Streams.StreamConsumerExtension.DeliverBatch(GuidId subscriptionId, QualifiedStreamId streamId, IBatchContainer batch, StreamHandshakeToken handshakeToken) in /_/src/Orleans.Streaming/Internal/StreamConsumerExtension.cs:line 127
   at Orleans.Runtime.TaskRequest`1.Invoke() in /_/src/Orleans.Core.Abstractions/Runtime/GrainReference.cs:line 709
--- End of stack trace from previous location ---
   at Orleans.Serialization.Invocation.ResponseCompletionSource`1.GetResult(Int16 token) in /_/src/Orleans.Serialization/Invocation/ResponseCompletionSource.cs:line 227
   at System.Threading.Tasks.ValueTask`1.ValueTaskSourceAsTask.<>c.<.cctor>b__4_0(Object state)
--- End of stack trace from previous location ---
   at Orleans.Streams.PersistentStreamPullingAgent.DeliverBatchToConsumer(StreamConsumerData consumerData, IBatchContainer batch) in /_/src/Orleans.Streaming/PersistentStreams/PersistentStreamPullingAgent.cs:line 653
[17:28:47 WRN] Failed to deliver message to consumer on 3f8787ce-7926-df6f-0b00-0000c424e1a7 for stream Default/BlobMessage/4d29994ef4704f97a7a069f80ac30df1, may retry.
System.Exception: Exception of type 'System.Exception' was thrown.
   at Moq.Behaviors.ThrowException.Execute(Invocation invocation) in /_/src/Moq/Behaviors/ThrowException.cs:line 22
   at Moq.Setup.Execute(Invocation invocation) in /_/src/Moq/Setup.cs:line 84
   at Moq.CastleProxyFactory.Interceptor.Intercept(IInvocation underlying) in /_/src/Moq/Interception/CastleProxyFactory.cs:line 107
   at Castle.DynamicProxy.AbstractInvocation.Proceed()
   at Orleans.Streaming.Grains.Tests.Streams.Grains.BlobReceiverGrain.OnNextAsync(BlobMessage message, StreamSequenceToken token) in C:\tmp\Orleans.Streaming.Grains\src\Orleans.Streaming.Grains.Tests.Shared\Streams\Grains\BlobReceiverGrain.cs:line 70
   at Orleans.Streams.StreamSubscriptionHandleImpl`1.DeliverBatch(IBatchContainer batch, StreamHandshakeToken handshakeToken)
   at Orleans.Streams.StreamConsumerExtension.DeliverBatch(GuidId subscriptionId, QualifiedStreamId streamId, IBatchContainer batch, StreamHandshakeToken handshakeToken) in /_/src/Orleans.Streaming/Internal/StreamConsumerExtension.cs:line 127
   at Orleans.Runtime.TaskRequest`1.Invoke() in /_/src/Orleans.Core.Abstractions/Runtime/GrainReference.cs:line 709
--- End of stack trace from previous location ---
   at Orleans.Serialization.Invocation.ResponseCompletionSource`1.GetResult(Int16 token) in /_/src/Orleans.Serialization/Invocation/ResponseCompletionSource.cs:line 227
   at System.Threading.Tasks.ValueTask`1.ValueTaskSourceAsTask.<>c.<.cctor>b__4_0(Object state)
--- End of stack trace from previous location ---
   at Orleans.Streams.PersistentStreamPullingAgent.DeliverBatchToConsumer(StreamConsumerData consumerData, IBatchContainer batch) in /_/src/Orleans.Streaming/PersistentStreams/PersistentStreamPullingAgent.cs:line 653
[17:28:47 WRN] Failed to deliver message to consumer on 1544bf5b-bf62-689d-0d00-0000c424e1a7 for stream Default/SimpleMessage/62026ce9484142078dfa7b1b9ea5e6fc, may retry.
System.Exception: Exception of type 'System.Exception' was thrown.
   at Moq.Behaviors.ThrowException.Execute(Invocation invocation) in /_/src/Moq/Behaviors/ThrowException.cs:line 22
   at Moq.Setup.Execute(Invocation invocation) in /_/src/Moq/Setup.cs:line 84
   at Moq.CastleProxyFactory.Interceptor.Intercept(IInvocation underlying) in /_/src/Moq/Interception/CastleProxyFactory.cs:line 107
   at Castle.DynamicProxy.AbstractInvocation.Proceed()
   at Orleans.Streaming.Grains.Tests.Streams.Grains.SimpleReceiverGrain.OnNextAsync(SimpleMessage message, StreamSequenceToken token) in C:\tmp\Orleans.Streaming.Grains\src\Orleans.Streaming.Grains.Tests.Shared\Streams\Grains\SimpleReceiverGrain.cs:line 58
   at Orleans.Streams.StreamSubscriptionHandleImpl`1.DeliverBatch(IBatchContainer batch, StreamHandshakeToken handshakeToken)
   at Orleans.Streams.StreamConsumerExtension.DeliverBatch(GuidId subscriptionId, QualifiedStreamId streamId, IBatchContainer batch, StreamHandshakeToken handshakeToken) in /_/src/Orleans.Streaming/Internal/StreamConsumerExtension.cs:line 127
   at Orleans.Runtime.TaskRequest`1.Invoke() in /_/src/Orleans.Core.Abstractions/Runtime/GrainReference.cs:line 709
--- End of stack trace from previous location ---
   at Orleans.Serialization.Invocation.ResponseCompletionSource`1.GetResult(Int16 token) in /_/src/Orleans.Serialization/Invocation/ResponseCompletionSource.cs:line 227
   at System.Threading.Tasks.ValueTask`1.ValueTaskSourceAsTask.<>c.<.cctor>b__4_0(Object state)
--- End of stack trace from previous location ---
   at Orleans.Streams.PersistentStreamPullingAgent.DeliverBatchToConsumer(StreamConsumerData consumerData, IBatchContainer batch) in /_/src/Orleans.Streaming/PersistentStreams/PersistentStreamPullingAgent.cs:line 653
[17:28:47 WRN] Failed to deliver message to consumer on 3f8787ce-fc25-eeb6-0b00-0000c424e1a7 for stream Default/BlobMessage/eb72923fb8664781be6433ff4166b720, may retry.
System.Exception: Exception of type 'System.Exception' was thrown.
   at Moq.Behaviors.ThrowException.Execute(Invocation invocation) in /_/src/Moq/Behaviors/ThrowException.cs:line 22
   at Moq.Setup.Execute(Invocation invocation) in /_/src/Moq/Setup.cs:line 84
   at Moq.CastleProxyFactory.Interceptor.Intercept(IInvocation underlying) in /_/src/Moq/Interception/CastleProxyFactory.cs:line 107
   at Castle.DynamicProxy.AbstractInvocation.Proceed()
   at Orleans.Streaming.Grains.Tests.Streams.Grains.BlobReceiverGrain.OnNextAsync(BlobMessage message, StreamSequenceToken token) in C:\tmp\Orleans.Streaming.Grains\src\Orleans.Streaming.Grains.Tests.Shared\Streams\Grains\BlobReceiverGrain.cs:line 70
   at Orleans.Streams.StreamSubscriptionHandleImpl`1.DeliverBatch(IBatchContainer batch, StreamHandshakeToken handshakeToken)
   at Orleans.Streams.StreamConsumerExtension.DeliverBatch(GuidId subscriptionId, QualifiedStreamId streamId, IBatchContainer batch, StreamHandshakeToken handshakeToken) in /_/src/Orleans.Streaming/Internal/StreamConsumerExtension.cs:line 127
   at Orleans.Runtime.TaskRequest`1.Invoke() in /_/src/Orleans.Core.Abstractions/Runtime/GrainReference.cs:line 709
--- End of stack trace from previous location ---
   at Orleans.Serialization.Invocation.ResponseCompletionSource`1.GetResult(Int16 token) in /_/src/Orleans.Serialization/Invocation/ResponseCompletionSource.cs:line 227
   at System.Threading.Tasks.ValueTask`1.ValueTaskSourceAsTask.<>c.<.cctor>b__4_0(Object state)
--- End of stack trace from previous location ---
   at Orleans.Streams.PersistentStreamPullingAgent.DeliverBatchToConsumer(StreamConsumerData consumerData, IBatchContainer batch) in /_/src/Orleans.Streaming/PersistentStreams/PersistentStreamPullingAgent.cs:line 653
[+58/x0/?2] Orleans.Streaming.Grains.Tests.dll (net10.0|x64) - Orleans.Streaming.Grains.Tests.Streams.Scenarios.When_Sending_Broadcast_Message_One_To_Many_Error.State_Should_Have_Poison_Single (51s)

[17:28:47 WRN] Failed to deliver message to consumer on 3f8787ce-e133-f43d-1000-0000c424e1a7 for stream Default/BroadcastMessage/2608f94bfeab46328d7c981da7d70a2e, may retry.
System.Exception: Exception of type 'System.Exception' was thrown.
   at Moq.Behaviors.ThrowException.Execute(Invocation invocation) in /_/src/Moq/Behaviors/ThrowException.cs:line 22
   at Moq.Setup.Execute(Invocation invocation) in /_/src/Moq/Setup.cs:line 84
   at Moq.CastleProxyFactory.Interceptor.Intercept(IInvocation underlying) in /_/src/Moq/Interception/CastleProxyFactory.cs:line 107
   at Castle.DynamicProxy.AbstractInvocation.Proceed()
   at Orleans.Streaming.Grains.Tests.Streams.Grains.BlobReceiverGrain.OnBroadcastAsync(BroadcastMessage message, StreamSequenceToken token) in C:\tmp\Orleans.Streaming.Grains\src\Orleans.Streaming.Grains.Tests.Shared\Streams\Grains\BlobReceiverGrain.cs:line 82
   at Orleans.Streams.StreamSubscriptionHandleImpl`1.DeliverBatch(IBatchContainer batch, StreamHandshakeToken handshakeToken)
   at Orleans.Streams.StreamConsumerExtension.DeliverBatch(GuidId subscriptionId, QualifiedStreamId streamId, IBatchContainer batch, StreamHandshakeToken handshakeToken) in /_/src/Orleans.Streaming/Internal/StreamConsumerExtension.cs:line 127
   at Orleans.Runtime.TaskRequest`1.Invoke() in /_/src/Orleans.Core.Abstractions/Runtime/GrainReference.cs:line 709
--- End of stack trace from previous location ---
   at Orleans.Serialization.Invocation.ResponseCompletionSource`1.GetResult(Int16 token) in /_/src/Orleans.Serialization/Invocation/ResponseCompletionSource.cs:line 227
   at System.Threading.Tasks.ValueTask`1.ValueTaskSourceAsTask.<>c.<.cctor>b__4_0(Object state)
--- End of stack trace from previous location ---
   at Orleans.Streams.PersistentStreamPullingAgent.DeliverBatchToConsumer(StreamConsumerData consumerData, IBatchContainer batch) in /_/src/Orleans.Streaming/PersistentStreams/PersistentStreamPullingAgent.cs:line 653
[17:28:47 WRN] Failed to deliver message to consumer on 3f8787ce-1c79-646f-0b00-0000c424e1a7 for stream Default/BlobMessage/a5cb9b6a09fd4c6fae67616a49e1ccee, may retry.
System.Exception: Exception of type 'System.Exception' was thrown.
   at Moq.Behaviors.ThrowException.Execute(Invocation invocation) in /_/src/Moq/Behaviors/ThrowException.cs:line 22
   at Moq.Setup.Execute(Invocation invocation) in /_/src/Moq/Setup.cs:line 84
   at Moq.CastleProxyFactory.Interceptor.Intercept(IInvocation underlying) in /_/src/Moq/Interception/CastleProxyFactory.cs:line 107
   at Castle.DynamicProxy.AbstractInvocation.Proceed()
   at Orleans.Streaming.Grains.Tests.Streams.Grains.BlobReceiverGrain.OnNextAsync(BlobMessage message, StreamSequenceToken token) in C:\tmp\Orleans.Streaming.Grains\src\Orleans.Streaming.Grains.Tests.Shared\Streams\Grains\BlobReceiverGrain.cs:line 70
   at Orleans.Streams.StreamSubscriptionHandleImpl`1.DeliverBatch(IBatchContainer batch, StreamHandshakeToken handshakeToken)
   at Orleans.Streams.StreamConsumerExtension.DeliverBatch(GuidId subscriptionId, QualifiedStreamId streamId, IBatchContainer batch, StreamHandshakeToken handshakeToken) in /_/src/Orleans.Streaming/Internal/StreamConsumerExtension.cs:line 127
   at Orleans.Runtime.TaskRequest`1.Invoke() in /_/src/Orleans.Core.Abstractions/Runtime/GrainReference.cs:line 709
--- End of stack trace from previous location ---
   at Orleans.Serialization.Invocation.ResponseCompletionSource`1.GetResult(Int16 token) in /_/src/Orleans.Serialization/Invocation/ResponseCompletionSource.cs:line 227
   at System.Threading.Tasks.ValueTask`1.ValueTaskSourceAsTask.<>c.<.cctor>b__4_0(Object state)
--- End of stack trace from previous location ---
   at Orleans.Streams.PersistentStreamPullingAgent.DeliverBatchToConsumer(StreamConsumerData consumerData, IBatchContainer batch) in /_/src/Orleans.Streaming/PersistentStreams/PersistentStreamPullingAgent.cs:line 653
[17:28:47 WRN] Failed to deliver message to consumer on 3f8787ce-301a-cb6f-1000-0000c424e1a7 for stream Default/BroadcastMessage/7f0e99e8907849cfa3179d2814356a78, may retry.
System.Exception: Exception of type 'System.Exception' was thrown.
   at Moq.Behaviors.ThrowException.Execute(Invocation invocation) in /_/src/Moq/Behaviors/ThrowException.cs:line 22
   at Moq.Setup.Execute(Invocation invocation) in /_/src/Moq/Setup.cs:line 84
   at Moq.CastleProxyFactory.Interceptor.Intercept(IInvocation underlying) in /_/src/Moq/Interception/CastleProxyFactory.cs:line 107
   at Castle.DynamicProxy.AbstractInvocation.Proceed()
   at Orleans.Streaming.Grains.Tests.Streams.Grains.BlobReceiverGrain.OnBroadcastAsync(BroadcastMessage message, StreamSequenceToken token) in C:\tmp\Orleans.Streaming.Grains\src\Orleans.Streaming.Grains.Tests.Shared\Streams\Grains\BlobReceiverGrain.cs:line 82
   at Orleans.Streams.StreamSubscriptionHandleImpl`1.DeliverBatch(IBatchContainer batch, StreamHandshakeToken handshakeToken)
   at Orleans.Streams.StreamConsumerExtension.DeliverBatch(GuidId subscriptionId, QualifiedStreamId streamId, IBatchContainer batch, StreamHandshakeToken handshakeToken) in /_/src/Orleans.Streaming/Internal/StreamConsumerExtension.cs:line 127
   at Orleans.Runtime.TaskRequest`1.Invoke() in /_/src/Orleans.Core.Abstractions/Runtime/GrainReference.cs:line 709
--- End of stack trace from previous location ---
   at Orleans.Serialization.Invocation.ResponseCompletionSource`1.GetResult(Int16 token) in /_/src/Orleans.Serialization/Invocation/ResponseCompletionSource.cs:line 227
   at System.Threading.Tasks.ValueTask`1.ValueTaskSourceAsTask.<>c.<.cctor>b__4_0(Object state)
--- End of stack trace from previous location ---
   at Orleans.Streams.PersistentStreamPullingAgent.DeliverBatchToConsumer(StreamConsumerData consumerData, IBatchContainer batch) in /_/src/Orleans.Streaming/PersistentStreams/PersistentStreamPullingAgent.cs:line 653
[17:28:48 WRN] Failed to deliver message to consumer on 1544bf5b-9705-c061-0d00-0000c424e1a7 for stream Default/SimpleMessage/9d0c97ec80ad43ffb99e695bab08c8a8, may retry.
System.Exception: Exception of type 'System.Exception' was thrown.
   at Moq.Behaviors.ThrowException.Execute(Invocation invocation) in /_/src/Moq/Behaviors/ThrowException.cs:line 22
   at Moq.Setup.Execute(Invocation invocation) in /_/src/Moq/Setup.cs:line 84
   at Moq.CastleProxyFactory.Interceptor.Intercept(IInvocation underlying) in /_/src/Moq/Interception/CastleProxyFactory.cs:line 107
   at Castle.DynamicProxy.AbstractInvocation.Proceed()
   at Orleans.Streaming.Grains.Tests.Streams.Grains.SimpleReceiverGrain.OnNextAsync(SimpleMessage message, StreamSequenceToken token) in C:\tmp\Orleans.Streaming.Grains\src\Orleans.Streaming.Grains.Tests.Shared\Streams\Grains\SimpleReceiverGrain.cs:line 58
   at Orleans.Streams.StreamSubscriptionHandleImpl`1.DeliverBatch(IBatchContainer batch, StreamHandshakeToken handshakeToken)
   at Orleans.Streams.StreamConsumerExtension.DeliverBatch(GuidId subscriptionId, QualifiedStreamId streamId, IBatchContainer batch, StreamHandshakeToken handshakeToken) in /_/src/Orleans.Streaming/Internal/StreamConsumerExtension.cs:line 127
   at Orleans.Runtime.TaskRequest`1.Invoke() in /_/src/Orleans.Core.Abstractions/Runtime/GrainReference.cs:line 709
--- End of stack trace from previous location ---
   at Orleans.Serialization.Invocation.ResponseCompletionSource`1.GetResult(Int16 token) in /_/src/Orleans.Serialization/Invocation/ResponseCompletionSource.cs:line 227
   at System.Threading.Tasks.ValueTask`1.ValueTaskSourceAsTask.<>c.<.cctor>b__4_0(Object state)
--- End of stack trace from previous location ---
   at Orleans.Streams.PersistentStreamPullingAgent.DeliverBatchToConsumer(StreamConsumerData consumerData, IBatchContainer batch) in /_/src/Orleans.Streaming/PersistentStreams/PersistentStreamPullingAgent.cs:line 653
[17:28:48 WRN] Failed to deliver message to consumer on 1544bf5b-6a55-94e1-0d00-0000c424e1a7 for stream Default/SimpleMessage/28c4e45a8efa44eb990d0bab1801a93a, may retry.
System.Exception: Exception of type 'System.Exception' was thrown.
   at Moq.Behaviors.ThrowException.Execute(Invocation invocation) in /_/src/Moq/Behaviors/ThrowException.cs:line 22
   at Moq.Setup.Execute(Invocation invocation) in /_/src/Moq/Setup.cs:line 84
   at Moq.CastleProxyFactory.Interceptor.Intercept(IInvocation underlying) in /_/src/Moq/Interception/CastleProxyFactory.cs:line 107
   at Castle.DynamicProxy.AbstractInvocation.Proceed()
   at Orleans.Streaming.Grains.Tests.Streams.Grains.SimpleReceiverGrain.OnNextAsync(SimpleMessage message, StreamSequenceToken token) in C:\tmp\Orleans.Streaming.Grains\src\Orleans.Streaming.Grains.Tests.Shared\Streams\Grains\SimpleReceiverGrain.cs:line 58
   at Orleans.Streams.StreamSubscriptionHandleImpl`1.DeliverBatch(IBatchContainer batch, StreamHandshakeToken handshakeToken)
   at Orleans.Streams.StreamConsumerExtension.DeliverBatch(GuidId subscriptionId, QualifiedStreamId streamId, IBatchContainer batch, StreamHandshakeToken handshakeToken) in /_/src/Orleans.Streaming/Internal/StreamConsumerExtension.cs:line 127
   at Orleans.Runtime.TaskRequest`1.Invoke() in /_/src/Orleans.Core.Abstractions/Runtime/GrainReference.cs:line 709
--- End of stack trace from previous location ---
   at Orleans.Serialization.Invocation.ResponseCompletionSource`1.GetResult(Int16 token) in /_/src/Orleans.Serialization/Invocation/ResponseCompletionSource.cs:line 227
   at System.Threading.Tasks.ValueTask`1.ValueTaskSourceAsTask.<>c.<.cctor>b__4_0(Object state)
--- End of stack trace from previous location ---
   at Orleans.Streams.PersistentStreamPullingAgent.DeliverBatchToConsumer(StreamConsumerData consumerData, IBatchContainer batch) in /_/src/Orleans.Streaming/PersistentStreams/PersistentStreamPullingAgent.cs:line 653
[17:28:48 WRN] Failed to deliver message to consumer on 1544bf5b-301a-cb6f-1000-0000c424e1a7 for stream Default/BroadcastMessage/7f0e99e8907849cfa3179d2814356a78, may retry.
System.Exception: Exception of type 'System.Exception' was thrown.
   at Moq.Behaviors.ThrowException.Execute(Invocation invocation) in /_/src/Moq/Behaviors/ThrowException.cs:line 22
   at Moq.Setup.Execute(Invocation invocation) in /_/src/Moq/Setup.cs:line 84
   at Moq.CastleProxyFactory.Interceptor.Intercept(IInvocation underlying) in /_/src/Moq/Interception/CastleProxyFactory.cs:line 107
   at Castle.DynamicProxy.AbstractInvocation.Proceed()
   at Orleans.Streaming.Grains.Tests.Streams.Grains.SimpleReceiverGrain.OnBroadcastAsync(BroadcastMessage message, StreamSequenceToken token) in C:\tmp\Orleans.Streaming.Grains\src\Orleans.Streaming.Grains.Tests.Shared\Streams\Grains\SimpleReceiverGrain.cs:line 70
   at Orleans.Streams.StreamSubscriptionHandleImpl`1.DeliverBatch(IBatchContainer batch, StreamHandshakeToken handshakeToken)
   at Orleans.Streams.StreamConsumerExtension.DeliverBatch(GuidId subscriptionId, QualifiedStreamId streamId, IBatchContainer batch, StreamHandshakeToken handshakeToken) in /_/src/Orleans.Streaming/Internal/StreamConsumerExtension.cs:line 127
   at Orleans.Runtime.TaskRequest`1.Invoke() in /_/src/Orleans.Core.Abstractions/Runtime/GrainReference.cs:line 709
--- End of stack trace from previous location ---
   at Orleans.Serialization.Invocation.ResponseCompletionSource`1.GetResult(Int16 token) in /_/src/Orleans.Serialization/Invocation/ResponseCompletionSource.cs:line 227
   at System.Threading.Tasks.ValueTask`1.ValueTaskSourceAsTask.<>c.<.cctor>b__4_0(Object state)
--- End of stack trace from previous location ---
   at Orleans.Streams.PersistentStreamPullingAgent.DeliverBatchToConsumer(StreamConsumerData consumerData, IBatchContainer batch) in /_/src/Orleans.Streaming/PersistentStreams/PersistentStreamPullingAgent.cs:line 653
[17:28:48 WRN] Failed to deliver message to consumer on 3f8787ce-7926-df6f-0b00-0000c424e1a7 for stream Default/BlobMessage/4d29994ef4704f97a7a069f80ac30df1, may retry.
System.Exception: Exception of type 'System.Exception' was thrown.
   at Moq.Behaviors.ThrowException.Execute(Invocation invocation) in /_/src/Moq/Behaviors/ThrowException.cs:line 22
   at Moq.Setup.Execute(Invocation invocation) in /_/src/Moq/Setup.cs:line 84
   at Moq.CastleProxyFactory.Interceptor.Intercept(IInvocation underlying) in /_/src/Moq/Interception/CastleProxyFactory.cs:line 107
   at Castle.DynamicProxy.AbstractInvocation.Proceed()
   at Orleans.Streaming.Grains.Tests.Streams.Grains.BlobReceiverGrain.OnNextAsync(BlobMessage message, StreamSequenceToken token) in C:\tmp\Orleans.Streaming.Grains\src\Orleans.Streaming.Grains.Tests.Shared\Streams\Grains\BlobReceiverGrain.cs:line 70
   at Orleans.Streams.StreamSubscriptionHandleImpl`1.DeliverBatch(IBatchContainer batch, StreamHandshakeToken handshakeToken)
   at Orleans.Streams.StreamConsumerExtension.DeliverBatch(GuidId subscriptionId, QualifiedStreamId streamId, IBatchContainer batch, StreamHandshakeToken handshakeToken) in /_/src/Orleans.Streaming/Internal/StreamConsumerExtension.cs:line 127
   at Orleans.Runtime.TaskRequest`1.Invoke() in /_/src/Orleans.Core.Abstractions/Runtime/GrainReference.cs:line 709
--- End of stack trace from previous location ---
   at Orleans.Serialization.Invocation.ResponseCompletionSource`1.GetResult(Int16 token) in /_/src/Orleans.Serialization/Invocation/ResponseCompletionSource.cs:line 227
   at System.Threading.Tasks.ValueTask`1.ValueTaskSourceAsTask.<>c.<.cctor>b__4_0(Object state)
--- End of stack trace from previous location ---
   at Orleans.Streams.PersistentStreamPullingAgent.DeliverBatchToConsumer(StreamConsumerData consumerData, IBatchContainer batch) in /_/src/Orleans.Streaming/PersistentStreams/PersistentStreamPullingAgent.cs:line 653
[17:28:48 WRN] Failed to deliver message to consumer on 3f8787ce-004e-3365-0b00-0000c424e1a7 for stream Default/BlobMessage/62026ce9484142078dfa7b1b9ea5e6fc, may retry.
System.Exception: Exception of type 'System.Exception' was thrown.
   at Moq.Behaviors.ThrowException.Execute(Invocation invocation) in /_/src/Moq/Behaviors/ThrowException.cs:line 22
   at Moq.Setup.Execute(Invocation invocation) in /_/src/Moq/Setup.cs:line 84
   at Moq.CastleProxyFactory.Interceptor.Intercept(IInvocation underlying) in /_/src/Moq/Interception/CastleProxyFactory.cs:line 107
   at Castle.DynamicProxy.AbstractInvocation.Proceed()
   at Orleans.Streaming.Grains.Tests.Streams.Grains.BlobReceiverGrain.OnNextAsync(BlobMessage message, StreamSequenceToken token) in C:\tmp\Orleans.Streaming.Grains\src\Orleans.Streaming.Grains.Tests.Shared\Streams\Grains\BlobReceiverGrain.cs:line 70
   at Orleans.Streams.StreamSubscriptionHandleImpl`1.DeliverBatch(IBatchContainer batch, StreamHandshakeToken handshakeToken)
   at Orleans.Streams.StreamConsumerExtension.DeliverBatch(GuidId subscriptionId, QualifiedStreamId streamId, IBatchContainer batch, StreamHandshakeToken handshakeToken) in /_/src/Orleans.Streaming/Internal/StreamConsumerExtension.cs:line 127
   at Orleans.Runtime.TaskRequest`1.Invoke() in /_/src/Orleans.Core.Abstractions/Runtime/GrainReference.cs:line 709
--- End of stack trace from previous location ---
   at Orleans.Serialization.Invocation.ResponseCompletionSource`1.GetResult(Int16 token) in /_/src/Orleans.Serialization/Invocation/ResponseCompletionSource.cs:line 227
   at System.Threading.Tasks.ValueTask`1.ValueTaskSourceAsTask.<>c.<.cctor>b__4_0(Object state)
--- End of stack trace from previous location ---
   at Orleans.Streams.PersistentStreamPullingAgent.DeliverBatchToConsumer(StreamConsumerData consumerData, IBatchContainer batch) in /_/src/Orleans.Streaming/PersistentStreams/PersistentStreamPullingAgent.cs:line 653
[17:28:48 WRN] Failed to deliver message to consumer on 3f8787ce-d885-b228-1000-0000c424e1a7 for stream Default/BroadcastMessage/99734a4c318348dab8a5387857bb2680, may retry.
System.Exception: Exception of type 'System.Exception' was thrown.
   at Moq.Behaviors.ThrowException.Execute(Invocation invocation) in /_/src/Moq/Behaviors/ThrowException.cs:line 22
   at Moq.Setup.Execute(Invocation invocation) in /_/src/Moq/Setup.cs:line 84
   at Moq.CastleProxyFactory.Interceptor.Intercept(IInvocation underlying) in /_/src/Moq/Interception/CastleProxyFactory.cs:line 107
   at Castle.DynamicProxy.AbstractInvocation.Proceed()
   at Orleans.Streaming.Grains.Tests.Streams.Grains.BlobReceiverGrain.OnBroadcastAsync(BroadcastMessage message, StreamSequenceToken token) in C:\tmp\Orleans.Streaming.Grains\src\Orleans.Streaming.Grains.Tests.Shared\Streams\Grains\BlobReceiverGrain.cs:line 82
   at Orleans.Streams.StreamSubscriptionHandleImpl`1.DeliverBatch(IBatchContainer batch, StreamHandshakeToken handshakeToken)
   at Orleans.Streams.StreamConsumerExtension.DeliverBatch(GuidId subscriptionId, QualifiedStreamId streamId, IBatchContainer batch, StreamHandshakeToken handshakeToken) in /_/src/Orleans.Streaming/Internal/StreamConsumerExtension.cs:line 127
   at Orleans.Runtime.TaskRequest`1.Invoke() in /_/src/Orleans.Core.Abstractions/Runtime/GrainReference.cs:line 709
--- End of stack trace from previous location ---
   at Orleans.Serialization.Invocation.ResponseCompletionSource`1.GetResult(Int16 token) in /_/src/Orleans.Serialization/Invocation/ResponseCompletionSource.cs:line 227
   at System.Threading.Tasks.ValueTask`1.ValueTaskSourceAsTask.<>c.<.cctor>b__4_0(Object state)
--- End of stack trace from previous location ---
   at Orleans.Streams.PersistentStreamPullingAgent.DeliverBatchToConsumer(StreamConsumerData consumerData, IBatchContainer batch) in /_/src/Orleans.Streaming/PersistentStreams/PersistentStreamPullingAgent.cs:line 653
[17:28:48 WRN] Failed to deliver message to consumer on 1544bf5b-d885-b228-1000-0000c424e1a7 for stream Default/BroadcastMessage/99734a4c318348dab8a5387857bb2680, may retry.
System.Exception: Exception of type 'System.Exception' was thrown.
   at Moq.Behaviors.ThrowException.Execute(Invocation invocation) in /_/src/Moq/Behaviors/ThrowException.cs:line 22
   at Moq.Setup.Execute(Invocation invocation) in /_/src/Moq/Setup.cs:line 84
   at Moq.CastleProxyFactory.Interceptor.Intercept(IInvocation underlying) in /_/src/Moq/Interception/CastleProxyFactory.cs:line 107
   at Castle.DynamicProxy.AbstractInvocation.Proceed()
   at Orleans.Streaming.Grains.Tests.Streams.Grains.SimpleReceiverGrain.OnBroadcastAsync(BroadcastMessage message, StreamSequenceToken token) in C:\tmp\Orleans.Streaming.Grains\src\Orleans.Streaming.Grains.Tests.Shared\Streams\Grains\SimpleReceiverGrain.cs:line 70
   at Orleans.Streams.StreamSubscriptionHandleImpl`1.DeliverBatch(IBatchContainer batch, StreamHandshakeToken handshakeToken)
   at Orleans.Streams.StreamConsumerExtension.DeliverBatch(GuidId subscriptionId, QualifiedStreamId streamId, IBatchContainer batch, StreamHandshakeToken handshakeToken) in /_/src/Orleans.Streaming/Internal/StreamConsumerExtension.cs:line 127
   at Orleans.Runtime.TaskRequest`1.Invoke() in /_/src/Orleans.Core.Abstractions/Runtime/GrainReference.cs:line 709
--- End of stack trace from previous location ---
   at Orleans.Serialization.Invocation.ResponseCompletionSource`1.GetResult(Int16 token) in /_/src/Orleans.Serialization/Invocation/ResponseCompletionSource.cs:line 227
   at System.Threading.Tasks.ValueTask`1.ValueTaskSourceAsTask.<>c.<.cctor>b__4_0(Object state)
--- End of stack trace from previous location ---
   at Orleans.Streams.PersistentStreamPullingAgent.DeliverBatchToConsumer(StreamConsumerData consumerData, IBatchContainer batch) in /_/src/Orleans.Streaming/PersistentStreams/PersistentStreamPullingAgent.cs:line 653
[17:28:48 WRN] Failed to deliver message to consumer on 1544bf5b-1749-42c3-0d00-0000c424e1a7 for stream Default/SimpleMessage/4d29994ef4704f97a7a069f80ac30df1, may retry.
System.Exception: Exception of type 'System.Exception' was thrown.
   at Moq.Behaviors.ThrowException.Execute(Invocation invocation) in /_/src/Moq/Behaviors/ThrowException.cs:line 22
   at Moq.Setup.Execute(Invocation invocation) in /_/src/Moq/Setup.cs:line 84
   at Moq.CastleProxyFactory.Interceptor.Intercept(IInvocation underlying) in /_/src/Moq/Interception/CastleProxyFactory.cs:line 107
   at Castle.DynamicProxy.AbstractInvocation.Proceed()
   at Orleans.Streaming.Grains.Tests.Streams.Grains.SimpleReceiverGrain.OnNextAsync(SimpleMessage message, StreamSequenceToken token) in C:\tmp\Orleans.Streaming.Grains\src\Orleans.Streaming.Grains.Tests.Shared\Streams\Grains\SimpleReceiverGrain.cs:line 58
   at Orleans.Streams.StreamSubscriptionHandleImpl`1.DeliverBatch(IBatchContainer batch, StreamHandshakeToken handshakeToken)
   at Orleans.Streams.StreamConsumerExtension.DeliverBatch(GuidId subscriptionId, QualifiedStreamId streamId, IBatchContainer batch, StreamHandshakeToken handshakeToken) in /_/src/Orleans.Streaming/Internal/StreamConsumerExtension.cs:line 127
   at Orleans.Runtime.TaskRequest`1.Invoke() in /_/src/Orleans.Core.Abstractions/Runtime/GrainReference.cs:line 709
--- End of stack trace from previous location ---
   at Orleans.Serialization.Invocation.ResponseCompletionSource`1.GetResult(Int16 token) in /_/src/Orleans.Serialization/Invocation/ResponseCompletionSource.cs:line 227
   at System.Threading.Tasks.ValueTask`1.ValueTaskSourceAsTask.<>c.<.cctor>b__4_0(Object state)
--- End of stack trace from previous location ---
   at Orleans.Streams.PersistentStreamPullingAgent.DeliverBatchToConsumer(StreamConsumerData consumerData, IBatchContainer batch) in /_/src/Orleans.Streaming/PersistentStreams/PersistentStreamPullingAgent.cs:line 653
[17:28:48 WRN] Failed to deliver message to consumer on 3f8787ce-fc25-eeb6-0b00-0000c424e1a7 for stream Default/BlobMessage/eb72923fb8664781be6433ff4166b720, may retry.
System.Exception: Exception of type 'System.Exception' was thrown.
   at Moq.Behaviors.ThrowException.Execute(Invocation invocation) in /_/src/Moq/Behaviors/ThrowException.cs:line 22
   at Moq.Setup.Execute(Invocation invocation) in /_/src/Moq/Setup.cs:line 84
   at Moq.CastleProxyFactory.Interceptor.Intercept(IInvocation underlying) in /_/src/Moq/Interception/CastleProxyFactory.cs:line 107
   at Castle.DynamicProxy.AbstractInvocation.Proceed()
   at Orleans.Streaming.Grains.Tests.Streams.Grains.BlobReceiverGrain.OnNextAsync(BlobMessage message, StreamSequenceToken token) in C:\tmp\Orleans.Streaming.Grains\src\Orleans.Streaming.Grains.Tests.Shared\Streams\Grains\BlobReceiverGrain.cs:line 70
   at Orleans.Streams.StreamSubscriptionHandleImpl`1.DeliverBatch(IBatchContainer batch, StreamHandshakeToken handshakeToken)
   at Orleans.Streams.StreamConsumerExtension.DeliverBatch(GuidId subscriptionId, QualifiedStreamId streamId, IBatchContainer batch, StreamHandshakeToken handshakeToken) in /_/src/Orleans.Streaming/Internal/StreamConsumerExtension.cs:line 127
   at Orleans.Runtime.TaskRequest`1.Invoke() in /_/src/Orleans.Core.Abstractions/Runtime/GrainReference.cs:line 709
--- End of stack trace from previous location ---
   at Orleans.Serialization.Invocation.ResponseCompletionSource`1.GetResult(Int16 token) in /_/src/Orleans.Serialization/Invocation/ResponseCompletionSource.cs:line 227
   at System.Threading.Tasks.ValueTask`1.ValueTaskSourceAsTask.<>c.<.cctor>b__4_0(Object state)
--- End of stack trace from previous location ---
   at Orleans.Streams.PersistentStreamPullingAgent.DeliverBatchToConsumer(StreamConsumerData consumerData, IBatchContainer batch) in /_/src/Orleans.Streaming/PersistentStreams/PersistentStreamPullingAgent.cs:line 653
[17:28:48 WRN] Failed to deliver message to consumer on 1544bf5b-3651-08cd-0d00-0000c424e1a7 for stream Default/SimpleMessage/00a5382798534182ab5f6c1826da210d, may retry.
System.Exception: Exception of type 'System.Exception' was thrown.
   at Moq.Behaviors.ThrowException.Execute(Invocation invocation) in /_/src/Moq/Behaviors/ThrowException.cs:line 22
   at Moq.Setup.Execute(Invocation invocation) in /_/src/Moq/Setup.cs:line 84
   at Moq.CastleProxyFactory.Interceptor.Intercept(IInvocation underlying) in /_/src/Moq/Interception/CastleProxyFactory.cs:line 107
   at Castle.DynamicProxy.AbstractInvocation.Proceed()
   at Orleans.Streaming.Grains.Tests.Streams.Grains.SimpleReceiverGrain.OnNextAsync(SimpleMessage message, StreamSequenceToken token) in C:\tmp\Orleans.Streaming.Grains\src\Orleans.Streaming.Grains.Tests.Shared\Streams\Grains\SimpleReceiverGrain.cs:line 58
   at Orleans.Streams.StreamSubscriptionHandleImpl`1.DeliverBatch(IBatchContainer batch, StreamHandshakeToken handshakeToken)
   at Orleans.Streams.StreamConsumerExtension.DeliverBatch(GuidId subscriptionId, QualifiedStreamId streamId, IBatchContainer batch, StreamHandshakeToken handshakeToken) in /_/src/Orleans.Streaming/Internal/StreamConsumerExtension.cs:line 127
   at Orleans.Runtime.TaskRequest`1.Invoke() in /_/src/Orleans.Core.Abstractions/Runtime/GrainReference.cs:line 709
--- End of stack trace from previous location ---
   at Orleans.Serialization.Invocation.ResponseCompletionSource`1.GetResult(Int16 token) in /_/src/Orleans.Serialization/Invocation/ResponseCompletionSource.cs:line 227
   at System.Threading.Tasks.ValueTask`1.ValueTaskSourceAsTask.<>c.<.cctor>b__4_0(Object state)
--- End of stack trace from previous location ---
   at Orleans.Streams.PersistentStreamPullingAgent.DeliverBatchToConsumer(StreamConsumerData consumerData, IBatchContainer batch) in /_/src/Orleans.Streaming/PersistentStreams/PersistentStreamPullingAgent.cs:line 653
[17:28:49 WRN] Failed to deliver message to consumer on 3f8787ce-4fa9-7abb-0b00-0000c424e1a7 for stream Default/BlobMessage/7800a671914443609ec3d06e26bafb78, may retry.
System.Exception: Exception of type 'System.Exception' was thrown.
   at Moq.Behaviors.ThrowException.Execute(Invocation invocation) in /_/src/Moq/Behaviors/ThrowException.cs:line 22
   at Moq.Setup.Execute(Invocation invocation) in /_/src/Moq/Setup.cs:line 84
   at Moq.CastleProxyFactory.Interceptor.Intercept(IInvocation underlying) in /_/src/Moq/Interception/CastleProxyFactory.cs:line 107
   at Castle.DynamicProxy.AbstractInvocation.Proceed()
   at Orleans.Streaming.Grains.Tests.Streams.Grains.BlobReceiverGrain.OnNextAsync(BlobMessage message, StreamSequenceToken token) in C:\tmp\Orleans.Streaming.Grains\src\Orleans.Streaming.Grains.Tests.Shared\Streams\Grains\BlobReceiverGrain.cs:line 70
   at Orleans.Streams.StreamSubscriptionHandleImpl`1.DeliverBatch(IBatchContainer batch, StreamHandshakeToken handshakeToken)
   at Orleans.Streams.StreamConsumerExtension.DeliverBatch(GuidId subscriptionId, QualifiedStreamId streamId, IBatchContainer batch, StreamHandshakeToken handshakeToken) in /_/src/Orleans.Streaming/Internal/StreamConsumerExtension.cs:line 127
   at Orleans.Runtime.TaskRequest`1.Invoke() in /_/src/Orleans.Core.Abstractions/Runtime/GrainReference.cs:line 709
--- End of stack trace from previous location ---
   at Orleans.Serialization.Invocation.ResponseCompletionSource`1.GetResult(Int16 token) in /_/src/Orleans.Serialization/Invocation/ResponseCompletionSource.cs:line 227
   at System.Threading.Tasks.ValueTask`1.ValueTaskSourceAsTask.<>c.<.cctor>b__4_0(Object state)
--- End of stack trace from previous location ---
   at Orleans.Streams.PersistentStreamPullingAgent.DeliverBatchToConsumer(StreamConsumerData consumerData, IBatchContainer batch) in /_/src/Orleans.Streaming/PersistentStreams/PersistentStreamPullingAgent.cs:line 653
[17:28:49 WRN] Failed to deliver message to consumer on 1544bf5b-5d91-53ab-0d00-0000c424e1a7 for stream Default/SimpleMessage/9f1fe184038c486fa9bb5423ae9f01b1, may retry.
System.Exception: Exception of type 'System.Exception' was thrown.
   at Moq.Behaviors.ThrowException.Execute(Invocation invocation) in /_/src/Moq/Behaviors/ThrowException.cs:line 22
   at Moq.Setup.Execute(Invocation invocation) in /_/src/Moq/Setup.cs:line 84
   at Moq.CastleProxyFactory.Interceptor.Intercept(IInvocation underlying) in /_/src/Moq/Interception/CastleProxyFactory.cs:line 107
   at Castle.DynamicProxy.AbstractInvocation.Proceed()
   at Orleans.Streaming.Grains.Tests.Streams.Grains.SimpleReceiverGrain.OnNextAsync(SimpleMessage message, StreamSequenceToken token) in C:\tmp\Orleans.Streaming.Grains\src\Orleans.Streaming.Grains.Tests.Shared\Streams\Grains\SimpleReceiverGrain.cs:line 58
   at Orleans.Streams.StreamSubscriptionHandleImpl`1.DeliverBatch(IBatchContainer batch, StreamHandshakeToken handshakeToken)
   at Orleans.Streams.StreamConsumerExtension.DeliverBatch(GuidId subscriptionId, QualifiedStreamId streamId, IBatchContainer batch, StreamHandshakeToken handshakeToken) in /_/src/Orleans.Streaming/Internal/StreamConsumerExtension.cs:line 127
   at Orleans.Runtime.TaskRequest`1.Invoke() in /_/src/Orleans.Core.Abstractions/Runtime/GrainReference.cs:line 709
--- End of stack trace from previous location ---
   at Orleans.Serialization.Invocation.ResponseCompletionSource`1.GetResult(Int16 token) in /_/src/Orleans.Serialization/Invocation/ResponseCompletionSource.cs:line 227
   at System.Threading.Tasks.ValueTask`1.ValueTaskSourceAsTask.<>c.<.cctor>b__4_0(Object state)
--- End of stack trace from previous location ---
   at Orleans.Streams.PersistentStreamPullingAgent.DeliverBatchToConsumer(StreamConsumerData consumerData, IBatchContainer batch) in /_/src/Orleans.Streaming/PersistentStreams/PersistentStreamPullingAgent.cs:line 653
[17:28:49 WRN] Failed to deliver message to consumer on 1544bf5b-3f05-eb51-0d00-0000c424e1a7 for stream Default/SimpleMessage/a5cb9b6a09fd4c6fae67616a49e1ccee, may retry.
System.Exception: Exception of type 'System.Exception' was thrown.
   at Moq.Behaviors.ThrowException.Execute(Invocation invocation) in /_/src/Moq/Behaviors/ThrowException.cs:line 22
   at Moq.Setup.Execute(Invocation invocation) in /_/src/Moq/Setup.cs:line 84
   at Moq.CastleProxyFactory.Interceptor.Intercept(IInvocation underlying) in /_/src/Moq/Interception/CastleProxyFactory.cs:line 107
   at Castle.DynamicProxy.AbstractInvocation.Proceed()
   at Orleans.Streaming.Grains.Tests.Streams.Grains.SimpleReceiverGrain.OnNextAsync(SimpleMessage message, StreamSequenceToken token) in C:\tmp\Orleans.Streaming.Grains\src\Orleans.Streaming.Grains.Tests.Shared\Streams\Grains\SimpleReceiverGrain.cs:line 58
   at Orleans.Streams.StreamSubscriptionHandleImpl`1.DeliverBatch(IBatchContainer batch, StreamHandshakeToken handshakeToken)
   at Orleans.Streams.StreamConsumerExtension.DeliverBatch(GuidId subscriptionId, QualifiedStreamId streamId, IBatchContainer batch, StreamHandshakeToken handshakeToken) in /_/src/Orleans.Streaming/Internal/StreamConsumerExtension.cs:line 127
   at Orleans.Runtime.TaskRequest`1.Invoke() in /_/src/Orleans.Core.Abstractions/Runtime/GrainReference.cs:line 709
--- End of stack trace from previous location ---
   at Orleans.Serialization.Invocation.ResponseCompletionSource`1.GetResult(Int16 token) in /_/src/Orleans.Serialization/Invocation/ResponseCompletionSource.cs:line 227
   at System.Threading.Tasks.ValueTask`1.ValueTaskSourceAsTask.<>c.<.cctor>b__4_0(Object state)
--- End of stack trace from previous location ---
   at Orleans.Streams.PersistentStreamPullingAgent.DeliverBatchToConsumer(StreamConsumerData consumerData, IBatchContainer batch) in /_/src/Orleans.Streaming/PersistentStreams/PersistentStreamPullingAgent.cs:line 653
[17:28:49 WRN] Failed to deliver message to consumer on 3f8787ce-88f2-4df0-0b00-0000c424e1a7 for stream Default/BlobMessage/00a5382798534182ab5f6c1826da210d, may retry.
System.Exception: Exception of type 'System.Exception' was thrown.
   at Moq.Behaviors.ThrowException.Execute(Invocation invocation) in /_/src/Moq/Behaviors/ThrowException.cs:line 22
   at Moq.Setup.Execute(Invocation invocation) in /_/src/Moq/Setup.cs:line 84
   at Moq.CastleProxyFactory.Interceptor.Intercept(IInvocation underlying) in /_/src/Moq/Interception/CastleProxyFactory.cs:line 107
   at Castle.DynamicProxy.AbstractInvocation.Proceed()
   at Orleans.Streaming.Grains.Tests.Streams.Grains.BlobReceiverGrain.OnNextAsync(BlobMessage message, StreamSequenceToken token) in C:\tmp\Orleans.Streaming.Grains\src\Orleans.Streaming.Grains.Tests.Shared\Streams\Grains\BlobReceiverGrain.cs:line 70
   at Orleans.Streams.StreamSubscriptionHandleImpl`1.DeliverBatch(IBatchContainer batch, StreamHandshakeToken handshakeToken)
   at Orleans.Streams.StreamConsumerExtension.DeliverBatch(GuidId subscriptionId, QualifiedStreamId streamId, IBatchContainer batch, StreamHandshakeToken handshakeToken) in /_/src/Orleans.Streaming/Internal/StreamConsumerExtension.cs:line 127
   at Orleans.Runtime.TaskRequest`1.Invoke() in /_/src/Orleans.Core.Abstractions/Runtime/GrainReference.cs:line 709
--- End of stack trace from previous location ---
   at Orleans.Serialization.Invocation.ResponseCompletionSource`1.GetResult(Int16 token) in /_/src/Orleans.Serialization/Invocation/ResponseCompletionSource.cs:line 227
   at System.Threading.Tasks.ValueTask`1.ValueTaskSourceAsTask.<>c.<.cctor>b__4_0(Object state)
--- End of stack trace from previous location ---
   at Orleans.Streams.PersistentStreamPullingAgent.DeliverBatchToConsumer(StreamConsumerData consumerData, IBatchContainer batch) in /_/src/Orleans.Streaming/PersistentStreams/PersistentStreamPullingAgent.cs:line 653
[17:28:49 WRN] Failed to deliver message to consumer on 1544bf5b-093d-1839-0d00-0000c424e1a7 for stream Default/SimpleMessage/dfb27d29a5b7439e8b84b0be3c4f1ef3, may retry.
System.Exception: Exception of type 'System.Exception' was thrown.
   at Moq.Behaviors.ThrowException.Execute(Invocation invocation) in /_/src/Moq/Behaviors/ThrowException.cs:line 22
   at Moq.Setup.Execute(Invocation invocation) in /_/src/Moq/Setup.cs:line 84
   at Moq.CastleProxyFactory.Interceptor.Intercept(IInvocation underlying) in /_/src/Moq/Interception/CastleProxyFactory.cs:line 107
   at Castle.DynamicProxy.AbstractInvocation.Proceed()
   at Orleans.Streaming.Grains.Tests.Streams.Grains.SimpleReceiverGrain.OnNextAsync(SimpleMessage message, StreamSequenceToken token) in C:\tmp\Orleans.Streaming.Grains\src\Orleans.Streaming.Grains.Tests.Shared\Streams\Grains\SimpleReceiverGrain.cs:line 58
   at Orleans.Streams.StreamSubscriptionHandleImpl`1.DeliverBatch(IBatchContainer batch, StreamHandshakeToken handshakeToken)
   at Orleans.Streams.StreamConsumerExtension.DeliverBatch(GuidId subscriptionId, QualifiedStreamId streamId, IBatchContainer batch, StreamHandshakeToken handshakeToken) in /_/src/Orleans.Streaming/Internal/StreamConsumerExtension.cs:line 127
   at Orleans.Runtime.TaskRequest`1.Invoke() in /_/src/Orleans.Core.Abstractions/Runtime/GrainReference.cs:line 709
--- End of stack trace from previous location ---
   at Orleans.Serialization.Invocation.ResponseCompletionSource`1.GetResult(Int16 token) in /_/src/Orleans.Serialization/Invocation/ResponseCompletionSource.cs:line 227
   at System.Threading.Tasks.ValueTask`1.ValueTaskSourceAsTask.<>c.<.cctor>b__4_0(Object state)
--- End of stack trace from previous location ---
   at Orleans.Streams.PersistentStreamPullingAgent.DeliverBatchToConsumer(StreamConsumerData consumerData, IBatchContainer batch) in /_/src/Orleans.Streaming/PersistentStreams/PersistentStreamPullingAgent.cs:line 653
[17:28:49 WRN] Failed to deliver message to consumer on 1544bf5b-e133-f43d-1000-0000c424e1a7 for stream Default/BroadcastMessage/2608f94bfeab46328d7c981da7d70a2e, may retry.
System.Exception: Exception of type 'System.Exception' was thrown.
   at Moq.Behaviors.ThrowException.Execute(Invocation invocation) in /_/src/Moq/Behaviors/ThrowException.cs:line 22
   at Moq.Setup.Execute(Invocation invocation) in /_/src/Moq/Setup.cs:line 84
   at Moq.CastleProxyFactory.Interceptor.Intercept(IInvocation underlying) in /_/src/Moq/Interception/CastleProxyFactory.cs:line 107
   at Castle.DynamicProxy.AbstractInvocation.Proceed()
   at Orleans.Streaming.Grains.Tests.Streams.Grains.SimpleReceiverGrain.OnBroadcastAsync(BroadcastMessage message, StreamSequenceToken token) in C:\tmp\Orleans.Streaming.Grains\src\Orleans.Streaming.Grains.Tests.Shared\Streams\Grains\SimpleReceiverGrain.cs:line 70
   at Orleans.Streams.StreamSubscriptionHandleImpl`1.DeliverBatch(IBatchContainer batch, StreamHandshakeToken handshakeToken)
   at Orleans.Streams.StreamConsumerExtension.DeliverBatch(GuidId subscriptionId, QualifiedStreamId streamId, IBatchContainer batch, StreamHandshakeToken handshakeToken) in /_/src/Orleans.Streaming/Internal/StreamConsumerExtension.cs:line 127
   at Orleans.Runtime.TaskRequest`1.Invoke() in /_/src/Orleans.Core.Abstractions/Runtime/GrainReference.cs:line 709
--- End of stack trace from previous location ---
   at Orleans.Serialization.Invocation.ResponseCompletionSource`1.GetResult(Int16 token) in /_/src/Orleans.Serialization/Invocation/ResponseCompletionSource.cs:line 227
   at System.Threading.Tasks.ValueTask`1.ValueTaskSourceAsTask.<>c.<.cctor>b__4_0(Object state)
--- End of stack trace from previous location ---
   at Orleans.Streams.PersistentStreamPullingAgent.DeliverBatchToConsumer(StreamConsumerData consumerData, IBatchContainer batch) in /_/src/Orleans.Streaming/PersistentStreams/PersistentStreamPullingAgent.cs:line 653
[17:28:49 WRN] Failed to deliver message to consumer on 1544bf5b-2257-6292-0d00-0000c424e1a7 for stream Default/SimpleMessage/7800a671914443609ec3d06e26bafb78, may retry.
System.Exception: Exception of type 'System.Exception' was thrown.
   at Moq.Behaviors.ThrowException.Execute(Invocation invocation) in /_/src/Moq/Behaviors/ThrowException.cs:line 22
   at Moq.Setup.Execute(Invocation invocation) in /_/src/Moq/Setup.cs:line 84
   at Moq.CastleProxyFactory.Interceptor.Intercept(IInvocation underlying) in /_/src/Moq/Interception/CastleProxyFactory.cs:line 107
   at Castle.DynamicProxy.AbstractInvocation.Proceed()
   at Orleans.Streaming.Grains.Tests.Streams.Grains.SimpleReceiverGrain.OnNextAsync(SimpleMessage message, StreamSequenceToken token) in C:\tmp\Orleans.Streaming.Grains\src\Orleans.Streaming.Grains.Tests.Shared\Streams\Grains\SimpleReceiverGrain.cs:line 58
   at Orleans.Streams.StreamSubscriptionHandleImpl`1.DeliverBatch(IBatchContainer batch, StreamHandshakeToken handshakeToken)
   at Orleans.Streams.StreamConsumerExtension.DeliverBatch(GuidId subscriptionId, QualifiedStreamId streamId, IBatchContainer batch, StreamHandshakeToken handshakeToken) in /_/src/Orleans.Streaming/Internal/StreamConsumerExtension.cs:line 127
   at Orleans.Runtime.TaskRequest`1.Invoke() in /_/src/Orleans.Core.Abstractions/Runtime/GrainReference.cs:line 709
--- End of stack trace from previous location ---
   at Orleans.Serialization.Invocation.ResponseCompletionSource`1.GetResult(Int16 token) in /_/src/Orleans.Serialization/Invocation/ResponseCompletionSource.cs:line 227
   at System.Threading.Tasks.ValueTask`1.ValueTaskSourceAsTask.<>c.<.cctor>b__4_0(Object state)
--- End of stack trace from previous location ---
   at Orleans.Streams.PersistentStreamPullingAgent.DeliverBatchToConsumer(StreamConsumerData consumerData, IBatchContainer batch) in /_/src/Orleans.Streaming/PersistentStreams/PersistentStreamPullingAgent.cs:line 653
[17:28:49 WRN] Failed to deliver message to consumer on 3f8787ce-bab1-fe17-0b00-0000c424e1a7 for stream Default/BlobMessage/28c4e45a8efa44eb990d0bab1801a93a, may retry.
System.Exception: Exception of type 'System.Exception' was thrown.
   at Moq.Behaviors.ThrowException.Execute(Invocation invocation) in /_/src/Moq/Behaviors/ThrowException.cs:line 22
   at Moq.Setup.Execute(Invocation invocation) in /_/src/Moq/Setup.cs:line 84
   at Moq.CastleProxyFactory.Interceptor.Intercept(IInvocation underlying) in /_/src/Moq/Interception/CastleProxyFactory.cs:line 107
   at Castle.DynamicProxy.AbstractInvocation.Proceed()
   at Orleans.Streaming.Grains.Tests.Streams.Grains.BlobReceiverGrain.OnNextAsync(BlobMessage message, StreamSequenceToken token) in C:\tmp\Orleans.Streaming.Grains\src\Orleans.Streaming.Grains.Tests.Shared\Streams\Grains\BlobReceiverGrain.cs:line 70
   at Orleans.Streams.StreamSubscriptionHandleImpl`1.DeliverBatch(IBatchContainer batch, StreamHandshakeToken handshakeToken)
   at Orleans.Streams.StreamConsumerExtension.DeliverBatch(GuidId subscriptionId, QualifiedStreamId streamId, IBatchContainer batch, StreamHandshakeToken handshakeToken) in /_/src/Orleans.Streaming/Internal/StreamConsumerExtension.cs:line 127
   at Orleans.Runtime.TaskRequest`1.Invoke() in /_/src/Orleans.Core.Abstractions/Runtime/GrainReference.cs:line 709
--- End of stack trace from previous location ---
   at Orleans.Serialization.Invocation.ResponseCompletionSource`1.GetResult(Int16 token) in /_/src/Orleans.Serialization/Invocation/ResponseCompletionSource.cs:line 227
   at System.Threading.Tasks.ValueTask`1.ValueTaskSourceAsTask.<>c.<.cctor>b__4_0(Object state)
--- End of stack trace from previous location ---
   at Orleans.Streams.PersistentStreamPullingAgent.DeliverBatchToConsumer(StreamConsumerData consumerData, IBatchContainer batch) in /_/src/Orleans.Streaming/PersistentStreams/PersistentStreamPullingAgent.cs:line 653
[17:28:49 WRN] Failed to deliver message to consumer on 1544bf5b-d885-b228-1000-0000c424e1a7 for stream Default/BroadcastMessage/99734a4c318348dab8a5387857bb2680, may retry.
System.Exception: Exception of type 'System.Exception' was thrown.
   at Moq.Behaviors.ThrowException.Execute(Invocation invocation) in /_/src/Moq/Behaviors/ThrowException.cs:line 22
   at Moq.Setup.Execute(Invocation invocation) in /_/src/Moq/Setup.cs:line 84
   at Moq.CastleProxyFactory.Interceptor.Intercept(IInvocation underlying) in /_/src/Moq/Interception/CastleProxyFactory.cs:line 107
   at Castle.DynamicProxy.AbstractInvocation.Proceed()
   at Orleans.Streaming.Grains.Tests.Streams.Grains.SimpleReceiverGrain.OnBroadcastAsync(BroadcastMessage message, StreamSequenceToken token) in C:\tmp\Orleans.Streaming.Grains\src\Orleans.Streaming.Grains.Tests.Shared\Streams\Grains\SimpleReceiverGrain.cs:line 70
   at Orleans.Streams.StreamSubscriptionHandleImpl`1.DeliverBatch(IBatchContainer batch, StreamHandshakeToken handshakeToken)
   at Orleans.Streams.StreamConsumerExtension.DeliverBatch(GuidId subscriptionId, QualifiedStreamId streamId, IBatchContainer batch, StreamHandshakeToken handshakeToken) in /_/src/Orleans.Streaming/Internal/StreamConsumerExtension.cs:line 127
   at Orleans.Runtime.TaskRequest`1.Invoke() in /_/src/Orleans.Core.Abstractions/Runtime/GrainReference.cs:line 709
--- End of stack trace from previous location ---
   at Orleans.Serialization.Invocation.ResponseCompletionSource`1.GetResult(Int16 token) in /_/src/Orleans.Serialization/Invocation/ResponseCompletionSource.cs:line 227
   at System.Threading.Tasks.ValueTask`1.ValueTaskSourceAsTask.<>c.<.cctor>b__4_0(Object state)
--- End of stack trace from previous location ---
   at Orleans.Streams.PersistentStreamPullingAgent.DeliverBatchToConsumer(StreamConsumerData consumerData, IBatchContainer batch) in /_/src/Orleans.Streaming/PersistentStreams/PersistentStreamPullingAgent.cs:line 653
[17:28:49 WRN] Failed to deliver message to consumer on 3f8787ce-e6a6-774f-0b00-0000c424e1a7 for stream Default/BlobMessage/dfb27d29a5b7439e8b84b0be3c4f1ef3, may retry.
System.Exception: Exception of type 'System.Exception' was thrown.
   at Moq.Behaviors.ThrowException.Execute(Invocation invocation) in /_/src/Moq/Behaviors/ThrowException.cs:line 22
   at Moq.Setup.Execute(Invocation invocation) in /_/src/Moq/Setup.cs:line 84
   at Moq.CastleProxyFactory.Interceptor.Intercept(IInvocation underlying) in /_/src/Moq/Interception/CastleProxyFactory.cs:line 107
   at Castle.DynamicProxy.AbstractInvocation.Proceed()
   at Orleans.Streaming.Grains.Tests.Streams.Grains.BlobReceiverGrain.OnNextAsync(BlobMessage message, StreamSequenceToken token) in C:\tmp\Orleans.Streaming.Grains\src\Orleans.Streaming.Grains.Tests.Shared\Streams\Grains\BlobReceiverGrain.cs:line 70
   at Orleans.Streams.StreamSubscriptionHandleImpl`1.DeliverBatch(IBatchContainer batch, StreamHandshakeToken handshakeToken)
   at Orleans.Streams.StreamConsumerExtension.DeliverBatch(GuidId subscriptionId, QualifiedStreamId streamId, IBatchContainer batch, StreamHandshakeToken handshakeToken) in /_/src/Orleans.Streaming/Internal/StreamConsumerExtension.cs:line 127
   at Orleans.Runtime.TaskRequest`1.Invoke() in /_/src/Orleans.Core.Abstractions/Runtime/GrainReference.cs:line 709
--- End of stack trace from previous location ---
   at Orleans.Serialization.Invocation.ResponseCompletionSource`1.GetResult(Int16 token) in /_/src/Orleans.Serialization/Invocation/ResponseCompletionSource.cs:line 227
   at System.Threading.Tasks.ValueTask`1.ValueTaskSourceAsTask.<>c.<.cctor>b__4_0(Object state)
--- End of stack trace from previous location ---
   at Orleans.Streams.PersistentStreamPullingAgent.DeliverBatchToConsumer(StreamConsumerData consumerData, IBatchContainer batch) in /_/src/Orleans.Streaming/PersistentStreams/PersistentStreamPullingAgent.cs:line 653
[17:28:49 WRN] Failed to deliver message to consumer on 3f8787ce-d885-b228-1000-0000c424e1a7 for stream Default/BroadcastMessage/99734a4c318348dab8a5387857bb2680, may retry.
System.Exception: Exception of type 'System.Exception' was thrown.
   at Moq.Behaviors.ThrowException.Execute(Invocation invocation) in /_/src/Moq/Behaviors/ThrowException.cs:line 22
   at Moq.Setup.Execute(Invocation invocation) in /_/src/Moq/Setup.cs:line 84
   at Moq.CastleProxyFactory.Interceptor.Intercept(IInvocation underlying) in /_/src/Moq/Interception/CastleProxyFactory.cs:line 107
   at Castle.DynamicProxy.AbstractInvocation.Proceed()
   at Orleans.Streaming.Grains.Tests.Streams.Grains.BlobReceiverGrain.OnBroadcastAsync(BroadcastMessage message, StreamSequenceToken token) in C:\tmp\Orleans.Streaming.Grains\src\Orleans.Streaming.Grains.Tests.Shared\Streams\Grains\BlobReceiverGrain.cs:line 82
   at Orleans.Streams.StreamSubscriptionHandleImpl`1.DeliverBatch(IBatchContainer batch, StreamHandshakeToken handshakeToken)
   at Orleans.Streams.StreamConsumerExtension.DeliverBatch(GuidId subscriptionId, QualifiedStreamId streamId, IBatchContainer batch, StreamHandshakeToken handshakeToken) in /_/src/Orleans.Streaming/Internal/StreamConsumerExtension.cs:line 127
   at Orleans.Runtime.TaskRequest`1.Invoke() in /_/src/Orleans.Core.Abstractions/Runtime/GrainReference.cs:line 709
--- End of stack trace from previous location ---
   at Orleans.Serialization.Invocation.ResponseCompletionSource`1.GetResult(Int16 token) in /_/src/Orleans.Serialization/Invocation/ResponseCompletionSource.cs:line 227
   at System.Threading.Tasks.ValueTask`1.ValueTaskSourceAsTask.<>c.<.cctor>b__4_0(Object state)
--- End of stack trace from previous location ---
   at Orleans.Streams.PersistentStreamPullingAgent.DeliverBatchToConsumer(StreamConsumerData consumerData, IBatchContainer batch) in /_/src/Orleans.Streaming/PersistentStreams/PersistentStreamPullingAgent.cs:line 653
[17:28:50 WRN] Failed to deliver message to consumer on 1544bf5b-150f-19da-0d00-0000c424e1a7 for stream Default/SimpleMessage/eb72923fb8664781be6433ff4166b720, may retry.
System.Exception: Exception of type 'System.Exception' was thrown.
   at Moq.Behaviors.ThrowException.Execute(Invocation invocation) in /_/src/Moq/Behaviors/ThrowException.cs:line 22
   at Moq.Setup.Execute(Invocation invocation) in /_/src/Moq/Setup.cs:line 84
   at Moq.CastleProxyFactory.Interceptor.Intercept(IInvocation underlying) in /_/src/Moq/Interception/CastleProxyFactory.cs:line 107
   at Castle.DynamicProxy.AbstractInvocation.Proceed()
   at Orleans.Streaming.Grains.Tests.Streams.Grains.SimpleReceiverGrain.OnNextAsync(SimpleMessage message, StreamSequenceToken token) in C:\tmp\Orleans.Streaming.Grains\src\Orleans.Streaming.Grains.Tests.Shared\Streams\Grains\SimpleReceiverGrain.cs:line 58
   at Orleans.Streams.StreamSubscriptionHandleImpl`1.DeliverBatch(IBatchContainer batch, StreamHandshakeToken handshakeToken)
   at Orleans.Streams.StreamConsumerExtension.DeliverBatch(GuidId subscriptionId, QualifiedStreamId streamId, IBatchContainer batch, StreamHandshakeToken handshakeToken) in /_/src/Orleans.Streaming/Internal/StreamConsumerExtension.cs:line 127
   at Orleans.Runtime.TaskRequest`1.Invoke() in /_/src/Orleans.Core.Abstractions/Runtime/GrainReference.cs:line 709
--- End of stack trace from previous location ---
   at Orleans.Serialization.Invocation.ResponseCompletionSource`1.GetResult(Int16 token) in /_/src/Orleans.Serialization/Invocation/ResponseCompletionSource.cs:line 227
   at System.Threading.Tasks.ValueTask`1.ValueTaskSourceAsTask.<>c.<.cctor>b__4_0(Object state)
--- End of stack trace from previous location ---
   at Orleans.Streams.PersistentStreamPullingAgent.DeliverBatchToConsumer(StreamConsumerData consumerData, IBatchContainer batch) in /_/src/Orleans.Streaming/PersistentStreams/PersistentStreamPullingAgent.cs:line 653
[17:28:50 WRN] Failed to deliver message to consumer on 1544bf5b-6a55-94e1-0d00-0000c424e1a7 for stream Default/SimpleMessage/28c4e45a8efa44eb990d0bab1801a93a, may retry.
System.Exception: Exception of type 'System.Exception' was thrown.
   at Moq.Behaviors.ThrowException.Execute(Invocation invocation) in /_/src/Moq/Behaviors/ThrowException.cs:line 22
   at Moq.Setup.Execute(Invocation invocation) in /_/src/Moq/Setup.cs:line 84
   at Moq.CastleProxyFactory.Interceptor.Intercept(IInvocation underlying) in /_/src/Moq/Interception/CastleProxyFactory.cs:line 107
   at Castle.DynamicProxy.AbstractInvocation.Proceed()
   at Orleans.Streaming.Grains.Tests.Streams.Grains.SimpleReceiverGrain.OnNextAsync(SimpleMessage message, StreamSequenceToken token) in C:\tmp\Orleans.Streaming.Grains\src\Orleans.Streaming.Grains.Tests.Shared\Streams\Grains\SimpleReceiverGrain.cs:line 58
   at Orleans.Streams.StreamSubscriptionHandleImpl`1.DeliverBatch(IBatchContainer batch, StreamHandshakeToken handshakeToken)
   at Orleans.Streams.StreamConsumerExtension.DeliverBatch(GuidId subscriptionId, QualifiedStreamId streamId, IBatchContainer batch, StreamHandshakeToken handshakeToken) in /_/src/Orleans.Streaming/Internal/StreamConsumerExtension.cs:line 127
   at Orleans.Runtime.TaskRequest`1.Invoke() in /_/src/Orleans.Core.Abstractions/Runtime/GrainReference.cs:line 709
--- End of stack trace from previous location ---
   at Orleans.Serialization.Invocation.ResponseCompletionSource`1.GetResult(Int16 token) in /_/src/Orleans.Serialization/Invocation/ResponseCompletionSource.cs:line 227
   at System.Threading.Tasks.ValueTask`1.ValueTaskSourceAsTask.<>c.<.cctor>b__4_0(Object state)
--- End of stack trace from previous location ---
   at Orleans.Streams.PersistentStreamPullingAgent.DeliverBatchToConsumer(StreamConsumerData consumerData, IBatchContainer batch) in /_/src/Orleans.Streaming/PersistentStreams/PersistentStreamPullingAgent.cs:line 653
[17:28:50 WRN] Failed to deliver message to consumer on 3f8787ce-21e6-002e-0b00-0000c424e1a7 for stream Default/BlobMessage/9f1fe184038c486fa9bb5423ae9f01b1, may retry.
System.Exception: Exception of type 'System.Exception' was thrown.
   at Moq.Behaviors.ThrowException.Execute(Invocation invocation) in /_/src/Moq/Behaviors/ThrowException.cs:line 22
   at Moq.Setup.Execute(Invocation invocation) in /_/src/Moq/Setup.cs:line 84
   at Moq.CastleProxyFactory.Interceptor.Intercept(IInvocation underlying) in /_/src/Moq/Interception/CastleProxyFactory.cs:line 107
   at Castle.DynamicProxy.AbstractInvocation.Proceed()
   at Orleans.Streaming.Grains.Tests.Streams.Grains.BlobReceiverGrain.OnNextAsync(BlobMessage message, StreamSequenceToken token) in C:\tmp\Orleans.Streaming.Grains\src\Orleans.Streaming.Grains.Tests.Shared\Streams\Grains\BlobReceiverGrain.cs:line 70
   at Orleans.Streams.StreamSubscriptionHandleImpl`1.DeliverBatch(IBatchContainer batch, StreamHandshakeToken handshakeToken)
   at Orleans.Streams.StreamConsumerExtension.DeliverBatch(GuidId subscriptionId, QualifiedStreamId streamId, IBatchContainer batch, StreamHandshakeToken handshakeToken) in /_/src/Orleans.Streaming/Internal/StreamConsumerExtension.cs:line 127
   at Orleans.Runtime.TaskRequest`1.Invoke() in /_/src/Orleans.Core.Abstractions/Runtime/GrainReference.cs:line 709
--- End of stack trace from previous location ---
   at Orleans.Serialization.Invocation.ResponseCompletionSource`1.GetResult(Int16 token) in /_/src/Orleans.Serialization/Invocation/ResponseCompletionSource.cs:line 227
   at System.Threading.Tasks.ValueTask`1.ValueTaskSourceAsTask.<>c.<.cctor>b__4_0(Object state)
--- End of stack trace from previous location ---
   at Orleans.Streams.PersistentStreamPullingAgent.DeliverBatchToConsumer(StreamConsumerData consumerData, IBatchContainer batch) in /_/src/Orleans.Streaming/PersistentStreams/PersistentStreamPullingAgent.cs:line 653
[17:28:50 WRN] Failed to deliver message to consumer on 3f8787ce-004e-3365-0b00-0000c424e1a7 for stream Default/BlobMessage/62026ce9484142078dfa7b1b9ea5e6fc, may retry.
System.Exception: Exception of type 'System.Exception' was thrown.
   at Moq.Behaviors.ThrowException.Execute(Invocation invocation) in /_/src/Moq/Behaviors/ThrowException.cs:line 22
   at Moq.Setup.Execute(Invocation invocation) in /_/src/Moq/Setup.cs:line 84
   at Moq.CastleProxyFactory.Interceptor.Intercept(IInvocation underlying) in /_/src/Moq/Interception/CastleProxyFactory.cs:line 107
   at Castle.DynamicProxy.AbstractInvocation.Proceed()
   at Orleans.Streaming.Grains.Tests.Streams.Grains.BlobReceiverGrain.OnNextAsync(BlobMessage message, StreamSequenceToken token) in C:\tmp\Orleans.Streaming.Grains\src\Orleans.Streaming.Grains.Tests.Shared\Streams\Grains\BlobReceiverGrain.cs:line 70
   at Orleans.Streams.StreamSubscriptionHandleImpl`1.DeliverBatch(IBatchContainer batch, StreamHandshakeToken handshakeToken)
   at Orleans.Streams.StreamConsumerExtension.DeliverBatch(GuidId subscriptionId, QualifiedStreamId streamId, IBatchContainer batch, StreamHandshakeToken handshakeToken) in /_/src/Orleans.Streaming/Internal/StreamConsumerExtension.cs:line 127
   at Orleans.Runtime.TaskRequest`1.Invoke() in /_/src/Orleans.Core.Abstractions/Runtime/GrainReference.cs:line 709
--- End of stack trace from previous location ---
   at Orleans.Serialization.Invocation.ResponseCompletionSource`1.GetResult(Int16 token) in /_/src/Orleans.Serialization/Invocation/ResponseCompletionSource.cs:line 227
   at System.Threading.Tasks.ValueTask`1.ValueTaskSourceAsTask.<>c.<.cctor>b__4_0(Object state)
--- End of stack trace from previous location ---
   at Orleans.Streams.PersistentStreamPullingAgent.DeliverBatchToConsumer(StreamConsumerData consumerData, IBatchContainer batch) in /_/src/Orleans.Streaming/PersistentStreams/PersistentStreamPullingAgent.cs:line 653
[17:28:50 WRN] Failed to deliver message to consumer on 3f8787ce-927f-7eb6-0b00-0000c424e1a7 for stream Default/BlobMessage/9d0c97ec80ad43ffb99e695bab08c8a8, may retry.
System.Exception: Exception of type 'System.Exception' was thrown.
   at Moq.Behaviors.ThrowException.Execute(Invocation invocation) in /_/src/Moq/Behaviors/ThrowException.cs:line 22
   at Moq.Setup.Execute(Invocation invocation) in /_/src/Moq/Setup.cs:line 84
   at Moq.CastleProxyFactory.Interceptor.Intercept(IInvocation underlying) in /_/src/Moq/Interception/CastleProxyFactory.cs:line 107
   at Castle.DynamicProxy.AbstractInvocation.Proceed()
   at Orleans.Streaming.Grains.Tests.Streams.Grains.BlobReceiverGrain.OnNextAsync(BlobMessage message, StreamSequenceToken token) in C:\tmp\Orleans.Streaming.Grains\src\Orleans.Streaming.Grains.Tests.Shared\Streams\Grains\BlobReceiverGrain.cs:line 70
   at Orleans.Streams.StreamSubscriptionHandleImpl`1.DeliverBatch(IBatchContainer batch, StreamHandshakeToken handshakeToken)
   at Orleans.Streams.StreamConsumerExtension.DeliverBatch(GuidId subscriptionId, QualifiedStreamId streamId, IBatchContainer batch, StreamHandshakeToken handshakeToken) in /_/src/Orleans.Streaming/Internal/StreamConsumerExtension.cs:line 127
   at Orleans.Runtime.TaskRequest`1.Invoke() in /_/src/Orleans.Core.Abstractions/Runtime/GrainReference.cs:line 709
--- End of stack trace from previous location ---
   at Orleans.Serialization.Invocation.ResponseCompletionSource`1.GetResult(Int16 token) in /_/src/Orleans.Serialization/Invocation/ResponseCompletionSource.cs:line 227
   at System.Threading.Tasks.ValueTask`1.ValueTaskSourceAsTask.<>c.<.cctor>b__4_0(Object state)
--- End of stack trace from previous location ---
   at Orleans.Streams.PersistentStreamPullingAgent.DeliverBatchToConsumer(StreamConsumerData consumerData, IBatchContainer batch) in /_/src/Orleans.Streaming/PersistentStreams/PersistentStreamPullingAgent.cs:line 653
[+59/x0/?2] Orleans.Streaming.Grains.Tests.dll (net10.0|x64) - Orleans.Streaming.Grains.Tests.Streams.Scenarios.When_Sending_Broadcast_Message_One_To_Many_Error.State_Should_Have_Queue_Empty (54s)

[17:28:51 WRN] Failed to deliver message to consumer on 1544bf5b-9705-c061-0d00-0000c424e1a7 for stream Default/SimpleMessage/9d0c97ec80ad43ffb99e695bab08c8a8, may retry.
System.Exception: Exception of type 'System.Exception' was thrown.
   at Moq.Behaviors.ThrowException.Execute(Invocation invocation) in /_/src/Moq/Behaviors/ThrowException.cs:line 22
   at Moq.Setup.Execute(Invocation invocation) in /_/src/Moq/Setup.cs:line 84
   at Moq.CastleProxyFactory.Interceptor.Intercept(IInvocation underlying) in /_/src/Moq/Interception/CastleProxyFactory.cs:line 107
   at Castle.DynamicProxy.AbstractInvocation.Proceed()
   at Orleans.Streaming.Grains.Tests.Streams.Grains.SimpleReceiverGrain.OnNextAsync(SimpleMessage message, StreamSequenceToken token) in C:\tmp\Orleans.Streaming.Grains\src\Orleans.Streaming.Grains.Tests.Shared\Streams\Grains\SimpleReceiverGrain.cs:line 58
   at Orleans.Streams.StreamSubscriptionHandleImpl`1.DeliverBatch(IBatchContainer batch, StreamHandshakeToken handshakeToken)
   at Orleans.Streams.StreamConsumerExtension.DeliverBatch(GuidId subscriptionId, QualifiedStreamId streamId, IBatchContainer batch, StreamHandshakeToken handshakeToken) in /_/src/Orleans.Streaming/Internal/StreamConsumerExtension.cs:line 127
   at Orleans.Runtime.TaskRequest`1.Invoke() in /_/src/Orleans.Core.Abstractions/Runtime/GrainReference.cs:line 709
--- End of stack trace from previous location ---
   at Orleans.Serialization.Invocation.ResponseCompletionSource`1.GetResult(Int16 token) in /_/src/Orleans.Serialization/Invocation/ResponseCompletionSource.cs:line 227
   at System.Threading.Tasks.ValueTask`1.ValueTaskSourceAsTask.<>c.<.cctor>b__4_0(Object state)
--- End of stack trace from previous location ---
   at Orleans.Streams.PersistentStreamPullingAgent.DeliverBatchToConsumer(StreamConsumerData consumerData, IBatchContainer batch) in /_/src/Orleans.Streaming/PersistentStreams/PersistentStreamPullingAgent.cs:line 653
[17:28:51 WRN] Failed to deliver message to consumer on 3f8787ce-7926-df6f-0b00-0000c424e1a7 for stream Default/BlobMessage/4d29994ef4704f97a7a069f80ac30df1, may retry.
System.Exception: Exception of type 'System.Exception' was thrown.
   at Moq.Behaviors.ThrowException.Execute(Invocation invocation) in /_/src/Moq/Behaviors/ThrowException.cs:line 22
   at Moq.Setup.Execute(Invocation invocation) in /_/src/Moq/Setup.cs:line 84
   at Moq.CastleProxyFactory.Interceptor.Intercept(IInvocation underlying) in /_/src/Moq/Interception/CastleProxyFactory.cs:line 107
   at Castle.DynamicProxy.AbstractInvocation.Proceed()
   at Orleans.Streaming.Grains.Tests.Streams.Grains.BlobReceiverGrain.OnNextAsync(BlobMessage message, StreamSequenceToken token) in C:\tmp\Orleans.Streaming.Grains\src\Orleans.Streaming.Grains.Tests.Shared\Streams\Grains\BlobReceiverGrain.cs:line 70
   at Orleans.Streams.StreamSubscriptionHandleImpl`1.DeliverBatch(IBatchContainer batch, StreamHandshakeToken handshakeToken)
   at Orleans.Streams.StreamConsumerExtension.DeliverBatch(GuidId subscriptionId, QualifiedStreamId streamId, IBatchContainer batch, StreamHandshakeToken handshakeToken) in /_/src/Orleans.Streaming/Internal/StreamConsumerExtension.cs:line 127
   at Orleans.Runtime.TaskRequest`1.Invoke() in /_/src/Orleans.Core.Abstractions/Runtime/GrainReference.cs:line 709
--- End of stack trace from previous location ---
   at Orleans.Serialization.Invocation.ResponseCompletionSource`1.GetResult(Int16 token) in /_/src/Orleans.Serialization/Invocation/ResponseCompletionSource.cs:line 227
   at System.Threading.Tasks.ValueTask`1.ValueTaskSourceAsTask.<>c.<.cctor>b__4_0(Object state)
--- End of stack trace from previous location ---
   at Orleans.Streams.PersistentStreamPullingAgent.DeliverBatchToConsumer(StreamConsumerData consumerData, IBatchContainer batch) in /_/src/Orleans.Streaming/PersistentStreams/PersistentStreamPullingAgent.cs:line 653
[17:28:51 WRN] Failed to deliver message to consumer on 1544bf5b-bf62-689d-0d00-0000c424e1a7 for stream Default/SimpleMessage/62026ce9484142078dfa7b1b9ea5e6fc, may retry.
System.Exception: Exception of type 'System.Exception' was thrown.
   at Moq.Behaviors.ThrowException.Execute(Invocation invocation) in /_/src/Moq/Behaviors/ThrowException.cs:line 22
   at Moq.Setup.Execute(Invocation invocation) in /_/src/Moq/Setup.cs:line 84
   at Moq.CastleProxyFactory.Interceptor.Intercept(IInvocation underlying) in /_/src/Moq/Interception/CastleProxyFactory.cs:line 107
   at Castle.DynamicProxy.AbstractInvocation.Proceed()
   at Orleans.Streaming.Grains.Tests.Streams.Grains.SimpleReceiverGrain.OnNextAsync(SimpleMessage message, StreamSequenceToken token) in C:\tmp\Orleans.Streaming.Grains\src\Orleans.Streaming.Grains.Tests.Shared\Streams\Grains\SimpleReceiverGrain.cs:line 58
   at Orleans.Streams.StreamSubscriptionHandleImpl`1.DeliverBatch(IBatchContainer batch, StreamHandshakeToken handshakeToken)
   at Orleans.Streams.StreamConsumerExtension.DeliverBatch(GuidId subscriptionId, QualifiedStreamId streamId, IBatchContainer batch, StreamHandshakeToken handshakeToken) in /_/src/Orleans.Streaming/Internal/StreamConsumerExtension.cs:line 127
   at Orleans.Runtime.TaskRequest`1.Invoke() in /_/src/Orleans.Core.Abstractions/Runtime/GrainReference.cs:line 709
--- End of stack trace from previous location ---
   at Orleans.Serialization.Invocation.ResponseCompletionSource`1.GetResult(Int16 token) in /_/src/Orleans.Serialization/Invocation/ResponseCompletionSource.cs:line 227
   at System.Threading.Tasks.ValueTask`1.ValueTaskSourceAsTask.<>c.<.cctor>b__4_0(Object state)
--- End of stack trace from previous location ---
   at Orleans.Streams.PersistentStreamPullingAgent.DeliverBatchToConsumer(StreamConsumerData consumerData, IBatchContainer batch) in /_/src/Orleans.Streaming/PersistentStreams/PersistentStreamPullingAgent.cs:line 653
[17:28:51 WRN] Failed to deliver message to consumer on 3f8787ce-301a-cb6f-1000-0000c424e1a7 for stream Default/BroadcastMessage/7f0e99e8907849cfa3179d2814356a78, may retry.
System.Exception: Exception of type 'System.Exception' was thrown.
   at Moq.Behaviors.ThrowException.Execute(Invocation invocation) in /_/src/Moq/Behaviors/ThrowException.cs:line 22
   at Moq.Setup.Execute(Invocation invocation) in /_/src/Moq/Setup.cs:line 84
   at Moq.CastleProxyFactory.Interceptor.Intercept(IInvocation underlying) in /_/src/Moq/Interception/CastleProxyFactory.cs:line 107
   at Castle.DynamicProxy.AbstractInvocation.Proceed()
   at Orleans.Streaming.Grains.Tests.Streams.Grains.BlobReceiverGrain.OnBroadcastAsync(BroadcastMessage message, StreamSequenceToken token) in C:\tmp\Orleans.Streaming.Grains\src\Orleans.Streaming.Grains.Tests.Shared\Streams\Grains\BlobReceiverGrain.cs:line 82
   at Orleans.Streams.StreamSubscriptionHandleImpl`1.DeliverBatch(IBatchContainer batch, StreamHandshakeToken handshakeToken)
   at Orleans.Streams.StreamConsumerExtension.DeliverBatch(GuidId subscriptionId, QualifiedStreamId streamId, IBatchContainer batch, StreamHandshakeToken handshakeToken) in /_/src/Orleans.Streaming/Internal/StreamConsumerExtension.cs:line 127
   at Orleans.Runtime.TaskRequest`1.Invoke() in /_/src/Orleans.Core.Abstractions/Runtime/GrainReference.cs:line 709
--- End of stack trace from previous location ---
   at Orleans.Serialization.Invocation.ResponseCompletionSource`1.GetResult(Int16 token) in /_/src/Orleans.Serialization/Invocation/ResponseCompletionSource.cs:line 227
   at System.Threading.Tasks.ValueTask`1.ValueTaskSourceAsTask.<>c.<.cctor>b__4_0(Object state)
--- End of stack trace from previous location ---
   at Orleans.Streams.PersistentStreamPullingAgent.DeliverBatchToConsumer(StreamConsumerData consumerData, IBatchContainer batch) in /_/src/Orleans.Streaming/PersistentStreams/PersistentStreamPullingAgent.cs:line 653
[17:28:51 WRN] Failed to deliver message to consumer on 3f8787ce-c98f-d05f-1000-0000c424e1a7 for stream Default/BroadcastMessage/8ab0ddc6db15457990b1b1ddfe482760, may retry.
System.Exception: Exception of type 'System.Exception' was thrown.
   at Moq.Behaviors.ThrowException.Execute(Invocation invocation) in /_/src/Moq/Behaviors/ThrowException.cs:line 22
   at Moq.Setup.Execute(Invocation invocation) in /_/src/Moq/Setup.cs:line 84
   at Moq.CastleProxyFactory.Interceptor.Intercept(IInvocation underlying) in /_/src/Moq/Interception/CastleProxyFactory.cs:line 107
   at Castle.DynamicProxy.AbstractInvocation.Proceed()
   at Orleans.Streaming.Grains.Tests.Streams.Grains.BlobReceiverGrain.OnBroadcastAsync(BroadcastMessage message, StreamSequenceToken token) in C:\tmp\Orleans.Streaming.Grains\src\Orleans.Streaming.Grains.Tests.Shared\Streams\Grains\BlobReceiverGrain.cs:line 82
   at Orleans.Streams.StreamSubscriptionHandleImpl`1.DeliverBatch(IBatchContainer batch, StreamHandshakeToken handshakeToken)
   at Orleans.Streams.StreamConsumerExtension.DeliverBatch(GuidId subscriptionId, QualifiedStreamId streamId, IBatchContainer batch, StreamHandshakeToken handshakeToken) in /_/src/Orleans.Streaming/Internal/StreamConsumerExtension.cs:line 127
   at Orleans.Runtime.TaskRequest`1.Invoke() in /_/src/Orleans.Core.Abstractions/Runtime/GrainReference.cs:line 709
--- End of stack trace from previous location ---
   at Orleans.Serialization.Invocation.ResponseCompletionSource`1.GetResult(Int16 token) in /_/src/Orleans.Serialization/Invocation/ResponseCompletionSource.cs:line 227
   at System.Threading.Tasks.ValueTask`1.ValueTaskSourceAsTask.<>c.<.cctor>b__4_0(Object state)
--- End of stack trace from previous location ---
   at Orleans.Streams.PersistentStreamPullingAgent.DeliverBatchToConsumer(StreamConsumerData consumerData, IBatchContainer batch) in /_/src/Orleans.Streaming/PersistentStreams/PersistentStreamPullingAgent.cs:line 653
[17:28:51 WRN] Failed to deliver message to consumer on 1544bf5b-c98f-d05f-1000-0000c424e1a7 for stream Default/BroadcastMessage/8ab0ddc6db15457990b1b1ddfe482760, may retry.
System.Exception: Exception of type 'System.Exception' was thrown.
   at Moq.Behaviors.ThrowException.Execute(Invocation invocation) in /_/src/Moq/Behaviors/ThrowException.cs:line 22
   at Moq.Setup.Execute(Invocation invocation) in /_/src/Moq/Setup.cs:line 84
   at Moq.CastleProxyFactory.Interceptor.Intercept(IInvocation underlying) in /_/src/Moq/Interception/CastleProxyFactory.cs:line 107
   at Castle.DynamicProxy.AbstractInvocation.Proceed()
   at Orleans.Streaming.Grains.Tests.Streams.Grains.SimpleReceiverGrain.OnBroadcastAsync(BroadcastMessage message, StreamSequenceToken token) in C:\tmp\Orleans.Streaming.Grains\src\Orleans.Streaming.Grains.Tests.Shared\Streams\Grains\SimpleReceiverGrain.cs:line 70
   at Orleans.Streams.StreamSubscriptionHandleImpl`1.DeliverBatch(IBatchContainer batch, StreamHandshakeToken handshakeToken)
   at Orleans.Streams.StreamConsumerExtension.DeliverBatch(GuidId subscriptionId, QualifiedStreamId streamId, IBatchContainer batch, StreamHandshakeToken handshakeToken) in /_/src/Orleans.Streaming/Internal/StreamConsumerExtension.cs:line 127
   at Orleans.Runtime.TaskRequest`1.Invoke() in /_/src/Orleans.Core.Abstractions/Runtime/GrainReference.cs:line 709
--- End of stack trace from previous location ---
   at Orleans.Serialization.Invocation.ResponseCompletionSource`1.GetResult(Int16 token) in /_/src/Orleans.Serialization/Invocation/ResponseCompletionSource.cs:line 227
   at System.Threading.Tasks.ValueTask`1.ValueTaskSourceAsTask.<>c.<.cctor>b__4_0(Object state)
--- End of stack trace from previous location ---
   at Orleans.Streams.PersistentStreamPullingAgent.DeliverBatchToConsumer(StreamConsumerData consumerData, IBatchContainer batch) in /_/src/Orleans.Streaming/PersistentStreams/PersistentStreamPullingAgent.cs:line 653
[17:28:51 WRN] Failed to deliver message to consumer on 1544bf5b-d885-b228-1000-0000c424e1a7 for stream Default/BroadcastMessage/99734a4c318348dab8a5387857bb2680, may retry.
System.Exception: Exception of type 'System.Exception' was thrown.
   at Moq.Behaviors.ThrowException.Execute(Invocation invocation) in /_/src/Moq/Behaviors/ThrowException.cs:line 22
   at Moq.Setup.Execute(Invocation invocation) in /_/src/Moq/Setup.cs:line 84
   at Moq.CastleProxyFactory.Interceptor.Intercept(IInvocation underlying) in /_/src/Moq/Interception/CastleProxyFactory.cs:line 107
   at Castle.DynamicProxy.AbstractInvocation.Proceed()
   at Orleans.Streaming.Grains.Tests.Streams.Grains.SimpleReceiverGrain.OnBroadcastAsync(BroadcastMessage message, StreamSequenceToken token) in C:\tmp\Orleans.Streaming.Grains\src\Orleans.Streaming.Grains.Tests.Shared\Streams\Grains\SimpleReceiverGrain.cs:line 70
   at Orleans.Streams.StreamSubscriptionHandleImpl`1.DeliverBatch(IBatchContainer batch, StreamHandshakeToken handshakeToken)
   at Orleans.Streams.StreamConsumerExtension.DeliverBatch(GuidId subscriptionId, QualifiedStreamId streamId, IBatchContainer batch, StreamHandshakeToken handshakeToken) in /_/src/Orleans.Streaming/Internal/StreamConsumerExtension.cs:line 127
   at Orleans.Runtime.TaskRequest`1.Invoke() in /_/src/Orleans.Core.Abstractions/Runtime/GrainReference.cs:line 709
--- End of stack trace from previous location ---
   at Orleans.Serialization.Invocation.ResponseCompletionSource`1.GetResult(Int16 token) in /_/src/Orleans.Serialization/Invocation/ResponseCompletionSource.cs:line 227
   at System.Threading.Tasks.ValueTask`1.ValueTaskSourceAsTask.<>c.<.cctor>b__4_0(Object state)
--- End of stack trace from previous location ---
   at Orleans.Streams.PersistentStreamPullingAgent.DeliverBatchToConsumer(StreamConsumerData consumerData, IBatchContainer batch) in /_/src/Orleans.Streaming/PersistentStreams/PersistentStreamPullingAgent.cs:line 653
[17:28:51 WRN] Failed to deliver message to consumer on 1544bf5b-301a-cb6f-1000-0000c424e1a7 for stream Default/BroadcastMessage/7f0e99e8907849cfa3179d2814356a78, may retry.
System.Exception: Exception of type 'System.Exception' was thrown.
   at Moq.Behaviors.ThrowException.Execute(Invocation invocation) in /_/src/Moq/Behaviors/ThrowException.cs:line 22
   at Moq.Setup.Execute(Invocation invocation) in /_/src/Moq/Setup.cs:line 84
   at Moq.CastleProxyFactory.Interceptor.Intercept(IInvocation underlying) in /_/src/Moq/Interception/CastleProxyFactory.cs:line 107
   at Castle.DynamicProxy.AbstractInvocation.Proceed()
   at Orleans.Streaming.Grains.Tests.Streams.Grains.SimpleReceiverGrain.OnBroadcastAsync(BroadcastMessage message, StreamSequenceToken token) in C:\tmp\Orleans.Streaming.Grains\src\Orleans.Streaming.Grains.Tests.Shared\Streams\Grains\SimpleReceiverGrain.cs:line 70
   at Orleans.Streams.StreamSubscriptionHandleImpl`1.DeliverBatch(IBatchContainer batch, StreamHandshakeToken handshakeToken)
   at Orleans.Streams.StreamConsumerExtension.DeliverBatch(GuidId subscriptionId, QualifiedStreamId streamId, IBatchContainer batch, StreamHandshakeToken handshakeToken) in /_/src/Orleans.Streaming/Internal/StreamConsumerExtension.cs:line 127
   at Orleans.Runtime.TaskRequest`1.Invoke() in /_/src/Orleans.Core.Abstractions/Runtime/GrainReference.cs:line 709
--- End of stack trace from previous location ---
   at Orleans.Serialization.Invocation.ResponseCompletionSource`1.GetResult(Int16 token) in /_/src/Orleans.Serialization/Invocation/ResponseCompletionSource.cs:line 227
   at System.Threading.Tasks.ValueTask`1.ValueTaskSourceAsTask.<>c.<.cctor>b__4_0(Object state)
--- End of stack trace from previous location ---
   at Orleans.Streams.PersistentStreamPullingAgent.DeliverBatchToConsumer(StreamConsumerData consumerData, IBatchContainer batch) in /_/src/Orleans.Streaming/PersistentStreams/PersistentStreamPullingAgent.cs:line 653
[17:28:52 WRN] Failed to deliver message to consumer on 3f8787ce-bab1-fe17-0b00-0000c424e1a7 for stream Default/BlobMessage/28c4e45a8efa44eb990d0bab1801a93a, may retry.
System.Exception: Exception of type 'System.Exception' was thrown.
   at Moq.Behaviors.ThrowException.Execute(Invocation invocation) in /_/src/Moq/Behaviors/ThrowException.cs:line 22
   at Moq.Setup.Execute(Invocation invocation) in /_/src/Moq/Setup.cs:line 84
   at Moq.CastleProxyFactory.Interceptor.Intercept(IInvocation underlying) in /_/src/Moq/Interception/CastleProxyFactory.cs:line 107
   at Castle.DynamicProxy.AbstractInvocation.Proceed()
   at Orleans.Streaming.Grains.Tests.Streams.Grains.BlobReceiverGrain.OnNextAsync(BlobMessage message, StreamSequenceToken token) in C:\tmp\Orleans.Streaming.Grains\src\Orleans.Streaming.Grains.Tests.Shared\Streams\Grains\BlobReceiverGrain.cs:line 70
   at Orleans.Streams.StreamSubscriptionHandleImpl`1.DeliverBatch(IBatchContainer batch, StreamHandshakeToken handshakeToken)
   at Orleans.Streams.StreamConsumerExtension.DeliverBatch(GuidId subscriptionId, QualifiedStreamId streamId, IBatchContainer batch, StreamHandshakeToken handshakeToken) in /_/src/Orleans.Streaming/Internal/StreamConsumerExtension.cs:line 127
   at Orleans.Runtime.TaskRequest`1.Invoke() in /_/src/Orleans.Core.Abstractions/Runtime/GrainReference.cs:line 709
--- End of stack trace from previous location ---
   at Orleans.Serialization.Invocation.ResponseCompletionSource`1.GetResult(Int16 token) in /_/src/Orleans.Serialization/Invocation/ResponseCompletionSource.cs:line 227
   at System.Threading.Tasks.ValueTask`1.ValueTaskSourceAsTask.<>c.<.cctor>b__4_0(Object state)
--- End of stack trace from previous location ---
   at Orleans.Streams.PersistentStreamPullingAgent.DeliverBatchToConsumer(StreamConsumerData consumerData, IBatchContainer batch) in /_/src/Orleans.Streaming/PersistentStreams/PersistentStreamPullingAgent.cs:line 653
[17:28:52 WRN] Failed to deliver message to consumer on 1544bf5b-5d91-53ab-0d00-0000c424e1a7 for stream Default/SimpleMessage/9f1fe184038c486fa9bb5423ae9f01b1, may retry.
System.Exception: Exception of type 'System.Exception' was thrown.
   at Moq.Behaviors.ThrowException.Execute(Invocation invocation) in /_/src/Moq/Behaviors/ThrowException.cs:line 22
   at Moq.Setup.Execute(Invocation invocation) in /_/src/Moq/Setup.cs:line 84
   at Moq.CastleProxyFactory.Interceptor.Intercept(IInvocation underlying) in /_/src/Moq/Interception/CastleProxyFactory.cs:line 107
   at Castle.DynamicProxy.AbstractInvocation.Proceed()
   at Orleans.Streaming.Grains.Tests.Streams.Grains.SimpleReceiverGrain.OnNextAsync(SimpleMessage message, StreamSequenceToken token) in C:\tmp\Orleans.Streaming.Grains\src\Orleans.Streaming.Grains.Tests.Shared\Streams\Grains\SimpleReceiverGrain.cs:line 58
   at Orleans.Streams.StreamSubscriptionHandleImpl`1.DeliverBatch(IBatchContainer batch, StreamHandshakeToken handshakeToken)
   at Orleans.Streams.StreamConsumerExtension.DeliverBatch(GuidId subscriptionId, QualifiedStreamId streamId, IBatchContainer batch, StreamHandshakeToken handshakeToken) in /_/src/Orleans.Streaming/Internal/StreamConsumerExtension.cs:line 127
   at Orleans.Runtime.TaskRequest`1.Invoke() in /_/src/Orleans.Core.Abstractions/Runtime/GrainReference.cs:line 709
--- End of stack trace from previous location ---
   at Orleans.Serialization.Invocation.ResponseCompletionSource`1.GetResult(Int16 token) in /_/src/Orleans.Serialization/Invocation/ResponseCompletionSource.cs:line 227
   at System.Threading.Tasks.ValueTask`1.ValueTaskSourceAsTask.<>c.<.cctor>b__4_0(Object state)
--- End of stack trace from previous location ---
   at Orleans.Streams.PersistentStreamPullingAgent.DeliverBatchToConsumer(StreamConsumerData consumerData, IBatchContainer batch) in /_/src/Orleans.Streaming/PersistentStreams/PersistentStreamPullingAgent.cs:line 653
[17:28:52 WRN] Failed to deliver message to consumer on 3f8787ce-4fa9-7abb-0b00-0000c424e1a7 for stream Default/BlobMessage/7800a671914443609ec3d06e26bafb78, may retry.
System.Exception: Exception of type 'System.Exception' was thrown.
   at Moq.Behaviors.ThrowException.Execute(Invocation invocation) in /_/src/Moq/Behaviors/ThrowException.cs:line 22
   at Moq.Setup.Execute(Invocation invocation) in /_/src/Moq/Setup.cs:line 84
   at Moq.CastleProxyFactory.Interceptor.Intercept(IInvocation underlying) in /_/src/Moq/Interception/CastleProxyFactory.cs:line 107
   at Castle.DynamicProxy.AbstractInvocation.Proceed()
   at Orleans.Streaming.Grains.Tests.Streams.Grains.BlobReceiverGrain.OnNextAsync(BlobMessage message, StreamSequenceToken token) in C:\tmp\Orleans.Streaming.Grains\src\Orleans.Streaming.Grains.Tests.Shared\Streams\Grains\BlobReceiverGrain.cs:line 70
   at Orleans.Streams.StreamSubscriptionHandleImpl`1.DeliverBatch(IBatchContainer batch, StreamHandshakeToken handshakeToken)
   at Orleans.Streams.StreamConsumerExtension.DeliverBatch(GuidId subscriptionId, QualifiedStreamId streamId, IBatchContainer batch, StreamHandshakeToken handshakeToken) in /_/src/Orleans.Streaming/Internal/StreamConsumerExtension.cs:line 127
   at Orleans.Runtime.TaskRequest`1.Invoke() in /_/src/Orleans.Core.Abstractions/Runtime/GrainReference.cs:line 709
--- End of stack trace from previous location ---
   at Orleans.Serialization.Invocation.ResponseCompletionSource`1.GetResult(Int16 token) in /_/src/Orleans.Serialization/Invocation/ResponseCompletionSource.cs:line 227
   at System.Threading.Tasks.ValueTask`1.ValueTaskSourceAsTask.<>c.<.cctor>b__4_0(Object state)
--- End of stack trace from previous location ---
   at Orleans.Streams.PersistentStreamPullingAgent.DeliverBatchToConsumer(StreamConsumerData consumerData, IBatchContainer batch) in /_/src/Orleans.Streaming/PersistentStreams/PersistentStreamPullingAgent.cs:line 653
[17:28:52 WRN] Failed to deliver message to consumer on 1544bf5b-3f05-eb51-0d00-0000c424e1a7 for stream Default/SimpleMessage/a5cb9b6a09fd4c6fae67616a49e1ccee, may retry.
System.Exception: Exception of type 'System.Exception' was thrown.
   at Moq.Behaviors.ThrowException.Execute(Invocation invocation) in /_/src/Moq/Behaviors/ThrowException.cs:line 22
   at Moq.Setup.Execute(Invocation invocation) in /_/src/Moq/Setup.cs:line 84
   at Moq.CastleProxyFactory.Interceptor.Intercept(IInvocation underlying) in /_/src/Moq/Interception/CastleProxyFactory.cs:line 107
   at Castle.DynamicProxy.AbstractInvocation.Proceed()
   at Orleans.Streaming.Grains.Tests.Streams.Grains.SimpleReceiverGrain.OnNextAsync(SimpleMessage message, StreamSequenceToken token) in C:\tmp\Orleans.Streaming.Grains\src\Orleans.Streaming.Grains.Tests.Shared\Streams\Grains\SimpleReceiverGrain.cs:line 58
   at Orleans.Streams.StreamSubscriptionHandleImpl`1.DeliverBatch(IBatchContainer batch, StreamHandshakeToken handshakeToken)
   at Orleans.Streams.StreamConsumerExtension.DeliverBatch(GuidId subscriptionId, QualifiedStreamId streamId, IBatchContainer batch, StreamHandshakeToken handshakeToken) in /_/src/Orleans.Streaming/Internal/StreamConsumerExtension.cs:line 127
   at Orleans.Runtime.TaskRequest`1.Invoke() in /_/src/Orleans.Core.Abstractions/Runtime/GrainReference.cs:line 709
--- End of stack trace from previous location ---
   at Orleans.Serialization.Invocation.ResponseCompletionSource`1.GetResult(Int16 token) in /_/src/Orleans.Serialization/Invocation/ResponseCompletionSource.cs:line 227
   at System.Threading.Tasks.ValueTask`1.ValueTaskSourceAsTask.<>c.<.cctor>b__4_0(Object state)
--- End of stack trace from previous location ---
   at Orleans.Streams.PersistentStreamPullingAgent.DeliverBatchToConsumer(StreamConsumerData consumerData, IBatchContainer batch) in /_/src/Orleans.Streaming/PersistentStreams/PersistentStreamPullingAgent.cs:line 653
[17:28:52 WRN] Failed to deliver message to consumer on 3f8787ce-d885-b228-1000-0000c424e1a7 for stream Default/BroadcastMessage/99734a4c318348dab8a5387857bb2680, may retry.
System.Exception: Exception of type 'System.Exception' was thrown.
   at Moq.Behaviors.ThrowException.Execute(Invocation invocation) in /_/src/Moq/Behaviors/ThrowException.cs:line 22
   at Moq.Setup.Execute(Invocation invocation) in /_/src/Moq/Setup.cs:line 84
   at Moq.CastleProxyFactory.Interceptor.Intercept(IInvocation underlying) in /_/src/Moq/Interception/CastleProxyFactory.cs:line 107
   at Castle.DynamicProxy.AbstractInvocation.Proceed()
   at Orleans.Streaming.Grains.Tests.Streams.Grains.BlobReceiverGrain.OnBroadcastAsync(BroadcastMessage message, StreamSequenceToken token) in C:\tmp\Orleans.Streaming.Grains\src\Orleans.Streaming.Grains.Tests.Shared\Streams\Grains\BlobReceiverGrain.cs:line 82
   at Orleans.Streams.StreamSubscriptionHandleImpl`1.DeliverBatch(IBatchContainer batch, StreamHandshakeToken handshakeToken)
   at Orleans.Streams.StreamConsumerExtension.DeliverBatch(GuidId subscriptionId, QualifiedStreamId streamId, IBatchContainer batch, StreamHandshakeToken handshakeToken) in /_/src/Orleans.Streaming/Internal/StreamConsumerExtension.cs:line 127
   at Orleans.Runtime.TaskRequest`1.Invoke() in /_/src/Orleans.Core.Abstractions/Runtime/GrainReference.cs:line 709
--- End of stack trace from previous location ---
   at Orleans.Serialization.Invocation.ResponseCompletionSource`1.GetResult(Int16 token) in /_/src/Orleans.Serialization/Invocation/ResponseCompletionSource.cs:line 227
   at System.Threading.Tasks.ValueTask`1.ValueTaskSourceAsTask.<>c.<.cctor>b__4_0(Object state)
--- End of stack trace from previous location ---
   at Orleans.Streams.PersistentStreamPullingAgent.DeliverBatchToConsumer(StreamConsumerData consumerData, IBatchContainer batch) in /_/src/Orleans.Streaming/PersistentStreams/PersistentStreamPullingAgent.cs:line 653
[17:28:52 WRN] Failed to deliver message to consumer on 1544bf5b-e133-f43d-1000-0000c424e1a7 for stream Default/BroadcastMessage/2608f94bfeab46328d7c981da7d70a2e, may retry.
System.Exception: Exception of type 'System.Exception' was thrown.
   at Moq.Behaviors.ThrowException.Execute(Invocation invocation) in /_/src/Moq/Behaviors/ThrowException.cs:line 22
   at Moq.Setup.Execute(Invocation invocation) in /_/src/Moq/Setup.cs:line 84
   at Moq.CastleProxyFactory.Interceptor.Intercept(IInvocation underlying) in /_/src/Moq/Interception/CastleProxyFactory.cs:line 107
   at Castle.DynamicProxy.AbstractInvocation.Proceed()
   at Orleans.Streaming.Grains.Tests.Streams.Grains.SimpleReceiverGrain.OnBroadcastAsync(BroadcastMessage message, StreamSequenceToken token) in C:\tmp\Orleans.Streaming.Grains\src\Orleans.Streaming.Grains.Tests.Shared\Streams\Grains\SimpleReceiverGrain.cs:line 70
   at Orleans.Streams.StreamSubscriptionHandleImpl`1.DeliverBatch(IBatchContainer batch, StreamHandshakeToken handshakeToken)
   at Orleans.Streams.StreamConsumerExtension.DeliverBatch(GuidId subscriptionId, QualifiedStreamId streamId, IBatchContainer batch, StreamHandshakeToken handshakeToken) in /_/src/Orleans.Streaming/Internal/StreamConsumerExtension.cs:line 127
   at Orleans.Runtime.TaskRequest`1.Invoke() in /_/src/Orleans.Core.Abstractions/Runtime/GrainReference.cs:line 709
--- End of stack trace from previous location ---
   at Orleans.Serialization.Invocation.ResponseCompletionSource`1.GetResult(Int16 token) in /_/src/Orleans.Serialization/Invocation/ResponseCompletionSource.cs:line 227
   at System.Threading.Tasks.ValueTask`1.ValueTaskSourceAsTask.<>c.<.cctor>b__4_0(Object state)
--- End of stack trace from previous location ---
   at Orleans.Streams.PersistentStreamPullingAgent.DeliverBatchToConsumer(StreamConsumerData consumerData, IBatchContainer batch) in /_/src/Orleans.Streaming/PersistentStreams/PersistentStreamPullingAgent.cs:line 653
[17:28:52 WRN] Failed to deliver message to consumer on 1544bf5b-9705-c061-0d00-0000c424e1a7 for stream Default/SimpleMessage/9d0c97ec80ad43ffb99e695bab08c8a8, may retry.
System.Exception: Exception of type 'System.Exception' was thrown.
   at Moq.Behaviors.ThrowException.Execute(Invocation invocation) in /_/src/Moq/Behaviors/ThrowException.cs:line 22
   at Moq.Setup.Execute(Invocation invocation) in /_/src/Moq/Setup.cs:line 84
   at Moq.CastleProxyFactory.Interceptor.Intercept(IInvocation underlying) in /_/src/Moq/Interception/CastleProxyFactory.cs:line 107
   at Castle.DynamicProxy.AbstractInvocation.Proceed()
   at Orleans.Streaming.Grains.Tests.Streams.Grains.SimpleReceiverGrain.OnNextAsync(SimpleMessage message, StreamSequenceToken token) in C:\tmp\Orleans.Streaming.Grains\src\Orleans.Streaming.Grains.Tests.Shared\Streams\Grains\SimpleReceiverGrain.cs:line 58
   at Orleans.Streams.StreamSubscriptionHandleImpl`1.DeliverBatch(IBatchContainer batch, StreamHandshakeToken handshakeToken)
   at Orleans.Streams.StreamConsumerExtension.DeliverBatch(GuidId subscriptionId, QualifiedStreamId streamId, IBatchContainer batch, StreamHandshakeToken handshakeToken) in /_/src/Orleans.Streaming/Internal/StreamConsumerExtension.cs:line 127
   at Orleans.Runtime.TaskRequest`1.Invoke() in /_/src/Orleans.Core.Abstractions/Runtime/GrainReference.cs:line 709
--- End of stack trace from previous location ---
   at Orleans.Serialization.Invocation.ResponseCompletionSource`1.GetResult(Int16 token) in /_/src/Orleans.Serialization/Invocation/ResponseCompletionSource.cs:line 227
   at System.Threading.Tasks.ValueTask`1.ValueTaskSourceAsTask.<>c.<.cctor>b__4_0(Object state)
--- End of stack trace from previous location ---
   at Orleans.Streams.PersistentStreamPullingAgent.DeliverBatchToConsumer(StreamConsumerData consumerData, IBatchContainer batch) in /_/src/Orleans.Streaming/PersistentStreams/PersistentStreamPullingAgent.cs:line 653
[17:28:52 WRN] Failed to deliver message to consumer on 1544bf5b-c98f-d05f-1000-0000c424e1a7 for stream Default/BroadcastMessage/8ab0ddc6db15457990b1b1ddfe482760, may retry.
System.Exception: Exception of type 'System.Exception' was thrown.
   at Moq.Behaviors.ThrowException.Execute(Invocation invocation) in /_/src/Moq/Behaviors/ThrowException.cs:line 22
   at Moq.Setup.Execute(Invocation invocation) in /_/src/Moq/Setup.cs:line 84
   at Moq.CastleProxyFactory.Interceptor.Intercept(IInvocation underlying) in /_/src/Moq/Interception/CastleProxyFactory.cs:line 107
   at Castle.DynamicProxy.AbstractInvocation.Proceed()
   at Orleans.Streaming.Grains.Tests.Streams.Grains.SimpleReceiverGrain.OnBroadcastAsync(BroadcastMessage message, StreamSequenceToken token) in C:\tmp\Orleans.Streaming.Grains\src\Orleans.Streaming.Grains.Tests.Shared\Streams\Grains\SimpleReceiverGrain.cs:line 70
   at Orleans.Streams.StreamSubscriptionHandleImpl`1.DeliverBatch(IBatchContainer batch, StreamHandshakeToken handshakeToken)
   at Orleans.Streams.StreamConsumerExtension.DeliverBatch(GuidId subscriptionId, QualifiedStreamId streamId, IBatchContainer batch, StreamHandshakeToken handshakeToken) in /_/src/Orleans.Streaming/Internal/StreamConsumerExtension.cs:line 127
   at Orleans.Runtime.TaskRequest`1.Invoke() in /_/src/Orleans.Core.Abstractions/Runtime/GrainReference.cs:line 709
--- End of stack trace from previous location ---
   at Orleans.Serialization.Invocation.ResponseCompletionSource`1.GetResult(Int16 token) in /_/src/Orleans.Serialization/Invocation/ResponseCompletionSource.cs:line 227
   at System.Threading.Tasks.ValueTask`1.ValueTaskSourceAsTask.<>c.<.cctor>b__4_0(Object state)
--- End of stack trace from previous location ---
   at Orleans.Streams.PersistentStreamPullingAgent.DeliverBatchToConsumer(StreamConsumerData consumerData, IBatchContainer batch) in /_/src/Orleans.Streaming/PersistentStreams/PersistentStreamPullingAgent.cs:line 653
[17:28:53 WRN] Failed to deliver message to consumer on 3f8787ce-e133-f43d-1000-0000c424e1a7 for stream Default/BroadcastMessage/2608f94bfeab46328d7c981da7d70a2e, may retry.
System.Exception: Exception of type 'System.Exception' was thrown.
   at Moq.Behaviors.ThrowException.Execute(Invocation invocation) in /_/src/Moq/Behaviors/ThrowException.cs:line 22
   at Moq.Setup.Execute(Invocation invocation) in /_/src/Moq/Setup.cs:line 84
   at Moq.CastleProxyFactory.Interceptor.Intercept(IInvocation underlying) in /_/src/Moq/Interception/CastleProxyFactory.cs:line 107
   at Castle.DynamicProxy.AbstractInvocation.Proceed()
   at Orleans.Streaming.Grains.Tests.Streams.Grains.BlobReceiverGrain.OnBroadcastAsync(BroadcastMessage message, StreamSequenceToken token) in C:\tmp\Orleans.Streaming.Grains\src\Orleans.Streaming.Grains.Tests.Shared\Streams\Grains\BlobReceiverGrain.cs:line 82
   at Orleans.Streams.StreamSubscriptionHandleImpl`1.DeliverBatch(IBatchContainer batch, StreamHandshakeToken handshakeToken)
   at Orleans.Streams.StreamConsumerExtension.DeliverBatch(GuidId subscriptionId, QualifiedStreamId streamId, IBatchContainer batch, StreamHandshakeToken handshakeToken) in /_/src/Orleans.Streaming/Internal/StreamConsumerExtension.cs:line 127
   at Orleans.Runtime.TaskRequest`1.Invoke() in /_/src/Orleans.Core.Abstractions/Runtime/GrainReference.cs:line 709
--- End of stack trace from previous location ---
   at Orleans.Serialization.Invocation.ResponseCompletionSource`1.GetResult(Int16 token) in /_/src/Orleans.Serialization/Invocation/ResponseCompletionSource.cs:line 227
   at System.Threading.Tasks.ValueTask`1.ValueTaskSourceAsTask.<>c.<.cctor>b__4_0(Object state)
--- End of stack trace from previous location ---
   at Orleans.Streams.PersistentStreamPullingAgent.DeliverBatchToConsumer(StreamConsumerData consumerData, IBatchContainer batch) in /_/src/Orleans.Streaming/PersistentStreams/PersistentStreamPullingAgent.cs:line 653
[17:28:53 WRN] Failed to deliver message to consumer on 3f8787ce-e6a6-774f-0b00-0000c424e1a7 for stream Default/BlobMessage/dfb27d29a5b7439e8b84b0be3c4f1ef3, may retry.
System.Exception: Exception of type 'System.Exception' was thrown.
   at Moq.Behaviors.ThrowException.Execute(Invocation invocation) in /_/src/Moq/Behaviors/ThrowException.cs:line 22
   at Moq.Setup.Execute(Invocation invocation) in /_/src/Moq/Setup.cs:line 84
   at Moq.CastleProxyFactory.Interceptor.Intercept(IInvocation underlying) in /_/src/Moq/Interception/CastleProxyFactory.cs:line 107
   at Castle.DynamicProxy.AbstractInvocation.Proceed()
   at Orleans.Streaming.Grains.Tests.Streams.Grains.BlobReceiverGrain.OnNextAsync(BlobMessage message, StreamSequenceToken token) in C:\tmp\Orleans.Streaming.Grains\src\Orleans.Streaming.Grains.Tests.Shared\Streams\Grains\BlobReceiverGrain.cs:line 70
   at Orleans.Streams.StreamSubscriptionHandleImpl`1.DeliverBatch(IBatchContainer batch, StreamHandshakeToken handshakeToken)
   at Orleans.Streams.StreamConsumerExtension.DeliverBatch(GuidId subscriptionId, QualifiedStreamId streamId, IBatchContainer batch, StreamHandshakeToken handshakeToken) in /_/src/Orleans.Streaming/Internal/StreamConsumerExtension.cs:line 127
   at Orleans.Runtime.TaskRequest`1.Invoke() in /_/src/Orleans.Core.Abstractions/Runtime/GrainReference.cs:line 709
--- End of stack trace from previous location ---
   at Orleans.Serialization.Invocation.ResponseCompletionSource`1.GetResult(Int16 token) in /_/src/Orleans.Serialization/Invocation/ResponseCompletionSource.cs:line 227
   at System.Threading.Tasks.ValueTask`1.ValueTaskSourceAsTask.<>c.<.cctor>b__4_0(Object state)
--- End of stack trace from previous location ---
   at Orleans.Streams.PersistentStreamPullingAgent.DeliverBatchToConsumer(StreamConsumerData consumerData, IBatchContainer batch) in /_/src/Orleans.Streaming/PersistentStreams/PersistentStreamPullingAgent.cs:line 653
[17:28:53 WRN] Failed to deliver message to consumer on 1544bf5b-3651-08cd-0d00-0000c424e1a7 for stream Default/SimpleMessage/00a5382798534182ab5f6c1826da210d, may retry.
System.Exception: Exception of type 'System.Exception' was thrown.
   at Moq.Behaviors.ThrowException.Execute(Invocation invocation) in /_/src/Moq/Behaviors/ThrowException.cs:line 22
   at Moq.Setup.Execute(Invocation invocation) in /_/src/Moq/Setup.cs:line 84
   at Moq.CastleProxyFactory.Interceptor.Intercept(IInvocation underlying) in /_/src/Moq/Interception/CastleProxyFactory.cs:line 107
   at Castle.DynamicProxy.AbstractInvocation.Proceed()
   at Orleans.Streaming.Grains.Tests.Streams.Grains.SimpleReceiverGrain.OnNextAsync(SimpleMessage message, StreamSequenceToken token) in C:\tmp\Orleans.Streaming.Grains\src\Orleans.Streaming.Grains.Tests.Shared\Streams\Grains\SimpleReceiverGrain.cs:line 58
   at Orleans.Streams.StreamSubscriptionHandleImpl`1.DeliverBatch(IBatchContainer batch, StreamHandshakeToken handshakeToken)
   at Orleans.Streams.StreamConsumerExtension.DeliverBatch(GuidId subscriptionId, QualifiedStreamId streamId, IBatchContainer batch, StreamHandshakeToken handshakeToken) in /_/src/Orleans.Streaming/Internal/StreamConsumerExtension.cs:line 127
   at Orleans.Runtime.TaskRequest`1.Invoke() in /_/src/Orleans.Core.Abstractions/Runtime/GrainReference.cs:line 709
--- End of stack trace from previous location ---
   at Orleans.Serialization.Invocation.ResponseCompletionSource`1.GetResult(Int16 token) in /_/src/Orleans.Serialization/Invocation/ResponseCompletionSource.cs:line 227
   at System.Threading.Tasks.ValueTask`1.ValueTaskSourceAsTask.<>c.<.cctor>b__4_0(Object state)
--- End of stack trace from previous location ---
   at Orleans.Streams.PersistentStreamPullingAgent.DeliverBatchToConsumer(StreamConsumerData consumerData, IBatchContainer batch) in /_/src/Orleans.Streaming/PersistentStreams/PersistentStreamPullingAgent.cs:line 653
[+60/x0/?2] Orleans.Streaming.Grains.Tests.dll (net10.0|x64) - Orleans.Streaming.Grains.Tests.Streams.Scenarios.When_Sending_Broadcast_Message_One_To_Many_Error.It_Should_Deliver_Data (57s)

[17:28:53 WRN] Failed to deliver message to consumer on 3f8787ce-c98f-d05f-1000-0000c424e1a7 for stream Default/BroadcastMessage/8ab0ddc6db15457990b1b1ddfe482760, may retry.
System.Exception: Exception of type 'System.Exception' was thrown.
   at Moq.Behaviors.ThrowException.Execute(Invocation invocation) in /_/src/Moq/Behaviors/ThrowException.cs:line 22
   at Moq.Setup.Execute(Invocation invocation) in /_/src/Moq/Setup.cs:line 84
   at Moq.CastleProxyFactory.Interceptor.Intercept(IInvocation underlying) in /_/src/Moq/Interception/CastleProxyFactory.cs:line 107
   at Castle.DynamicProxy.AbstractInvocation.Proceed()
   at Orleans.Streaming.Grains.Tests.Streams.Grains.BlobReceiverGrain.OnBroadcastAsync(BroadcastMessage message, StreamSequenceToken token) in C:\tmp\Orleans.Streaming.Grains\src\Orleans.Streaming.Grains.Tests.Shared\Streams\Grains\BlobReceiverGrain.cs:line 82
   at Orleans.Streams.StreamSubscriptionHandleImpl`1.DeliverBatch(IBatchContainer batch, StreamHandshakeToken handshakeToken)
   at Orleans.Streams.StreamConsumerExtension.DeliverBatch(GuidId subscriptionId, QualifiedStreamId streamId, IBatchContainer batch, StreamHandshakeToken handshakeToken) in /_/src/Orleans.Streaming/Internal/StreamConsumerExtension.cs:line 127
   at Orleans.Runtime.TaskRequest`1.Invoke() in /_/src/Orleans.Core.Abstractions/Runtime/GrainReference.cs:line 709
--- End of stack trace from previous location ---
   at Orleans.Serialization.Invocation.ResponseCompletionSource`1.GetResult(Int16 token) in /_/src/Orleans.Serialization/Invocation/ResponseCompletionSource.cs:line 227
   at System.Threading.Tasks.ValueTask`1.ValueTaskSourceAsTask.<>c.<.cctor>b__4_0(Object state)
--- End of stack trace from previous location ---
   at Orleans.Streams.PersistentStreamPullingAgent.DeliverBatchToConsumer(StreamConsumerData consumerData, IBatchContainer batch) in /_/src/Orleans.Streaming/PersistentStreams/PersistentStreamPullingAgent.cs:line 653
[17:28:53 WRN] Failed to deliver message to consumer on 1544bf5b-093d-1839-0d00-0000c424e1a7 for stream Default/SimpleMessage/dfb27d29a5b7439e8b84b0be3c4f1ef3, may retry.
System.Exception: Exception of type 'System.Exception' was thrown.
   at Moq.Behaviors.ThrowException.Execute(Invocation invocation) in /_/src/Moq/Behaviors/ThrowException.cs:line 22
   at Moq.Setup.Execute(Invocation invocation) in /_/src/Moq/Setup.cs:line 84
   at Moq.CastleProxyFactory.Interceptor.Intercept(IInvocation underlying) in /_/src/Moq/Interception/CastleProxyFactory.cs:line 107
   at Castle.DynamicProxy.AbstractInvocation.Proceed()
   at Orleans.Streaming.Grains.Tests.Streams.Grains.SimpleReceiverGrain.OnNextAsync(SimpleMessage message, StreamSequenceToken token) in C:\tmp\Orleans.Streaming.Grains\src\Orleans.Streaming.Grains.Tests.Shared\Streams\Grains\SimpleReceiverGrain.cs:line 58
   at Orleans.Streams.StreamSubscriptionHandleImpl`1.DeliverBatch(IBatchContainer batch, StreamHandshakeToken handshakeToken)
   at Orleans.Streams.StreamConsumerExtension.DeliverBatch(GuidId subscriptionId, QualifiedStreamId streamId, IBatchContainer batch, StreamHandshakeToken handshakeToken) in /_/src/Orleans.Streaming/Internal/StreamConsumerExtension.cs:line 127
   at Orleans.Runtime.TaskRequest`1.Invoke() in /_/src/Orleans.Core.Abstractions/Runtime/GrainReference.cs:line 709
--- End of stack trace from previous location ---
   at Orleans.Serialization.Invocation.ResponseCompletionSource`1.GetResult(Int16 token) in /_/src/Orleans.Serialization/Invocation/ResponseCompletionSource.cs:line 227
   at System.Threading.Tasks.ValueTask`1.ValueTaskSourceAsTask.<>c.<.cctor>b__4_0(Object state)
--- End of stack trace from previous location ---
   at Orleans.Streams.PersistentStreamPullingAgent.DeliverBatchToConsumer(StreamConsumerData consumerData, IBatchContainer batch) in /_/src/Orleans.Streaming/PersistentStreams/PersistentStreamPullingAgent.cs:line 653
[17:28:53 WRN] Failed to deliver message to consumer on 3f8787ce-927f-7eb6-0b00-0000c424e1a7 for stream Default/BlobMessage/9d0c97ec80ad43ffb99e695bab08c8a8, may retry.
System.Exception: Exception of type 'System.Exception' was thrown.
   at Moq.Behaviors.ThrowException.Execute(Invocation invocation) in /_/src/Moq/Behaviors/ThrowException.cs:line 22
   at Moq.Setup.Execute(Invocation invocation) in /_/src/Moq/Setup.cs:line 84
   at Moq.CastleProxyFactory.Interceptor.Intercept(IInvocation underlying) in /_/src/Moq/Interception/CastleProxyFactory.cs:line 107
   at Castle.DynamicProxy.AbstractInvocation.Proceed()
   at Orleans.Streaming.Grains.Tests.Streams.Grains.BlobReceiverGrain.OnNextAsync(BlobMessage message, StreamSequenceToken token) in C:\tmp\Orleans.Streaming.Grains\src\Orleans.Streaming.Grains.Tests.Shared\Streams\Grains\BlobReceiverGrain.cs:line 70
   at Orleans.Streams.StreamSubscriptionHandleImpl`1.DeliverBatch(IBatchContainer batch, StreamHandshakeToken handshakeToken)
   at Orleans.Streams.StreamConsumerExtension.DeliverBatch(GuidId subscriptionId, QualifiedStreamId streamId, IBatchContainer batch, StreamHandshakeToken handshakeToken) in /_/src/Orleans.Streaming/Internal/StreamConsumerExtension.cs:line 127
   at Orleans.Runtime.TaskRequest`1.Invoke() in /_/src/Orleans.Core.Abstractions/Runtime/GrainReference.cs:line 709
--- End of stack trace from previous location ---
   at Orleans.Serialization.Invocation.ResponseCompletionSource`1.GetResult(Int16 token) in /_/src/Orleans.Serialization/Invocation/ResponseCompletionSource.cs:line 227
   at System.Threading.Tasks.ValueTask`1.ValueTaskSourceAsTask.<>c.<.cctor>b__4_0(Object state)
--- End of stack trace from previous location ---
   at Orleans.Streams.PersistentStreamPullingAgent.DeliverBatchToConsumer(StreamConsumerData consumerData, IBatchContainer batch) in /_/src/Orleans.Streaming/PersistentStreams/PersistentStreamPullingAgent.cs:line 653
[17:28:54 WRN] Failed to deliver message to consumer on 3f8787ce-88f2-4df0-0b00-0000c424e1a7 for stream Default/BlobMessage/00a5382798534182ab5f6c1826da210d, may retry.
System.Exception: Exception of type 'System.Exception' was thrown.
   at Moq.Behaviors.ThrowException.Execute(Invocation invocation) in /_/src/Moq/Behaviors/ThrowException.cs:line 22
   at Moq.Setup.Execute(Invocation invocation) in /_/src/Moq/Setup.cs:line 84
   at Moq.CastleProxyFactory.Interceptor.Intercept(IInvocation underlying) in /_/src/Moq/Interception/CastleProxyFactory.cs:line 107
   at Castle.DynamicProxy.AbstractInvocation.Proceed()
   at Orleans.Streaming.Grains.Tests.Streams.Grains.BlobReceiverGrain.OnNextAsync(BlobMessage message, StreamSequenceToken token) in C:\tmp\Orleans.Streaming.Grains\src\Orleans.Streaming.Grains.Tests.Shared\Streams\Grains\BlobReceiverGrain.cs:line 70
   at Orleans.Streams.StreamSubscriptionHandleImpl`1.DeliverBatch(IBatchContainer batch, StreamHandshakeToken handshakeToken)
   at Orleans.Streams.StreamConsumerExtension.DeliverBatch(GuidId subscriptionId, QualifiedStreamId streamId, IBatchContainer batch, StreamHandshakeToken handshakeToken) in /_/src/Orleans.Streaming/Internal/StreamConsumerExtension.cs:line 127
   at Orleans.Runtime.TaskRequest`1.Invoke() in /_/src/Orleans.Core.Abstractions/Runtime/GrainReference.cs:line 709
--- End of stack trace from previous location ---
   at Orleans.Serialization.Invocation.ResponseCompletionSource`1.GetResult(Int16 token) in /_/src/Orleans.Serialization/Invocation/ResponseCompletionSource.cs:line 227
   at System.Threading.Tasks.ValueTask`1.ValueTaskSourceAsTask.<>c.<.cctor>b__4_0(Object state)
--- End of stack trace from previous location ---
   at Orleans.Streams.PersistentStreamPullingAgent.DeliverBatchToConsumer(StreamConsumerData consumerData, IBatchContainer batch) in /_/src/Orleans.Streaming/PersistentStreams/PersistentStreamPullingAgent.cs:line 653
[17:28:54 WRN] Failed to deliver message to consumer on 1544bf5b-c98f-d05f-1000-0000c424e1a7 for stream Default/BroadcastMessage/8ab0ddc6db15457990b1b1ddfe482760, may retry.
System.Exception: Exception of type 'System.Exception' was thrown.
   at Moq.Behaviors.ThrowException.Execute(Invocation invocation) in /_/src/Moq/Behaviors/ThrowException.cs:line 22
   at Moq.Setup.Execute(Invocation invocation) in /_/src/Moq/Setup.cs:line 84
   at Moq.CastleProxyFactory.Interceptor.Intercept(IInvocation underlying) in /_/src/Moq/Interception/CastleProxyFactory.cs:line 107
   at Castle.DynamicProxy.AbstractInvocation.Proceed()
   at Orleans.Streaming.Grains.Tests.Streams.Grains.SimpleReceiverGrain.OnBroadcastAsync(BroadcastMessage message, StreamSequenceToken token) in C:\tmp\Orleans.Streaming.Grains\src\Orleans.Streaming.Grains.Tests.Shared\Streams\Grains\SimpleReceiverGrain.cs:line 70
   at Orleans.Streams.StreamSubscriptionHandleImpl`1.DeliverBatch(IBatchContainer batch, StreamHandshakeToken handshakeToken)
   at Orleans.Streams.StreamConsumerExtension.DeliverBatch(GuidId subscriptionId, QualifiedStreamId streamId, IBatchContainer batch, StreamHandshakeToken handshakeToken) in /_/src/Orleans.Streaming/Internal/StreamConsumerExtension.cs:line 127
   at Orleans.Runtime.TaskRequest`1.Invoke() in /_/src/Orleans.Core.Abstractions/Runtime/GrainReference.cs:line 709
--- End of stack trace from previous location ---
   at Orleans.Serialization.Invocation.ResponseCompletionSource`1.GetResult(Int16 token) in /_/src/Orleans.Serialization/Invocation/ResponseCompletionSource.cs:line 227
   at System.Threading.Tasks.ValueTask`1.ValueTaskSourceAsTask.<>c.<.cctor>b__4_0(Object state)
--- End of stack trace from previous location ---
   at Orleans.Streams.PersistentStreamPullingAgent.DeliverBatchToConsumer(StreamConsumerData consumerData, IBatchContainer batch) in /_/src/Orleans.Streaming/PersistentStreams/PersistentStreamPullingAgent.cs:line 653
[17:28:54 WRN] Failed to deliver message to consumer on 1544bf5b-9705-c061-0d00-0000c424e1a7 for stream Default/SimpleMessage/9d0c97ec80ad43ffb99e695bab08c8a8, may retry.
System.Exception: Exception of type 'System.Exception' was thrown.
   at Moq.Behaviors.ThrowException.Execute(Invocation invocation) in /_/src/Moq/Behaviors/ThrowException.cs:line 22
   at Moq.Setup.Execute(Invocation invocation) in /_/src/Moq/Setup.cs:line 84
   at Moq.CastleProxyFactory.Interceptor.Intercept(IInvocation underlying) in /_/src/Moq/Interception/CastleProxyFactory.cs:line 107
   at Castle.DynamicProxy.AbstractInvocation.Proceed()
   at Orleans.Streaming.Grains.Tests.Streams.Grains.SimpleReceiverGrain.OnNextAsync(SimpleMessage message, StreamSequenceToken token) in C:\tmp\Orleans.Streaming.Grains\src\Orleans.Streaming.Grains.Tests.Shared\Streams\Grains\SimpleReceiverGrain.cs:line 58
   at Orleans.Streams.StreamSubscriptionHandleImpl`1.DeliverBatch(IBatchContainer batch, StreamHandshakeToken handshakeToken)
   at Orleans.Streams.StreamConsumerExtension.DeliverBatch(GuidId subscriptionId, QualifiedStreamId streamId, IBatchContainer batch, StreamHandshakeToken handshakeToken) in /_/src/Orleans.Streaming/Internal/StreamConsumerExtension.cs:line 127
   at Orleans.Runtime.TaskRequest`1.Invoke() in /_/src/Orleans.Core.Abstractions/Runtime/GrainReference.cs:line 709
--- End of stack trace from previous location ---
   at Orleans.Serialization.Invocation.ResponseCompletionSource`1.GetResult(Int16 token) in /_/src/Orleans.Serialization/Invocation/ResponseCompletionSource.cs:line 227
   at System.Threading.Tasks.ValueTask`1.ValueTaskSourceAsTask.<>c.<.cctor>b__4_0(Object state)
--- End of stack trace from previous location ---
   at Orleans.Streams.PersistentStreamPullingAgent.DeliverBatchToConsumer(StreamConsumerData consumerData, IBatchContainer batch) in /_/src/Orleans.Streaming/PersistentStreams/PersistentStreamPullingAgent.cs:line 653
[17:28:55 WRN] Failed to deliver message to consumer on 1544bf5b-5d91-53ab-0d00-0000c424e1a7 for stream Default/SimpleMessage/9f1fe184038c486fa9bb5423ae9f01b1, may retry.
System.Exception: Exception of type 'System.Exception' was thrown.
   at Moq.Behaviors.ThrowException.Execute(Invocation invocation) in /_/src/Moq/Behaviors/ThrowException.cs:line 22
   at Moq.Setup.Execute(Invocation invocation) in /_/src/Moq/Setup.cs:line 84
   at Moq.CastleProxyFactory.Interceptor.Intercept(IInvocation underlying) in /_/src/Moq/Interception/CastleProxyFactory.cs:line 107
   at Castle.DynamicProxy.AbstractInvocation.Proceed()
   at Orleans.Streaming.Grains.Tests.Streams.Grains.SimpleReceiverGrain.OnNextAsync(SimpleMessage message, StreamSequenceToken token) in C:\tmp\Orleans.Streaming.Grains\src\Orleans.Streaming.Grains.Tests.Shared\Streams\Grains\SimpleReceiverGrain.cs:line 58
   at Orleans.Streams.StreamSubscriptionHandleImpl`1.DeliverBatch(IBatchContainer batch, StreamHandshakeToken handshakeToken)
   at Orleans.Streams.StreamConsumerExtension.DeliverBatch(GuidId subscriptionId, QualifiedStreamId streamId, IBatchContainer batch, StreamHandshakeToken handshakeToken) in /_/src/Orleans.Streaming/Internal/StreamConsumerExtension.cs:line 127
   at Orleans.Runtime.TaskRequest`1.Invoke() in /_/src/Orleans.Core.Abstractions/Runtime/GrainReference.cs:line 709
--- End of stack trace from previous location ---
   at Orleans.Serialization.Invocation.ResponseCompletionSource`1.GetResult(Int16 token) in /_/src/Orleans.Serialization/Invocation/ResponseCompletionSource.cs:line 227
   at System.Threading.Tasks.ValueTask`1.ValueTaskSourceAsTask.<>c.<.cctor>b__4_0(Object state)
--- End of stack trace from previous location ---
   at Orleans.Streams.PersistentStreamPullingAgent.DeliverBatchToConsumer(StreamConsumerData consumerData, IBatchContainer batch) in /_/src/Orleans.Streaming/PersistentStreams/PersistentStreamPullingAgent.cs:line 653
[17:28:55 WRN] Failed to deliver message to consumer on 3f8787ce-75a7-983d-1000-0000c424e1a7 for stream Default/BroadcastMessage/ebc311ab45e04f42ad6c00b1fe1c60f5, may retry.
System.Exception: Exception of type 'System.Exception' was thrown.
   at Moq.Behaviors.ThrowException.Execute(Invocation invocation) in /_/src/Moq/Behaviors/ThrowException.cs:line 22
   at Moq.Setup.Execute(Invocation invocation) in /_/src/Moq/Setup.cs:line 84
   at Moq.CastleProxyFactory.Interceptor.Intercept(IInvocation underlying) in /_/src/Moq/Interception/CastleProxyFactory.cs:line 107
   at Castle.DynamicProxy.AbstractInvocation.Proceed()
   at Orleans.Streaming.Grains.Tests.Streams.Grains.BlobReceiverGrain.OnBroadcastAsync(BroadcastMessage message, StreamSequenceToken token) in C:\tmp\Orleans.Streaming.Grains\src\Orleans.Streaming.Grains.Tests.Shared\Streams\Grains\BlobReceiverGrain.cs:line 82
   at Orleans.Streams.StreamSubscriptionHandleImpl`1.DeliverBatch(IBatchContainer batch, StreamHandshakeToken handshakeToken)
   at Orleans.Streams.StreamConsumerExtension.DeliverBatch(GuidId subscriptionId, QualifiedStreamId streamId, IBatchContainer batch, StreamHandshakeToken handshakeToken) in /_/src/Orleans.Streaming/Internal/StreamConsumerExtension.cs:line 127
   at Orleans.Runtime.TaskRequest`1.Invoke() in /_/src/Orleans.Core.Abstractions/Runtime/GrainReference.cs:line 709
--- End of stack trace from previous location ---
   at Orleans.Serialization.Invocation.ResponseCompletionSource`1.GetResult(Int16 token) in /_/src/Orleans.Serialization/Invocation/ResponseCompletionSource.cs:line 227
   at System.Threading.Tasks.ValueTask`1.ValueTaskSourceAsTask.<>c.<.cctor>b__4_0(Object state)
--- End of stack trace from previous location ---
   at Orleans.Streams.PersistentStreamPullingAgent.DeliverBatchToConsumer(StreamConsumerData consumerData, IBatchContainer batch) in /_/src/Orleans.Streaming/PersistentStreams/PersistentStreamPullingAgent.cs:line 653
[17:28:55 WRN] Failed to deliver message to consumer on 1544bf5b-75a7-983d-1000-0000c424e1a7 for stream Default/BroadcastMessage/ebc311ab45e04f42ad6c00b1fe1c60f5, may retry.
System.Exception: Exception of type 'System.Exception' was thrown.
   at Moq.Behaviors.ThrowException.Execute(Invocation invocation) in /_/src/Moq/Behaviors/ThrowException.cs:line 22
   at Moq.Setup.Execute(Invocation invocation) in /_/src/Moq/Setup.cs:line 84
   at Moq.CastleProxyFactory.Interceptor.Intercept(IInvocation underlying) in /_/src/Moq/Interception/CastleProxyFactory.cs:line 107
   at Castle.DynamicProxy.AbstractInvocation.Proceed()
   at Orleans.Streaming.Grains.Tests.Streams.Grains.SimpleReceiverGrain.OnBroadcastAsync(BroadcastMessage message, StreamSequenceToken token) in C:\tmp\Orleans.Streaming.Grains\src\Orleans.Streaming.Grains.Tests.Shared\Streams\Grains\SimpleReceiverGrain.cs:line 70
   at Orleans.Streams.StreamSubscriptionHandleImpl`1.DeliverBatch(IBatchContainer batch, StreamHandshakeToken handshakeToken)
   at Orleans.Streams.StreamConsumerExtension.DeliverBatch(GuidId subscriptionId, QualifiedStreamId streamId, IBatchContainer batch, StreamHandshakeToken handshakeToken) in /_/src/Orleans.Streaming/Internal/StreamConsumerExtension.cs:line 127
   at Orleans.Runtime.TaskRequest`1.Invoke() in /_/src/Orleans.Core.Abstractions/Runtime/GrainReference.cs:line 709
--- End of stack trace from previous location ---
   at Orleans.Serialization.Invocation.ResponseCompletionSource`1.GetResult(Int16 token) in /_/src/Orleans.Serialization/Invocation/ResponseCompletionSource.cs:line 227
   at System.Threading.Tasks.ValueTask`1.ValueTaskSourceAsTask.<>c.<.cctor>b__4_0(Object state)
--- End of stack trace from previous location ---
   at Orleans.Streams.PersistentStreamPullingAgent.DeliverBatchToConsumer(StreamConsumerData consumerData, IBatchContainer batch) in /_/src/Orleans.Streaming/PersistentStreams/PersistentStreamPullingAgent.cs:line 653
[17:28:55 WRN] Failed to deliver message to consumer on 3f8787ce-301a-cb6f-1000-0000c424e1a7 for stream Default/BroadcastMessage/7f0e99e8907849cfa3179d2814356a78, may retry.
System.Exception: Exception of type 'System.Exception' was thrown.
   at Moq.Behaviors.ThrowException.Execute(Invocation invocation) in /_/src/Moq/Behaviors/ThrowException.cs:line 22
   at Moq.Setup.Execute(Invocation invocation) in /_/src/Moq/Setup.cs:line 84
   at Moq.CastleProxyFactory.Interceptor.Intercept(IInvocation underlying) in /_/src/Moq/Interception/CastleProxyFactory.cs:line 107
   at Castle.DynamicProxy.AbstractInvocation.Proceed()
   at Orleans.Streaming.Grains.Tests.Streams.Grains.BlobReceiverGrain.OnBroadcastAsync(BroadcastMessage message, StreamSequenceToken token) in C:\tmp\Orleans.Streaming.Grains\src\Orleans.Streaming.Grains.Tests.Shared\Streams\Grains\BlobReceiverGrain.cs:line 82
   at Orleans.Streams.StreamSubscriptionHandleImpl`1.DeliverBatch(IBatchContainer batch, StreamHandshakeToken handshakeToken)
   at Orleans.Streams.StreamConsumerExtension.DeliverBatch(GuidId subscriptionId, QualifiedStreamId streamId, IBatchContainer batch, StreamHandshakeToken handshakeToken) in /_/src/Orleans.Streaming/Internal/StreamConsumerExtension.cs:line 127
   at Orleans.Runtime.TaskRequest`1.Invoke() in /_/src/Orleans.Core.Abstractions/Runtime/GrainReference.cs:line 709
--- End of stack trace from previous location ---
   at Orleans.Serialization.Invocation.ResponseCompletionSource`1.GetResult(Int16 token) in /_/src/Orleans.Serialization/Invocation/ResponseCompletionSource.cs:line 227
   at System.Threading.Tasks.ValueTask`1.ValueTaskSourceAsTask.<>c.<.cctor>b__4_0(Object state)
--- End of stack trace from previous location ---
   at Orleans.Streams.PersistentStreamPullingAgent.DeliverBatchToConsumer(StreamConsumerData consumerData, IBatchContainer batch) in /_/src/Orleans.Streaming/PersistentStreams/PersistentStreamPullingAgent.cs:line 653
[17:28:55 WRN] Failed to deliver message to consumer on 3f8787ce-c98f-d05f-1000-0000c424e1a7 for stream Default/BroadcastMessage/8ab0ddc6db15457990b1b1ddfe482760, may retry.
System.Exception: Exception of type 'System.Exception' was thrown.
   at Moq.Behaviors.ThrowException.Execute(Invocation invocation) in /_/src/Moq/Behaviors/ThrowException.cs:line 22
   at Moq.Setup.Execute(Invocation invocation) in /_/src/Moq/Setup.cs:line 84
   at Moq.CastleProxyFactory.Interceptor.Intercept(IInvocation underlying) in /_/src/Moq/Interception/CastleProxyFactory.cs:line 107
   at Castle.DynamicProxy.AbstractInvocation.Proceed()
   at Orleans.Streaming.Grains.Tests.Streams.Grains.BlobReceiverGrain.OnBroadcastAsync(BroadcastMessage message, StreamSequenceToken token) in C:\tmp\Orleans.Streaming.Grains\src\Orleans.Streaming.Grains.Tests.Shared\Streams\Grains\BlobReceiverGrain.cs:line 82
   at Orleans.Streams.StreamSubscriptionHandleImpl`1.DeliverBatch(IBatchContainer batch, StreamHandshakeToken handshakeToken)
   at Orleans.Streams.StreamConsumerExtension.DeliverBatch(GuidId subscriptionId, QualifiedStreamId streamId, IBatchContainer batch, StreamHandshakeToken handshakeToken) in /_/src/Orleans.Streaming/Internal/StreamConsumerExtension.cs:line 127
   at Orleans.Runtime.TaskRequest`1.Invoke() in /_/src/Orleans.Core.Abstractions/Runtime/GrainReference.cs:line 709
--- End of stack trace from previous location ---
   at Orleans.Serialization.Invocation.ResponseCompletionSource`1.GetResult(Int16 token) in /_/src/Orleans.Serialization/Invocation/ResponseCompletionSource.cs:line 227
   at System.Threading.Tasks.ValueTask`1.ValueTaskSourceAsTask.<>c.<.cctor>b__4_0(Object state)
--- End of stack trace from previous location ---
   at Orleans.Streams.PersistentStreamPullingAgent.DeliverBatchToConsumer(StreamConsumerData consumerData, IBatchContainer batch) in /_/src/Orleans.Streaming/PersistentStreams/PersistentStreamPullingAgent.cs:line 653
[17:28:55 WRN] Failed to deliver message to consumer on 3f8787ce-21e6-002e-0b00-0000c424e1a7 for stream Default/BlobMessage/9f1fe184038c486fa9bb5423ae9f01b1, may retry.
System.Exception: Exception of type 'System.Exception' was thrown.
   at Moq.Behaviors.ThrowException.Execute(Invocation invocation) in /_/src/Moq/Behaviors/ThrowException.cs:line 22
   at Moq.Setup.Execute(Invocation invocation) in /_/src/Moq/Setup.cs:line 84
   at Moq.CastleProxyFactory.Interceptor.Intercept(IInvocation underlying) in /_/src/Moq/Interception/CastleProxyFactory.cs:line 107
   at Castle.DynamicProxy.AbstractInvocation.Proceed()
   at Orleans.Streaming.Grains.Tests.Streams.Grains.BlobReceiverGrain.OnNextAsync(BlobMessage message, StreamSequenceToken token) in C:\tmp\Orleans.Streaming.Grains\src\Orleans.Streaming.Grains.Tests.Shared\Streams\Grains\BlobReceiverGrain.cs:line 70
   at Orleans.Streams.StreamSubscriptionHandleImpl`1.DeliverBatch(IBatchContainer batch, StreamHandshakeToken handshakeToken)
   at Orleans.Streams.StreamConsumerExtension.DeliverBatch(GuidId subscriptionId, QualifiedStreamId streamId, IBatchContainer batch, StreamHandshakeToken handshakeToken) in /_/src/Orleans.Streaming/Internal/StreamConsumerExtension.cs:line 127
   at Orleans.Runtime.TaskRequest`1.Invoke() in /_/src/Orleans.Core.Abstractions/Runtime/GrainReference.cs:line 709
--- End of stack trace from previous location ---
   at Orleans.Serialization.Invocation.ResponseCompletionSource`1.GetResult(Int16 token) in /_/src/Orleans.Serialization/Invocation/ResponseCompletionSource.cs:line 227
   at System.Threading.Tasks.ValueTask`1.ValueTaskSourceAsTask.<>c.<.cctor>b__4_0(Object state)
--- End of stack trace from previous location ---
   at Orleans.Streams.PersistentStreamPullingAgent.DeliverBatchToConsumer(StreamConsumerData consumerData, IBatchContainer batch) in /_/src/Orleans.Streaming/PersistentStreams/PersistentStreamPullingAgent.cs:line 653
[17:28:55 WRN] Failed to deliver message to consumer on 3f8787ce-e133-f43d-1000-0000c424e1a7 for stream Default/BroadcastMessage/2608f94bfeab46328d7c981da7d70a2e, may retry.
System.Exception: Exception of type 'System.Exception' was thrown.
   at Moq.Behaviors.ThrowException.Execute(Invocation invocation) in /_/src/Moq/Behaviors/ThrowException.cs:line 22
   at Moq.Setup.Execute(Invocation invocation) in /_/src/Moq/Setup.cs:line 84
   at Moq.CastleProxyFactory.Interceptor.Intercept(IInvocation underlying) in /_/src/Moq/Interception/CastleProxyFactory.cs:line 107
   at Castle.DynamicProxy.AbstractInvocation.Proceed()
   at Orleans.Streaming.Grains.Tests.Streams.Grains.BlobReceiverGrain.OnBroadcastAsync(BroadcastMessage message, StreamSequenceToken token) in C:\tmp\Orleans.Streaming.Grains\src\Orleans.Streaming.Grains.Tests.Shared\Streams\Grains\BlobReceiverGrain.cs:line 82
   at Orleans.Streams.StreamSubscriptionHandleImpl`1.DeliverBatch(IBatchContainer batch, StreamHandshakeToken handshakeToken)
   at Orleans.Streams.StreamConsumerExtension.DeliverBatch(GuidId subscriptionId, QualifiedStreamId streamId, IBatchContainer batch, StreamHandshakeToken handshakeToken) in /_/src/Orleans.Streaming/Internal/StreamConsumerExtension.cs:line 127
   at Orleans.Runtime.TaskRequest`1.Invoke() in /_/src/Orleans.Core.Abstractions/Runtime/GrainReference.cs:line 709
--- End of stack trace from previous location ---
   at Orleans.Serialization.Invocation.ResponseCompletionSource`1.GetResult(Int16 token) in /_/src/Orleans.Serialization/Invocation/ResponseCompletionSource.cs:line 227
   at System.Threading.Tasks.ValueTask`1.ValueTaskSourceAsTask.<>c.<.cctor>b__4_0(Object state)
--- End of stack trace from previous location ---
   at Orleans.Streams.PersistentStreamPullingAgent.DeliverBatchToConsumer(StreamConsumerData consumerData, IBatchContainer batch) in /_/src/Orleans.Streaming/PersistentStreams/PersistentStreamPullingAgent.cs:line 653
[17:28:55 WRN] Failed to deliver message to consumer on 1544bf5b-c98f-d05f-1000-0000c424e1a7 for stream Default/BroadcastMessage/8ab0ddc6db15457990b1b1ddfe482760, may retry.
System.Exception: Exception of type 'System.Exception' was thrown.
   at Moq.Behaviors.ThrowException.Execute(Invocation invocation) in /_/src/Moq/Behaviors/ThrowException.cs:line 22
   at Moq.Setup.Execute(Invocation invocation) in /_/src/Moq/Setup.cs:line 84
   at Moq.CastleProxyFactory.Interceptor.Intercept(IInvocation underlying) in /_/src/Moq/Interception/CastleProxyFactory.cs:line 107
   at Castle.DynamicProxy.AbstractInvocation.Proceed()
   at Orleans.Streaming.Grains.Tests.Streams.Grains.SimpleReceiverGrain.OnBroadcastAsync(BroadcastMessage message, StreamSequenceToken token) in C:\tmp\Orleans.Streaming.Grains\src\Orleans.Streaming.Grains.Tests.Shared\Streams\Grains\SimpleReceiverGrain.cs:line 70
   at Orleans.Streams.StreamSubscriptionHandleImpl`1.DeliverBatch(IBatchContainer batch, StreamHandshakeToken handshakeToken)
   at Orleans.Streams.StreamConsumerExtension.DeliverBatch(GuidId subscriptionId, QualifiedStreamId streamId, IBatchContainer batch, StreamHandshakeToken handshakeToken) in /_/src/Orleans.Streaming/Internal/StreamConsumerExtension.cs:line 127
   at Orleans.Runtime.TaskRequest`1.Invoke() in /_/src/Orleans.Core.Abstractions/Runtime/GrainReference.cs:line 709
--- End of stack trace from previous location ---
   at Orleans.Serialization.Invocation.ResponseCompletionSource`1.GetResult(Int16 token) in /_/src/Orleans.Serialization/Invocation/ResponseCompletionSource.cs:line 227
   at System.Threading.Tasks.ValueTask`1.ValueTaskSourceAsTask.<>c.<.cctor>b__4_0(Object state)
--- End of stack trace from previous location ---
   at Orleans.Streams.PersistentStreamPullingAgent.DeliverBatchToConsumer(StreamConsumerData consumerData, IBatchContainer batch) in /_/src/Orleans.Streaming/PersistentStreams/PersistentStreamPullingAgent.cs:line 653
[17:28:56 WRN] Failed to deliver message to consumer on 3f8787ce-1c79-646f-0b00-0000c424e1a7 for stream Default/BlobMessage/a5cb9b6a09fd4c6fae67616a49e1ccee, may retry.
System.Exception: Exception of type 'System.Exception' was thrown.
   at Moq.Behaviors.ThrowException.Execute(Invocation invocation) in /_/src/Moq/Behaviors/ThrowException.cs:line 22
   at Moq.Setup.Execute(Invocation invocation) in /_/src/Moq/Setup.cs:line 84
   at Moq.CastleProxyFactory.Interceptor.Intercept(IInvocation underlying) in /_/src/Moq/Interception/CastleProxyFactory.cs:line 107
   at Castle.DynamicProxy.AbstractInvocation.Proceed()
   at Orleans.Streaming.Grains.Tests.Streams.Grains.BlobReceiverGrain.OnNextAsync(BlobMessage message, StreamSequenceToken token) in C:\tmp\Orleans.Streaming.Grains\src\Orleans.Streaming.Grains.Tests.Shared\Streams\Grains\BlobReceiverGrain.cs:line 70
   at Orleans.Streams.StreamSubscriptionHandleImpl`1.DeliverBatch(IBatchContainer batch, StreamHandshakeToken handshakeToken)
   at Orleans.Streams.StreamConsumerExtension.DeliverBatch(GuidId subscriptionId, QualifiedStreamId streamId, IBatchContainer batch, StreamHandshakeToken handshakeToken) in /_/src/Orleans.Streaming/Internal/StreamConsumerExtension.cs:line 127
   at Orleans.Runtime.TaskRequest`1.Invoke() in /_/src/Orleans.Core.Abstractions/Runtime/GrainReference.cs:line 709
--- End of stack trace from previous location ---
   at Orleans.Serialization.Invocation.ResponseCompletionSource`1.GetResult(Int16 token) in /_/src/Orleans.Serialization/Invocation/ResponseCompletionSource.cs:line 227
   at System.Threading.Tasks.ValueTask`1.ValueTaskSourceAsTask.<>c.<.cctor>b__4_0(Object state)
--- End of stack trace from previous location ---
   at Orleans.Streams.PersistentStreamPullingAgent.DeliverBatchToConsumer(StreamConsumerData consumerData, IBatchContainer batch) in /_/src/Orleans.Streaming/PersistentStreams/PersistentStreamPullingAgent.cs:line 653
[17:28:56 WRN] Failed to deliver message to consumer on 1544bf5b-d885-b228-1000-0000c424e1a7 for stream Default/BroadcastMessage/99734a4c318348dab8a5387857bb2680, may retry.
System.Exception: Exception of type 'System.Exception' was thrown.
   at Moq.Behaviors.ThrowException.Execute(Invocation invocation) in /_/src/Moq/Behaviors/ThrowException.cs:line 22
   at Moq.Setup.Execute(Invocation invocation) in /_/src/Moq/Setup.cs:line 84
   at Moq.CastleProxyFactory.Interceptor.Intercept(IInvocation underlying) in /_/src/Moq/Interception/CastleProxyFactory.cs:line 107
   at Castle.DynamicProxy.AbstractInvocation.Proceed()
   at Orleans.Streaming.Grains.Tests.Streams.Grains.SimpleReceiverGrain.OnBroadcastAsync(BroadcastMessage message, StreamSequenceToken token) in C:\tmp\Orleans.Streaming.Grains\src\Orleans.Streaming.Grains.Tests.Shared\Streams\Grains\SimpleReceiverGrain.cs:line 70
   at Orleans.Streams.StreamSubscriptionHandleImpl`1.DeliverBatch(IBatchContainer batch, StreamHandshakeToken handshakeToken)
   at Orleans.Streams.StreamConsumerExtension.DeliverBatch(GuidId subscriptionId, QualifiedStreamId streamId, IBatchContainer batch, StreamHandshakeToken handshakeToken) in /_/src/Orleans.Streaming/Internal/StreamConsumerExtension.cs:line 127
   at Orleans.Runtime.TaskRequest`1.Invoke() in /_/src/Orleans.Core.Abstractions/Runtime/GrainReference.cs:line 709
--- End of stack trace from previous location ---
   at Orleans.Serialization.Invocation.ResponseCompletionSource`1.GetResult(Int16 token) in /_/src/Orleans.Serialization/Invocation/ResponseCompletionSource.cs:line 227
   at System.Threading.Tasks.ValueTask`1.ValueTaskSourceAsTask.<>c.<.cctor>b__4_0(Object state)
--- End of stack trace from previous location ---
   at Orleans.Streams.PersistentStreamPullingAgent.DeliverBatchToConsumer(StreamConsumerData consumerData, IBatchContainer batch) in /_/src/Orleans.Streaming/PersistentStreams/PersistentStreamPullingAgent.cs:line 653
[17:28:56 WRN] Failed to deliver message to consumer on 3f8787ce-75a7-983d-1000-0000c424e1a7 for stream Default/BroadcastMessage/ebc311ab45e04f42ad6c00b1fe1c60f5, may retry.
System.Exception: Exception of type 'System.Exception' was thrown.
   at Moq.Behaviors.ThrowException.Execute(Invocation invocation) in /_/src/Moq/Behaviors/ThrowException.cs:line 22
   at Moq.Setup.Execute(Invocation invocation) in /_/src/Moq/Setup.cs:line 84
   at Moq.CastleProxyFactory.Interceptor.Intercept(IInvocation underlying) in /_/src/Moq/Interception/CastleProxyFactory.cs:line 107
   at Castle.DynamicProxy.AbstractInvocation.Proceed()
   at Orleans.Streaming.Grains.Tests.Streams.Grains.BlobReceiverGrain.OnBroadcastAsync(BroadcastMessage message, StreamSequenceToken token) in C:\tmp\Orleans.Streaming.Grains\src\Orleans.Streaming.Grains.Tests.Shared\Streams\Grains\BlobReceiverGrain.cs:line 82
   at Orleans.Streams.StreamSubscriptionHandleImpl`1.DeliverBatch(IBatchContainer batch, StreamHandshakeToken handshakeToken)
   at Orleans.Streams.StreamConsumerExtension.DeliverBatch(GuidId subscriptionId, QualifiedStreamId streamId, IBatchContainer batch, StreamHandshakeToken handshakeToken) in /_/src/Orleans.Streaming/Internal/StreamConsumerExtension.cs:line 127
   at Orleans.Runtime.TaskRequest`1.Invoke() in /_/src/Orleans.Core.Abstractions/Runtime/GrainReference.cs:line 709
--- End of stack trace from previous location ---
   at Orleans.Serialization.Invocation.ResponseCompletionSource`1.GetResult(Int16 token) in /_/src/Orleans.Serialization/Invocation/ResponseCompletionSource.cs:line 227
   at System.Threading.Tasks.ValueTask`1.ValueTaskSourceAsTask.<>c.<.cctor>b__4_0(Object state)
--- End of stack trace from previous location ---
   at Orleans.Streams.PersistentStreamPullingAgent.DeliverBatchToConsumer(StreamConsumerData consumerData, IBatchContainer batch) in /_/src/Orleans.Streaming/PersistentStreams/PersistentStreamPullingAgent.cs:line 653
[17:28:56 WRN] Failed to deliver message to consumer on 3f8787ce-d885-b228-1000-0000c424e1a7 for stream Default/BroadcastMessage/99734a4c318348dab8a5387857bb2680, may retry.
System.Exception: Exception of type 'System.Exception' was thrown.
   at Moq.Behaviors.ThrowException.Execute(Invocation invocation) in /_/src/Moq/Behaviors/ThrowException.cs:line 22
   at Moq.Setup.Execute(Invocation invocation) in /_/src/Moq/Setup.cs:line 84
   at Moq.CastleProxyFactory.Interceptor.Intercept(IInvocation underlying) in /_/src/Moq/Interception/CastleProxyFactory.cs:line 107
   at Castle.DynamicProxy.AbstractInvocation.Proceed()
   at Orleans.Streaming.Grains.Tests.Streams.Grains.BlobReceiverGrain.OnBroadcastAsync(BroadcastMessage message, StreamSequenceToken token) in C:\tmp\Orleans.Streaming.Grains\src\Orleans.Streaming.Grains.Tests.Shared\Streams\Grains\BlobReceiverGrain.cs:line 82
   at Orleans.Streams.StreamSubscriptionHandleImpl`1.DeliverBatch(IBatchContainer batch, StreamHandshakeToken handshakeToken)
   at Orleans.Streams.StreamConsumerExtension.DeliverBatch(GuidId subscriptionId, QualifiedStreamId streamId, IBatchContainer batch, StreamHandshakeToken handshakeToken) in /_/src/Orleans.Streaming/Internal/StreamConsumerExtension.cs:line 127
   at Orleans.Runtime.TaskRequest`1.Invoke() in /_/src/Orleans.Core.Abstractions/Runtime/GrainReference.cs:line 709
--- End of stack trace from previous location ---
   at Orleans.Serialization.Invocation.ResponseCompletionSource`1.GetResult(Int16 token) in /_/src/Orleans.Serialization/Invocation/ResponseCompletionSource.cs:line 227
   at System.Threading.Tasks.ValueTask`1.ValueTaskSourceAsTask.<>c.<.cctor>b__4_0(Object state)
--- End of stack trace from previous location ---
   at Orleans.Streams.PersistentStreamPullingAgent.DeliverBatchToConsumer(StreamConsumerData consumerData, IBatchContainer batch) in /_/src/Orleans.Streaming/PersistentStreams/PersistentStreamPullingAgent.cs:line 653
[17:28:56 WRN] Failed to deliver message to consumer on 1544bf5b-75a7-983d-1000-0000c424e1a7 for stream Default/BroadcastMessage/ebc311ab45e04f42ad6c00b1fe1c60f5, may retry.
System.Exception: Exception of type 'System.Exception' was thrown.
   at Moq.Behaviors.ThrowException.Execute(Invocation invocation) in /_/src/Moq/Behaviors/ThrowException.cs:line 22
   at Moq.Setup.Execute(Invocation invocation) in /_/src/Moq/Setup.cs:line 84
   at Moq.CastleProxyFactory.Interceptor.Intercept(IInvocation underlying) in /_/src/Moq/Interception/CastleProxyFactory.cs:line 107
   at Castle.DynamicProxy.AbstractInvocation.Proceed()
   at Orleans.Streaming.Grains.Tests.Streams.Grains.SimpleReceiverGrain.OnBroadcastAsync(BroadcastMessage message, StreamSequenceToken token) in C:\tmp\Orleans.Streaming.Grains\src\Orleans.Streaming.Grains.Tests.Shared\Streams\Grains\SimpleReceiverGrain.cs:line 70
   at Orleans.Streams.StreamSubscriptionHandleImpl`1.DeliverBatch(IBatchContainer batch, StreamHandshakeToken handshakeToken)
   at Orleans.Streams.StreamConsumerExtension.DeliverBatch(GuidId subscriptionId, QualifiedStreamId streamId, IBatchContainer batch, StreamHandshakeToken handshakeToken) in /_/src/Orleans.Streaming/Internal/StreamConsumerExtension.cs:line 127
   at Orleans.Runtime.TaskRequest`1.Invoke() in /_/src/Orleans.Core.Abstractions/Runtime/GrainReference.cs:line 709
--- End of stack trace from previous location ---
   at Orleans.Serialization.Invocation.ResponseCompletionSource`1.GetResult(Int16 token) in /_/src/Orleans.Serialization/Invocation/ResponseCompletionSource.cs:line 227
   at System.Threading.Tasks.ValueTask`1.ValueTaskSourceAsTask.<>c.<.cctor>b__4_0(Object state)
--- End of stack trace from previous location ---
   at Orleans.Streams.PersistentStreamPullingAgent.DeliverBatchToConsumer(StreamConsumerData consumerData, IBatchContainer batch) in /_/src/Orleans.Streaming/PersistentStreams/PersistentStreamPullingAgent.cs:line 653
[17:28:56 WRN] Failed to deliver message to consumer on 3f8787ce-fc25-eeb6-0b00-0000c424e1a7 for stream Default/BlobMessage/eb72923fb8664781be6433ff4166b720, may retry.
System.Exception: Exception of type 'System.Exception' was thrown.
   at Moq.Behaviors.ThrowException.Execute(Invocation invocation) in /_/src/Moq/Behaviors/ThrowException.cs:line 22
   at Moq.Setup.Execute(Invocation invocation) in /_/src/Moq/Setup.cs:line 84
   at Moq.CastleProxyFactory.Interceptor.Intercept(IInvocation underlying) in /_/src/Moq/Interception/CastleProxyFactory.cs:line 107
   at Castle.DynamicProxy.AbstractInvocation.Proceed()
   at Orleans.Streaming.Grains.Tests.Streams.Grains.BlobReceiverGrain.OnNextAsync(BlobMessage message, StreamSequenceToken token) in C:\tmp\Orleans.Streaming.Grains\src\Orleans.Streaming.Grains.Tests.Shared\Streams\Grains\BlobReceiverGrain.cs:line 70
   at Orleans.Streams.StreamSubscriptionHandleImpl`1.DeliverBatch(IBatchContainer batch, StreamHandshakeToken handshakeToken)
   at Orleans.Streams.StreamConsumerExtension.DeliverBatch(GuidId subscriptionId, QualifiedStreamId streamId, IBatchContainer batch, StreamHandshakeToken handshakeToken) in /_/src/Orleans.Streaming/Internal/StreamConsumerExtension.cs:line 127
   at Orleans.Runtime.TaskRequest`1.Invoke() in /_/src/Orleans.Core.Abstractions/Runtime/GrainReference.cs:line 709
--- End of stack trace from previous location ---
   at Orleans.Serialization.Invocation.ResponseCompletionSource`1.GetResult(Int16 token) in /_/src/Orleans.Serialization/Invocation/ResponseCompletionSource.cs:line 227
   at System.Threading.Tasks.ValueTask`1.ValueTaskSourceAsTask.<>c.<.cctor>b__4_0(Object state)
--- End of stack trace from previous location ---
   at Orleans.Streams.PersistentStreamPullingAgent.DeliverBatchToConsumer(StreamConsumerData consumerData, IBatchContainer batch) in /_/src/Orleans.Streaming/PersistentStreams/PersistentStreamPullingAgent.cs:line 653
[+61/x0/?2] Orleans.Streaming.Grains.Tests.dll (net10.0|x64) - Orleans.Streaming.Grains.Tests.Streams.Scenarios.When_Sending_Broadcast_Message_One_To_Many_Error.It_Should_Deliver_Text (1m 00s)

[17:28:57 WRN] Failed to deliver message to consumer on 3f8787ce-75a7-983d-1000-0000c424e1a7 for stream Default/BroadcastMessage/ebc311ab45e04f42ad6c00b1fe1c60f5, may retry.
System.Exception: Exception of type 'System.Exception' was thrown.
   at Moq.Behaviors.ThrowException.Execute(Invocation invocation) in /_/src/Moq/Behaviors/ThrowException.cs:line 22
   at Moq.Setup.Execute(Invocation invocation) in /_/src/Moq/Setup.cs:line 84
   at Moq.CastleProxyFactory.Interceptor.Intercept(IInvocation underlying) in /_/src/Moq/Interception/CastleProxyFactory.cs:line 107
   at Castle.DynamicProxy.AbstractInvocation.Proceed()
   at Orleans.Streaming.Grains.Tests.Streams.Grains.BlobReceiverGrain.OnBroadcastAsync(BroadcastMessage message, StreamSequenceToken token) in C:\tmp\Orleans.Streaming.Grains\src\Orleans.Streaming.Grains.Tests.Shared\Streams\Grains\BlobReceiverGrain.cs:line 82
   at Orleans.Streams.StreamSubscriptionHandleImpl`1.DeliverBatch(IBatchContainer batch, StreamHandshakeToken handshakeToken)
   at Orleans.Streams.StreamConsumerExtension.DeliverBatch(GuidId subscriptionId, QualifiedStreamId streamId, IBatchContainer batch, StreamHandshakeToken handshakeToken) in /_/src/Orleans.Streaming/Internal/StreamConsumerExtension.cs:line 127
   at Orleans.Runtime.TaskRequest`1.Invoke() in /_/src/Orleans.Core.Abstractions/Runtime/GrainReference.cs:line 709
--- End of stack trace from previous location ---
   at Orleans.Serialization.Invocation.ResponseCompletionSource`1.GetResult(Int16 token) in /_/src/Orleans.Serialization/Invocation/ResponseCompletionSource.cs:line 227
   at System.Threading.Tasks.ValueTask`1.ValueTaskSourceAsTask.<>c.<.cctor>b__4_0(Object state)
--- End of stack trace from previous location ---
   at Orleans.Streams.PersistentStreamPullingAgent.DeliverBatchToConsumer(StreamConsumerData consumerData, IBatchContainer batch) in /_/src/Orleans.Streaming/PersistentStreams/PersistentStreamPullingAgent.cs:line 653
[17:28:57 WRN] Failed to deliver message to consumer on 3f8787ce-c98f-d05f-1000-0000c424e1a7 for stream Default/BroadcastMessage/8ab0ddc6db15457990b1b1ddfe482760, may retry.
System.Exception: Exception of type 'System.Exception' was thrown.
   at Moq.Behaviors.ThrowException.Execute(Invocation invocation) in /_/src/Moq/Behaviors/ThrowException.cs:line 22
   at Moq.Setup.Execute(Invocation invocation) in /_/src/Moq/Setup.cs:line 84
   at Moq.CastleProxyFactory.Interceptor.Intercept(IInvocation underlying) in /_/src/Moq/Interception/CastleProxyFactory.cs:line 107
   at Castle.DynamicProxy.AbstractInvocation.Proceed()
   at Orleans.Streaming.Grains.Tests.Streams.Grains.BlobReceiverGrain.OnBroadcastAsync(BroadcastMessage message, StreamSequenceToken token) in C:\tmp\Orleans.Streaming.Grains\src\Orleans.Streaming.Grains.Tests.Shared\Streams\Grains\BlobReceiverGrain.cs:line 82
   at Orleans.Streams.StreamSubscriptionHandleImpl`1.DeliverBatch(IBatchContainer batch, StreamHandshakeToken handshakeToken)
   at Orleans.Streams.StreamConsumerExtension.DeliverBatch(GuidId subscriptionId, QualifiedStreamId streamId, IBatchContainer batch, StreamHandshakeToken handshakeToken) in /_/src/Orleans.Streaming/Internal/StreamConsumerExtension.cs:line 127
   at Orleans.Runtime.TaskRequest`1.Invoke() in /_/src/Orleans.Core.Abstractions/Runtime/GrainReference.cs:line 709
--- End of stack trace from previous location ---
   at Orleans.Serialization.Invocation.ResponseCompletionSource`1.GetResult(Int16 token) in /_/src/Orleans.Serialization/Invocation/ResponseCompletionSource.cs:line 227
   at System.Threading.Tasks.ValueTask`1.ValueTaskSourceAsTask.<>c.<.cctor>b__4_0(Object state)
--- End of stack trace from previous location ---
   at Orleans.Streams.PersistentStreamPullingAgent.DeliverBatchToConsumer(StreamConsumerData consumerData, IBatchContainer batch) in /_/src/Orleans.Streaming/PersistentStreams/PersistentStreamPullingAgent.cs:line 653
[17:28:57 WRN] Failed to deliver message to consumer on 3f8787ce-d885-b228-1000-0000c424e1a7 for stream Default/BroadcastMessage/99734a4c318348dab8a5387857bb2680, may retry.
System.Exception: Exception of type 'System.Exception' was thrown.
   at Moq.Behaviors.ThrowException.Execute(Invocation invocation) in /_/src/Moq/Behaviors/ThrowException.cs:line 22
   at Moq.Setup.Execute(Invocation invocation) in /_/src/Moq/Setup.cs:line 84
   at Moq.CastleProxyFactory.Interceptor.Intercept(IInvocation underlying) in /_/src/Moq/Interception/CastleProxyFactory.cs:line 107
   at Castle.DynamicProxy.AbstractInvocation.Proceed()
   at Orleans.Streaming.Grains.Tests.Streams.Grains.BlobReceiverGrain.OnBroadcastAsync(BroadcastMessage message, StreamSequenceToken token) in C:\tmp\Orleans.Streaming.Grains\src\Orleans.Streaming.Grains.Tests.Shared\Streams\Grains\BlobReceiverGrain.cs:line 82
   at Orleans.Streams.StreamSubscriptionHandleImpl`1.DeliverBatch(IBatchContainer batch, StreamHandshakeToken handshakeToken)
   at Orleans.Streams.StreamConsumerExtension.DeliverBatch(GuidId subscriptionId, QualifiedStreamId streamId, IBatchContainer batch, StreamHandshakeToken handshakeToken) in /_/src/Orleans.Streaming/Internal/StreamConsumerExtension.cs:line 127
   at Orleans.Runtime.TaskRequest`1.Invoke() in /_/src/Orleans.Core.Abstractions/Runtime/GrainReference.cs:line 709
--- End of stack trace from previous location ---
   at Orleans.Serialization.Invocation.ResponseCompletionSource`1.GetResult(Int16 token) in /_/src/Orleans.Serialization/Invocation/ResponseCompletionSource.cs:line 227
   at System.Threading.Tasks.ValueTask`1.ValueTaskSourceAsTask.<>c.<.cctor>b__4_0(Object state)
--- End of stack trace from previous location ---
   at Orleans.Streams.PersistentStreamPullingAgent.DeliverBatchToConsumer(StreamConsumerData consumerData, IBatchContainer batch) in /_/src/Orleans.Streaming/PersistentStreams/PersistentStreamPullingAgent.cs:line 653
[17:28:57 WRN] Failed to deliver message to consumer on 1544bf5b-1749-42c3-0d00-0000c424e1a7 for stream Default/SimpleMessage/4d29994ef4704f97a7a069f80ac30df1, may retry.
System.Exception: Exception of type 'System.Exception' was thrown.
   at Moq.Behaviors.ThrowException.Execute(Invocation invocation) in /_/src/Moq/Behaviors/ThrowException.cs:line 22
   at Moq.Setup.Execute(Invocation invocation) in /_/src/Moq/Setup.cs:line 84
   at Moq.CastleProxyFactory.Interceptor.Intercept(IInvocation underlying) in /_/src/Moq/Interception/CastleProxyFactory.cs:line 107
   at Castle.DynamicProxy.AbstractInvocation.Proceed()
   at Orleans.Streaming.Grains.Tests.Streams.Grains.SimpleReceiverGrain.OnNextAsync(SimpleMessage message, StreamSequenceToken token) in C:\tmp\Orleans.Streaming.Grains\src\Orleans.Streaming.Grains.Tests.Shared\Streams\Grains\SimpleReceiverGrain.cs:line 58
   at Orleans.Streams.StreamSubscriptionHandleImpl`1.DeliverBatch(IBatchContainer batch, StreamHandshakeToken handshakeToken)
   at Orleans.Streams.StreamConsumerExtension.DeliverBatch(GuidId subscriptionId, QualifiedStreamId streamId, IBatchContainer batch, StreamHandshakeToken handshakeToken) in /_/src/Orleans.Streaming/Internal/StreamConsumerExtension.cs:line 127
   at Orleans.Runtime.TaskRequest`1.Invoke() in /_/src/Orleans.Core.Abstractions/Runtime/GrainReference.cs:line 709
--- End of stack trace from previous location ---
   at Orleans.Serialization.Invocation.ResponseCompletionSource`1.GetResult(Int16 token) in /_/src/Orleans.Serialization/Invocation/ResponseCompletionSource.cs:line 227
   at System.Threading.Tasks.ValueTask`1.ValueTaskSourceAsTask.<>c.<.cctor>b__4_0(Object state)
--- End of stack trace from previous location ---
   at Orleans.Streams.PersistentStreamPullingAgent.DeliverBatchToConsumer(StreamConsumerData consumerData, IBatchContainer batch) in /_/src/Orleans.Streaming/PersistentStreams/PersistentStreamPullingAgent.cs:line 653
[17:28:57 WRN] Failed to deliver message to consumer on 3f8787ce-4fa9-7abb-0b00-0000c424e1a7 for stream Default/BlobMessage/7800a671914443609ec3d06e26bafb78, may retry.
System.Exception: Exception of type 'System.Exception' was thrown.
   at Moq.Behaviors.ThrowException.Execute(Invocation invocation) in /_/src/Moq/Behaviors/ThrowException.cs:line 22
   at Moq.Setup.Execute(Invocation invocation) in /_/src/Moq/Setup.cs:line 84
   at Moq.CastleProxyFactory.Interceptor.Intercept(IInvocation underlying) in /_/src/Moq/Interception/CastleProxyFactory.cs:line 107
   at Castle.DynamicProxy.AbstractInvocation.Proceed()
   at Orleans.Streaming.Grains.Tests.Streams.Grains.BlobReceiverGrain.OnNextAsync(BlobMessage message, StreamSequenceToken token) in C:\tmp\Orleans.Streaming.Grains\src\Orleans.Streaming.Grains.Tests.Shared\Streams\Grains\BlobReceiverGrain.cs:line 70
   at Orleans.Streams.StreamSubscriptionHandleImpl`1.DeliverBatch(IBatchContainer batch, StreamHandshakeToken handshakeToken)
   at Orleans.Streams.StreamConsumerExtension.DeliverBatch(GuidId subscriptionId, QualifiedStreamId streamId, IBatchContainer batch, StreamHandshakeToken handshakeToken) in /_/src/Orleans.Streaming/Internal/StreamConsumerExtension.cs:line 127
   at Orleans.Runtime.TaskRequest`1.Invoke() in /_/src/Orleans.Core.Abstractions/Runtime/GrainReference.cs:line 709
--- End of stack trace from previous location ---
   at Orleans.Serialization.Invocation.ResponseCompletionSource`1.GetResult(Int16 token) in /_/src/Orleans.Serialization/Invocation/ResponseCompletionSource.cs:line 227
   at System.Threading.Tasks.ValueTask`1.ValueTaskSourceAsTask.<>c.<.cctor>b__4_0(Object state)
--- End of stack trace from previous location ---
   at Orleans.Streams.PersistentStreamPullingAgent.DeliverBatchToConsumer(StreamConsumerData consumerData, IBatchContainer batch) in /_/src/Orleans.Streaming/PersistentStreams/PersistentStreamPullingAgent.cs:line 653
[17:28:57 WRN] Failed to deliver message to consumer on 1544bf5b-6a55-94e1-0d00-0000c424e1a7 for stream Default/SimpleMessage/28c4e45a8efa44eb990d0bab1801a93a, may retry.
System.Exception: Exception of type 'System.Exception' was thrown.
   at Moq.Behaviors.ThrowException.Execute(Invocation invocation) in /_/src/Moq/Behaviors/ThrowException.cs:line 22
   at Moq.Setup.Execute(Invocation invocation) in /_/src/Moq/Setup.cs:line 84
   at Moq.CastleProxyFactory.Interceptor.Intercept(IInvocation underlying) in /_/src/Moq/Interception/CastleProxyFactory.cs:line 107
   at Castle.DynamicProxy.AbstractInvocation.Proceed()
   at Orleans.Streaming.Grains.Tests.Streams.Grains.SimpleReceiverGrain.OnNextAsync(SimpleMessage message, StreamSequenceToken token) in C:\tmp\Orleans.Streaming.Grains\src\Orleans.Streaming.Grains.Tests.Shared\Streams\Grains\SimpleReceiverGrain.cs:line 58
   at Orleans.Streams.StreamSubscriptionHandleImpl`1.DeliverBatch(IBatchContainer batch, StreamHandshakeToken handshakeToken)
   at Orleans.Streams.StreamConsumerExtension.DeliverBatch(GuidId subscriptionId, QualifiedStreamId streamId, IBatchContainer batch, StreamHandshakeToken handshakeToken) in /_/src/Orleans.Streaming/Internal/StreamConsumerExtension.cs:line 127
   at Orleans.Runtime.TaskRequest`1.Invoke() in /_/src/Orleans.Core.Abstractions/Runtime/GrainReference.cs:line 709
--- End of stack trace from previous location ---
   at Orleans.Serialization.Invocation.ResponseCompletionSource`1.GetResult(Int16 token) in /_/src/Orleans.Serialization/Invocation/ResponseCompletionSource.cs:line 227
   at System.Threading.Tasks.ValueTask`1.ValueTaskSourceAsTask.<>c.<.cctor>b__4_0(Object state)
--- End of stack trace from previous location ---
   at Orleans.Streams.PersistentStreamPullingAgent.DeliverBatchToConsumer(StreamConsumerData consumerData, IBatchContainer batch) in /_/src/Orleans.Streaming/PersistentStreams/PersistentStreamPullingAgent.cs:line 653
[17:28:58 WRN] Failed to deliver message to consumer on 1544bf5b-3651-08cd-0d00-0000c424e1a7 for stream Default/SimpleMessage/00a5382798534182ab5f6c1826da210d, may retry.
System.Exception: Exception of type 'System.Exception' was thrown.
   at Moq.Behaviors.ThrowException.Execute(Invocation invocation) in /_/src/Moq/Behaviors/ThrowException.cs:line 22
   at Moq.Setup.Execute(Invocation invocation) in /_/src/Moq/Setup.cs:line 84
   at Moq.CastleProxyFactory.Interceptor.Intercept(IInvocation underlying) in /_/src/Moq/Interception/CastleProxyFactory.cs:line 107
   at Castle.DynamicProxy.AbstractInvocation.Proceed()
   at Orleans.Streaming.Grains.Tests.Streams.Grains.SimpleReceiverGrain.OnNextAsync(SimpleMessage message, StreamSequenceToken token) in C:\tmp\Orleans.Streaming.Grains\src\Orleans.Streaming.Grains.Tests.Shared\Streams\Grains\SimpleReceiverGrain.cs:line 58
   at Orleans.Streams.StreamSubscriptionHandleImpl`1.DeliverBatch(IBatchContainer batch, StreamHandshakeToken handshakeToken)
   at Orleans.Streams.StreamConsumerExtension.DeliverBatch(GuidId subscriptionId, QualifiedStreamId streamId, IBatchContainer batch, StreamHandshakeToken handshakeToken) in /_/src/Orleans.Streaming/Internal/StreamConsumerExtension.cs:line 127
   at Orleans.Runtime.TaskRequest`1.Invoke() in /_/src/Orleans.Core.Abstractions/Runtime/GrainReference.cs:line 709
--- End of stack trace from previous location ---
   at Orleans.Serialization.Invocation.ResponseCompletionSource`1.GetResult(Int16 token) in /_/src/Orleans.Serialization/Invocation/ResponseCompletionSource.cs:line 227
   at System.Threading.Tasks.ValueTask`1.ValueTaskSourceAsTask.<>c.<.cctor>b__4_0(Object state)
--- End of stack trace from previous location ---
   at Orleans.Streams.PersistentStreamPullingAgent.DeliverBatchToConsumer(StreamConsumerData consumerData, IBatchContainer batch) in /_/src/Orleans.Streaming/PersistentStreams/PersistentStreamPullingAgent.cs:line 653
[+62/x0/?2] Orleans.Streaming.Grains.Tests.dll (net10.0|x64) - Orleans.Streaming.Grains.Tests.Streams.Scenarios.When_Sending_Simple_Message_One_To_One.It_Should_Deliver_Expected (1m 03s)

[+62/x0/?2] Orleans.Streaming.Grains.Tests.dll (net10.0|x64) - Orleans.Streaming.Grains.Tests.Streams.Scenarios.When_Sending_Simple_Message_One_To_One.It_Should_Deliver_Expected (1m 06s)

[+62/x0/?2] Orleans.Streaming.Grains.Tests.dll (net10.0|x64) - Orleans.Streaming.Grains.Tests.Streams.Scenarios.When_Sending_Simple_Message_One_To_One.It_Should_Deliver_Expected (1m 09s)

[+62/x0/?2] Orleans.Streaming.Grains.Tests.dll (net10.0|x64) - Orleans.Streaming.Grains.Tests.Streams.Scenarios.When_Sending_Simple_Message_One_To_One.It_Should_Deliver_Expected (1m 12s)

[+62/x0/?2] Orleans.Streaming.Grains.Tests.dll (net10.0|x64) - Orleans.Streaming.Grains.Tests.Streams.Scenarios.When_Sending_Simple_Message_One_To_One.It_Should_Deliver_Expected (1m 15s)

[+62/x0/?2] Orleans.Streaming.Grains.Tests.dll (net10.0|x64) - Orleans.Streaming.Grains.Tests.Streams.Scenarios.When_Sending_Simple_Message_One_To_One.It_Should_Deliver_Expected (1m 18s)

[+63/x0/?2] Orleans.Streaming.Grains.Tests.dll (net10.0|x64) - Orleans.Streaming.Grains.Tests.Streams.Scenarios.When_Sending_Simple_Message_One_To_One.It_Should_Deliver (1m 21s)

[+64/x0/?2] Orleans.Streaming.Grains.Tests.dll (net10.0|x64) - Orleans.Streaming.Grains.Tests.Streams.Scenarios.When_Sending_Compound_Message_One_To_Many.It_Should_Deliver_Expected_Text (1m 24s)

[+64/x0/?2] Orleans.Streaming.Grains.Tests.dll (net10.0|x64) - Orleans.Streaming.Grains.Tests.Streams.Scenarios.When_Sending_Compound_Message_One_To_Many.It_Should_Deliver_Expected_Text (1m 27s)

[+64/x0/?2] Orleans.Streaming.Grains.Tests.dll (net10.0|x64) - Orleans.Streaming.Grains.Tests.Streams.Scenarios.When_Sending_Compound_Message_One_To_Many.It_Should_Deliver_Expected_Text (1m 30s)

[+64/x0/?2] Orleans.Streaming.Grains.Tests.dll (net10.0|x64) - Orleans.Streaming.Grains.Tests.Streams.Scenarios.When_Sending_Compound_Message_One_To_Many.It_Should_Deliver_Expected_Text (1m 33s)

[+64/x0/?2] Orleans.Streaming.Grains.Tests.dll (net10.0|x64) - Orleans.Streaming.Grains.Tests.Streams.Scenarios.When_Sending_Compound_Message_One_To_Many.It_Should_Deliver_Expected_Text (1m 36s)

[+64/x0/?2] Orleans.Streaming.Grains.Tests.dll (net10.0|x64) - Orleans.Streaming.Grains.Tests.Streams.Scenarios.When_Sending_Compound_Message_One_To_Many.It_Should_Deliver_Expected_Text (1m 39s)

[+64/x0/?2] Orleans.Streaming.Grains.Tests.dll (net10.0|x64) - Orleans.Streaming.Grains.Tests.Streams.Scenarios.When_Sending_Compound_Message_One_To_Many.It_Should_Deliver_Expected_Text (1m 42s)

[+64/x0/?2] Orleans.Streaming.Grains.Tests.dll (net10.0|x64) - Orleans.Streaming.Grains.Tests.Streams.Scenarios.When_Sending_Compound_Message_One_To_Many.It_Should_Deliver_Expected_Text (1m 45s)

[+64/x0/?2] Orleans.Streaming.Grains.Tests.dll (net10.0|x64) - Orleans.Streaming.Grains.Tests.Streams.Scenarios.When_Sending_Compound_Message_One_To_Many.It_Should_Deliver_Expected_Text (1m 48s)

[+64/x0/?2] Orleans.Streaming.Grains.Tests.dll (net10.0|x64) - Orleans.Streaming.Grains.Tests.Streams.Scenarios.When_Sending_Compound_Message_One_To_Many.It_Should_Deliver_Expected_Text (1m 51s)

[+64/x0/?2] Orleans.Streaming.Grains.Tests.dll (net10.0|x64) - Orleans.Streaming.Grains.Tests.Streams.Scenarios.When_Sending_Compound_Message_One_To_Many.It_Should_Deliver_Expected_Text (1m 54s)

skipped Orleans.Streaming.Grains.Tests.Streams.Scenarios.When_Sending_Compound_Message_One_To_Many.It_Should_Empty_Poison (0ms)
  Poison assertions are unreliable when running with shared cluster fixture
[+65/x0/?3] Orleans.Streaming.Grains.Tests.dll (net10.0|x64) - Orleans.Streaming.Grains.Tests.Streams.Scenarios.When_Sending_Compound_Message_One_To_Many.It_Should_Empty_Transactions (1m 57s)

[+65/x0/?3] Orleans.Streaming.Grains.Tests.dll (net10.0|x64) - Orleans.Streaming.Grains.Tests.Streams.Scenarios.When_Sending_Compound_Message_One_To_Many.It_Should_Empty_Transactions (2m 00s)

[+65/x0/?3] Orleans.Streaming.Grains.Tests.dll (net10.0|x64) - Orleans.Streaming.Grains.Tests.Streams.Scenarios.When_Sending_Compound_Message_One_To_Many.It_Should_Empty_Transactions (2m 03s)

[+65/x0/?3] Orleans.Streaming.Grains.Tests.dll (net10.0|x64) - Orleans.Streaming.Grains.Tests.Streams.Scenarios.When_Sending_Compound_Message_One_To_Many.It_Should_Empty_Transactions (2m 06s)

[+65/x0/?3] Orleans.Streaming.Grains.Tests.dll (net10.0|x64) - Orleans.Streaming.Grains.Tests.Streams.Scenarios.When_Sending_Compound_Message_One_To_Many.It_Should_Empty_Transactions (2m 09s)

[+65/x0/?3] Orleans.Streaming.Grains.Tests.dll (net10.0|x64) - Orleans.Streaming.Grains.Tests.Streams.Scenarios.When_Sending_Compound_Message_One_To_Many.It_Should_Empty_Transactions (2m 12s)

[+65/x0/?3] Orleans.Streaming.Grains.Tests.dll (net10.0|x64) - Orleans.Streaming.Grains.Tests.Streams.Scenarios.When_Sending_Compound_Message_One_To_Many.It_Should_Empty_Transactions (2m 15s)

[+65/x0/?3] Orleans.Streaming.Grains.Tests.dll (net10.0|x64) - Orleans.Streaming.Grains.Tests.Streams.Scenarios.When_Sending_Compound_Message_One_To_Many.It_Should_Empty_Transactions (2m 18s)

[+65/x0/?3] Orleans.Streaming.Grains.Tests.dll (net10.0|x64) - Orleans.Streaming.Grains.Tests.Streams.Scenarios.When_Sending_Compound_Message_One_To_Many.It_Should_Empty_Transactions (2m 21s)

[+65/x0/?3] Orleans.Streaming.Grains.Tests.dll (net10.0|x64) - Orleans.Streaming.Grains.Tests.Streams.Scenarios.When_Sending_Compound_Message_One_To_Many.It_Should_Empty_Transactions (2m 24s)

[+65/x0/?3] Orleans.Streaming.Grains.Tests.dll (net10.0|x64) - Orleans.Streaming.Grains.Tests.Streams.Scenarios.When_Sending_Compound_Message_One_To_Many.It_Should_Empty_Transactions (2m 27s)

[+66/x0/?3] Orleans.Streaming.Grains.Tests.dll (net10.0|x64) - Orleans.Streaming.Grains.Tests.Streams.Scenarios.When_Sending_Compound_Message_One_To_Many.It_Should_Deliver_Text (2m 30s)

[+66/x0/?3] Orleans.Streaming.Grains.Tests.dll (net10.0|x64) - Orleans.Streaming.Grains.Tests.Streams.Scenarios.When_Sending_Compound_Message_One_To_Many.It_Should_Deliver_Text (2m 33s)

[+66/x0/?3] Orleans.Streaming.Grains.Tests.dll (net10.0|x64) - Orleans.Streaming.Grains.Tests.Streams.Scenarios.When_Sending_Compound_Message_One_To_Many.It_Should_Deliver_Text (2m 36s)

[+67/x0/?3] Orleans.Streaming.Grains.Tests.dll (net10.0|x64) - Orleans.Streaming.Grains.Tests.Streams.Scenarios.When_Sending_Compound_Message_One_To_Many.It_Should_Deliver_Data (2m 39s)

[+67/x0/?3] Orleans.Streaming.Grains.Tests.dll (net10.0|x64) - Orleans.Streaming.Grains.Tests.Streams.Scenarios.When_Sending_Compound_Message_One_To_Many.It_Should_Deliver_Data (2m 42s)

[+68/x0/?3] Orleans.Streaming.Grains.Tests.dll (net10.0|x64) - Orleans.Streaming.Grains.Tests.Streams.Scenarios.When_Sending_Compound_Message_One_To_Many.It_Should_Empty_Queue (2m 45s)

[+68/x0/?3] Orleans.Streaming.Grains.Tests.dll (net10.0|x64) - Orleans.Streaming.Grains.Tests.Streams.Scenarios.When_Sending_Compound_Message_One_To_Many.It_Should_Empty_Queue (2m 48s)

[+69/x0/?3] Orleans.Streaming.Grains.Tests.dll (net10.0|x64) - Orleans.Streaming.Grains.Tests.Streams.Scenarios.When_Sending_Compound_Message_One_To_Many.It_Should_Deliver_Expected_Data (2m 51s)

[+69/x0/?3] Orleans.Streaming.Grains.Tests.dll (net10.0|x64) - Orleans.Streaming.Grains.Tests.Streams.Scenarios.When_Sending_Compound_Message_One_To_Many.It_Should_Deliver_Expected_Data (2m 54s)

[17:30:51 INF] Closing connection [Local: 127.0.0.1:42581, Remote: 127.0.0.1:26371, ConnectionId: 0HNHOAI258HU2]
[17:30:51 INF] Recorded closed socket from endpoint 127.0.0.1:26371, client ID sys.client/758027e20dd94d1ca062ec22e1484b91.
[17:30:51 INF] Connection [Local: 127.0.0.1:42581, Remote: 127.0.0.1:26371, ConnectionId: 0HNHOAI258HU2] terminated
[17:30:51 INF] Application is shutting down...
[17:30:51 INF] Stopping Orleans Silo
[17:30:51 INF] Stopping agents for 18 queues: [blobmessage-0, blobmessage-1, blobmessage-2, broadcastmessage-0, broadcastmessage-1, broadcastmessage-2, compoundmessage-0, compoundmessage-1, compoundmessage-2, explosivemessage-0, explosivemessage-1, explosivemessage-2, explosivenextmessage-0, explosivenextmessage-1, explosivenextmessage-2, simplemessage-0, simplemessage-1, simplemessage-2].
[17:30:51 INF] About to remove 18 agents from my responsibility: [blobmessage-0, blobmessage-1, blobmessage-2, broadcastmessage-0, broadcastmessage-1, broadcastmessage-2, compoundmessage-0, compoundmessage-1, compoundmessage-2, explosivemessage-0, explosivemessage-1, explosivemessage-2, explosivenextmessage-0, explosivenextmessage-1, explosivenextmessage-2, simplemessage-0, simplemessage-1, simplemessage-2].
[17:30:51 INF] Shutdown of PersistentStreamPullingAgent responsible for queue: simplemessage-2-0x00000000
[17:30:51 INF] Shutdown of PersistentStreamPullingAgent responsible for queue: blobmessage-0-0x00000000
[17:30:51 INF] Shutdown of PersistentStreamPullingAgent responsible for queue: blobmessage-1-0x00000000
[17:30:51 INF] Shutdown of PersistentStreamPullingAgent responsible for queue: blobmessage-2-0x00000000
[17:30:51 INF] Shutdown of PersistentStreamPullingAgent responsible for queue: broadcastmessage-0-0x00000000
[17:30:51 INF] Shutdown of PersistentStreamPullingAgent responsible for queue: broadcastmessage-1-0x00000000
[17:30:51 INF] Shutdown of PersistentStreamPullingAgent responsible for queue: broadcastmessage-2-0x00000000
[17:30:51 INF] Shutdown of PersistentStreamPullingAgent responsible for queue: compoundmessage-0-0x00000000
[17:30:51 INF] Shutdown of PersistentStreamPullingAgent responsible for queue: compoundmessage-2-0x00000000
[17:30:51 INF] Shutdown of PersistentStreamPullingAgent responsible for queue: compoundmessage-1-0x00000000
[17:30:51 INF] Shutdown of PersistentStreamPullingAgent responsible for queue: explosivemessage-0-0x00000000
[17:30:51 INF] Shutdown of PersistentStreamPullingAgent responsible for queue: explosivemessage-1-0x00000000
[17:30:51 INF] Unregister PersistentStreamPullingAgent Producer for stream Default/CompoundMessage/eb72923fb8664781be6433ff4166b720.
[17:30:51 INF] Shutdown of PersistentStreamPullingAgent responsible for queue: explosivemessage-2-0x00000000
[17:30:51 INF] Unregister PersistentStreamPullingAgent Producer for stream Default/ExplosiveMessage/d0307dd88a16482790eef3b2a4bd4221.
[17:30:51 INF] Unregister PersistentStreamPullingAgent Producer for stream Default/SimpleMessage/28c4e45a8efa44eb990d0bab1801a93a.
[17:30:51 INF] Unregister PersistentStreamPullingAgent Producer for stream Default/ExplosiveMessage/d0c805d050544f5bb2ba3c9b56ebd591.
[17:30:51 INF] Shutdown of PersistentStreamPullingAgent responsible for queue: explosivenextmessage-0-0x00000000
[17:30:51 INF] Unregister PersistentStreamPullingAgent Producer for stream Default/ExplosiveMessage/342daa426f5944deb52f49bb92e31fa5.
[17:30:51 INF] Unregister PersistentStreamPullingAgent Producer for stream Default/ExplosiveNextMessage/342daa426f5944deb52f49bb92e31fa5.
[17:30:51 INF] Unregister PersistentStreamPullingAgent Producer for stream Default/BroadcastMessage/b27fb2dcac40496599aa067bb70c7d7b.
[17:30:51 INF] Unregister PersistentStreamPullingAgent Producer for stream Default/ExplosiveMessage/d01b0d035cd14de1952a440b3976b813.
[17:30:51 INF] Unregister PersistentStreamPullingAgent Producer for stream Default/CompoundMessage/62026ce9484142078dfa7b1b9ea5e6fc.
[17:30:51 INF] Unregister PersistentStreamPullingAgent Producer for stream Default/BlobMessage/aefb6a8b96324e81b2668794bf9b026f.
[17:30:51 INF] Unregister PersistentStreamPullingAgent Producer for stream Default/BroadcastMessage/e1b7df69128d4c51a8470fad0978241e.
[17:30:51 INF] Unregister PersistentStreamPullingAgent Producer for stream Default/CompoundMessage/4d29994ef4704f97a7a069f80ac30df1.
[17:30:51 INF] Unregister PersistentStreamPullingAgent Producer for stream Default/BlobMessage/8376c2bd7f8d4d1198656cb91ca3f795.
[17:30:51 INF] Unregister PersistentStreamPullingAgent Producer for stream Default/BroadcastMessage/4db4203cfef24856a7f8a8387688f88e.
[17:30:51 INF] Unregister PersistentStreamPullingAgent Producer for stream Default/BlobMessage/5ca076b19fdb46a2932d3684fed522a4.
[17:30:51 INF] Unregister PersistentStreamPullingAgent Producer for stream Default/BlobMessage/5108c0cb8fb34107b5118ec04fc5a96c.
[17:30:51 INF] Unregister PersistentStreamPullingAgent Producer for stream Default/BroadcastMessage/d8811be794f54e52800d38449f219d2d.
[17:30:51 INF] Unregister PersistentStreamPullingAgent Producer for stream Default/ExplosiveMessage/fca3fabd3af644baa052cb621b94bf8a.
[17:30:51 INF] Unregister PersistentStreamPullingAgent Producer for stream Default/BlobMessage/0e1e73efd7e24c9084c045287d608ef4.
[17:30:51 INF] Unregister PersistentStreamPullingAgent Producer for stream Default/BroadcastMessage/1b8ae6d1d71d422eb056c0886952aefa.
[17:30:51 INF] Unregister PersistentStreamPullingAgent Producer for stream Default/BlobMessage/2fdcb365342c489a8e13286f606847cc.
[17:30:51 INF] Unregister PersistentStreamPullingAgent Producer for stream Default/BlobMessage/5960d29b4bd24ae9b524d07f94998e74.
[17:30:51 INF] Unregister PersistentStreamPullingAgent Producer for stream Default/BroadcastMessage/2078314123404645b9ce8ac726f857a3.
[17:30:51 INF] Unregister PersistentStreamPullingAgent Producer for stream Default/BlobMessage/3e7d355e1d714f5eb6c0bd756cdbaa1f.
[17:30:51 INF] Unregister PersistentStreamPullingAgent Producer for stream Default/CompoundMessage/28c4e45a8efa44eb990d0bab1801a93a.
[17:30:51 INF] Unregister PersistentStreamPullingAgent Producer for stream Default/BlobMessage/7be644e2f637495cbcf59695b41067d5.
[17:30:51 INF] Unregister PersistentStreamPullingAgent Producer for stream Default/BroadcastMessage/9d80b5fd155446ca86cbcde38effdfe7.
[17:30:51 INF] Unregister PersistentStreamPullingAgent Producer for stream Default/CompoundMessage/a5cb9b6a09fd4c6fae67616a49e1ccee.
[17:30:51 INF] Unregister PersistentStreamPullingAgent Producer for stream Default/CompoundMessage/00a5382798534182ab5f6c1826da210d.
[17:30:51 INF] Unregister PersistentStreamPullingAgent Producer for stream Default/BroadcastMessage/5122a509cd6849d6accaa4cb9a2b669e.
[17:30:51 INF] Unregister PersistentStreamPullingAgent Producer for stream Default/CompoundMessage/7800a671914443609ec3d06e26bafb78.
[17:30:51 INF] Unregister PersistentStreamPullingAgent Producer for stream Default/CompoundMessage/9f1fe184038c486fa9bb5423ae9f01b1.
[17:30:51 INF] Unregister PersistentStreamPullingAgent Producer for stream Default/BlobMessage/460b6e3ec4a74705a12e40ef342d9552.
[17:30:51 INF] Unregister PersistentStreamPullingAgent Producer for stream Default/BroadcastMessage/deb0e0c8764248e79c4d4e2c3d84d061.
[17:30:51 INF] Unregister PersistentStreamPullingAgent Producer for stream Default/BlobMessage/1ff9e952c7a54cf08deb89fb637c8192.
[17:30:51 INF] Unregister PersistentStreamPullingAgent Producer for stream Default/SimpleMessage/eb72923fb8664781be6433ff4166b720.
[17:30:51 INF] Unregister PersistentStreamPullingAgent Producer for stream Default/BlobMessage/18cdeceabf1f4248992c3bc8868feb19.
[17:30:51 INF] Unregister PersistentStreamPullingAgent Producer for stream Default/ExplosiveNextMessage/d01b0d035cd14de1952a440b3976b813.
[17:30:51 INF] Unregister PersistentStreamPullingAgent Producer for stream Default/BroadcastMessage/2f940ac881a04861b0512974b64b392b.
[17:30:51 INF] Unregister PersistentStreamPullingAgent Producer for stream Default/ExplosiveMessage/dd0ac55353ba425f938a49ba5b31f331.
[17:30:51 INF] Unregister PersistentStreamPullingAgent Producer for stream Default/BroadcastMessage/e94d365c988341ae94afd91d066f2a74.
[17:30:51 INF] Unregister PersistentStreamPullingAgent Producer for stream Default/BlobMessage/d8af338ea3954957a905395b61947b6c.
[17:30:51 INF] Unregister PersistentStreamPullingAgent Producer for stream Default/BroadcastMessage/50b85120f27e474fa662877d46bf2a3d.
[17:30:51 INF] Unregister PersistentStreamPullingAgent Producer for stream Default/BroadcastMessage/cb1c7e1b83154d4b8bbbb6a40adb14b1.
[17:30:51 INF] Unregister PersistentStreamPullingAgent Producer for stream Default/BlobMessage/21c51aeae96048c198a45102f1ec5c5b.
[17:30:51 INF] Unregister PersistentStreamPullingAgent Producer for stream Default/BroadcastMessage/b8d2b171612946e0b06069cbf5162ddf.
[17:30:51 INF] Unregister PersistentStreamPullingAgent Producer for stream Default/BroadcastMessage/c4f4eeff0be84d148a5e5761a088229a.
[17:30:51 INF] Unregister PersistentStreamPullingAgent Producer for stream Default/BlobMessage/d7c47dcbe77542dd89454e65ecc5b241.
[17:30:51 INF] Unregister PersistentStreamPullingAgent Producer for stream Default/BroadcastMessage/5696e3ae05914d159dd01eb0dd0dee4f.
[17:30:51 INF] Unregister PersistentStreamPullingAgent Producer for stream Default/BlobMessage/d3da40e413604a8c8fd4953a447f85ba.
[17:30:51 INF] Unregister PersistentStreamPullingAgent Producer for stream Default/BlobMessage/460f61e6b8784748bc591870575e9984.
[17:30:51 INF] Unregister PersistentStreamPullingAgent Producer for stream Default/BlobMessage/4e65db21c28149de8822174461239cd8.
[17:30:51 INF] Unregister PersistentStreamPullingAgent Producer for stream Default/BroadcastMessage/f750ef39f88a439fb09d48561048c784.
[17:30:51 INF] Unregister PersistentStreamPullingAgent Producer for stream Default/CompoundMessage/dfb27d29a5b7439e8b84b0be3c4f1ef3.
[17:30:51 INF] Unregister PersistentStreamPullingAgent Producer for stream Default/CompoundMessage/5d50e6c36ea8419bb4a26e5c9f16a458.
[17:30:51 INF] Unregister PersistentStreamPullingAgent Producer for stream Default/BroadcastMessage/7e99b7172de94188aea23290ae0cdf04.
[17:30:51 INF] Unregister PersistentStreamPullingAgent Producer for stream Default/BlobMessage/7275b435b0934258839dee21d2953869.
[17:30:51 INF] Unregister PersistentStreamPullingAgent Producer for stream Default/CompoundMessage/2c06b240cdc947c4b5e22e9ad7b1e019.
[17:30:51 INF] Unregister PersistentStreamPullingAgent Producer for stream Default/BlobMessage/44fa92a4a2fc4b738644bc46388a83a3.
[17:30:51 INF] Shutdown of PersistentStreamPullingAgent responsible for queue: explosivenextmessage-2-0x00000000
[17:30:51 INF] Unregister PersistentStreamPullingAgent Producer for stream Default/BlobMessage/ff920329833f471498806160e2ed042c.
[17:30:51 INF] Shutdown of PersistentStreamPullingAgent responsible for queue: explosivenextmessage-1-0x00000000
[17:30:51 INF] Unregister PersistentStreamPullingAgent Producer for stream Default/BlobMessage/7800a671914443609ec3d06e26bafb78.
[17:30:51 INF] Unregister PersistentStreamPullingAgent Producer for stream Default/ExplosiveNextMessage/d0c805d050544f5bb2ba3c9b56ebd591.
[17:30:51 INF] Unregister PersistentStreamPullingAgent Producer for stream Default/BroadcastMessage/2368787164b745f5b6d52bbaef260b56.
[17:30:51 INF] Unregister PersistentStreamPullingAgent Producer for stream Default/ExplosiveNextMessage/fca3fabd3af644baa052cb621b94bf8a.
[17:30:51 INF] Unregister PersistentStreamPullingAgent Producer for stream Default/CompoundMessage/9d0c97ec80ad43ffb99e695bab08c8a8.
[17:30:51 INF] Unregister PersistentStreamPullingAgent Producer for stream Default/BroadcastMessage/e8324e8f450a40048a76b7b09410d0eb.
[17:30:51 INF] Unregister PersistentStreamPullingAgent Producer for stream Default/CompoundMessage/92dce32954e04127a6d2c00575d23f36.
[17:30:51 INF] Unregister PersistentStreamPullingAgent Producer for stream Default/BroadcastMessage/60e95056abff49509d92df4f9e4aaf1c.
[17:30:51 INF] Unregister PersistentStreamPullingAgent Producer for stream Default/CompoundMessage/c7d0edfb91f144b086b354d047d93585.
[17:30:51 INF] Unregister PersistentStreamPullingAgent Producer for stream Default/BlobMessage/9c8807654a8f4608a08da217d846173f.
[17:30:51 INF] Unregister PersistentStreamPullingAgent Producer for stream Default/BroadcastMessage/2c588b06233a427d88468ee311c546fe.
[17:30:51 INF] Unregister PersistentStreamPullingAgent Producer for stream Default/SimpleMessage/4d29994ef4704f97a7a069f80ac30df1.
[17:30:51 INF] Unregister PersistentStreamPullingAgent Producer for stream Default/BroadcastMessage/0ca2593b40264de1bd5819470fb26cbf.
[17:30:51 INF] Unregister PersistentStreamPullingAgent Producer for stream Default/BlobMessage/ece18071af984d4c8b637a2f5396c3c4.
[17:30:51 INF] Unregister PersistentStreamPullingAgent Producer for stream Default/SimpleMessage/b0c3c2d79e504a149e2462bc41627c6a.
[17:30:51 INF] Unregister PersistentStreamPullingAgent Producer for stream Default/BroadcastMessage/ee4b3a88dead4b869b4146e909267f46.
[17:30:51 INF] Unregister PersistentStreamPullingAgent Producer for stream Default/BlobMessage/24667c4997644065958f80222e93560b.
[17:30:51 INF] Unregister PersistentStreamPullingAgent Producer for stream Default/SimpleMessage/8c1b56be66d44c2aa16dd3611ef5a052.
[17:30:51 INF] Unregister PersistentStreamPullingAgent Producer for stream Default/BlobMessage/4df6b6d7edf9485bb91fc67fbfff281b.
[17:30:51 INF] Unregister PersistentStreamPullingAgent Producer for stream Default/BroadcastMessage/ad0c903a64d947479f7f3d04fff1cc0d.
[17:30:51 INF] Unregister PersistentStreamPullingAgent Producer for stream Default/BroadcastMessage/4d83bf1ffb4449c4aa4bfb601384d37f.
[17:30:51 INF] Unregister PersistentStreamPullingAgent Producer for stream Default/BlobMessage/4d29994ef4704f97a7a069f80ac30df1.
[17:30:51 INF] Unregister PersistentStreamPullingAgent Producer for stream Default/BlobMessage/9c9c36982bc74d37b1994d0e4671702a.
[17:30:51 INF] Unregister PersistentStreamPullingAgent Producer for stream Default/BlobMessage/00a5382798534182ab5f6c1826da210d.
[17:30:51 INF] Unregister PersistentStreamPullingAgent Producer for stream Default/BlobMessage/9d0c97ec80ad43ffb99e695bab08c8a8.
[17:30:51 INF] Unregister PersistentStreamPullingAgent Producer for stream Default/BlobMessage/53ae2baca6904b719fbe596a95fa4d59.
[17:30:51 INF] Unregister PersistentStreamPullingAgent Producer for stream Default/BlobMessage/eb72923fb8664781be6433ff4166b720.
[17:30:51 INF] Unregister PersistentStreamPullingAgent Producer for stream Default/BlobMessage/a7328fc47a544e9e9d3f089032e5f6a9.
[17:30:51 INF] Unregister PersistentStreamPullingAgent Producer for stream Default/CompoundMessage/0f20b7736eb7421c9229340f8a461d39.
[17:30:51 INF] Unregister PersistentStreamPullingAgent Producer for stream Default/ExplosiveNextMessage/d0307dd88a16482790eef3b2a4bd4221.
[17:30:51 INF] Unregister PersistentStreamPullingAgent Producer for stream Default/BlobMessage/9f1fe184038c486fa9bb5423ae9f01b1.
[17:30:51 INF] Unregister PersistentStreamPullingAgent Producer for stream Default/CompoundMessage/ff11ceab1ee54092b9aac70913c6715a.
[17:30:51 INF] Unregister PersistentStreamPullingAgent Producer for stream Default/BlobMessage/a5cb9b6a09fd4c6fae67616a49e1ccee.
[17:30:51 INF] Unregister PersistentStreamPullingAgent Producer for stream Default/BroadcastMessage/ea21405688294f27abaaf95a19de6199.
[17:30:51 INF] Unregister PersistentStreamPullingAgent Producer for stream Default/CompoundMessage/6a52b11a36d4414cb676acba84219e66.
[17:30:51 INF] Unregister PersistentStreamPullingAgent Producer for stream Default/CompoundMessage/0cbee65873f544489f578adcd6ee9afb.
[17:30:51 INF] Unregister PersistentStreamPullingAgent Producer for stream Default/BroadcastMessage/3f0f1a2db6684b278366549d4a40d724.
[17:30:51 INF] Unregister PersistentStreamPullingAgent Producer for stream Default/CompoundMessage/11e47b68cc074948adb157a194a5054d.
[17:30:51 INF] Unregister PersistentStreamPullingAgent Producer for stream Default/CompoundMessage/304b75772955419fbaf486773756da2a.
[17:30:51 INF] Unregister PersistentStreamPullingAgent Producer for stream Default/BroadcastMessage/14870f857f3640eeb07e075e1e3cb5e1.
[17:30:51 INF] Unregister PersistentStreamPullingAgent Producer for stream Default/CompoundMessage/5257383937be483592758548a3d11d4e.
[17:30:51 INF] Unregister PersistentStreamPullingAgent Producer for stream Default/CompoundMessage/7370b95db4e64a9eb7f438cd4dcb860c.
[17:30:51 INF] Unregister PersistentStreamPullingAgent Producer for stream Default/BroadcastMessage/e0e64665486446569f088cf1890bc8ab.
[17:30:51 INF] Unregister PersistentStreamPullingAgent Producer for stream Default/CompoundMessage/8f40f1506b2648fa8a42f52e5b0e6e15.
[17:30:51 INF] Unregister PersistentStreamPullingAgent Producer for stream Default/CompoundMessage/eab5ea90984846c4bcc0d61bb44dfd0a.
[17:30:51 INF] Unregister PersistentStreamPullingAgent Producer for stream Default/BroadcastMessage/4457edec134c4359b6b804913f501ea4.
[17:30:51 INF] Unregister PersistentStreamPullingAgent Producer for stream Default/CompoundMessage/2a5b7c194f414d3186b67f6dbbad0496.
[17:30:51 INF] Unregister PersistentStreamPullingAgent Producer for stream Default/CompoundMessage/c502f7d65c18423d8b6c2c8b89dcb0e7.
[17:30:51 INF] Unregister PersistentStreamPullingAgent Producer for stream Default/BroadcastMessage/fb940a6a6b1f4b8e81f2408b6bfef42f.
[17:30:51 INF] Unregister PersistentStreamPullingAgent Producer for stream Default/BroadcastMessage/c81b83329a7e47a6a44c3c195a553d82.
[17:30:51 INF] Unregister PersistentStreamPullingAgent Producer for stream Default/BroadcastMessage/f1cb273894eb4421a9d4613c4ddc8710.
[17:30:51 INF] Unregister PersistentStreamPullingAgent Producer for stream Default/SimpleMessage/808c79417895476f8c0f8d0008237a7c.
[17:30:51 INF] Unregister PersistentStreamPullingAgent Producer for stream Default/BroadcastMessage/bc907834bda34f6491d75022b48b7b3c.
[17:30:51 INF] Unregister PersistentStreamPullingAgent Producer for stream Default/SimpleMessage/003cf1602ec548c2a3feac346f36fd42.
[17:30:51 INF] Unregister PersistentStreamPullingAgent Producer for stream Default/BroadcastMessage/286130eebe8541ecb6f42e9e1c1446dc.
[17:30:51 INF] Unregister PersistentStreamPullingAgent Producer for stream Default/BroadcastMessage/c40f515b9b794449a3924dbf2213d93e.
[17:30:51 INF] Unregister PersistentStreamPullingAgent Producer for stream Default/BroadcastMessage/7d41889b833640e595bfa61dd4399145.
[17:30:51 INF] Unregister PersistentStreamPullingAgent Producer for stream Default/BroadcastMessage/8188753e42df4f06b00f614be0cde948.
[17:30:51 INF] Unregister PersistentStreamPullingAgent Producer for stream Default/BroadcastMessage/f3a0430d2f1a4d989a9cac3da2b09af9.
[17:30:51 INF] Unregister PersistentStreamPullingAgent Producer for stream Default/BroadcastMessage/6704e01d57484754b3e5f1f24e37e16f.
[17:30:51 INF] Unregister PersistentStreamPullingAgent Producer for stream Default/BlobMessage/48566483f7544330bdac2080e3be7460.
[17:30:51 INF] Unregister PersistentStreamPullingAgent Producer for stream Default/BroadcastMessage/9ddac0db296c4ffca76f9107447053c1.
[17:30:51 INF] Unregister PersistentStreamPullingAgent Producer for stream Default/BroadcastMessage/15045321f8574bea87abfe9287c4ac60.
[17:30:51 INF] Unregister PersistentStreamPullingAgent Producer for stream Default/BlobMessage/5f7c6f7dd0494b3c96fab5d1eac4f99f.
[17:30:51 INF] Unregister PersistentStreamPullingAgent Producer for stream Default/ExplosiveNextMessage/dd0ac55353ba425f938a49ba5b31f331.
[17:30:51 INF] Unregister PersistentStreamPullingAgent Producer for stream Default/BlobMessage/92dce32954e04127a6d2c00575d23f36.
[17:30:51 INF] Unregister PersistentStreamPullingAgent Producer for stream Default/CompoundMessage/b4484401799f47019d70270786fb3a9f.
[17:30:51 INF] Unregister PersistentStreamPullingAgent Producer for stream Default/CompoundMessage/193d0de3b6124f6b9df837bc970cd27e.
[17:30:51 INF] Unregister PersistentStreamPullingAgent Producer for stream Default/BlobMessage/ff11ceab1ee54092b9aac70913c6715a.
[17:30:51 INF] Unregister PersistentStreamPullingAgent Producer for stream Default/SimpleMessage/ba6a4628105c43e38e999fb891c849ec.
[17:30:51 INF] Unregister PersistentStreamPullingAgent Producer for stream Default/BlobMessage/6a52b11a36d4414cb676acba84219e66.
[17:30:51 INF] Unregister PersistentStreamPullingAgent Producer for stream Default/CompoundMessage/8e0e3d700d4c4c5f99986dd5d0285bcc.
[17:30:51 INF] Unregister PersistentStreamPullingAgent Producer for stream Default/SimpleMessage/edea633822ac40e58d4b4836b8ea99ae.
[17:30:51 INF] Unregister PersistentStreamPullingAgent Producer for stream Default/BroadcastMessage/74bc7932b09449399588f942314e1484.
[17:30:51 INF] Unregister PersistentStreamPullingAgent Producer for stream Default/SimpleMessage/5e1b4170b46d4baf83b205b67ab525a6.
[17:30:51 INF] Unregister PersistentStreamPullingAgent Producer for stream Default/BroadcastMessage/33f0a84da0b4473cb5ac47e5584c1bdb.
[17:30:51 INF] Unregister PersistentStreamPullingAgent Producer for stream Default/SimpleMessage/ff11ceab1ee54092b9aac70913c6715a.
[17:30:51 INF] Unregister PersistentStreamPullingAgent Producer for stream Default/BroadcastMessage/2092b07302b34981b4bde4c65cb72d19.
[17:30:51 INF] Unregister PersistentStreamPullingAgent Producer for stream Default/SimpleMessage/6a52b11a36d4414cb676acba84219e66.
[17:30:51 INF] Unregister PersistentStreamPullingAgent Producer for stream Default/BroadcastMessage/3f86f534e4364f68a6d4b42b86924703.
[17:30:51 INF] Unregister PersistentStreamPullingAgent Producer for stream Default/BlobMessage/62026ce9484142078dfa7b1b9ea5e6fc.
[17:30:51 INF] Unregister PersistentStreamPullingAgent Producer for stream Default/BlobMessage/c7d0edfb91f144b086b354d047d93585.
[17:30:51 INF] Unregister PersistentStreamPullingAgent Producer for stream Default/BlobMessage/dfb27d29a5b7439e8b84b0be3c4f1ef3.
[17:30:51 INF] Unregister PersistentStreamPullingAgent Producer for stream Default/CompoundMessage/f3bbf2aa4e0e4f2d83f8e427e4fe81f7.
[17:30:51 INF] Unregister PersistentStreamPullingAgent Producer for stream Default/BlobMessage/28c4e45a8efa44eb990d0bab1801a93a.
[17:30:51 INF] Unregister PersistentStreamPullingAgent Producer for stream Default/BlobMessage/b4484401799f47019d70270786fb3a9f.
[17:30:51 INF] Unregister PersistentStreamPullingAgent Producer for stream Default/CompoundMessage/3374ec86fddd4582b3ac934b6747af0d.
[17:30:51 INF] Unregister PersistentStreamPullingAgent Producer for stream Default/BlobMessage/5d50e6c36ea8419bb4a26e5c9f16a458.
[17:30:51 INF] Unregister PersistentStreamPullingAgent Producer for stream Default/CompoundMessage/4de2c8dfd48540358cf7343e029c41d0.
[17:30:51 INF] Unregister PersistentStreamPullingAgent Producer for stream Default/BlobMessage/11e47b68cc074948adb157a194a5054d.
[17:30:51 INF] Unregister PersistentStreamPullingAgent Producer for stream Default/CompoundMessage/22b24bbc3de6483fbc9f519c19c4099c.
[17:30:51 INF] Unregister PersistentStreamPullingAgent Producer for stream Default/BlobMessage/5257383937be483592758548a3d11d4e.
[17:30:51 INF] Unregister PersistentStreamPullingAgent Producer for stream Default/CompoundMessage/4cdebc82dee441b4954e8eb5ce7620d7.
[17:30:51 INF] Unregister PersistentStreamPullingAgent Producer for stream Default/BlobMessage/2c06b240cdc947c4b5e22e9ad7b1e019.
[17:30:51 INF] Unregister PersistentStreamPullingAgent Producer for stream Default/BlobMessage/8f40f1506b2648fa8a42f52e5b0e6e15.
[17:30:51 INF] Unregister PersistentStreamPullingAgent Producer for stream Default/CompoundMessage/c4df8eca328f481a9c9bc9561ce1691d.
[17:30:51 INF] Unregister PersistentStreamPullingAgent Producer for stream Default/BlobMessage/2a5b7c194f414d3186b67f6dbbad0496.
[17:30:51 INF] Unregister PersistentStreamPullingAgent Producer for stream Default/CompoundMessage/075e21e34a304c88a91a59114017743d.
[17:30:51 INF] Unregister PersistentStreamPullingAgent Producer for stream Default/BlobMessage/193d0de3b6124f6b9df837bc970cd27e.
[17:30:51 INF] Unregister PersistentStreamPullingAgent Producer for stream Default/CompoundMessage/33e1202676074bdc82463eacf66442eb.
[17:30:51 INF] Unregister PersistentStreamPullingAgent Producer for stream Default/BlobMessage/4de2c8dfd48540358cf7343e029c41d0.
[17:30:51 INF] Unregister PersistentStreamPullingAgent Producer for stream Default/BroadcastMessage/26706f956d3d4abc9719e3ab8fe7dd77.
[17:30:51 INF] Unregister PersistentStreamPullingAgent Producer for stream Default/BlobMessage/22b24bbc3de6483fbc9f519c19c4099c.
[17:30:51 INF] Unregister PersistentStreamPullingAgent Producer for stream Default/BroadcastMessage/1fa1953a40d44a7e99160ffc743e2047.
[17:30:51 INF] Unregister PersistentStreamPullingAgent Producer for stream Default/BroadcastMessage/06c9e2204ea64b719df00b2a42e38e6c.
[17:30:51 INF] Unregister PersistentStreamPullingAgent Producer for stream Default/BroadcastMessage/5489e2f667794b19b4be2d6951da5f0e.
[17:30:51 INF] Unregister PersistentStreamPullingAgent Producer for stream Default/BlobMessage/8e0e3d700d4c4c5f99986dd5d0285bcc.
[17:30:51 INF] Unregister PersistentStreamPullingAgent Producer for stream Default/BroadcastMessage/85a641471b59490085ea74589dd7e982.
[17:30:51 INF] Unregister PersistentStreamPullingAgent Producer for stream Default/BroadcastMessage/7f0e99e8907849cfa3179d2814356a78.
[17:30:51 INF] Unregister PersistentStreamPullingAgent Producer for stream Default/BlobMessage/c3d25526ab744e3981f4085e208f2ac7.
[17:30:51 INF] Unregister PersistentStreamPullingAgent Producer for stream Default/BroadcastMessage/ebc311ab45e04f42ad6c00b1fe1c60f5.
[17:30:51 INF] Unregister PersistentStreamPullingAgent Producer for stream Default/BlobMessage/dee89a788dbb44ce8215ba34d81d44ca.
[17:30:51 INF] Unregister PersistentStreamPullingAgent Producer for stream Default/BlobMessage/0f20b7736eb7421c9229340f8a461d39.
[17:30:51 INF] Unregister PersistentStreamPullingAgent Producer for stream Default/BroadcastMessage/57973cc63adc425e8a5d898f5eb3f59c.
[17:30:51 INF] Unregister PersistentStreamPullingAgent Producer for stream Default/SimpleMessage/11e47b68cc074948adb157a194a5054d.
[17:30:51 INF] Unregister PersistentStreamPullingAgent Producer for stream Default/BlobMessage/0cbee65873f544489f578adcd6ee9afb.
[17:30:51 INF] Unregister PersistentStreamPullingAgent Producer for stream Default/CompoundMessage/24348be725514e18b6f8e47b730b8666.
[17:30:51 INF] Unregister PersistentStreamPullingAgent Producer for stream Default/BlobMessage/304b75772955419fbaf486773756da2a.
[17:30:51 INF] Unregister PersistentStreamPullingAgent Producer for stream Default/BlobMessage/c58349f526ae468980bde63f1fa9393f.
[17:30:51 INF] Unregister PersistentStreamPullingAgent Producer for stream Default/BlobMessage/7370b95db4e64a9eb7f438cd4dcb860c.
[17:30:51 INF] Unregister PersistentStreamPullingAgent Producer for stream Default/CompoundMessage/c3d25526ab744e3981f4085e208f2ac7.
[17:30:51 INF] Unregister PersistentStreamPullingAgent Producer for stream Default/BlobMessage/eab5ea90984846c4bcc0d61bb44dfd0a.
[17:30:51 INF] Unregister PersistentStreamPullingAgent Producer for stream Default/BroadcastMessage/466273e1c6904c7c92aa21ab9124dc4c.
[17:30:51 INF] Unregister PersistentStreamPullingAgent Producer for stream Default/BlobMessage/c502f7d65c18423d8b6c2c8b89dcb0e7.
[17:30:51 INF] Unregister PersistentStreamPullingAgent Producer for stream Default/CompoundMessage/c58349f526ae468980bde63f1fa9393f.
[17:30:51 INF] Unregister PersistentStreamPullingAgent Producer for stream Default/BroadcastMessage/7cd700c11ab34d04ad2e0b4223eb88bd.
[17:30:51 INF] Shutdown of PersistentStreamPullingAgent responsible for queue: simplemessage-0-0x00000000
[17:30:51 INF] Unregister PersistentStreamPullingAgent Producer for stream Default/BlobMessage/f323ad158c9d478a9fc90ce15a90c63d.
[17:30:51 INF] Unregister PersistentStreamPullingAgent Producer for stream Default/BroadcastMessage/caaf547fc30447f48dec84c60f7c06fe.
[17:30:51 INF] Unregister PersistentStreamPullingAgent Producer for stream Default/BroadcastMessage/00de8dbc159542d1a18cd5beba5c1aef.
[17:30:51 INF] Unregister PersistentStreamPullingAgent Producer for stream Default/BlobMessage/b1f7ca7e215a41368e18c2d434adc403.
[17:30:51 INF] Unregister PersistentStreamPullingAgent Producer for stream Default/CompoundMessage/bdab3f1fbe994135b42b5c7b113a3ddd.
[17:30:51 INF] Unregister PersistentStreamPullingAgent Producer for stream Default/BlobMessage/d31b01fb96ea40a1a4221db445b1617c.
[17:30:51 INF] Unregister PersistentStreamPullingAgent Producer for stream Default/SimpleMessage/5257383937be483592758548a3d11d4e.
[17:30:51 INF] Unregister PersistentStreamPullingAgent Producer for stream Default/CompoundMessage/9626d0572d054b2bbf6df583d808edce.
[17:30:51 INF] Unregister PersistentStreamPullingAgent Producer for stream Default/BlobMessage/bdab3f1fbe994135b42b5c7b113a3ddd.
[17:30:51 INF] Unregister PersistentStreamPullingAgent Producer for stream Default/SimpleMessage/8f40f1506b2648fa8a42f52e5b0e6e15.
[17:30:51 INF] Unregister PersistentStreamPullingAgent Producer for stream Default/CompoundMessage/a77e065799e44f2686116c692cf68ec7.
[17:30:51 INF] Unregister PersistentStreamPullingAgent Producer for stream Default/CompoundMessage/dee89a788dbb44ce8215ba34d81d44ca.
[17:30:51 INF] Unregister PersistentStreamPullingAgent Producer for stream Default/SimpleMessage/2a5b7c194f414d3186b67f6dbbad0496.
[17:30:51 INF] Unregister PersistentStreamPullingAgent Producer for stream Default/CompoundMessage/99a96a1046ac4e23bd4601e0dfb8f0f2.
[17:30:51 INF] Unregister PersistentStreamPullingAgent Producer for stream Default/SimpleMessage/193d0de3b6124f6b9df837bc970cd27e.
[17:30:51 INF] Unregister PersistentStreamPullingAgent Producer for stream Default/BroadcastMessage/488bca4f3c2d4547a402bc0461b36ae0.
[17:30:51 INF] Unregister PersistentStreamPullingAgent Producer for stream Default/SimpleMessage/4de2c8dfd48540358cf7343e029c41d0.
[17:30:51 INF] Unregister PersistentStreamPullingAgent Producer for stream Default/BroadcastMessage/5bc5421a8c6446d1ba2eeef6c332bf84.
[17:30:51 INF] Unregister PersistentStreamPullingAgent Producer for stream Default/SimpleMessage/22b24bbc3de6483fbc9f519c19c4099c.
[17:30:51 INF] Unregister PersistentStreamPullingAgent Producer for stream Default/SimpleMessage/9f1fe184038c486fa9bb5423ae9f01b1.
[17:30:51 INF] Unregister PersistentStreamPullingAgent Producer for stream Default/BlobMessage/e1cbf37896844725b15641866a5ad6b4.
[17:30:51 INF] Unregister PersistentStreamPullingAgent Producer for stream Default/SimpleMessage/dfb27d29a5b7439e8b84b0be3c4f1ef3.
[17:30:51 INF] Unregister PersistentStreamPullingAgent Producer for stream Default/SimpleMessage/c58349f526ae468980bde63f1fa9393f.
[17:30:51 INF] Unregister PersistentStreamPullingAgent Producer for stream Default/CompoundMessage/19cc400164f0448ebb9dfdcf80f0a2b8.
[17:30:51 INF] Unregister PersistentStreamPullingAgent Producer for stream Default/BroadcastMessage/99734a4c318348dab8a5387857bb2680.
[17:30:51 INF] Unregister PersistentStreamPullingAgent Producer for stream Default/SimpleMessage/bdab3f1fbe994135b42b5c7b113a3ddd.
[17:30:51 INF] Unregister PersistentStreamPullingAgent Producer for stream Default/CompoundMessage/17e6bc618d5e40d1bf37467d3f661f3d.
[17:30:51 INF] Unregister PersistentStreamPullingAgent Producer for stream Default/BlobMessage/19cc400164f0448ebb9dfdcf80f0a2b8.
[17:30:51 INF] Unregister PersistentStreamPullingAgent Producer for stream Default/CompoundMessage/e472e53dbf894ab89ca7535e5c0da966.
[17:30:51 INF] Unregister PersistentStreamPullingAgent Producer for stream Default/BlobMessage/17e6bc618d5e40d1bf37467d3f661f3d.
[17:30:51 INF] Unregister PersistentStreamPullingAgent Producer for stream Default/CompoundMessage/b963ce5606d441438c3c1205efc93b80.
[17:30:51 INF] Unregister PersistentStreamPullingAgent Producer for stream Default/BlobMessage/e472e53dbf894ab89ca7535e5c0da966.
[17:30:51 INF] Unregister PersistentStreamPullingAgent Producer for stream Default/CompoundMessage/4337c3333fa14909a5b6b683a7af2669.
[17:30:51 INF] Unregister PersistentStreamPullingAgent Producer for stream Default/BlobMessage/b963ce5606d441438c3c1205efc93b80.
[17:30:51 INF] Unregister PersistentStreamPullingAgent Producer for stream Default/CompoundMessage/5407c2a94ab1406abdc8f5413f6dbe0e.
[17:30:51 INF] Unregister PersistentStreamPullingAgent Producer for stream Default/BlobMessage/4337c3333fa14909a5b6b683a7af2669.
[17:30:51 INF] Unregister PersistentStreamPullingAgent Producer for stream Default/BlobMessage/c9066ef9e9764db2b9c5987588c0c344.
[17:30:51 INF] Unregister PersistentStreamPullingAgent Producer for stream Default/BlobMessage/5407c2a94ab1406abdc8f5413f6dbe0e.
[17:30:51 INF] Unregister PersistentStreamPullingAgent Producer for stream Default/SimpleMessage/9d0c97ec80ad43ffb99e695bab08c8a8.
[17:30:51 INF] Unregister PersistentStreamPullingAgent Producer for stream Default/SimpleMessage/19cc400164f0448ebb9dfdcf80f0a2b8.
[17:30:51 INF] Unregister PersistentStreamPullingAgent Producer for stream Default/CompoundMessage/f323ad158c9d478a9fc90ce15a90c63d.
[17:30:51 INF] Unregister PersistentStreamPullingAgent Producer for stream Default/BlobMessage/f3bbf2aa4e0e4f2d83f8e427e4fe81f7.
[17:30:51 INF] Unregister PersistentStreamPullingAgent Producer for stream Default/CompoundMessage/10d8a137d72249bf987d4b8a0c059100.
[17:30:51 INF] Unregister PersistentStreamPullingAgent Producer for stream Default/BlobMessage/147bd1917eb44467967bffc0e639447b.
[17:30:51 INF] Unregister PersistentStreamPullingAgent Producer for stream Default/BlobMessage/3374ec86fddd4582b3ac934b6747af0d.
[17:30:51 INF] Unregister PersistentStreamPullingAgent Producer for stream Default/CompoundMessage/be3882fc6d13458b968cc140c21bdb26.
[17:30:51 INF] Unregister PersistentStreamPullingAgent Producer for stream Default/BlobMessage/e5307b9a48704a9287ffcc0f609c3d46.
[17:30:51 INF] Unregister PersistentStreamPullingAgent Producer for stream Default/BlobMessage/4cdebc82dee441b4954e8eb5ce7620d7.
[17:30:51 INF] Unregister PersistentStreamPullingAgent Producer for stream Default/BlobMessage/2bc0d00d38d84d4ea6c7759e44ede979.
[17:30:51 INF] Unregister PersistentStreamPullingAgent Producer for stream Default/SimpleMessage/a5cb9b6a09fd4c6fae67616a49e1ccee.
[17:30:51 INF] Unregister PersistentStreamPullingAgent Producer for stream Default/BlobMessage/a5297643f8eb408389cbbac5e0bd2ab4.
[17:30:51 INF] Unregister PersistentStreamPullingAgent Producer for stream Default/SimpleMessage/17e6bc618d5e40d1bf37467d3f661f3d.
[17:30:51 INF] Unregister PersistentStreamPullingAgent Producer for stream Default/SimpleMessage/515c6fa7be12442b96886ba2e74359f4.
[17:30:51 INF] Unregister PersistentStreamPullingAgent Producer for stream Default/CompoundMessage/a5297643f8eb408389cbbac5e0bd2ab4.
[17:30:51 INF] Unregister PersistentStreamPullingAgent Producer for stream Default/SimpleMessage/e472e53dbf894ab89ca7535e5c0da966.
[17:30:51 INF] Unregister PersistentStreamPullingAgent Producer for stream Default/SimpleMessage/30307f19db9a432ba06e440a156885cc.
[17:30:51 INF] Unregister PersistentStreamPullingAgent Producer for stream Default/BlobMessage/c4df8eca328f481a9c9bc9561ce1691d.
[17:30:51 INF] Unregister PersistentStreamPullingAgent Producer for stream Default/SimpleMessage/b963ce5606d441438c3c1205efc93b80.
[17:30:51 INF] Unregister PersistentStreamPullingAgent Producer for stream Default/SimpleMessage/7ab2fc2d142c4b2f8f2b93096ad1a6f1.
[17:30:51 INF] Unregister PersistentStreamPullingAgent Producer for stream Default/BroadcastMessage/689bce50c62e44cc8661aea8b09d62d0.
[17:30:51 INF] Unregister PersistentStreamPullingAgent Producer for stream Default/SimpleMessage/4337c3333fa14909a5b6b683a7af2669.
[17:30:51 INF] Unregister PersistentStreamPullingAgent Producer for stream Default/BlobMessage/576ce1fc733243f89e5b94150583ca02.
[17:30:51 INF] Unregister PersistentStreamPullingAgent Producer for stream Default/BroadcastMessage/2608f94bfeab46328d7c981da7d70a2e.
[17:30:51 INF] Unregister PersistentStreamPullingAgent Producer for stream Default/CompoundMessage/b1f7ca7e215a41368e18c2d434adc403.
[17:30:51 INF] Unregister PersistentStreamPullingAgent Producer for stream Default/BlobMessage/8e81c9e1dd8c4834af9988ba5b1566a2.
[17:30:51 INF] Unregister PersistentStreamPullingAgent Producer for stream Default/BlobMessage/d9248bf89d7c45b6b6147d11abc04d1d.
[17:30:51 INF] Unregister PersistentStreamPullingAgent Producer for stream Default/BlobMessage/1b4de96439c6406aa4e67089681b55e2.
[17:30:51 INF] Unregister PersistentStreamPullingAgent Producer for stream Default/CompoundMessage/d9248bf89d7c45b6b6147d11abc04d1d.
[17:30:51 INF] Unregister PersistentStreamPullingAgent Producer for stream Default/BlobMessage/3fd732055dcb4686a0ea392c088586f9.
[17:30:51 INF] Unregister PersistentStreamPullingAgent Producer for stream Default/SimpleMessage/2af7c26cf7f7415bac5a3fca620c5e40.
[17:30:51 INF] Unregister PersistentStreamPullingAgent Producer for stream Default/BlobMessage/075e21e34a304c88a91a59114017743d.
[17:30:51 INF] Unregister PersistentStreamPullingAgent Producer for stream Default/SimpleMessage/4af17a8ad53745cab31da3a89ed242a4.
[17:30:51 INF] Unregister PersistentStreamPullingAgent Producer for stream Default/BlobMessage/33e1202676074bdc82463eacf66442eb.
[17:30:51 INF] Unregister PersistentStreamPullingAgent Producer for stream Default/SimpleMessage/005f7098fd9e4442b9db08c00a181c38.
[17:30:51 INF] Shutdown of PersistentStreamPullingAgent responsible for queue: simplemessage-1-0x00000000
[17:30:51 INF] Unregister PersistentStreamPullingAgent Producer for stream Default/SimpleMessage/5407c2a94ab1406abdc8f5413f6dbe0e.
[17:30:51 INF] Unregister PersistentStreamPullingAgent Producer for stream Default/SimpleMessage/7800a671914443609ec3d06e26bafb78.
[17:30:51 INF] Unregister PersistentStreamPullingAgent Producer for stream Default/BroadcastMessage/8ab0ddc6db15457990b1b1ddfe482760.
[17:30:51 INF] Unregister PersistentStreamPullingAgent Producer for stream Default/SimpleMessage/62026ce9484142078dfa7b1b9ea5e6fc.
[17:30:51 INF] Unregister PersistentStreamPullingAgent Producer for stream Default/SimpleMessage/00a5382798534182ab5f6c1826da210d.
[17:30:51 INF] Unregister PersistentStreamPullingAgent Producer for stream Default/SimpleMessage/84fb89e0a8774b3c95957ff2e5eb7b7c.
[17:30:51 INF] Unregister PersistentStreamPullingAgent Producer for stream Default/SimpleMessage/bb3d69c34fc949129300690e2ab241b6.
[17:30:51 INF] Unregister PersistentStreamPullingAgent Producer for stream Default/SimpleMessage/91082dbb983d4d8eb51cf2fabadc3551.
[17:30:51 INF] Unregister PersistentStreamPullingAgent Producer for stream Default/SimpleMessage/6db5274e9bc24bf998b90c630fffd4d7.
[17:30:51 INF] Unregister PersistentStreamPullingAgent Producer for stream Default/SimpleMessage/983450f8fb1545f485557d5318200439.
[17:30:51 INF] Unregister PersistentStreamPullingAgent Producer for stream Default/SimpleMessage/474207aa9c654d66afb6e6dd40a032e8.
[17:30:51 INF] Unregister PersistentStreamPullingAgent Producer for stream Default/SimpleMessage/f354b6283c4c4c07abb1a50983748f9d.
[17:30:51 INF] Unregister PersistentStreamPullingAgent Producer for stream Default/BlobMessage/37760d40fc0f499ea817e69b62e37a5e.
[17:30:51 INF] Unregister PersistentStreamPullingAgent Producer for stream Default/SimpleMessage/5d50e6c36ea8419bb4a26e5c9f16a458.
[17:30:51 INF] Unregister PersistentStreamPullingAgent Producer for stream Default/SimpleMessage/2c06b240cdc947c4b5e22e9ad7b1e019.
[17:30:51 INF] Unregister PersistentStreamPullingAgent Producer for stream Default/SimpleMessage/0f20b7736eb7421c9229340f8a461d39.
[17:30:51 INF] Unregister PersistentStreamPullingAgent Producer for stream Default/SimpleMessage/0cbee65873f544489f578adcd6ee9afb.
[17:30:51 INF] Unregister PersistentStreamPullingAgent Producer for stream Default/SimpleMessage/304b75772955419fbaf486773756da2a.
[17:30:51 INF] Unregister PersistentStreamPullingAgent Producer for stream Default/SimpleMessage/7370b95db4e64a9eb7f438cd4dcb860c.
[17:30:51 INF] Unregister PersistentStreamPullingAgent Producer for stream Default/SimpleMessage/eab5ea90984846c4bcc0d61bb44dfd0a.
[17:30:51 INF] Unregister PersistentStreamPullingAgent Producer for stream Default/SimpleMessage/c502f7d65c18423d8b6c2c8b89dcb0e7.
[17:30:51 INF] Unregister PersistentStreamPullingAgent Producer for stream Default/SimpleMessage/f3bbf2aa4e0e4f2d83f8e427e4fe81f7.
[17:30:51 INF] Unregister PersistentStreamPullingAgent Producer for stream Default/SimpleMessage/3374ec86fddd4582b3ac934b6747af0d.
[17:30:51 INF] Unregister PersistentStreamPullingAgent Producer for stream Default/SimpleMessage/4cdebc82dee441b4954e8eb5ce7620d7.
[17:30:51 INF] Unregister PersistentStreamPullingAgent Producer for stream Default/SimpleMessage/c4df8eca328f481a9c9bc9561ce1691d.
[17:30:51 INF] Unregister PersistentStreamPullingAgent Producer for stream Default/SimpleMessage/075e21e34a304c88a91a59114017743d.
[17:30:51 INF] Unregister PersistentStreamPullingAgent Producer for stream Default/SimpleMessage/33e1202676074bdc82463eacf66442eb.
[17:30:51 INF] Unregister PersistentStreamPullingAgent Producer for stream Default/SimpleMessage/24348be725514e18b6f8e47b730b8666.
[17:30:51 INF] Unregister PersistentStreamPullingAgent Producer for stream Default/SimpleMessage/9626d0572d054b2bbf6df583d808edce.
[17:30:51 INF] Unregister PersistentStreamPullingAgent Producer for stream Default/SimpleMessage/a77e065799e44f2686116c692cf68ec7.
[17:30:51 INF] Unregister PersistentStreamPullingAgent Producer for stream Default/SimpleMessage/99a96a1046ac4e23bd4601e0dfb8f0f2.
[17:30:51 INF] Unregister PersistentStreamPullingAgent Producer for stream Default/SimpleMessage/10d8a137d72249bf987d4b8a0c059100.
[17:30:51 INF] Unregister PersistentStreamPullingAgent Producer for stream Default/CompoundMessage/3fd732055dcb4686a0ea392c088586f9.
[17:30:51 INF] Unregister PersistentStreamPullingAgent Producer for stream Default/SimpleMessage/be3882fc6d13458b968cc140c21bdb26.
[17:30:51 INF] Unregister PersistentStreamPullingAgent Producer for stream Default/BlobMessage/24348be725514e18b6f8e47b730b8666.
[17:30:51 INF] Unregister PersistentStreamPullingAgent Producer for stream Default/SimpleMessage/92dce32954e04127a6d2c00575d23f36.
[17:30:51 INF] Unregister PersistentStreamPullingAgent Producer for stream Default/SimpleMessage/a5297643f8eb408389cbbac5e0bd2ab4.
[17:30:51 INF] Unregister PersistentStreamPullingAgent Producer for stream Default/SimpleMessage/c7d0edfb91f144b086b354d047d93585.
[17:30:51 INF] Unregister PersistentStreamPullingAgent Producer for stream Default/CompoundMessage/d31b01fb96ea40a1a4221db445b1617c.
[17:30:51 INF] Unregister PersistentStreamPullingAgent Producer for stream Default/SimpleMessage/b4484401799f47019d70270786fb3a9f.
[17:30:51 INF] Unregister PersistentStreamPullingAgent Producer for stream Default/BlobMessage/83c4c308dd6b46f6ad8efb2ac7ec06da.
[17:30:51 INF] Unregister PersistentStreamPullingAgent Producer for stream Default/SimpleMessage/8e0e3d700d4c4c5f99986dd5d0285bcc.
[17:30:51 INF] Unregister PersistentStreamPullingAgent Producer for stream Default/BlobMessage/9626d0572d054b2bbf6df583d808edce.
[17:30:51 INF] Unregister PersistentStreamPullingAgent Producer for stream Default/SimpleMessage/c3d25526ab744e3981f4085e208f2ac7.
[17:30:51 INF] Unregister PersistentStreamPullingAgent Producer for stream Default/SimpleMessage/d9248bf89d7c45b6b6147d11abc04d1d.
[17:30:51 INF] Unregister PersistentStreamPullingAgent Producer for stream Default/SimpleMessage/dee89a788dbb44ce8215ba34d81d44ca.
[17:30:51 INF] Unregister PersistentStreamPullingAgent Producer for stream Default/SimpleMessage/f323ad158c9d478a9fc90ce15a90c63d.
[17:30:51 INF] Unregister PersistentStreamPullingAgent Producer for stream Default/CompoundMessage/e1cbf37896844725b15641866a5ad6b4.
[17:30:51 INF] Unregister PersistentStreamPullingAgent Producer for stream Default/SimpleMessage/b1f7ca7e215a41368e18c2d434adc403.
[17:30:51 INF] Unregister PersistentStreamPullingAgent Producer for stream Default/BlobMessage/2fe20bbdd7634d00b89a1b73c7caaad5.
[17:30:51 INF] Unregister PersistentStreamPullingAgent Producer for stream Default/BlobMessage/a77e065799e44f2686116c692cf68ec7.
[17:30:51 INF] Unregister PersistentStreamPullingAgent Producer for stream Default/SimpleMessage/3fd732055dcb4686a0ea392c088586f9.
[17:30:51 INF] Unregister PersistentStreamPullingAgent Producer for stream Default/BlobMessage/99a96a1046ac4e23bd4601e0dfb8f0f2.
[17:30:51 INF] Unregister PersistentStreamPullingAgent Producer for stream Default/CompoundMessage/c9066ef9e9764db2b9c5987588c0c344.
[17:30:51 INF] Unregister PersistentStreamPullingAgent Producer for stream Default/SimpleMessage/d31b01fb96ea40a1a4221db445b1617c.
[17:30:51 INF] Unregister PersistentStreamPullingAgent Producer for stream Default/BlobMessage/10d8a137d72249bf987d4b8a0c059100.
[17:30:51 INF] Unregister PersistentStreamPullingAgent Producer for stream Default/SimpleMessage/e1cbf37896844725b15641866a5ad6b4.
[17:30:51 INF] Unregister PersistentStreamPullingAgent Producer for stream Default/CompoundMessage/147bd1917eb44467967bffc0e639447b.
[17:30:51 INF] Unregister PersistentStreamPullingAgent Producer for stream Default/BlobMessage/be3882fc6d13458b968cc140c21bdb26.
[17:30:51 INF] Unregister PersistentStreamPullingAgent Producer for stream Default/SimpleMessage/c9066ef9e9764db2b9c5987588c0c344.
[17:30:51 INF] Unregister PersistentStreamPullingAgent Producer for stream Default/CompoundMessage/e5307b9a48704a9287ffcc0f609c3d46.
[17:30:51 INF] Unregister PersistentStreamPullingAgent Producer for stream Default/SimpleMessage/147bd1917eb44467967bffc0e639447b.
[17:30:51 INF] Unregister PersistentStreamPullingAgent Producer for stream Default/CompoundMessage/2bc0d00d38d84d4ea6c7759e44ede979.
[17:30:51 INF] Unregister PersistentStreamPullingAgent Producer for stream Default/SimpleMessage/e5307b9a48704a9287ffcc0f609c3d46.
[17:30:51 INF] Unregister PersistentStreamPullingAgent Producer for stream Default/CompoundMessage/576ce1fc733243f89e5b94150583ca02.
[17:30:51 INF] Unregister PersistentStreamPullingAgent Producer for stream Default/SimpleMessage/2bc0d00d38d84d4ea6c7759e44ede979.
[17:30:51 INF] Unregister PersistentStreamPullingAgent Producer for stream Default/CompoundMessage/8e81c9e1dd8c4834af9988ba5b1566a2.
[17:30:51 INF] Unregister PersistentStreamPullingAgent Producer for stream Default/SimpleMessage/576ce1fc733243f89e5b94150583ca02.
[17:30:51 INF] Unregister PersistentStreamPullingAgent Producer for stream Default/CompoundMessage/1b4de96439c6406aa4e67089681b55e2.
[17:30:51 INF] Unregister PersistentStreamPullingAgent Producer for stream Default/SimpleMessage/8e81c9e1dd8c4834af9988ba5b1566a2.
[17:30:51 INF] Unregister PersistentStreamPullingAgent Producer for stream Default/CompoundMessage/37760d40fc0f499ea817e69b62e37a5e.
[17:30:51 INF] Unregister PersistentStreamPullingAgent Producer for stream Default/SimpleMessage/1b4de96439c6406aa4e67089681b55e2.
[17:30:51 INF] Unregister PersistentStreamPullingAgent Producer for stream Default/CompoundMessage/83c4c308dd6b46f6ad8efb2ac7ec06da.
[17:30:51 INF] Unregister PersistentStreamPullingAgent Producer for stream Default/SimpleMessage/37760d40fc0f499ea817e69b62e37a5e.
[17:30:51 INF] Unregister PersistentStreamPullingAgent Producer for stream Default/CompoundMessage/2fe20bbdd7634d00b89a1b73c7caaad5.
[17:30:51 INF] Unregister PersistentStreamPullingAgent Producer for stream Default/SimpleMessage/83c4c308dd6b46f6ad8efb2ac7ec06da.
[17:30:51 INF] Unregister PersistentStreamPullingAgent Producer for stream Default/SimpleMessage/2fe20bbdd7634d00b89a1b73c7caaad5.
[17:30:51 INF] Removed 18 queues: [blobmessage-0, blobmessage-1, blobmessage-2, broadcastmessage-0, broadcastmessage-1, broadcastmessage-2, compoundmessage-0, compoundmessage-1, compoundmessage-2, explosivemessage-0, explosivemessage-1, explosivemessage-2, explosivenextmessage-0, explosivenextmessage-1, explosivenextmessage-2, simplemessage-0, simplemessage-1, simplemessage-2]. Now own total of 0 queues: [].
[17:30:51 INF] Stopped agents.
[17:30:51 WRN] AllActiveSilos SiloStatusOracle.GetApproximateSiloStatuses empty
[17:30:51 WRN] AllActiveSilos SiloStatusOracle.GetApproximateSiloStatuses empty
[17:30:51 WRN] AllActiveSilos SiloStatusOracle.GetApproximateSiloStatuses empty
[17:30:51 WRN] AllActiveSilos SiloStatusOracle.GetApproximateSiloStatuses empty
[17:30:51 WRN] AllActiveSilos SiloStatusOracle.GetApproximateSiloStatuses empty
[17:30:51 WRN] AllActiveSilos SiloStatusOracle.GetApproximateSiloStatuses empty
[17:30:51 WRN] AllActiveSilos SiloStatusOracle.GetApproximateSiloStatuses empty
[17:30:51 WRN] AllActiveSilos SiloStatusOracle.GetApproximateSiloStatuses empty
[17:30:51 WRN] AllActiveSilos SiloStatusOracle.GetApproximateSiloStatuses empty
[17:30:51 WRN] AllActiveSilos SiloStatusOracle.GetApproximateSiloStatuses empty
[17:30:51 WRN] AllActiveSilos SiloStatusOracle.GetApproximateSiloStatuses empty
[17:30:51 WRN] Failed to forward message Request [S127.0.0.1:26498:124421290 transaction/explosivenextmessage-1]->[S127.0.0.1:26498:124421290 memorystorage/3] Orleans.Storage.IMemoryStorageGrain.WriteStateAsync<T>(System.String, Orleans.IGrainState`1[System.ReadOnlyMemory`1[System.Byte]]) #46E9C1790F111852[ForwardCount=2] from [GrainAddress GrainId memorystorage/3, ActivationId: @00000000000000000000000000000000, SiloAddress: S127.0.0.1:26498:124421290] to null after Unable to create local activation. Attempt 2
[17:30:51 WRN] Failed to forward message Request [S127.0.0.1:26498:124421290 transaction/broadcastmessage-0]->[S127.0.0.1:26498:124421290 memorystorage/0] Orleans.Storage.IMemoryStorageGrain.WriteStateAsync<T>(System.String, Orleans.IGrainState`1[System.ReadOnlyMemory`1[System.Byte]]) #46E9C1790F111855[ForwardCount=2] from [GrainAddress GrainId memorystorage/0, ActivationId: @00000000000000000000000000000000, SiloAddress: S127.0.0.1:26498:124421290] to null after Unable to create local activation. Attempt 2
[17:30:51 WRN] AllActiveSilos SiloStatusOracle.GetApproximateSiloStatuses empty
[17:30:51 ERR] Error from storage provider MemoryGrainStorage.state during WriteStateAsync for grain transaction/explosivenextmessage-1null
Orleans.Runtime.OrleansMessageRejectionException: Forwarding failed: tried to forward message Request [S127.0.0.1:26498:124421290 transaction/explosivenextmessage-1]->[S127.0.0.1:26498:124421290 memorystorage/3] Orleans.Storage.IMemoryStorageGrain.WriteStateAsync<T>(System.String, Orleans.IGrainState`1[System.ReadOnlyMemory`1[System.Byte]]) #46E9C1790F111852[ForwardCount=2] for 2 times after "Unable to create local activation" to invalid activation. Rejecting now. 
   at System.Threading.Tasks.ValueTask`1.ValueTaskSourceAsTask.<>c.<.cctor>b__4_0(Object state)
--- End of stack trace from previous location ---
   at Orleans.Storage.MemoryGrainStorage.WriteStateAsync[T](String grainType, GrainId grainId, IGrainState`1 grainState) in /_/src/Orleans.Persistence.Memory/Storage/MemoryStorage.cs:line 102
   at Orleans.Core.StateStorageBridge`1.WriteStateAsync() in /_/src/Orleans.Runtime/Storage/StateStorageBridge.cs:line 106
[17:30:51 ERR] Error from storage provider MemoryGrainStorage.state during WriteStateAsync for grain transaction/broadcastmessage-0null
Orleans.Runtime.OrleansMessageRejectionException: Forwarding failed: tried to forward message Request [S127.0.0.1:26498:124421290 transaction/broadcastmessage-0]->[S127.0.0.1:26498:124421290 memorystorage/0] Orleans.Storage.IMemoryStorageGrain.WriteStateAsync<T>(System.String, Orleans.IGrainState`1[System.ReadOnlyMemory`1[System.Byte]]) #46E9C1790F111855[ForwardCount=2] for 2 times after "Unable to create local activation" to invalid activation. Rejecting now. 
   at System.Threading.Tasks.ValueTask`1.ValueTaskSourceAsTask.<>c.<.cctor>b__4_0(Object state)
--- End of stack trace from previous location ---
   at Orleans.Storage.MemoryGrainStorage.WriteStateAsync[T](String grainType, GrainId grainId, IGrainState`1 grainState) in /_/src/Orleans.Persistence.Memory/Storage/MemoryStorage.cs:line 102
   at Orleans.Core.StateStorageBridge`1.WriteStateAsync() in /_/src/Orleans.Runtime/Storage/StateStorageBridge.cs:line 106
[17:30:51 ERR] Error thrown from OnDeactivateAsync for activation '[Activation: S127.0.0.1:26498:124421290/transaction/broadcastmessage-0@ce379d6e295340c99cb6891e6073b5e7#GrainType=Orleans.Streaming.Grains.Grains.TransactionGrain,Orleans.Streaming.Grains Placement=ResourceOptimizedPlacement State=Deactivating]'
Orleans.Runtime.OrleansMessageRejectionException: Forwarding failed: tried to forward message Request [S127.0.0.1:26498:124421290 transaction/broadcastmessage-0]->[S127.0.0.1:26498:124421290 memorystorage/0] Orleans.Storage.IMemoryStorageGrain.WriteStateAsync<T>(System.String, Orleans.IGrainState`1[System.ReadOnlyMemory`1[System.Byte]]) #46E9C1790F111855[ForwardCount=2] for 2 times after "Unable to create local activation" to invalid activation. Rejecting now. 
   at System.Threading.Tasks.ValueTask`1.ValueTaskSourceAsTask.<>c.<.cctor>b__4_0(Object state)
--- End of stack trace from previous location ---
   at Orleans.Storage.MemoryGrainStorage.WriteStateAsync[T](String grainType, GrainId grainId, IGrainState`1 grainState) in /_/src/Orleans.Persistence.Memory/Storage/MemoryStorage.cs:line 102
   at Orleans.Core.StateStorageBridge`1.WriteStateAsync() in /_/src/Orleans.Runtime/Storage/StateStorageBridge.cs:line 106
   at Orleans.Core.StateStorageBridge`1.OnError(Exception exception, ErrorCode id, String operation) in /_/src/Orleans.Runtime/Storage/StateStorageBridge.cs:line 188
   at Orleans.Core.StateStorageBridge`1.WriteStateAsync() in /_/src/Orleans.Runtime/Storage/StateStorageBridge.cs:line 112
   at Orleans.Streaming.Grains.Grains.TransactionGrain.PersistAsync() in C:\tmp\Orleans.Streaming.Grains\src\Orleans.Streaming.Grains\Grains\TransactionGrain.cs:line 153
   at Orleans.Streaming.Grains.Grains.TransactionGrain.OnDeactivateAsync(DeactivationReason reason, CancellationToken cancellationToken) in C:\tmp\Orleans.Streaming.Grains\src\Orleans.Streaming.Grains\Grains\TransactionGrain.cs:line 53
   at Orleans.Runtime.ActivationData.FinishDeactivating(ActivationState previousState, CancellationToken cancellationToken) in /_/src/Orleans.Runtime/Catalog/ActivationData.cs:line 1704
[17:30:51 ERR] Error thrown from OnDeactivateAsync for activation '[Activation: S127.0.0.1:26498:124421290/transaction/explosivenextmessage-1@a5bed2082ed14ffbaf91d068a600e299#GrainType=Orleans.Streaming.Grains.Grains.TransactionGrain,Orleans.Streaming.Grains Placement=ResourceOptimizedPlacement State=Deactivating]'
Orleans.Runtime.OrleansMessageRejectionException: Forwarding failed: tried to forward message Request [S127.0.0.1:26498:124421290 transaction/explosivenextmessage-1]->[S127.0.0.1:26498:124421290 memorystorage/3] Orleans.Storage.IMemoryStorageGrain.WriteStateAsync<T>(System.String, Orleans.IGrainState`1[System.ReadOnlyMemory`1[System.Byte]]) #46E9C1790F111852[ForwardCount=2] for 2 times after "Unable to create local activation" to invalid activation. Rejecting now. 
   at System.Threading.Tasks.ValueTask`1.ValueTaskSourceAsTask.<>c.<.cctor>b__4_0(Object state)
--- End of stack trace from previous location ---
   at Orleans.Storage.MemoryGrainStorage.WriteStateAsync[T](String grainType, GrainId grainId, IGrainState`1 grainState) in /_/src/Orleans.Persistence.Memory/Storage/MemoryStorage.cs:line 102
   at Orleans.Core.StateStorageBridge`1.WriteStateAsync() in /_/src/Orleans.Runtime/Storage/StateStorageBridge.cs:line 106
   at Orleans.Core.StateStorageBridge`1.OnError(Exception exception, ErrorCode id, String operation) in /_/src/Orleans.Runtime/Storage/StateStorageBridge.cs:line 188
   at Orleans.Core.StateStorageBridge`1.WriteStateAsync() in /_/src/Orleans.Runtime/Storage/StateStorageBridge.cs:line 112
   at Orleans.Streaming.Grains.Grains.TransactionGrain.PersistAsync() in C:\tmp\Orleans.Streaming.Grains\src\Orleans.Streaming.Grains\Grains\TransactionGrain.cs:line 153
   at Orleans.Streaming.Grains.Grains.TransactionGrain.OnDeactivateAsync(DeactivationReason reason, CancellationToken cancellationToken) in C:\tmp\Orleans.Streaming.Grains\src\Orleans.Streaming.Grains\Grains\TransactionGrain.cs:line 53
   at Orleans.Runtime.ActivationData.FinishDeactivating(ActivationState previousState, CancellationToken cancellationToken) in /_/src/Orleans.Runtime/Catalog/ActivationData.cs:line 1704
[17:30:51 WRN] AllActiveSilos SiloStatusOracle.GetApproximateSiloStatuses empty
[17:30:51 WRN] AllActiveSilos SiloStatusOracle.GetApproximateSiloStatuses empty
[17:30:51 WRN] AllActiveSilos SiloStatusOracle.GetApproximateSiloStatuses empty
[17:30:51 WRN] Failed to forward message Request [S127.0.0.1:26498:124421290 transaction/explosivenextmessage-2]->[S127.0.0.1:26498:124421290 memorystorage/5] Orleans.Storage.IMemoryStorageGrain.WriteStateAsync<T>(System.String, Orleans.IGrainState`1[System.ReadOnlyMemory`1[System.Byte]]) #46E9C1790F111856[ForwardCount=2] from [GrainAddress GrainId memorystorage/5, ActivationId: @00000000000000000000000000000000, SiloAddress: S127.0.0.1:26498:124421290] to null after Unable to create local activation. Attempt 2
[17:30:51 ERR] Error from storage provider MemoryGrainStorage.state during WriteStateAsync for grain transaction/explosivenextmessage-2null
Orleans.Runtime.OrleansMessageRejectionException: Forwarding failed: tried to forward message Request [S127.0.0.1:26498:124421290 transaction/explosivenextmessage-2]->[S127.0.0.1:26498:124421290 memorystorage/5] Orleans.Storage.IMemoryStorageGrain.WriteStateAsync<T>(System.String, Orleans.IGrainState`1[System.ReadOnlyMemory`1[System.Byte]]) #46E9C1790F111856[ForwardCount=2] for 2 times after "Unable to create local activation" to invalid activation. Rejecting now. 
   at System.Threading.Tasks.ValueTask`1.ValueTaskSourceAsTask.<>c.<.cctor>b__4_0(Object state)
--- End of stack trace from previous location ---
   at Orleans.Storage.MemoryGrainStorage.WriteStateAsync[T](String grainType, GrainId grainId, IGrainState`1 grainState) in /_/src/Orleans.Persistence.Memory/Storage/MemoryStorage.cs:line 102
   at Orleans.Core.StateStorageBridge`1.WriteStateAsync() in /_/src/Orleans.Runtime/Storage/StateStorageBridge.cs:line 106
[17:30:51 ERR] Error thrown from OnDeactivateAsync for activation '[Activation: S127.0.0.1:26498:124421290/transaction/explosivenextmessage-2@6346ad1a4bdf4cb3a5869b643b78e256#GrainType=Orleans.Streaming.Grains.Grains.TransactionGrain,Orleans.Streaming.Grains Placement=ResourceOptimizedPlacement State=Deactivating]'
Orleans.Runtime.OrleansMessageRejectionException: Forwarding failed: tried to forward message Request [S127.0.0.1:26498:124421290 transaction/explosivenextmessage-2]->[S127.0.0.1:26498:124421290 memorystorage/5] Orleans.Storage.IMemoryStorageGrain.WriteStateAsync<T>(System.String, Orleans.IGrainState`1[System.ReadOnlyMemory`1[System.Byte]]) #46E9C1790F111856[ForwardCount=2] for 2 times after "Unable to create local activation" to invalid activation. Rejecting now. 
   at System.Threading.Tasks.ValueTask`1.ValueTaskSourceAsTask.<>c.<.cctor>b__4_0(Object state)
--- End of stack trace from previous location ---
   at Orleans.Storage.MemoryGrainStorage.WriteStateAsync[T](String grainType, GrainId grainId, IGrainState`1 grainState) in /_/src/Orleans.Persistence.Memory/Storage/MemoryStorage.cs:line 102
   at Orleans.Core.StateStorageBridge`1.WriteStateAsync() in /_/src/Orleans.Runtime/Storage/StateStorageBridge.cs:line 106
   at Orleans.Core.StateStorageBridge`1.OnError(Exception exception, ErrorCode id, String operation) in /_/src/Orleans.Runtime/Storage/StateStorageBridge.cs:line 188
   at Orleans.Core.StateStorageBridge`1.WriteStateAsync() in /_/src/Orleans.Runtime/Storage/StateStorageBridge.cs:line 112
   at Orleans.Streaming.Grains.Grains.TransactionGrain.PersistAsync() in C:\tmp\Orleans.Streaming.Grains\src\Orleans.Streaming.Grains\Grains\TransactionGrain.cs:line 153
   at Orleans.Streaming.Grains.Grains.TransactionGrain.OnDeactivateAsync(DeactivationReason reason, CancellationToken cancellationToken) in C:\tmp\Orleans.Streaming.Grains\src\Orleans.Streaming.Grains\Grains\TransactionGrain.cs:line 53
   at Orleans.Runtime.ActivationData.FinishDeactivating(ActivationState previousState, CancellationToken cancellationToken) in /_/src/Orleans.Runtime/Catalog/ActivationData.cs:line 1704
[17:30:51 WRN] AllActiveSilos SiloStatusOracle.GetApproximateSiloStatuses empty
[17:30:51 WRN] AllActiveSilos SiloStatusOracle.GetApproximateSiloStatuses empty
[17:30:51 WRN] AllActiveSilos SiloStatusOracle.GetApproximateSiloStatuses empty
[17:30:51 WRN] Failed to forward message Request [S127.0.0.1:26498:124421290 transaction/simplemessage-0]->[S127.0.0.1:26498:124421290 memorystorage/5] Orleans.Storage.IMemoryStorageGrain.WriteStateAsync<T>(System.String, Orleans.IGrainState`1[System.ReadOnlyMemory`1[System.Byte]]) #46E9C1790F111859[ForwardCount=2] from [GrainAddress GrainId memorystorage/5, ActivationId: @00000000000000000000000000000000, SiloAddress: S127.0.0.1:26498:124421290] to null after Unable to create local activation. Attempt 2
[17:30:51 ERR] Error from storage provider MemoryGrainStorage.state during WriteStateAsync for grain transaction/simplemessage-0null
Orleans.Runtime.OrleansMessageRejectionException: Forwarding failed: tried to forward message Request [S127.0.0.1:26498:124421290 transaction/simplemessage-0]->[S127.0.0.1:26498:124421290 memorystorage/5] Orleans.Storage.IMemoryStorageGrain.WriteStateAsync<T>(System.String, Orleans.IGrainState`1[System.ReadOnlyMemory`1[System.Byte]]) #46E9C1790F111859[ForwardCount=2] for 2 times after "Unable to create local activation" to invalid activation. Rejecting now. 
   at System.Threading.Tasks.ValueTask`1.ValueTaskSourceAsTask.<>c.<.cctor>b__4_0(Object state)
--- End of stack trace from previous location ---
   at Orleans.Storage.MemoryGrainStorage.WriteStateAsync[T](String grainType, GrainId grainId, IGrainState`1 grainState) in /_/src/Orleans.Persistence.Memory/Storage/MemoryStorage.cs:line 102
   at Orleans.Core.StateStorageBridge`1.WriteStateAsync() in /_/src/Orleans.Runtime/Storage/StateStorageBridge.cs:line 106
[17:30:51 ERR] Error thrown from OnDeactivateAsync for activation '[Activation: S127.0.0.1:26498:124421290/transaction/simplemessage-0@f35a0a466da04d32ab204b1e8b3d568b#GrainType=Orleans.Streaming.Grains.Grains.TransactionGrain,Orleans.Streaming.Grains Placement=ResourceOptimizedPlacement State=Deactivating]'
Orleans.Runtime.OrleansMessageRejectionException: Forwarding failed: tried to forward message Request [S127.0.0.1:26498:124421290 transaction/simplemessage-0]->[S127.0.0.1:26498:124421290 memorystorage/5] Orleans.Storage.IMemoryStorageGrain.WriteStateAsync<T>(System.String, Orleans.IGrainState`1[System.ReadOnlyMemory`1[System.Byte]]) #46E9C1790F111859[ForwardCount=2] for 2 times after "Unable to create local activation" to invalid activation. Rejecting now. 
   at System.Threading.Tasks.ValueTask`1.ValueTaskSourceAsTask.<>c.<.cctor>b__4_0(Object state)
--- End of stack trace from previous location ---
   at Orleans.Storage.MemoryGrainStorage.WriteStateAsync[T](String grainType, GrainId grainId, IGrainState`1 grainState) in /_/src/Orleans.Persistence.Memory/Storage/MemoryStorage.cs:line 102
   at Orleans.Core.StateStorageBridge`1.WriteStateAsync() in /_/src/Orleans.Runtime/Storage/StateStorageBridge.cs:line 106
   at Orleans.Core.StateStorageBridge`1.OnError(Exception exception, ErrorCode id, String operation) in /_/src/Orleans.Runtime/Storage/StateStorageBridge.cs:line 188
   at Orleans.Core.StateStorageBridge`1.WriteStateAsync() in /_/src/Orleans.Runtime/Storage/StateStorageBridge.cs:line 112
   at Orleans.Streaming.Grains.Grains.TransactionGrain.PersistAsync() in C:\tmp\Orleans.Streaming.Grains\src\Orleans.Streaming.Grains\Grains\TransactionGrain.cs:line 153
   at Orleans.Streaming.Grains.Grains.TransactionGrain.OnDeactivateAsync(DeactivationReason reason, CancellationToken cancellationToken) in C:\tmp\Orleans.Streaming.Grains\src\Orleans.Streaming.Grains\Grains\TransactionGrain.cs:line 53
   at Orleans.Runtime.ActivationData.FinishDeactivating(ActivationState previousState, CancellationToken cancellationToken) in /_/src/Orleans.Runtime/Catalog/ActivationData.cs:line 1704
[17:30:51 WRN] AllActiveSilos SiloStatusOracle.GetApproximateSiloStatuses empty
[17:30:51 WRN] AllActiveSilos SiloStatusOracle.GetApproximateSiloStatuses empty
[17:30:51 WRN] AllActiveSilos SiloStatusOracle.GetApproximateSiloStatuses empty
[17:30:51 WRN] AllActiveSilos SiloStatusOracle.GetApproximateSiloStatuses empty
[17:30:51 WRN] Failed to forward message Request [S127.0.0.1:26498:124421290 transaction/blobmessage-0]->[S127.0.0.1:26498:124421290 memorystorage/4] Orleans.Storage.IMemoryStorageGrain.WriteStateAsync<T>(System.String, Orleans.IGrainState`1[System.ReadOnlyMemory`1[System.Byte]]) #46E9C1790F11185B[ForwardCount=2] from [GrainAddress GrainId memorystorage/4, ActivationId: @00000000000000000000000000000000, SiloAddress: S127.0.0.1:26498:124421290] to null after Unable to create local activation. Attempt 2
[17:30:51 ERR] Error from storage provider MemoryGrainStorage.state during WriteStateAsync for grain transaction/blobmessage-0null
Orleans.Runtime.OrleansMessageRejectionException: Forwarding failed: tried to forward message Request [S127.0.0.1:26498:124421290 transaction/blobmessage-0]->[S127.0.0.1:26498:124421290 memorystorage/4] Orleans.Storage.IMemoryStorageGrain.WriteStateAsync<T>(System.String, Orleans.IGrainState`1[System.ReadOnlyMemory`1[System.Byte]]) #46E9C1790F11185B[ForwardCount=2] for 2 times after "Unable to create local activation" to invalid activation. Rejecting now. 
   at System.Threading.Tasks.ValueTask`1.ValueTaskSourceAsTask.<>c.<.cctor>b__4_0(Object state)
--- End of stack trace from previous location ---
   at Orleans.Storage.MemoryGrainStorage.WriteStateAsync[T](String grainType, GrainId grainId, IGrainState`1 grainState) in /_/src/Orleans.Persistence.Memory/Storage/MemoryStorage.cs:line 102
   at Orleans.Core.StateStorageBridge`1.WriteStateAsync() in /_/src/Orleans.Runtime/Storage/StateStorageBridge.cs:line 106
[17:30:51 WRN] AllActiveSilos SiloStatusOracle.GetApproximateSiloStatuses empty
[17:30:51 ERR] Error thrown from OnDeactivateAsync for activation '[Activation: S127.0.0.1:26498:124421290/transaction/blobmessage-0@66ff84086bd641f28be1ed70c7c95e93#GrainType=Orleans.Streaming.Grains.Grains.TransactionGrain,Orleans.Streaming.Grains Placement=ResourceOptimizedPlacement State=Deactivating]'
Orleans.Runtime.OrleansMessageRejectionException: Forwarding failed: tried to forward message Request [S127.0.0.1:26498:124421290 transaction/blobmessage-0]->[S127.0.0.1:26498:124421290 memorystorage/4] Orleans.Storage.IMemoryStorageGrain.WriteStateAsync<T>(System.String, Orleans.IGrainState`1[System.ReadOnlyMemory`1[System.Byte]]) #46E9C1790F11185B[ForwardCount=2] for 2 times after "Unable to create local activation" to invalid activation. Rejecting now. 
   at System.Threading.Tasks.ValueTask`1.ValueTaskSourceAsTask.<>c.<.cctor>b__4_0(Object state)
--- End of stack trace from previous location ---
   at Orleans.Storage.MemoryGrainStorage.WriteStateAsync[T](String grainType, GrainId grainId, IGrainState`1 grainState) in /_/src/Orleans.Persistence.Memory/Storage/MemoryStorage.cs:line 102
   at Orleans.Core.StateStorageBridge`1.WriteStateAsync() in /_/src/Orleans.Runtime/Storage/StateStorageBridge.cs:line 106
   at Orleans.Core.StateStorageBridge`1.OnError(Exception exception, ErrorCode id, String operation) in /_/src/Orleans.Runtime/Storage/StateStorageBridge.cs:line 188
   at Orleans.Core.StateStorageBridge`1.WriteStateAsync() in /_/src/Orleans.Runtime/Storage/StateStorageBridge.cs:line 112
   at Orleans.Streaming.Grains.Grains.TransactionGrain.PersistAsync() in C:\tmp\Orleans.Streaming.Grains\src\Orleans.Streaming.Grains\Grains\TransactionGrain.cs:line 153
   at Orleans.Streaming.Grains.Grains.TransactionGrain.OnDeactivateAsync(DeactivationReason reason, CancellationToken cancellationToken) in C:\tmp\Orleans.Streaming.Grains\src\Orleans.Streaming.Grains\Grains\TransactionGrain.cs:line 53
   at Orleans.Runtime.ActivationData.FinishDeactivating(ActivationState previousState, CancellationToken cancellationToken) in /_/src/Orleans.Runtime/Catalog/ActivationData.cs:line 1704
[17:30:51 WRN] AllActiveSilos SiloStatusOracle.GetApproximateSiloStatuses empty
[17:30:51 WRN] AllActiveSilos SiloStatusOracle.GetApproximateSiloStatuses empty
[17:30:51 WRN] Failed to forward message Request [S127.0.0.1:26498:124421290 transaction/explosivemessage-0]->[S127.0.0.1:26498:124421290 memorystorage/5] Orleans.Storage.IMemoryStorageGrain.WriteStateAsync<T>(System.String, Orleans.IGrainState`1[System.ReadOnlyMemory`1[System.Byte]]) #46E9C1790F11185A[ForwardCount=2] from [GrainAddress GrainId memorystorage/5, ActivationId: @00000000000000000000000000000000, SiloAddress: S127.0.0.1:26498:124421290] to null after Unable to create local activation. Attempt 2
[17:30:51 ERR] Error from storage provider MemoryGrainStorage.state during WriteStateAsync for grain transaction/explosivemessage-0null
Orleans.Runtime.OrleansMessageRejectionException: Forwarding failed: tried to forward message Request [S127.0.0.1:26498:124421290 transaction/explosivemessage-0]->[S127.0.0.1:26498:124421290 memorystorage/5] Orleans.Storage.IMemoryStorageGrain.WriteStateAsync<T>(System.String, Orleans.IGrainState`1[System.ReadOnlyMemory`1[System.Byte]]) #46E9C1790F11185A[ForwardCount=2] for 2 times after "Unable to create local activation" to invalid activation. Rejecting now. 
   at System.Threading.Tasks.ValueTask`1.ValueTaskSourceAsTask.<>c.<.cctor>b__4_0(Object state)
--- End of stack trace from previous location ---
   at Orleans.Storage.MemoryGrainStorage.WriteStateAsync[T](String grainType, GrainId grainId, IGrainState`1 grainState) in /_/src/Orleans.Persistence.Memory/Storage/MemoryStorage.cs:line 102
   at Orleans.Core.StateStorageBridge`1.WriteStateAsync() in /_/src/Orleans.Runtime/Storage/StateStorageBridge.cs:line 106
[17:30:51 ERR] Error thrown from OnDeactivateAsync for activation '[Activation: S127.0.0.1:26498:124421290/transaction/explosivemessage-0@30ed0df59f67444784f909acf22c5591#GrainType=Orleans.Streaming.Grains.Grains.TransactionGrain,Orleans.Streaming.Grains Placement=ResourceOptimizedPlacement State=Deactivating]'
Orleans.Runtime.OrleansMessageRejectionException: Forwarding failed: tried to forward message Request [S127.0.0.1:26498:124421290 transaction/explosivemessage-0]->[S127.0.0.1:26498:124421290 memorystorage/5] Orleans.Storage.IMemoryStorageGrain.WriteStateAsync<T>(System.String, Orleans.IGrainState`1[System.ReadOnlyMemory`1[System.Byte]]) #46E9C1790F11185A[ForwardCount=2] for 2 times after "Unable to create local activation" to invalid activation. Rejecting now. 
   at System.Threading.Tasks.ValueTask`1.ValueTaskSourceAsTask.<>c.<.cctor>b__4_0(Object state)
--- End of stack trace from previous location ---
   at Orleans.Storage.MemoryGrainStorage.WriteStateAsync[T](String grainType, GrainId grainId, IGrainState`1 grainState) in /_/src/Orleans.Persistence.Memory/Storage/MemoryStorage.cs:line 102
   at Orleans.Core.StateStorageBridge`1.WriteStateAsync() in /_/src/Orleans.Runtime/Storage/StateStorageBridge.cs:line 106
   at Orleans.Core.StateStorageBridge`1.OnError(Exception exception, ErrorCode id, String operation) in /_/src/Orleans.Runtime/Storage/StateStorageBridge.cs:line 188
   at Orleans.Core.StateStorageBridge`1.WriteStateAsync() in /_/src/Orleans.Runtime/Storage/StateStorageBridge.cs:line 112
   at Orleans.Streaming.Grains.Grains.TransactionGrain.PersistAsync() in C:\tmp\Orleans.Streaming.Grains\src\Orleans.Streaming.Grains\Grains\TransactionGrain.cs:line 153
   at Orleans.Streaming.Grains.Grains.TransactionGrain.OnDeactivateAsync(DeactivationReason reason, CancellationToken cancellationToken) in C:\tmp\Orleans.Streaming.Grains\src\Orleans.Streaming.Grains\Grains\TransactionGrain.cs:line 53
   at Orleans.Runtime.ActivationData.FinishDeactivating(ActivationState previousState, CancellationToken cancellationToken) in /_/src/Orleans.Runtime/Catalog/ActivationData.cs:line 1704
[17:30:51 WRN] AllActiveSilos SiloStatusOracle.GetApproximateSiloStatuses empty
[17:30:51 WRN] AllActiveSilos SiloStatusOracle.GetApproximateSiloStatuses empty
[17:30:51 WRN] AllActiveSilos SiloStatusOracle.GetApproximateSiloStatuses empty
[17:30:51 WRN] Failed to forward message Request [S127.0.0.1:26498:124421290 transaction/blobmessage-2]->[S127.0.0.1:26498:124421290 memorystorage/9] Orleans.Storage.IMemoryStorageGrain.WriteStateAsync<T>(System.String, Orleans.IGrainState`1[System.ReadOnlyMemory`1[System.Byte]]) #46E9C1790F11185D[ForwardCount=2] from [GrainAddress GrainId memorystorage/9, ActivationId: @00000000000000000000000000000000, SiloAddress: S127.0.0.1:26498:124421290] to null after Unable to create local activation. Attempt 2
[17:30:51 WRN] AllActiveSilos SiloStatusOracle.GetApproximateSiloStatuses empty
[17:30:51 ERR] Error from storage provider MemoryGrainStorage.state during WriteStateAsync for grain transaction/blobmessage-2null
Orleans.Runtime.OrleansMessageRejectionException: Forwarding failed: tried to forward message Request [S127.0.0.1:26498:124421290 transaction/blobmessage-2]->[S127.0.0.1:26498:124421290 memorystorage/9] Orleans.Storage.IMemoryStorageGrain.WriteStateAsync<T>(System.String, Orleans.IGrainState`1[System.ReadOnlyMemory`1[System.Byte]]) #46E9C1790F11185D[ForwardCount=2] for 2 times after "Unable to create local activation" to invalid activation. Rejecting now. 
   at System.Threading.Tasks.ValueTask`1.ValueTaskSourceAsTask.<>c.<.cctor>b__4_0(Object state)
--- End of stack trace from previous location ---
   at Orleans.Storage.MemoryGrainStorage.WriteStateAsync[T](String grainType, GrainId grainId, IGrainState`1 grainState) in /_/src/Orleans.Persistence.Memory/Storage/MemoryStorage.cs:line 102
   at Orleans.Core.StateStorageBridge`1.WriteStateAsync() in /_/src/Orleans.Runtime/Storage/StateStorageBridge.cs:line 106
[17:30:51 WRN] AllActiveSilos SiloStatusOracle.GetApproximateSiloStatuses empty
[17:30:51 WRN] AllActiveSilos SiloStatusOracle.GetApproximateSiloStatuses empty
[17:30:51 WRN] Failed to forward message Request [S127.0.0.1:26498:124421290 transaction/compoundmessage-1]->[S127.0.0.1:26498:124421290 memorystorage/8] Orleans.Storage.IMemoryStorageGrain.WriteStateAsync<T>(System.String, Orleans.IGrainState`1[System.ReadOnlyMemory`1[System.Byte]]) #46E9C1790F11185C[ForwardCount=2] from [GrainAddress GrainId memorystorage/8, ActivationId: @00000000000000000000000000000000, SiloAddress: S127.0.0.1:26498:124421290] to null after Unable to create local activation. Attempt 2
[17:30:51 ERR] Error from storage provider MemoryGrainStorage.state during WriteStateAsync for grain transaction/compoundmessage-1null
Orleans.Runtime.OrleansMessageRejectionException: Forwarding failed: tried to forward message Request [S127.0.0.1:26498:124421290 transaction/compoundmessage-1]->[S127.0.0.1:26498:124421290 memorystorage/8] Orleans.Storage.IMemoryStorageGrain.WriteStateAsync<T>(System.String, Orleans.IGrainState`1[System.ReadOnlyMemory`1[System.Byte]]) #46E9C1790F11185C[ForwardCount=2] for 2 times after "Unable to create local activation" to invalid activation. Rejecting now. 
   at System.Threading.Tasks.ValueTask`1.ValueTaskSourceAsTask.<>c.<.cctor>b__4_0(Object state)
--- End of stack trace from previous location ---
   at Orleans.Storage.MemoryGrainStorage.WriteStateAsync[T](String grainType, GrainId grainId, IGrainState`1 grainState) in /_/src/Orleans.Persistence.Memory/Storage/MemoryStorage.cs:line 102
   at Orleans.Core.StateStorageBridge`1.WriteStateAsync() in /_/src/Orleans.Runtime/Storage/StateStorageBridge.cs:line 106
[17:30:51 ERR] Error thrown from OnDeactivateAsync for activation '[Activation: S127.0.0.1:26498:124421290/transaction/blobmessage-2@b3335ea00bd047ee928004793d591ce3#GrainType=Orleans.Streaming.Grains.Grains.TransactionGrain,Orleans.Streaming.Grains Placement=ResourceOptimizedPlacement State=Deactivating]'
Orleans.Runtime.OrleansMessageRejectionException: Forwarding failed: tried to forward message Request [S127.0.0.1:26498:124421290 transaction/blobmessage-2]->[S127.0.0.1:26498:124421290 memorystorage/9] Orleans.Storage.IMemoryStorageGrain.WriteStateAsync<T>(System.String, Orleans.IGrainState`1[System.ReadOnlyMemory`1[System.Byte]]) #46E9C1790F11185D[ForwardCount=2] for 2 times after "Unable to create local activation" to invalid activation. Rejecting now. 
   at System.Threading.Tasks.ValueTask`1.ValueTaskSourceAsTask.<>c.<.cctor>b__4_0(Object state)
--- End of stack trace from previous location ---
   at Orleans.Storage.MemoryGrainStorage.WriteStateAsync[T](String grainType, GrainId grainId, IGrainState`1 grainState) in /_/src/Orleans.Persistence.Memory/Storage/MemoryStorage.cs:line 102
   at Orleans.Core.StateStorageBridge`1.WriteStateAsync() in /_/src/Orleans.Runtime/Storage/StateStorageBridge.cs:line 106
   at Orleans.Core.StateStorageBridge`1.OnError(Exception exception, ErrorCode id, String operation) in /_/src/Orleans.Runtime/Storage/StateStorageBridge.cs:line 188
   at Orleans.Core.StateStorageBridge`1.WriteStateAsync() in /_/src/Orleans.Runtime/Storage/StateStorageBridge.cs:line 112
   at Orleans.Streaming.Grains.Grains.TransactionGrain.PersistAsync() in C:\tmp\Orleans.Streaming.Grains\src\Orleans.Streaming.Grains\Grains\TransactionGrain.cs:line 153
   at Orleans.Streaming.Grains.Grains.TransactionGrain.OnDeactivateAsync(DeactivationReason reason, CancellationToken cancellationToken) in C:\tmp\Orleans.Streaming.Grains\src\Orleans.Streaming.Grains\Grains\TransactionGrain.cs:line 53
   at Orleans.Runtime.ActivationData.FinishDeactivating(ActivationState previousState, CancellationToken cancellationToken) in /_/src/Orleans.Runtime/Catalog/ActivationData.cs:line 1704
[17:30:51 ERR] Error thrown from OnDeactivateAsync for activation '[Activation: S127.0.0.1:26498:124421290/transaction/compoundmessage-1@9e691308bda84843977a6f27a2a736b3#GrainType=Orleans.Streaming.Grains.Grains.TransactionGrain,Orleans.Streaming.Grains Placement=ResourceOptimizedPlacement State=Deactivating]'
Orleans.Runtime.OrleansMessageRejectionException: Forwarding failed: tried to forward message Request [S127.0.0.1:26498:124421290 transaction/compoundmessage-1]->[S127.0.0.1:26498:124421290 memorystorage/8] Orleans.Storage.IMemoryStorageGrain.WriteStateAsync<T>(System.String, Orleans.IGrainState`1[System.ReadOnlyMemory`1[System.Byte]]) #46E9C1790F11185C[ForwardCount=2] for 2 times after "Unable to create local activation" to invalid activation. Rejecting now. 
   at System.Threading.Tasks.ValueTask`1.ValueTaskSourceAsTask.<>c.<.cctor>b__4_0(Object state)
--- End of stack trace from previous location ---
   at Orleans.Storage.MemoryGrainStorage.WriteStateAsync[T](String grainType, GrainId grainId, IGrainState`1 grainState) in /_/src/Orleans.Persistence.Memory/Storage/MemoryStorage.cs:line 102
   at Orleans.Core.StateStorageBridge`1.WriteStateAsync() in /_/src/Orleans.Runtime/Storage/StateStorageBridge.cs:line 106
   at Orleans.Core.StateStorageBridge`1.OnError(Exception exception, ErrorCode id, String operation) in /_/src/Orleans.Runtime/Storage/StateStorageBridge.cs:line 188
   at Orleans.Core.StateStorageBridge`1.WriteStateAsync() in /_/src/Orleans.Runtime/Storage/StateStorageBridge.cs:line 112
   at Orleans.Streaming.Grains.Grains.TransactionGrain.PersistAsync() in C:\tmp\Orleans.Streaming.Grains\src\Orleans.Streaming.Grains\Grains\TransactionGrain.cs:line 153
   at Orleans.Streaming.Grains.Grains.TransactionGrain.OnDeactivateAsync(DeactivationReason reason, CancellationToken cancellationToken) in C:\tmp\Orleans.Streaming.Grains\src\Orleans.Streaming.Grains\Grains\TransactionGrain.cs:line 53
   at Orleans.Runtime.ActivationData.FinishDeactivating(ActivationState previousState, CancellationToken cancellationToken) in /_/src/Orleans.Runtime/Catalog/ActivationData.cs:line 1704
[17:30:51 WRN] AllActiveSilos SiloStatusOracle.GetApproximateSiloStatuses empty
[17:30:51 WRN] AllActiveSilos SiloStatusOracle.GetApproximateSiloStatuses empty
[17:30:51 WRN] AllActiveSilos SiloStatusOracle.GetApproximateSiloStatuses empty
[17:30:51 WRN] AllActiveSilos SiloStatusOracle.GetApproximateSiloStatuses empty
[17:30:51 WRN] Failed to forward message Request [S127.0.0.1:26498:124421290 transaction/blobmessage-1]->[S127.0.0.1:26498:124421290 memorystorage/9] Orleans.Storage.IMemoryStorageGrain.WriteStateAsync<T>(System.String, Orleans.IGrainState`1[System.ReadOnlyMemory`1[System.Byte]]) #46E9C1790F11185F[ForwardCount=2] from [GrainAddress GrainId memorystorage/9, ActivationId: @00000000000000000000000000000000, SiloAddress: S127.0.0.1:26498:124421290] to null after Unable to create local activation. Attempt 2
[17:30:51 WRN] Failed to forward message Request [S127.0.0.1:26498:124421290 transaction/explosivemessage-2]->[S127.0.0.1:26498:124421290 memorystorage/9] Orleans.Storage.IMemoryStorageGrain.WriteStateAsync<T>(System.String, Orleans.IGrainState`1[System.ReadOnlyMemory`1[System.Byte]]) #46E9C1790F11185E[ForwardCount=2] from [GrainAddress GrainId memorystorage/9, ActivationId: @00000000000000000000000000000000, SiloAddress: S127.0.0.1:26498:124421290] to null after Unable to create local activation. Attempt 2
[17:30:51 ERR] Error from storage provider MemoryGrainStorage.state during WriteStateAsync for grain transaction/blobmessage-1null
Orleans.Runtime.OrleansMessageRejectionException: Forwarding failed: tried to forward message Request [S127.0.0.1:26498:124421290 transaction/blobmessage-1]->[S127.0.0.1:26498:124421290 memorystorage/9] Orleans.Storage.IMemoryStorageGrain.WriteStateAsync<T>(System.String, Orleans.IGrainState`1[System.ReadOnlyMemory`1[System.Byte]]) #46E9C1790F11185F[ForwardCount=2] for 2 times after "Unable to create local activation" to invalid activation. Rejecting now. 
   at System.Threading.Tasks.ValueTask`1.ValueTaskSourceAsTask.<>c.<.cctor>b__4_0(Object state)
--- End of stack trace from previous location ---
   at Orleans.Storage.MemoryGrainStorage.WriteStateAsync[T](String grainType, GrainId grainId, IGrainState`1 grainState) in /_/src/Orleans.Persistence.Memory/Storage/MemoryStorage.cs:line 102
   at Orleans.Core.StateStorageBridge`1.WriteStateAsync() in /_/src/Orleans.Runtime/Storage/StateStorageBridge.cs:line 106
[17:30:51 ERR] Error from storage provider MemoryGrainStorage.state during WriteStateAsync for grain transaction/explosivemessage-2null
Orleans.Runtime.OrleansMessageRejectionException: Forwarding failed: tried to forward message Request [S127.0.0.1:26498:124421290 transaction/explosivemessage-2]->[S127.0.0.1:26498:124421290 memorystorage/9] Orleans.Storage.IMemoryStorageGrain.WriteStateAsync<T>(System.String, Orleans.IGrainState`1[System.ReadOnlyMemory`1[System.Byte]]) #46E9C1790F11185E[ForwardCount=2] for 2 times after "Unable to create local activation" to invalid activation. Rejecting now. 
   at System.Threading.Tasks.ValueTask`1.ValueTaskSourceAsTask.<>c.<.cctor>b__4_0(Object state)
--- End of stack trace from previous location ---
   at Orleans.Storage.MemoryGrainStorage.WriteStateAsync[T](String grainType, GrainId grainId, IGrainState`1 grainState) in /_/src/Orleans.Persistence.Memory/Storage/MemoryStorage.cs:line 102
   at Orleans.Core.StateStorageBridge`1.WriteStateAsync() in /_/src/Orleans.Runtime/Storage/StateStorageBridge.cs:line 106
[17:30:51 WRN] AllActiveSilos SiloStatusOracle.GetApproximateSiloStatuses empty
[17:30:51 WRN] AllActiveSilos SiloStatusOracle.GetApproximateSiloStatuses empty
[17:30:51 WRN] AllActiveSilos SiloStatusOracle.GetApproximateSiloStatuses empty
[17:30:51 WRN] Failed to forward message Request [S127.0.0.1:26498:124421290 transaction/compoundmessage-0]->[S127.0.0.1:26498:124421290 memorystorage/9] Orleans.Storage.IMemoryStorageGrain.WriteStateAsync<T>(System.String, Orleans.IGrainState`1[System.ReadOnlyMemory`1[System.Byte]]) #46E9C1790F111861[ForwardCount=2] from [GrainAddress GrainId memorystorage/9, ActivationId: @00000000000000000000000000000000, SiloAddress: S127.0.0.1:26498:124421290] to null after Unable to create local activation. Attempt 2
[17:30:51 ERR] Error thrown from OnDeactivateAsync for activation '[Activation: S127.0.0.1:26498:124421290/transaction/blobmessage-1@a6b1a82cc4a641a599fa2345853371ec#GrainType=Orleans.Streaming.Grains.Grains.TransactionGrain,Orleans.Streaming.Grains Placement=ResourceOptimizedPlacement State=Deactivating]'
Orleans.Runtime.OrleansMessageRejectionException: Forwarding failed: tried to forward message Request [S127.0.0.1:26498:124421290 transaction/blobmessage-1]->[S127.0.0.1:26498:124421290 memorystorage/9] Orleans.Storage.IMemoryStorageGrain.WriteStateAsync<T>(System.String, Orleans.IGrainState`1[System.ReadOnlyMemory`1[System.Byte]]) #46E9C1790F11185F[ForwardCount=2] for 2 times after "Unable to create local activation" to invalid activation. Rejecting now. 
   at System.Threading.Tasks.ValueTask`1.ValueTaskSourceAsTask.<>c.<.cctor>b__4_0(Object state)
--- End of stack trace from previous location ---
   at Orleans.Storage.MemoryGrainStorage.WriteStateAsync[T](String grainType, GrainId grainId, IGrainState`1 grainState) in /_/src/Orleans.Persistence.Memory/Storage/MemoryStorage.cs:line 102
   at Orleans.Core.StateStorageBridge`1.WriteStateAsync() in /_/src/Orleans.Runtime/Storage/StateStorageBridge.cs:line 106
   at Orleans.Core.StateStorageBridge`1.OnError(Exception exception, ErrorCode id, String operation) in /_/src/Orleans.Runtime/Storage/StateStorageBridge.cs:line 188
   at Orleans.Core.StateStorageBridge`1.WriteStateAsync() in /_/src/Orleans.Runtime/Storage/StateStorageBridge.cs:line 112
   at Orleans.Streaming.Grains.Grains.TransactionGrain.PersistAsync() in C:\tmp\Orleans.Streaming.Grains\src\Orleans.Streaming.Grains\Grains\TransactionGrain.cs:line 153
   at Orleans.Streaming.Grains.Grains.TransactionGrain.OnDeactivateAsync(DeactivationReason reason, CancellationToken cancellationToken) in C:\tmp\Orleans.Streaming.Grains\src\Orleans.Streaming.Grains\Grains\TransactionGrain.cs:line 53
   at Orleans.Runtime.ActivationData.FinishDeactivating(ActivationState previousState, CancellationToken cancellationToken) in /_/src/Orleans.Runtime/Catalog/ActivationData.cs:line 1704
[17:30:51 ERR] Error thrown from OnDeactivateAsync for activation '[Activation: S127.0.0.1:26498:124421290/transaction/explosivemessage-2@5097adaf91fb47a580c0644a93825020#GrainType=Orleans.Streaming.Grains.Grains.TransactionGrain,Orleans.Streaming.Grains Placement=ResourceOptimizedPlacement State=Deactivating]'
Orleans.Runtime.OrleansMessageRejectionException: Forwarding failed: tried to forward message Request [S127.0.0.1:26498:124421290 transaction/explosivemessage-2]->[S127.0.0.1:26498:124421290 memorystorage/9] Orleans.Storage.IMemoryStorageGrain.WriteStateAsync<T>(System.String, Orleans.IGrainState`1[System.ReadOnlyMemory`1[System.Byte]]) #46E9C1790F11185E[ForwardCount=2] for 2 times after "Unable to create local activation" to invalid activation. Rejecting now. 
   at System.Threading.Tasks.ValueTask`1.ValueTaskSourceAsTask.<>c.<.cctor>b__4_0(Object state)
--- End of stack trace from previous location ---
   at Orleans.Storage.MemoryGrainStorage.WriteStateAsync[T](String grainType, GrainId grainId, IGrainState`1 grainState) in /_/src/Orleans.Persistence.Memory/Storage/MemoryStorage.cs:line 102
   at Orleans.Core.StateStorageBridge`1.WriteStateAsync() in /_/src/Orleans.Runtime/Storage/StateStorageBridge.cs:line 106
   at Orleans.Core.StateStorageBridge`1.OnError(Exception exception, ErrorCode id, String operation) in /_/src/Orleans.Runtime/Storage/StateStorageBridge.cs:line 188
   at Orleans.Core.StateStorageBridge`1.WriteStateAsync() in /_/src/Orleans.Runtime/Storage/StateStorageBridge.cs:line 112
   at Orleans.Streaming.Grains.Grains.TransactionGrain.PersistAsync() in C:\tmp\Orleans.Streaming.Grains\src\Orleans.Streaming.Grains\Grains\TransactionGrain.cs:line 153
   at Orleans.Streaming.Grains.Grains.TransactionGrain.OnDeactivateAsync(DeactivationReason reason, CancellationToken cancellationToken) in C:\tmp\Orleans.Streaming.Grains\src\Orleans.Streaming.Grains\Grains\TransactionGrain.cs:line 53
   at Orleans.Runtime.ActivationData.FinishDeactivating(ActivationState previousState, CancellationToken cancellationToken) in /_/src/Orleans.Runtime/Catalog/ActivationData.cs:line 1704
[17:30:51 ERR] Error from storage provider MemoryGrainStorage.state during WriteStateAsync for grain transaction/compoundmessage-0null
Orleans.Runtime.OrleansMessageRejectionException: Forwarding failed: tried to forward message Request [S127.0.0.1:26498:124421290 transaction/compoundmessage-0]->[S127.0.0.1:26498:124421290 memorystorage/9] Orleans.Storage.IMemoryStorageGrain.WriteStateAsync<T>(System.String, Orleans.IGrainState`1[System.ReadOnlyMemory`1[System.Byte]]) #46E9C1790F111861[ForwardCount=2] for 2 times after "Unable to create local activation" to invalid activation. Rejecting now. 
   at System.Threading.Tasks.ValueTask`1.ValueTaskSourceAsTask.<>c.<.cctor>b__4_0(Object state)
--- End of stack trace from previous location ---
   at Orleans.Storage.MemoryGrainStorage.WriteStateAsync[T](String grainType, GrainId grainId, IGrainState`1 grainState) in /_/src/Orleans.Persistence.Memory/Storage/MemoryStorage.cs:line 102
   at Orleans.Core.StateStorageBridge`1.WriteStateAsync() in /_/src/Orleans.Runtime/Storage/StateStorageBridge.cs:line 106
[17:30:51 ERR] Error thrown from OnDeactivateAsync for activation '[Activation: S127.0.0.1:26498:124421290/transaction/compoundmessage-0@9561c5821cd540199c230a4fb95a07a1#GrainType=Orleans.Streaming.Grains.Grains.TransactionGrain,Orleans.Streaming.Grains Placement=ResourceOptimizedPlacement State=Deactivating]'
Orleans.Runtime.OrleansMessageRejectionException: Forwarding failed: tried to forward message Request [S127.0.0.1:26498:124421290 transaction/compoundmessage-0]->[S127.0.0.1:26498:124421290 memorystorage/9] Orleans.Storage.IMemoryStorageGrain.WriteStateAsync<T>(System.String, Orleans.IGrainState`1[System.ReadOnlyMemory`1[System.Byte]]) #46E9C1790F111861[ForwardCount=2] for 2 times after "Unable to create local activation" to invalid activation. Rejecting now. 
   at System.Threading.Tasks.ValueTask`1.ValueTaskSourceAsTask.<>c.<.cctor>b__4_0(Object state)
--- End of stack trace from previous location ---
   at Orleans.Storage.MemoryGrainStorage.WriteStateAsync[T](String grainType, GrainId grainId, IGrainState`1 grainState) in /_/src/Orleans.Persistence.Memory/Storage/MemoryStorage.cs:line 102
   at Orleans.Core.StateStorageBridge`1.WriteStateAsync() in /_/src/Orleans.Runtime/Storage/StateStorageBridge.cs:line 106
   at Orleans.Core.StateStorageBridge`1.OnError(Exception exception, ErrorCode id, String operation) in /_/src/Orleans.Runtime/Storage/StateStorageBridge.cs:line 188
   at Orleans.Core.StateStorageBridge`1.WriteStateAsync() in /_/src/Orleans.Runtime/Storage/StateStorageBridge.cs:line 112
   at Orleans.Streaming.Grains.Grains.TransactionGrain.PersistAsync() in C:\tmp\Orleans.Streaming.Grains\src\Orleans.Streaming.Grains\Grains\TransactionGrain.cs:line 153
   at Orleans.Streaming.Grains.Grains.TransactionGrain.OnDeactivateAsync(DeactivationReason reason, CancellationToken cancellationToken) in C:\tmp\Orleans.Streaming.Grains\src\Orleans.Streaming.Grains\Grains\TransactionGrain.cs:line 53
   at Orleans.Runtime.ActivationData.FinishDeactivating(ActivationState previousState, CancellationToken cancellationToken) in /_/src/Orleans.Runtime/Catalog/ActivationData.cs:line 1704
[17:30:51 WRN] AllActiveSilos SiloStatusOracle.GetApproximateSiloStatuses empty
[17:30:51 WRN] AllActiveSilos SiloStatusOracle.GetApproximateSiloStatuses empty
[17:30:51 WRN] AllActiveSilos SiloStatusOracle.GetApproximateSiloStatuses empty
[17:30:51 WRN] Failed to forward message Request [S127.0.0.1:26498:124421290 transaction/simplemessage-1]->[S127.0.0.1:26498:124421290 memorystorage/0] Orleans.Storage.IMemoryStorageGrain.WriteStateAsync<T>(System.String, Orleans.IGrainState`1[System.ReadOnlyMemory`1[System.Byte]]) #46E9C1790F111860[ForwardCount=2] from [GrainAddress GrainId memorystorage/0, ActivationId: @00000000000000000000000000000000, SiloAddress: S127.0.0.1:26498:124421290] to null after Unable to create local activation. Attempt 2
[17:30:51 ERR] Error from storage provider MemoryGrainStorage.state during WriteStateAsync for grain transaction/simplemessage-1null
Orleans.Runtime.OrleansMessageRejectionException: Forwarding failed: tried to forward message Request [S127.0.0.1:26498:124421290 transaction/simplemessage-1]->[S127.0.0.1:26498:124421290 memorystorage/0] Orleans.Storage.IMemoryStorageGrain.WriteStateAsync<T>(System.String, Orleans.IGrainState`1[System.ReadOnlyMemory`1[System.Byte]]) #46E9C1790F111860[ForwardCount=2] for 2 times after "Unable to create local activation" to invalid activation. Rejecting now. 
   at System.Threading.Tasks.ValueTask`1.ValueTaskSourceAsTask.<>c.<.cctor>b__4_0(Object state)
--- End of stack trace from previous location ---
   at Orleans.Storage.MemoryGrainStorage.WriteStateAsync[T](String grainType, GrainId grainId, IGrainState`1 grainState) in /_/src/Orleans.Persistence.Memory/Storage/MemoryStorage.cs:line 102
   at Orleans.Core.StateStorageBridge`1.WriteStateAsync() in /_/src/Orleans.Runtime/Storage/StateStorageBridge.cs:line 106
[17:30:51 ERR] Error thrown from OnDeactivateAsync for activation '[Activation: S127.0.0.1:26498:124421290/transaction/simplemessage-1@07a20a6965364bc7a5b7e92dee0d9f34#GrainType=Orleans.Streaming.Grains.Grains.TransactionGrain,Orleans.Streaming.Grains Placement=ResourceOptimizedPlacement State=Deactivating]'
Orleans.Runtime.OrleansMessageRejectionException: Forwarding failed: tried to forward message Request [S127.0.0.1:26498:124421290 transaction/simplemessage-1]->[S127.0.0.1:26498:124421290 memorystorage/0] Orleans.Storage.IMemoryStorageGrain.WriteStateAsync<T>(System.String, Orleans.IGrainState`1[System.ReadOnlyMemory`1[System.Byte]]) #46E9C1790F111860[ForwardCount=2] for 2 times after "Unable to create local activation" to invalid activation. Rejecting now. 
   at System.Threading.Tasks.ValueTask`1.ValueTaskSourceAsTask.<>c.<.cctor>b__4_0(Object state)
--- End of stack trace from previous location ---
   at Orleans.Storage.MemoryGrainStorage.WriteStateAsync[T](String grainType, GrainId grainId, IGrainState`1 grainState) in /_/src/Orleans.Persistence.Memory/Storage/MemoryStorage.cs:line 102
   at Orleans.Core.StateStorageBridge`1.WriteStateAsync() in /_/src/Orleans.Runtime/Storage/StateStorageBridge.cs:line 106
   at Orleans.Core.StateStorageBridge`1.OnError(Exception exception, ErrorCode id, String operation) in /_/src/Orleans.Runtime/Storage/StateStorageBridge.cs:line 188
   at Orleans.Core.StateStorageBridge`1.WriteStateAsync() in /_/src/Orleans.Runtime/Storage/StateStorageBridge.cs:line 112
   at Orleans.Streaming.Grains.Grains.TransactionGrain.PersistAsync() in C:\tmp\Orleans.Streaming.Grains\src\Orleans.Streaming.Grains\Grains\TransactionGrain.cs:line 153
   at Orleans.Streaming.Grains.Grains.TransactionGrain.OnDeactivateAsync(DeactivationReason reason, CancellationToken cancellationToken) in C:\tmp\Orleans.Streaming.Grains\src\Orleans.Streaming.Grains\Grains\TransactionGrain.cs:line 53
   at Orleans.Runtime.ActivationData.FinishDeactivating(ActivationState previousState, CancellationToken cancellationToken) in /_/src/Orleans.Runtime/Catalog/ActivationData.cs:line 1704
[17:30:51 INF] Orleans Silo stopped.
[17:30:51 INF] Silo starting with GC settings: ServerGC=False GCLatencyMode=Interactive
[17:30:51 WRN] Note: Silo not running with ServerGC turned on - recommend checking app config : <configuration>-<runtime>-<gcServer enabled="true">
[17:30:51 WRN] Note: ServerGC only kicks in on multi-core systems (settings enabling ServerGC have no effect on single-core machines).
[17:30:51 INF] -------------- Initializing silo on host rebond-dsk MachineName REBOND-DSK at 127.0.0.1:29897, gen 124421451 --------------
[17:30:51 INF] Starting silo Silo_0
[17:30:51 INF] -------------- Started silo S127.0.0.1:29897:124421451, ConsistentHashCode 467354AA --------------
[17:30:51 INF] Starting Orleans Silo.
[17:30:51 INF] Configuration Orleans.Configuration.ActivationCountBasedPlacementOptions:
ChooseOutOf: 2

[17:30:51 INF] Configuration Orleans.Configuration.ClusterMembershipOptions:
NumMissedTableIAmAliveLimit: 3
LivenessEnabled: True
ProbeTimeout: 00:00:05
TableRefreshTimeout: 00:01:00
DeathVoteExpirationTimeout: 00:02:00
IAmAliveTablePublishTimeout: 00:00:30
MaxJoinAttemptTime: 00:05:00
UseLivenessGossip: True
NumProbedSilos: 10
NumMissedProbesLimit: 3
NumVotesForDeathDeclaration: 2
DefunctSiloExpiration: 7.00:00:00
DefunctSiloCleanupPeriod: 01:00:00
LocalHealthDegradationMonitoringPeriod: 00:00:10
ExtendProbeTimeoutDuringDegradation: True
EnableIndirectProbes: True
EvictWhenMaxJoinAttemptTimeExceeded: True

[17:30:51 INF] Configuration Orleans.Configuration.ClusterOptions:
ClusterId: testcluster-2025-12-11t01-30-51-680
ServiceId: 982d68024def4a129024cc95625a1513

[17:30:51 INF] Configuration Orleans.Configuration.ConnectionOptions:
ProtocolVersion: Version1
ConnectionsPerEndpoint: 1
ConnectionRetryDelay: 00:00:01
OpenConnectionTimeout: 00:00:05

[17:30:51 INF] Configuration Orleans.Configuration.ConsistentRingOptions:
NumVirtualBucketsConsistentRing: 30
UseVirtualBucketsConsistentRing: True

[17:30:51 INF] Configuration Orleans.Configuration.EndpointOptions:
AdvertisedIPAddress: 127.0.0.1
SiloPort: 29897
GatewayPort: 40212
SiloListeningEndpoint: 
GatewayListeningEndpoint: 

[17:30:51 INF] Configuration Orleans.Configuration.GrainCollectionOptions:
CollectionQuantum: 00:01:00
CollectionAge: 00:15:00
ActivationTimeout: 00:00:30
DeactivationTimeout: 00:00:30
EnableActivationSheddingOnMemoryPressure: False
MemoryUsagePollingPeriod: 00:00:05
MemoryUsageLimitPercentage: 80
MemoryUsageTargetPercentage: 75

[17:30:51 INF] Configuration Orleans.Configuration.GrainDirectoryOptions:
CachingStrategy: LRU
CacheSize: 1000000
LazyDeregistrationDelay: 00:01:00

[17:30:51 INF] Configuration Orleans.Configuration.GrainVersioningOptions:
DefaultCompatibilityStrategy: BackwardCompatible
DefaultVersionSelectorStrategy: AllCompatibleVersions

[17:30:51 INF] Configuration Orleans.Configuration.HashRingStreamQueueMapperOptions-Default:
TotalQueueCount: 1

[17:30:51 INF] Configuration Orleans.Configuration.LoadSheddingOptions:
LoadSheddingEnabled: False
CpuThreshold: 95
MemoryThreshold: 90

[17:30:51 INF] Configuration Orleans.Configuration.MemoryGrainStorageOptions-Default:
NumStorageGrains: 10
InitStage: 10000
GrainStorageSerializer: Orleans.Storage.JsonGrainStorageSerializer

[17:30:51 INF] Configuration Orleans.Configuration.MemoryGrainStorageOptions-PubSubStore:
NumStorageGrains: 10
InitStage: 10000
GrainStorageSerializer: Orleans.Storage.JsonGrainStorageSerializer

[17:30:51 INF] Configuration Orleans.Configuration.ResourceOptimizedPlacementOptions:
CpuUsageWeight: 40
MemoryUsageWeight: 20
AvailableMemoryWeight: 20
MaxAvailableMemoryWeight: 5
ActivationCountWeight: 15
LocalSiloPreferenceMargin: 5

[17:30:51 INF] Configuration Orleans.Configuration.SchedulingOptions:
DelayWarningThreshold: 00:00:10
ActivationSchedulingQuantum: 00:00:00.1000000
TurnWarningLengthThreshold: 00:00:01
MaxPendingWorkItemsSoftLimit: 0
StoppedActivationWarningInterval: 00:01:00

[17:30:51 INF] Configuration Orleans.Configuration.SiloMessagingOptions:
SiloSenderQueues: 0
GatewaySenderQueues: 0
MaxForwardCount: 2
ClientDropTimeout: 00:01:00
ClientRegistrationRefresh: 00:05:00
ClientGatewayShutdownNotificationTimeout: 00:00:00
MaxEnqueuedRequestsSoftLimit: 0
MaxEnqueuedRequestsHardLimit: 0
MaxEnqueuedRequestsSoftLimit_StatelessWorker: 0
MaxEnqueuedRequestsHardLimit_StatelessWorker: 0
MaxRequestProcessingTime: 02:00:00
AssumeHomogenousSilosForTesting: False
SystemResponseTimeout: 00:00:30
GrainWorkloadAnalysisPeriod: 00:00:05
RequestProcessingWarningTime: 00:00:20
RequestQueueDelayWarningTime: 00:00:20
WaitForMessageToBeQueuedForOutboundTime: 00:00:00
ResponseTimeout: 00:00:30
ResponseTimeoutWithDebugger: 00:30:00
DropExpiredMessages: True
MaxMessageHeaderSize: 10485760
MaxMessageBodySize: 104857600
CancelRequestOnTimeout: True
WaitForCancellationAcknowledgement: False

[17:30:51 INF] Configuration Orleans.Configuration.SiloOptions:
SiloName: Silo_0

[17:30:51 INF] Configuration Orleans.Configuration.StatelessWorkerOptions:
RemoveIdleWorkers: True
IdleWorkersInspectionPeriod: 00:00:00.5000000
MinIdleCyclesBeforeRemoval: 0

[17:30:51 INF] Configuration Orleans.Streaming.Grains.Streams.GrainsOptions-Default:
QueueCount: 1
FireAndForgetDelivery: True
RetryTimeout: 00:00:01

[17:30:51 INF] Silo Start()
[17:30:51 INF] Init grain services took 0 milliseconds to finish
[17:30:51 INF] MembershipOracle starting on host rebond-dsk with SiloAddress S127.0.0.1:29897:124421451 at 2025-12-11 01:30:51.309 GMT
[17:30:51 INF] Joining
[17:30:51 INF] -BecomeActive
[17:30:51 INF] -Finished BecomeActive.
[17:30:51 INF] Successfully created queue balancer of type Orleans.Streams.ConsistentRingQueueBalancer for stream provider Default
[17:30:51 INF] Created PersistentStreamPullingManager for Stream Provider Default.
[17:30:51 INF] Init.
[17:30:51 INF] Initialize: I am now responsible for 1 queues: [default-0].
[17:30:51 INF] Starting agents for 1 queues: [default-0].
[17:30:51 INF] Created PersistentStreamPullingAgent sys.svc.stream.agent/127.0.0.1:29897@124421451+Default_1_default-0-0x00000000 for Stream Provider Default on silo S127.0.0.1:29897:124421451 for Queue default-0-0x00000000.
[17:30:51 INF] Init of PersistentStreamPullingAgent sys.svc.stream.agent/127.0.0.1:29897@124421451+Default_1_default-0-0x00000000 on silo S127.0.0.1:29897:124421451 for queue default-0-0x00000000.
[17:30:51 INF] Taking queue default-0-0x00000000 under my responsibility.
[17:30:51 INF] Added 1 new queues: [default-0]. Now own total of 1 queues: [default-0].
[17:30:51 INF] Started agents.
[17:30:51 INF] Orleans Silo started.
[17:30:51 INF] Application started. Press Ctrl+C to shut down.
[17:30:51 INF] Hosting environment: Development
[17:30:51 INF] Content root path: C:\tmp\Orleans.Streaming.Grains\src\Orleans.Streaming.Grains.Tests\bin\Debug\net10.0\
[17:30:51 INF] Recorded opened connection from endpoint 127.0.0.1:33696, client ID sys.client/36bdef5362654315ae8d04f6e2a92ce0.
[17:30:51 WRN] Failed to deliver message to consumer on 3f8787ce-f3f3-839f-1000-0000c424e1a7 for stream Default/BroadcastMessage/b7f9ee7b62c64c3087e104a994bcde5a, may retry.
System.Exception: Exception of type 'System.Exception' was thrown.
   at Moq.Behaviors.ThrowException.Execute(Invocation invocation) in /_/src/Moq/Behaviors/ThrowException.cs:line 22
   at Moq.Setup.Execute(Invocation invocation) in /_/src/Moq/Setup.cs:line 84
   at Moq.CastleProxyFactory.Interceptor.Intercept(IInvocation underlying) in /_/src/Moq/Interception/CastleProxyFactory.cs:line 107
   at Castle.DynamicProxy.AbstractInvocation.Proceed()
   at Orleans.Streaming.Grains.Tests.Streams.Grains.BlobReceiverGrain.OnBroadcastAsync(BroadcastMessage message, StreamSequenceToken token) in C:\tmp\Orleans.Streaming.Grains\src\Orleans.Streaming.Grains.Tests.Shared\Streams\Grains\BlobReceiverGrain.cs:line 82
   at Orleans.Streams.StreamSubscriptionHandleImpl`1.DeliverBatch(IBatchContainer batch, StreamHandshakeToken handshakeToken)
   at Orleans.Streams.StreamConsumerExtension.DeliverBatch(GuidId subscriptionId, QualifiedStreamId streamId, IBatchContainer batch, StreamHandshakeToken handshakeToken) in /_/src/Orleans.Streaming/Internal/StreamConsumerExtension.cs:line 127
   at Orleans.Runtime.TaskRequest`1.Invoke() in /_/src/Orleans.Core.Abstractions/Runtime/GrainReference.cs:line 709
--- End of stack trace from previous location ---
   at Orleans.Serialization.Invocation.ResponseCompletionSource`1.GetResult(Int16 token) in /_/src/Orleans.Serialization/Invocation/ResponseCompletionSource.cs:line 227
   at System.Threading.Tasks.ValueTask`1.ValueTaskSourceAsTask.<>c.<.cctor>b__4_0(Object state)
--- End of stack trace from previous location ---
   at Orleans.Streams.PersistentStreamPullingAgent.DeliverBatchToConsumer(StreamConsumerData consumerData, IBatchContainer batch) in /_/src/Orleans.Streaming/PersistentStreams/PersistentStreamPullingAgent.cs:line 653
[17:30:51 WRN] Failed to deliver message to consumer on 1544bf5b-f3f3-839f-1000-0000c424e1a7 for stream Default/BroadcastMessage/b7f9ee7b62c64c3087e104a994bcde5a, may retry.
System.Exception: Exception of type 'System.Exception' was thrown.
   at Moq.Behaviors.ThrowException.Execute(Invocation invocation) in /_/src/Moq/Behaviors/ThrowException.cs:line 22
   at Moq.Setup.Execute(Invocation invocation) in /_/src/Moq/Setup.cs:line 84
   at Moq.CastleProxyFactory.Interceptor.Intercept(IInvocation underlying) in /_/src/Moq/Interception/CastleProxyFactory.cs:line 107
   at Castle.DynamicProxy.AbstractInvocation.Proceed()
   at Orleans.Streaming.Grains.Tests.Streams.Grains.SimpleReceiverGrain.OnBroadcastAsync(BroadcastMessage message, StreamSequenceToken token) in C:\tmp\Orleans.Streaming.Grains\src\Orleans.Streaming.Grains.Tests.Shared\Streams\Grains\SimpleReceiverGrain.cs:line 70
   at Orleans.Streams.StreamSubscriptionHandleImpl`1.DeliverBatch(IBatchContainer batch, StreamHandshakeToken handshakeToken)
   at Orleans.Streams.StreamConsumerExtension.DeliverBatch(GuidId subscriptionId, QualifiedStreamId streamId, IBatchContainer batch, StreamHandshakeToken handshakeToken) in /_/src/Orleans.Streaming/Internal/StreamConsumerExtension.cs:line 127
   at Orleans.Runtime.TaskRequest`1.Invoke() in /_/src/Orleans.Core.Abstractions/Runtime/GrainReference.cs:line 709
--- End of stack trace from previous location ---
   at Orleans.Serialization.Invocation.ResponseCompletionSource`1.GetResult(Int16 token) in /_/src/Orleans.Serialization/Invocation/ResponseCompletionSource.cs:line 227
   at System.Threading.Tasks.ValueTask`1.ValueTaskSourceAsTask.<>c.<.cctor>b__4_0(Object state)
--- End of stack trace from previous location ---
   at Orleans.Streams.PersistentStreamPullingAgent.DeliverBatchToConsumer(StreamConsumerData consumerData, IBatchContainer batch) in /_/src/Orleans.Streaming/PersistentStreams/PersistentStreamPullingAgent.cs:line 653
[17:30:52 WRN] Failed to deliver message to consumer on 3f8787ce-f3f3-839f-1000-0000c424e1a7 for stream Default/BroadcastMessage/b7f9ee7b62c64c3087e104a994bcde5a, may retry.
System.Exception: Exception of type 'System.Exception' was thrown.
   at Moq.Behaviors.ThrowException.Execute(Invocation invocation) in /_/src/Moq/Behaviors/ThrowException.cs:line 22
   at Moq.Setup.Execute(Invocation invocation) in /_/src/Moq/Setup.cs:line 84
   at Moq.CastleProxyFactory.Interceptor.Intercept(IInvocation underlying) in /_/src/Moq/Interception/CastleProxyFactory.cs:line 107
   at Castle.DynamicProxy.AbstractInvocation.Proceed()
   at Orleans.Streaming.Grains.Tests.Streams.Grains.BlobReceiverGrain.OnBroadcastAsync(BroadcastMessage message, StreamSequenceToken token) in C:\tmp\Orleans.Streaming.Grains\src\Orleans.Streaming.Grains.Tests.Shared\Streams\Grains\BlobReceiverGrain.cs:line 82
   at Orleans.Streams.StreamSubscriptionHandleImpl`1.DeliverBatch(IBatchContainer batch, StreamHandshakeToken handshakeToken)
   at Orleans.Streams.StreamConsumerExtension.DeliverBatch(GuidId subscriptionId, QualifiedStreamId streamId, IBatchContainer batch, StreamHandshakeToken handshakeToken) in /_/src/Orleans.Streaming/Internal/StreamConsumerExtension.cs:line 127
   at Orleans.Runtime.TaskRequest`1.Invoke() in /_/src/Orleans.Core.Abstractions/Runtime/GrainReference.cs:line 709
--- End of stack trace from previous location ---
   at Orleans.Serialization.Invocation.ResponseCompletionSource`1.GetResult(Int16 token) in /_/src/Orleans.Serialization/Invocation/ResponseCompletionSource.cs:line 227
   at System.Threading.Tasks.ValueTask`1.ValueTaskSourceAsTask.<>c.<.cctor>b__4_0(Object state)
--- End of stack trace from previous location ---
   at Orleans.Streams.PersistentStreamPullingAgent.DeliverBatchToConsumer(StreamConsumerData consumerData, IBatchContainer batch) in /_/src/Orleans.Streaming/PersistentStreams/PersistentStreamPullingAgent.cs:line 653
[17:30:53 WRN] Failed to deliver message to consumer on 1544bf5b-f3f3-839f-1000-0000c424e1a7 for stream Default/BroadcastMessage/b7f9ee7b62c64c3087e104a994bcde5a, may retry.
System.Exception: Exception of type 'System.Exception' was thrown.
   at Moq.Behaviors.ThrowException.Execute(Invocation invocation) in /_/src/Moq/Behaviors/ThrowException.cs:line 22
   at Moq.Setup.Execute(Invocation invocation) in /_/src/Moq/Setup.cs:line 84
   at Moq.CastleProxyFactory.Interceptor.Intercept(IInvocation underlying) in /_/src/Moq/Interception/CastleProxyFactory.cs:line 107
   at Castle.DynamicProxy.AbstractInvocation.Proceed()
   at Orleans.Streaming.Grains.Tests.Streams.Grains.SimpleReceiverGrain.OnBroadcastAsync(BroadcastMessage message, StreamSequenceToken token) in C:\tmp\Orleans.Streaming.Grains\src\Orleans.Streaming.Grains.Tests.Shared\Streams\Grains\SimpleReceiverGrain.cs:line 70
   at Orleans.Streams.StreamSubscriptionHandleImpl`1.DeliverBatch(IBatchContainer batch, StreamHandshakeToken handshakeToken)
   at Orleans.Streams.StreamConsumerExtension.DeliverBatch(GuidId subscriptionId, QualifiedStreamId streamId, IBatchContainer batch, StreamHandshakeToken handshakeToken) in /_/src/Orleans.Streaming/Internal/StreamConsumerExtension.cs:line 127
   at Orleans.Runtime.TaskRequest`1.Invoke() in /_/src/Orleans.Core.Abstractions/Runtime/GrainReference.cs:line 709
--- End of stack trace from previous location ---
   at Orleans.Serialization.Invocation.ResponseCompletionSource`1.GetResult(Int16 token) in /_/src/Orleans.Serialization/Invocation/ResponseCompletionSource.cs:line 227
   at System.Threading.Tasks.ValueTask`1.ValueTaskSourceAsTask.<>c.<.cctor>b__4_0(Object state)
--- End of stack trace from previous location ---
   at Orleans.Streams.PersistentStreamPullingAgent.DeliverBatchToConsumer(StreamConsumerData consumerData, IBatchContainer batch) in /_/src/Orleans.Streaming/PersistentStreams/PersistentStreamPullingAgent.cs:line 653
[+70/x0/?3] Orleans.Streaming.Grains.Tests.dll (net10.0|x64) - Orleans.Streaming.Grains.Tests.Streams.Scenarios.When_Sending_Broadcast_Message_One_To_Many_Error_Wait.It_Should_Deliver_Data (2m 57s)

[17:30:54 WRN] Failed to deliver message to consumer on 3f8787ce-f3f3-839f-1000-0000c424e1a7 for stream Default/BroadcastMessage/b7f9ee7b62c64c3087e104a994bcde5a, may retry.
System.Exception: Exception of type 'System.Exception' was thrown.
   at Moq.Behaviors.ThrowException.Execute(Invocation invocation) in /_/src/Moq/Behaviors/ThrowException.cs:line 22
   at Moq.Setup.Execute(Invocation invocation) in /_/src/Moq/Setup.cs:line 84
   at Moq.CastleProxyFactory.Interceptor.Intercept(IInvocation underlying) in /_/src/Moq/Interception/CastleProxyFactory.cs:line 107
   at Castle.DynamicProxy.AbstractInvocation.Proceed()
   at Orleans.Streaming.Grains.Tests.Streams.Grains.BlobReceiverGrain.OnBroadcastAsync(BroadcastMessage message, StreamSequenceToken token) in C:\tmp\Orleans.Streaming.Grains\src\Orleans.Streaming.Grains.Tests.Shared\Streams\Grains\BlobReceiverGrain.cs:line 82
   at Orleans.Streams.StreamSubscriptionHandleImpl`1.DeliverBatch(IBatchContainer batch, StreamHandshakeToken handshakeToken)
   at Orleans.Streams.StreamConsumerExtension.DeliverBatch(GuidId subscriptionId, QualifiedStreamId streamId, IBatchContainer batch, StreamHandshakeToken handshakeToken) in /_/src/Orleans.Streaming/Internal/StreamConsumerExtension.cs:line 127
   at Orleans.Runtime.TaskRequest`1.Invoke() in /_/src/Orleans.Core.Abstractions/Runtime/GrainReference.cs:line 709
--- End of stack trace from previous location ---
   at Orleans.Serialization.Invocation.ResponseCompletionSource`1.GetResult(Int16 token) in /_/src/Orleans.Serialization/Invocation/ResponseCompletionSource.cs:line 227
   at System.Threading.Tasks.ValueTask`1.ValueTaskSourceAsTask.<>c.<.cctor>b__4_0(Object state)
--- End of stack trace from previous location ---
   at Orleans.Streams.PersistentStreamPullingAgent.DeliverBatchToConsumer(StreamConsumerData consumerData, IBatchContainer batch) in /_/src/Orleans.Streaming/PersistentStreams/PersistentStreamPullingAgent.cs:line 653
[17:30:54 WRN] Failed to deliver message to consumer on 3f8787ce-22cc-aec7-1000-0000c424e1a7 for stream Default/BroadcastMessage/997c71f6ab884b0991eab39d3ec2e219, may retry.
System.Exception: Exception of type 'System.Exception' was thrown.
   at Moq.Behaviors.ThrowException.Execute(Invocation invocation) in /_/src/Moq/Behaviors/ThrowException.cs:line 22
   at Moq.Setup.Execute(Invocation invocation) in /_/src/Moq/Setup.cs:line 84
   at Moq.CastleProxyFactory.Interceptor.Intercept(IInvocation underlying) in /_/src/Moq/Interception/CastleProxyFactory.cs:line 107
   at Castle.DynamicProxy.AbstractInvocation.Proceed()
   at Orleans.Streaming.Grains.Tests.Streams.Grains.BlobReceiverGrain.OnBroadcastAsync(BroadcastMessage message, StreamSequenceToken token) in C:\tmp\Orleans.Streaming.Grains\src\Orleans.Streaming.Grains.Tests.Shared\Streams\Grains\BlobReceiverGrain.cs:line 82
   at Orleans.Streams.StreamSubscriptionHandleImpl`1.DeliverBatch(IBatchContainer batch, StreamHandshakeToken handshakeToken)
   at Orleans.Streams.StreamConsumerExtension.DeliverBatch(GuidId subscriptionId, QualifiedStreamId streamId, IBatchContainer batch, StreamHandshakeToken handshakeToken) in /_/src/Orleans.Streaming/Internal/StreamConsumerExtension.cs:line 127
   at Orleans.Runtime.TaskRequest`1.Invoke() in /_/src/Orleans.Core.Abstractions/Runtime/GrainReference.cs:line 709
--- End of stack trace from previous location ---
   at Orleans.Serialization.Invocation.ResponseCompletionSource`1.GetResult(Int16 token) in /_/src/Orleans.Serialization/Invocation/ResponseCompletionSource.cs:line 227
   at System.Threading.Tasks.ValueTask`1.ValueTaskSourceAsTask.<>c.<.cctor>b__4_0(Object state)
--- End of stack trace from previous location ---
   at Orleans.Streams.PersistentStreamPullingAgent.DeliverBatchToConsumer(StreamConsumerData consumerData, IBatchContainer batch) in /_/src/Orleans.Streaming/PersistentStreams/PersistentStreamPullingAgent.cs:line 653
[17:30:54 WRN] Failed to deliver message to consumer on 1544bf5b-22cc-aec7-1000-0000c424e1a7 for stream Default/BroadcastMessage/997c71f6ab884b0991eab39d3ec2e219, may retry.
System.Exception: Exception of type 'System.Exception' was thrown.
   at Moq.Behaviors.ThrowException.Execute(Invocation invocation) in /_/src/Moq/Behaviors/ThrowException.cs:line 22
   at Moq.Setup.Execute(Invocation invocation) in /_/src/Moq/Setup.cs:line 84
   at Moq.CastleProxyFactory.Interceptor.Intercept(IInvocation underlying) in /_/src/Moq/Interception/CastleProxyFactory.cs:line 107
   at Castle.DynamicProxy.AbstractInvocation.Proceed()
   at Orleans.Streaming.Grains.Tests.Streams.Grains.SimpleReceiverGrain.OnBroadcastAsync(BroadcastMessage message, StreamSequenceToken token) in C:\tmp\Orleans.Streaming.Grains\src\Orleans.Streaming.Grains.Tests.Shared\Streams\Grains\SimpleReceiverGrain.cs:line 70
   at Orleans.Streams.StreamSubscriptionHandleImpl`1.DeliverBatch(IBatchContainer batch, StreamHandshakeToken handshakeToken)
   at Orleans.Streams.StreamConsumerExtension.DeliverBatch(GuidId subscriptionId, QualifiedStreamId streamId, IBatchContainer batch, StreamHandshakeToken handshakeToken) in /_/src/Orleans.Streaming/Internal/StreamConsumerExtension.cs:line 127
   at Orleans.Runtime.TaskRequest`1.Invoke() in /_/src/Orleans.Core.Abstractions/Runtime/GrainReference.cs:line 709
--- End of stack trace from previous location ---
   at Orleans.Serialization.Invocation.ResponseCompletionSource`1.GetResult(Int16 token) in /_/src/Orleans.Serialization/Invocation/ResponseCompletionSource.cs:line 227
   at System.Threading.Tasks.ValueTask`1.ValueTaskSourceAsTask.<>c.<.cctor>b__4_0(Object state)
--- End of stack trace from previous location ---
   at Orleans.Streams.PersistentStreamPullingAgent.DeliverBatchToConsumer(StreamConsumerData consumerData, IBatchContainer batch) in /_/src/Orleans.Streaming/PersistentStreams/PersistentStreamPullingAgent.cs:line 653
[17:30:55 WRN] Failed to deliver message to consumer on 1544bf5b-f3f3-839f-1000-0000c424e1a7 for stream Default/BroadcastMessage/b7f9ee7b62c64c3087e104a994bcde5a, may retry.
System.Exception: Exception of type 'System.Exception' was thrown.
   at Moq.Behaviors.ThrowException.Execute(Invocation invocation) in /_/src/Moq/Behaviors/ThrowException.cs:line 22
   at Moq.Setup.Execute(Invocation invocation) in /_/src/Moq/Setup.cs:line 84
   at Moq.CastleProxyFactory.Interceptor.Intercept(IInvocation underlying) in /_/src/Moq/Interception/CastleProxyFactory.cs:line 107
   at Castle.DynamicProxy.AbstractInvocation.Proceed()
   at Orleans.Streaming.Grains.Tests.Streams.Grains.SimpleReceiverGrain.OnBroadcastAsync(BroadcastMessage message, StreamSequenceToken token) in C:\tmp\Orleans.Streaming.Grains\src\Orleans.Streaming.Grains.Tests.Shared\Streams\Grains\SimpleReceiverGrain.cs:line 70
   at Orleans.Streams.StreamSubscriptionHandleImpl`1.DeliverBatch(IBatchContainer batch, StreamHandshakeToken handshakeToken)
   at Orleans.Streams.StreamConsumerExtension.DeliverBatch(GuidId subscriptionId, QualifiedStreamId streamId, IBatchContainer batch, StreamHandshakeToken handshakeToken) in /_/src/Orleans.Streaming/Internal/StreamConsumerExtension.cs:line 127
   at Orleans.Runtime.TaskRequest`1.Invoke() in /_/src/Orleans.Core.Abstractions/Runtime/GrainReference.cs:line 709
--- End of stack trace from previous location ---
   at Orleans.Serialization.Invocation.ResponseCompletionSource`1.GetResult(Int16 token) in /_/src/Orleans.Serialization/Invocation/ResponseCompletionSource.cs:line 227
   at System.Threading.Tasks.ValueTask`1.ValueTaskSourceAsTask.<>c.<.cctor>b__4_0(Object state)
--- End of stack trace from previous location ---
   at Orleans.Streams.PersistentStreamPullingAgent.DeliverBatchToConsumer(StreamConsumerData consumerData, IBatchContainer batch) in /_/src/Orleans.Streaming/PersistentStreams/PersistentStreamPullingAgent.cs:line 653
[17:30:56 WRN] Failed to deliver message to consumer on 3f8787ce-22cc-aec7-1000-0000c424e1a7 for stream Default/BroadcastMessage/997c71f6ab884b0991eab39d3ec2e219, may retry.
System.Exception: Exception of type 'System.Exception' was thrown.
   at Moq.Behaviors.ThrowException.Execute(Invocation invocation) in /_/src/Moq/Behaviors/ThrowException.cs:line 22
   at Moq.Setup.Execute(Invocation invocation) in /_/src/Moq/Setup.cs:line 84
   at Moq.CastleProxyFactory.Interceptor.Intercept(IInvocation underlying) in /_/src/Moq/Interception/CastleProxyFactory.cs:line 107
   at Castle.DynamicProxy.AbstractInvocation.Proceed()
   at Orleans.Streaming.Grains.Tests.Streams.Grains.BlobReceiverGrain.OnBroadcastAsync(BroadcastMessage message, StreamSequenceToken token) in C:\tmp\Orleans.Streaming.Grains\src\Orleans.Streaming.Grains.Tests.Shared\Streams\Grains\BlobReceiverGrain.cs:line 82
   at Orleans.Streams.StreamSubscriptionHandleImpl`1.DeliverBatch(IBatchContainer batch, StreamHandshakeToken handshakeToken)
   at Orleans.Streams.StreamConsumerExtension.DeliverBatch(GuidId subscriptionId, QualifiedStreamId streamId, IBatchContainer batch, StreamHandshakeToken handshakeToken) in /_/src/Orleans.Streaming/Internal/StreamConsumerExtension.cs:line 127
   at Orleans.Runtime.TaskRequest`1.Invoke() in /_/src/Orleans.Core.Abstractions/Runtime/GrainReference.cs:line 709
--- End of stack trace from previous location ---
   at Orleans.Serialization.Invocation.ResponseCompletionSource`1.GetResult(Int16 token) in /_/src/Orleans.Serialization/Invocation/ResponseCompletionSource.cs:line 227
   at System.Threading.Tasks.ValueTask`1.ValueTaskSourceAsTask.<>c.<.cctor>b__4_0(Object state)
--- End of stack trace from previous location ---
   at Orleans.Streams.PersistentStreamPullingAgent.DeliverBatchToConsumer(StreamConsumerData consumerData, IBatchContainer batch) in /_/src/Orleans.Streaming/PersistentStreams/PersistentStreamPullingAgent.cs:line 653
[17:30:56 WRN] Failed to deliver message to consumer on 1544bf5b-22cc-aec7-1000-0000c424e1a7 for stream Default/BroadcastMessage/997c71f6ab884b0991eab39d3ec2e219, may retry.
System.Exception: Exception of type 'System.Exception' was thrown.
   at Moq.Behaviors.ThrowException.Execute(Invocation invocation) in /_/src/Moq/Behaviors/ThrowException.cs:line 22
   at Moq.Setup.Execute(Invocation invocation) in /_/src/Moq/Setup.cs:line 84
   at Moq.CastleProxyFactory.Interceptor.Intercept(IInvocation underlying) in /_/src/Moq/Interception/CastleProxyFactory.cs:line 107
   at Castle.DynamicProxy.AbstractInvocation.Proceed()
   at Orleans.Streaming.Grains.Tests.Streams.Grains.SimpleReceiverGrain.OnBroadcastAsync(BroadcastMessage message, StreamSequenceToken token) in C:\tmp\Orleans.Streaming.Grains\src\Orleans.Streaming.Grains.Tests.Shared\Streams\Grains\SimpleReceiverGrain.cs:line 70
   at Orleans.Streams.StreamSubscriptionHandleImpl`1.DeliverBatch(IBatchContainer batch, StreamHandshakeToken handshakeToken)
   at Orleans.Streams.StreamConsumerExtension.DeliverBatch(GuidId subscriptionId, QualifiedStreamId streamId, IBatchContainer batch, StreamHandshakeToken handshakeToken) in /_/src/Orleans.Streaming/Internal/StreamConsumerExtension.cs:line 127
   at Orleans.Runtime.TaskRequest`1.Invoke() in /_/src/Orleans.Core.Abstractions/Runtime/GrainReference.cs:line 709
--- End of stack trace from previous location ---
   at Orleans.Serialization.Invocation.ResponseCompletionSource`1.GetResult(Int16 token) in /_/src/Orleans.Serialization/Invocation/ResponseCompletionSource.cs:line 227
   at System.Threading.Tasks.ValueTask`1.ValueTaskSourceAsTask.<>c.<.cctor>b__4_0(Object state)
--- End of stack trace from previous location ---
   at Orleans.Streams.PersistentStreamPullingAgent.DeliverBatchToConsumer(StreamConsumerData consumerData, IBatchContainer batch) in /_/src/Orleans.Streaming/PersistentStreams/PersistentStreamPullingAgent.cs:line 653
[+71/x0/?3] Orleans.Streaming.Grains.Tests.dll (net10.0|x64) - Orleans.Streaming.Grains.Tests.Streams.Scenarios.When_Sending_Broadcast_Message_One_To_Many_Error_Wait.It_Should_Deliver_Text (3m 00s)

[17:30:57 WRN] Failed to deliver message to consumer on 1544bf5b-f3f3-839f-1000-0000c424e1a7 for stream Default/BroadcastMessage/b7f9ee7b62c64c3087e104a994bcde5a, may retry.
System.Exception: Exception of type 'System.Exception' was thrown.
   at Moq.Behaviors.ThrowException.Execute(Invocation invocation) in /_/src/Moq/Behaviors/ThrowException.cs:line 22
   at Moq.Setup.Execute(Invocation invocation) in /_/src/Moq/Setup.cs:line 84
   at Moq.CastleProxyFactory.Interceptor.Intercept(IInvocation underlying) in /_/src/Moq/Interception/CastleProxyFactory.cs:line 107
   at Castle.DynamicProxy.AbstractInvocation.Proceed()
   at Orleans.Streaming.Grains.Tests.Streams.Grains.SimpleReceiverGrain.OnBroadcastAsync(BroadcastMessage message, StreamSequenceToken token) in C:\tmp\Orleans.Streaming.Grains\src\Orleans.Streaming.Grains.Tests.Shared\Streams\Grains\SimpleReceiverGrain.cs:line 70
   at Orleans.Streams.StreamSubscriptionHandleImpl`1.DeliverBatch(IBatchContainer batch, StreamHandshakeToken handshakeToken)
   at Orleans.Streams.StreamConsumerExtension.DeliverBatch(GuidId subscriptionId, QualifiedStreamId streamId, IBatchContainer batch, StreamHandshakeToken handshakeToken) in /_/src/Orleans.Streaming/Internal/StreamConsumerExtension.cs:line 127
   at Orleans.Runtime.TaskRequest`1.Invoke() in /_/src/Orleans.Core.Abstractions/Runtime/GrainReference.cs:line 709
--- End of stack trace from previous location ---
   at Orleans.Serialization.Invocation.ResponseCompletionSource`1.GetResult(Int16 token) in /_/src/Orleans.Serialization/Invocation/ResponseCompletionSource.cs:line 227
   at System.Threading.Tasks.ValueTask`1.ValueTaskSourceAsTask.<>c.<.cctor>b__4_0(Object state)
--- End of stack trace from previous location ---
   at Orleans.Streams.PersistentStreamPullingAgent.DeliverBatchToConsumer(StreamConsumerData consumerData, IBatchContainer batch) in /_/src/Orleans.Streaming/PersistentStreams/PersistentStreamPullingAgent.cs:line 653
[17:30:58 WRN] Failed to deliver message to consumer on 1544bf5b-22cc-aec7-1000-0000c424e1a7 for stream Default/BroadcastMessage/997c71f6ab884b0991eab39d3ec2e219, may retry.
System.Exception: Exception of type 'System.Exception' was thrown.
   at Moq.Behaviors.ThrowException.Execute(Invocation invocation) in /_/src/Moq/Behaviors/ThrowException.cs:line 22
   at Moq.Setup.Execute(Invocation invocation) in /_/src/Moq/Setup.cs:line 84
   at Moq.CastleProxyFactory.Interceptor.Intercept(IInvocation underlying) in /_/src/Moq/Interception/CastleProxyFactory.cs:line 107
   at Castle.DynamicProxy.AbstractInvocation.Proceed()
   at Orleans.Streaming.Grains.Tests.Streams.Grains.SimpleReceiverGrain.OnBroadcastAsync(BroadcastMessage message, StreamSequenceToken token) in C:\tmp\Orleans.Streaming.Grains\src\Orleans.Streaming.Grains.Tests.Shared\Streams\Grains\SimpleReceiverGrain.cs:line 70
   at Orleans.Streams.StreamSubscriptionHandleImpl`1.DeliverBatch(IBatchContainer batch, StreamHandshakeToken handshakeToken)
   at Orleans.Streams.StreamConsumerExtension.DeliverBatch(GuidId subscriptionId, QualifiedStreamId streamId, IBatchContainer batch, StreamHandshakeToken handshakeToken) in /_/src/Orleans.Streaming/Internal/StreamConsumerExtension.cs:line 127
   at Orleans.Runtime.TaskRequest`1.Invoke() in /_/src/Orleans.Core.Abstractions/Runtime/GrainReference.cs:line 709
--- End of stack trace from previous location ---
   at Orleans.Serialization.Invocation.ResponseCompletionSource`1.GetResult(Int16 token) in /_/src/Orleans.Serialization/Invocation/ResponseCompletionSource.cs:line 227
   at System.Threading.Tasks.ValueTask`1.ValueTaskSourceAsTask.<>c.<.cctor>b__4_0(Object state)
--- End of stack trace from previous location ---
   at Orleans.Streams.PersistentStreamPullingAgent.DeliverBatchToConsumer(StreamConsumerData consumerData, IBatchContainer batch) in /_/src/Orleans.Streaming/PersistentStreams/PersistentStreamPullingAgent.cs:line 653
[17:30:58 WRN] Failed to deliver message to consumer on 3f8787ce-22cc-aec7-1000-0000c424e1a7 for stream Default/BroadcastMessage/997c71f6ab884b0991eab39d3ec2e219, may retry.
System.Exception: Exception of type 'System.Exception' was thrown.
   at Moq.Behaviors.ThrowException.Execute(Invocation invocation) in /_/src/Moq/Behaviors/ThrowException.cs:line 22
   at Moq.Setup.Execute(Invocation invocation) in /_/src/Moq/Setup.cs:line 84
   at Moq.CastleProxyFactory.Interceptor.Intercept(IInvocation underlying) in /_/src/Moq/Interception/CastleProxyFactory.cs:line 107
   at Castle.DynamicProxy.AbstractInvocation.Proceed()
   at Orleans.Streaming.Grains.Tests.Streams.Grains.BlobReceiverGrain.OnBroadcastAsync(BroadcastMessage message, StreamSequenceToken token) in C:\tmp\Orleans.Streaming.Grains\src\Orleans.Streaming.Grains.Tests.Shared\Streams\Grains\BlobReceiverGrain.cs:line 82
   at Orleans.Streams.StreamSubscriptionHandleImpl`1.DeliverBatch(IBatchContainer batch, StreamHandshakeToken handshakeToken)
   at Orleans.Streams.StreamConsumerExtension.DeliverBatch(GuidId subscriptionId, QualifiedStreamId streamId, IBatchContainer batch, StreamHandshakeToken handshakeToken) in /_/src/Orleans.Streaming/Internal/StreamConsumerExtension.cs:line 127
   at Orleans.Runtime.TaskRequest`1.Invoke() in /_/src/Orleans.Core.Abstractions/Runtime/GrainReference.cs:line 709
--- End of stack trace from previous location ---
   at Orleans.Serialization.Invocation.ResponseCompletionSource`1.GetResult(Int16 token) in /_/src/Orleans.Serialization/Invocation/ResponseCompletionSource.cs:line 227
   at System.Threading.Tasks.ValueTask`1.ValueTaskSourceAsTask.<>c.<.cctor>b__4_0(Object state)
--- End of stack trace from previous location ---
   at Orleans.Streams.PersistentStreamPullingAgent.DeliverBatchToConsumer(StreamConsumerData consumerData, IBatchContainer batch) in /_/src/Orleans.Streaming/PersistentStreams/PersistentStreamPullingAgent.cs:line 653
[17:30:58 WRN] Failed to deliver message to consumer on 1544bf5b-8d1e-a4a7-1000-0000c424e1a7 for stream Default/BroadcastMessage/c7b395f41a3a45f3bf73ebfd16b9c775, may retry.
System.Exception: Exception of type 'System.Exception' was thrown.
   at Moq.Behaviors.ThrowException.Execute(Invocation invocation) in /_/src/Moq/Behaviors/ThrowException.cs:line 22
   at Moq.Setup.Execute(Invocation invocation) in /_/src/Moq/Setup.cs:line 84
   at Moq.CastleProxyFactory.Interceptor.Intercept(IInvocation underlying) in /_/src/Moq/Interception/CastleProxyFactory.cs:line 107
   at Castle.DynamicProxy.AbstractInvocation.Proceed()
   at Orleans.Streaming.Grains.Tests.Streams.Grains.SimpleReceiverGrain.OnBroadcastAsync(BroadcastMessage message, StreamSequenceToken token) in C:\tmp\Orleans.Streaming.Grains\src\Orleans.Streaming.Grains.Tests.Shared\Streams\Grains\SimpleReceiverGrain.cs:line 70
   at Orleans.Streams.StreamSubscriptionHandleImpl`1.DeliverBatch(IBatchContainer batch, StreamHandshakeToken handshakeToken)
   at Orleans.Streams.StreamConsumerExtension.DeliverBatch(GuidId subscriptionId, QualifiedStreamId streamId, IBatchContainer batch, StreamHandshakeToken handshakeToken) in /_/src/Orleans.Streaming/Internal/StreamConsumerExtension.cs:line 127
   at Orleans.Runtime.TaskRequest`1.Invoke() in /_/src/Orleans.Core.Abstractions/Runtime/GrainReference.cs:line 709
--- End of stack trace from previous location ---
   at Orleans.Serialization.Invocation.ResponseCompletionSource`1.GetResult(Int16 token) in /_/src/Orleans.Serialization/Invocation/ResponseCompletionSource.cs:line 227
   at System.Threading.Tasks.ValueTask`1.ValueTaskSourceAsTask.<>c.<.cctor>b__4_0(Object state)
--- End of stack trace from previous location ---
   at Orleans.Streams.PersistentStreamPullingAgent.DeliverBatchToConsumer(StreamConsumerData consumerData, IBatchContainer batch) in /_/src/Orleans.Streaming/PersistentStreams/PersistentStreamPullingAgent.cs:line 653
[17:30:58 WRN] Failed to deliver message to consumer on 3f8787ce-8d1e-a4a7-1000-0000c424e1a7 for stream Default/BroadcastMessage/c7b395f41a3a45f3bf73ebfd16b9c775, may retry.
System.Exception: Exception of type 'System.Exception' was thrown.
   at Moq.Behaviors.ThrowException.Execute(Invocation invocation) in /_/src/Moq/Behaviors/ThrowException.cs:line 22
   at Moq.Setup.Execute(Invocation invocation) in /_/src/Moq/Setup.cs:line 84
   at Moq.CastleProxyFactory.Interceptor.Intercept(IInvocation underlying) in /_/src/Moq/Interception/CastleProxyFactory.cs:line 107
   at Castle.DynamicProxy.AbstractInvocation.Proceed()
   at Orleans.Streaming.Grains.Tests.Streams.Grains.BlobReceiverGrain.OnBroadcastAsync(BroadcastMessage message, StreamSequenceToken token) in C:\tmp\Orleans.Streaming.Grains\src\Orleans.Streaming.Grains.Tests.Shared\Streams\Grains\BlobReceiverGrain.cs:line 82
   at Orleans.Streams.StreamSubscriptionHandleImpl`1.DeliverBatch(IBatchContainer batch, StreamHandshakeToken handshakeToken)
   at Orleans.Streams.StreamConsumerExtension.DeliverBatch(GuidId subscriptionId, QualifiedStreamId streamId, IBatchContainer batch, StreamHandshakeToken handshakeToken) in /_/src/Orleans.Streaming/Internal/StreamConsumerExtension.cs:line 127
   at Orleans.Runtime.TaskRequest`1.Invoke() in /_/src/Orleans.Core.Abstractions/Runtime/GrainReference.cs:line 709
--- End of stack trace from previous location ---
   at Orleans.Serialization.Invocation.ResponseCompletionSource`1.GetResult(Int16 token) in /_/src/Orleans.Serialization/Invocation/ResponseCompletionSource.cs:line 227
   at System.Threading.Tasks.ValueTask`1.ValueTaskSourceAsTask.<>c.<.cctor>b__4_0(Object state)
--- End of stack trace from previous location ---
   at Orleans.Streams.PersistentStreamPullingAgent.DeliverBatchToConsumer(StreamConsumerData consumerData, IBatchContainer batch) in /_/src/Orleans.Streaming/PersistentStreams/PersistentStreamPullingAgent.cs:line 653
[17:30:59 WRN] Failed to deliver message to consumer on 3f8787ce-f3f3-839f-1000-0000c424e1a7 for stream Default/BroadcastMessage/b7f9ee7b62c64c3087e104a994bcde5a, may retry.
System.Exception: Exception of type 'System.Exception' was thrown.
   at Moq.Behaviors.ThrowException.Execute(Invocation invocation) in /_/src/Moq/Behaviors/ThrowException.cs:line 22
   at Moq.Setup.Execute(Invocation invocation) in /_/src/Moq/Setup.cs:line 84
   at Moq.CastleProxyFactory.Interceptor.Intercept(IInvocation underlying) in /_/src/Moq/Interception/CastleProxyFactory.cs:line 107
   at Castle.DynamicProxy.AbstractInvocation.Proceed()
   at Orleans.Streaming.Grains.Tests.Streams.Grains.BlobReceiverGrain.OnBroadcastAsync(BroadcastMessage message, StreamSequenceToken token) in C:\tmp\Orleans.Streaming.Grains\src\Orleans.Streaming.Grains.Tests.Shared\Streams\Grains\BlobReceiverGrain.cs:line 82
   at Orleans.Streams.StreamSubscriptionHandleImpl`1.DeliverBatch(IBatchContainer batch, StreamHandshakeToken handshakeToken)
   at Orleans.Streams.StreamConsumerExtension.DeliverBatch(GuidId subscriptionId, QualifiedStreamId streamId, IBatchContainer batch, StreamHandshakeToken handshakeToken) in /_/src/Orleans.Streaming/Internal/StreamConsumerExtension.cs:line 127
   at Orleans.Runtime.TaskRequest`1.Invoke() in /_/src/Orleans.Core.Abstractions/Runtime/GrainReference.cs:line 709
--- End of stack trace from previous location ---
   at Orleans.Serialization.Invocation.ResponseCompletionSource`1.GetResult(Int16 token) in /_/src/Orleans.Serialization/Invocation/ResponseCompletionSource.cs:line 227
   at System.Threading.Tasks.ValueTask`1.ValueTaskSourceAsTask.<>c.<.cctor>b__4_0(Object state)
--- End of stack trace from previous location ---
   at Orleans.Streams.PersistentStreamPullingAgent.DeliverBatchToConsumer(StreamConsumerData consumerData, IBatchContainer batch) in /_/src/Orleans.Streaming/PersistentStreams/PersistentStreamPullingAgent.cs:line 653
[17:30:59 WRN] Failed to deliver message to consumer on 3f8787ce-8d1e-a4a7-1000-0000c424e1a7 for stream Default/BroadcastMessage/c7b395f41a3a45f3bf73ebfd16b9c775, may retry.
System.Exception: Exception of type 'System.Exception' was thrown.
   at Moq.Behaviors.ThrowException.Execute(Invocation invocation) in /_/src/Moq/Behaviors/ThrowException.cs:line 22
   at Moq.Setup.Execute(Invocation invocation) in /_/src/Moq/Setup.cs:line 84
   at Moq.CastleProxyFactory.Interceptor.Intercept(IInvocation underlying) in /_/src/Moq/Interception/CastleProxyFactory.cs:line 107
   at Castle.DynamicProxy.AbstractInvocation.Proceed()
   at Orleans.Streaming.Grains.Tests.Streams.Grains.BlobReceiverGrain.OnBroadcastAsync(BroadcastMessage message, StreamSequenceToken token) in C:\tmp\Orleans.Streaming.Grains\src\Orleans.Streaming.Grains.Tests.Shared\Streams\Grains\BlobReceiverGrain.cs:line 82
   at Orleans.Streams.StreamSubscriptionHandleImpl`1.DeliverBatch(IBatchContainer batch, StreamHandshakeToken handshakeToken)
   at Orleans.Streams.StreamConsumerExtension.DeliverBatch(GuidId subscriptionId, QualifiedStreamId streamId, IBatchContainer batch, StreamHandshakeToken handshakeToken) in /_/src/Orleans.Streaming/Internal/StreamConsumerExtension.cs:line 127
   at Orleans.Runtime.TaskRequest`1.Invoke() in /_/src/Orleans.Core.Abstractions/Runtime/GrainReference.cs:line 709
--- End of stack trace from previous location ---
   at Orleans.Serialization.Invocation.ResponseCompletionSource`1.GetResult(Int16 token) in /_/src/Orleans.Serialization/Invocation/ResponseCompletionSource.cs:line 227
   at System.Threading.Tasks.ValueTask`1.ValueTaskSourceAsTask.<>c.<.cctor>b__4_0(Object state)
--- End of stack trace from previous location ---
   at Orleans.Streams.PersistentStreamPullingAgent.DeliverBatchToConsumer(StreamConsumerData consumerData, IBatchContainer batch) in /_/src/Orleans.Streaming/PersistentStreams/PersistentStreamPullingAgent.cs:line 653
[17:30:59 WRN] Failed to deliver message to consumer on 1544bf5b-8d1e-a4a7-1000-0000c424e1a7 for stream Default/BroadcastMessage/c7b395f41a3a45f3bf73ebfd16b9c775, may retry.
System.Exception: Exception of type 'System.Exception' was thrown.
   at Moq.Behaviors.ThrowException.Execute(Invocation invocation) in /_/src/Moq/Behaviors/ThrowException.cs:line 22
   at Moq.Setup.Execute(Invocation invocation) in /_/src/Moq/Setup.cs:line 84
   at Moq.CastleProxyFactory.Interceptor.Intercept(IInvocation underlying) in /_/src/Moq/Interception/CastleProxyFactory.cs:line 107
   at Castle.DynamicProxy.AbstractInvocation.Proceed()
   at Orleans.Streaming.Grains.Tests.Streams.Grains.SimpleReceiverGrain.OnBroadcastAsync(BroadcastMessage message, StreamSequenceToken token) in C:\tmp\Orleans.Streaming.Grains\src\Orleans.Streaming.Grains.Tests.Shared\Streams\Grains\SimpleReceiverGrain.cs:line 70
   at Orleans.Streams.StreamSubscriptionHandleImpl`1.DeliverBatch(IBatchContainer batch, StreamHandshakeToken handshakeToken)
   at Orleans.Streams.StreamConsumerExtension.DeliverBatch(GuidId subscriptionId, QualifiedStreamId streamId, IBatchContainer batch, StreamHandshakeToken handshakeToken) in /_/src/Orleans.Streaming/Internal/StreamConsumerExtension.cs:line 127
   at Orleans.Runtime.TaskRequest`1.Invoke() in /_/src/Orleans.Core.Abstractions/Runtime/GrainReference.cs:line 709
--- End of stack trace from previous location ---
   at Orleans.Serialization.Invocation.ResponseCompletionSource`1.GetResult(Int16 token) in /_/src/Orleans.Serialization/Invocation/ResponseCompletionSource.cs:line 227
   at System.Threading.Tasks.ValueTask`1.ValueTaskSourceAsTask.<>c.<.cctor>b__4_0(Object state)
--- End of stack trace from previous location ---
   at Orleans.Streams.PersistentStreamPullingAgent.DeliverBatchToConsumer(StreamConsumerData consumerData, IBatchContainer batch) in /_/src/Orleans.Streaming/PersistentStreams/PersistentStreamPullingAgent.cs:line 653
[+72/x0/?3] Orleans.Streaming.Grains.Tests.dll (net10.0|x64) - Orleans.Streaming.Grains.Tests.Streams.Scenarios.When_Sending_Broadcast_Message_One_To_Many_Error_Wait.State_Should_Have_Queue_Empty (3m 03s)

[17:31:00 WRN] Failed to deliver message to consumer on 3f8787ce-22cc-aec7-1000-0000c424e1a7 for stream Default/BroadcastMessage/997c71f6ab884b0991eab39d3ec2e219, may retry.
System.Exception: Exception of type 'System.Exception' was thrown.
   at Moq.Behaviors.ThrowException.Execute(Invocation invocation) in /_/src/Moq/Behaviors/ThrowException.cs:line 22
   at Moq.Setup.Execute(Invocation invocation) in /_/src/Moq/Setup.cs:line 84
   at Moq.CastleProxyFactory.Interceptor.Intercept(IInvocation underlying) in /_/src/Moq/Interception/CastleProxyFactory.cs:line 107
   at Castle.DynamicProxy.AbstractInvocation.Proceed()
   at Orleans.Streaming.Grains.Tests.Streams.Grains.BlobReceiverGrain.OnBroadcastAsync(BroadcastMessage message, StreamSequenceToken token) in C:\tmp\Orleans.Streaming.Grains\src\Orleans.Streaming.Grains.Tests.Shared\Streams\Grains\BlobReceiverGrain.cs:line 82
   at Orleans.Streams.StreamSubscriptionHandleImpl`1.DeliverBatch(IBatchContainer batch, StreamHandshakeToken handshakeToken)
   at Orleans.Streams.StreamConsumerExtension.DeliverBatch(GuidId subscriptionId, QualifiedStreamId streamId, IBatchContainer batch, StreamHandshakeToken handshakeToken) in /_/src/Orleans.Streaming/Internal/StreamConsumerExtension.cs:line 127
   at Orleans.Runtime.TaskRequest`1.Invoke() in /_/src/Orleans.Core.Abstractions/Runtime/GrainReference.cs:line 709
--- End of stack trace from previous location ---
   at Orleans.Serialization.Invocation.ResponseCompletionSource`1.GetResult(Int16 token) in /_/src/Orleans.Serialization/Invocation/ResponseCompletionSource.cs:line 227
   at System.Threading.Tasks.ValueTask`1.ValueTaskSourceAsTask.<>c.<.cctor>b__4_0(Object state)
--- End of stack trace from previous location ---
   at Orleans.Streams.PersistentStreamPullingAgent.DeliverBatchToConsumer(StreamConsumerData consumerData, IBatchContainer batch) in /_/src/Orleans.Streaming/PersistentStreams/PersistentStreamPullingAgent.cs:line 653
[17:31:00 WRN] Failed to deliver message to consumer on 1544bf5b-22cc-aec7-1000-0000c424e1a7 for stream Default/BroadcastMessage/997c71f6ab884b0991eab39d3ec2e219, may retry.
System.Exception: Exception of type 'System.Exception' was thrown.
   at Moq.Behaviors.ThrowException.Execute(Invocation invocation) in /_/src/Moq/Behaviors/ThrowException.cs:line 22
   at Moq.Setup.Execute(Invocation invocation) in /_/src/Moq/Setup.cs:line 84
   at Moq.CastleProxyFactory.Interceptor.Intercept(IInvocation underlying) in /_/src/Moq/Interception/CastleProxyFactory.cs:line 107
   at Castle.DynamicProxy.AbstractInvocation.Proceed()
   at Orleans.Streaming.Grains.Tests.Streams.Grains.SimpleReceiverGrain.OnBroadcastAsync(BroadcastMessage message, StreamSequenceToken token) in C:\tmp\Orleans.Streaming.Grains\src\Orleans.Streaming.Grains.Tests.Shared\Streams\Grains\SimpleReceiverGrain.cs:line 70
   at Orleans.Streams.StreamSubscriptionHandleImpl`1.DeliverBatch(IBatchContainer batch, StreamHandshakeToken handshakeToken)
   at Orleans.Streams.StreamConsumerExtension.DeliverBatch(GuidId subscriptionId, QualifiedStreamId streamId, IBatchContainer batch, StreamHandshakeToken handshakeToken) in /_/src/Orleans.Streaming/Internal/StreamConsumerExtension.cs:line 127
   at Orleans.Runtime.TaskRequest`1.Invoke() in /_/src/Orleans.Core.Abstractions/Runtime/GrainReference.cs:line 709
--- End of stack trace from previous location ---
   at Orleans.Serialization.Invocation.ResponseCompletionSource`1.GetResult(Int16 token) in /_/src/Orleans.Serialization/Invocation/ResponseCompletionSource.cs:line 227
   at System.Threading.Tasks.ValueTask`1.ValueTaskSourceAsTask.<>c.<.cctor>b__4_0(Object state)
--- End of stack trace from previous location ---
   at Orleans.Streams.PersistentStreamPullingAgent.DeliverBatchToConsumer(StreamConsumerData consumerData, IBatchContainer batch) in /_/src/Orleans.Streaming/PersistentStreams/PersistentStreamPullingAgent.cs:line 653
[17:31:01 WRN] Failed to deliver message to consumer on 1544bf5b-8d1e-a4a7-1000-0000c424e1a7 for stream Default/BroadcastMessage/c7b395f41a3a45f3bf73ebfd16b9c775, may retry.
System.Exception: Exception of type 'System.Exception' was thrown.
   at Moq.Behaviors.ThrowException.Execute(Invocation invocation) in /_/src/Moq/Behaviors/ThrowException.cs:line 22
   at Moq.Setup.Execute(Invocation invocation) in /_/src/Moq/Setup.cs:line 84
   at Moq.CastleProxyFactory.Interceptor.Intercept(IInvocation underlying) in /_/src/Moq/Interception/CastleProxyFactory.cs:line 107
   at Castle.DynamicProxy.AbstractInvocation.Proceed()
   at Orleans.Streaming.Grains.Tests.Streams.Grains.SimpleReceiverGrain.OnBroadcastAsync(BroadcastMessage message, StreamSequenceToken token) in C:\tmp\Orleans.Streaming.Grains\src\Orleans.Streaming.Grains.Tests.Shared\Streams\Grains\SimpleReceiverGrain.cs:line 70
   at Orleans.Streams.StreamSubscriptionHandleImpl`1.DeliverBatch(IBatchContainer batch, StreamHandshakeToken handshakeToken)
   at Orleans.Streams.StreamConsumerExtension.DeliverBatch(GuidId subscriptionId, QualifiedStreamId streamId, IBatchContainer batch, StreamHandshakeToken handshakeToken) in /_/src/Orleans.Streaming/Internal/StreamConsumerExtension.cs:line 127
   at Orleans.Runtime.TaskRequest`1.Invoke() in /_/src/Orleans.Core.Abstractions/Runtime/GrainReference.cs:line 709
--- End of stack trace from previous location ---
   at Orleans.Serialization.Invocation.ResponseCompletionSource`1.GetResult(Int16 token) in /_/src/Orleans.Serialization/Invocation/ResponseCompletionSource.cs:line 227
   at System.Threading.Tasks.ValueTask`1.ValueTaskSourceAsTask.<>c.<.cctor>b__4_0(Object state)
--- End of stack trace from previous location ---
   at Orleans.Streams.PersistentStreamPullingAgent.DeliverBatchToConsumer(StreamConsumerData consumerData, IBatchContainer batch) in /_/src/Orleans.Streaming/PersistentStreams/PersistentStreamPullingAgent.cs:line 653
[17:31:01 WRN] Failed to deliver message to consumer on 3f8787ce-8d1e-a4a7-1000-0000c424e1a7 for stream Default/BroadcastMessage/c7b395f41a3a45f3bf73ebfd16b9c775, may retry.
System.Exception: Exception of type 'System.Exception' was thrown.
   at Moq.Behaviors.ThrowException.Execute(Invocation invocation) in /_/src/Moq/Behaviors/ThrowException.cs:line 22
   at Moq.Setup.Execute(Invocation invocation) in /_/src/Moq/Setup.cs:line 84
   at Moq.CastleProxyFactory.Interceptor.Intercept(IInvocation underlying) in /_/src/Moq/Interception/CastleProxyFactory.cs:line 107
   at Castle.DynamicProxy.AbstractInvocation.Proceed()
   at Orleans.Streaming.Grains.Tests.Streams.Grains.BlobReceiverGrain.OnBroadcastAsync(BroadcastMessage message, StreamSequenceToken token) in C:\tmp\Orleans.Streaming.Grains\src\Orleans.Streaming.Grains.Tests.Shared\Streams\Grains\BlobReceiverGrain.cs:line 82
   at Orleans.Streams.StreamSubscriptionHandleImpl`1.DeliverBatch(IBatchContainer batch, StreamHandshakeToken handshakeToken)
   at Orleans.Streams.StreamConsumerExtension.DeliverBatch(GuidId subscriptionId, QualifiedStreamId streamId, IBatchContainer batch, StreamHandshakeToken handshakeToken) in /_/src/Orleans.Streaming/Internal/StreamConsumerExtension.cs:line 127
   at Orleans.Runtime.TaskRequest`1.Invoke() in /_/src/Orleans.Core.Abstractions/Runtime/GrainReference.cs:line 709
--- End of stack trace from previous location ---
   at Orleans.Serialization.Invocation.ResponseCompletionSource`1.GetResult(Int16 token) in /_/src/Orleans.Serialization/Invocation/ResponseCompletionSource.cs:line 227
   at System.Threading.Tasks.ValueTask`1.ValueTaskSourceAsTask.<>c.<.cctor>b__4_0(Object state)
--- End of stack trace from previous location ---
   at Orleans.Streams.PersistentStreamPullingAgent.DeliverBatchToConsumer(StreamConsumerData consumerData, IBatchContainer batch) in /_/src/Orleans.Streaming/PersistentStreams/PersistentStreamPullingAgent.cs:line 653
[17:31:01 WRN] Failed to deliver message to consumer on 1544bf5b-b1c7-1e8e-1000-0000c424e1a7 for stream Default/BroadcastMessage/2b372aec686e4317b52b17b6b31f5336, may retry.
System.Exception: Exception of type 'System.Exception' was thrown.
   at Moq.Behaviors.ThrowException.Execute(Invocation invocation) in /_/src/Moq/Behaviors/ThrowException.cs:line 22
   at Moq.Setup.Execute(Invocation invocation) in /_/src/Moq/Setup.cs:line 84
   at Moq.CastleProxyFactory.Interceptor.Intercept(IInvocation underlying) in /_/src/Moq/Interception/CastleProxyFactory.cs:line 107
   at Castle.DynamicProxy.AbstractInvocation.Proceed()
   at Orleans.Streaming.Grains.Tests.Streams.Grains.SimpleReceiverGrain.OnBroadcastAsync(BroadcastMessage message, StreamSequenceToken token) in C:\tmp\Orleans.Streaming.Grains\src\Orleans.Streaming.Grains.Tests.Shared\Streams\Grains\SimpleReceiverGrain.cs:line 70
   at Orleans.Streams.StreamSubscriptionHandleImpl`1.DeliverBatch(IBatchContainer batch, StreamHandshakeToken handshakeToken)
   at Orleans.Streams.StreamConsumerExtension.DeliverBatch(GuidId subscriptionId, QualifiedStreamId streamId, IBatchContainer batch, StreamHandshakeToken handshakeToken) in /_/src/Orleans.Streaming/Internal/StreamConsumerExtension.cs:line 127
   at Orleans.Runtime.TaskRequest`1.Invoke() in /_/src/Orleans.Core.Abstractions/Runtime/GrainReference.cs:line 709
--- End of stack trace from previous location ---
   at Orleans.Serialization.Invocation.ResponseCompletionSource`1.GetResult(Int16 token) in /_/src/Orleans.Serialization/Invocation/ResponseCompletionSource.cs:line 227
   at System.Threading.Tasks.ValueTask`1.ValueTaskSourceAsTask.<>c.<.cctor>b__4_0(Object state)
--- End of stack trace from previous location ---
   at Orleans.Streams.PersistentStreamPullingAgent.DeliverBatchToConsumer(StreamConsumerData consumerData, IBatchContainer batch) in /_/src/Orleans.Streaming/PersistentStreams/PersistentStreamPullingAgent.cs:line 653
[17:31:01 WRN] Failed to deliver message to consumer on 3f8787ce-b1c7-1e8e-1000-0000c424e1a7 for stream Default/BroadcastMessage/2b372aec686e4317b52b17b6b31f5336, may retry.
System.Exception: Exception of type 'System.Exception' was thrown.
   at Moq.Behaviors.ThrowException.Execute(Invocation invocation) in /_/src/Moq/Behaviors/ThrowException.cs:line 22
   at Moq.Setup.Execute(Invocation invocation) in /_/src/Moq/Setup.cs:line 84
   at Moq.CastleProxyFactory.Interceptor.Intercept(IInvocation underlying) in /_/src/Moq/Interception/CastleProxyFactory.cs:line 107
   at Castle.DynamicProxy.AbstractInvocation.Proceed()
   at Orleans.Streaming.Grains.Tests.Streams.Grains.BlobReceiverGrain.OnBroadcastAsync(BroadcastMessage message, StreamSequenceToken token) in C:\tmp\Orleans.Streaming.Grains\src\Orleans.Streaming.Grains.Tests.Shared\Streams\Grains\BlobReceiverGrain.cs:line 82
   at Orleans.Streams.StreamSubscriptionHandleImpl`1.DeliverBatch(IBatchContainer batch, StreamHandshakeToken handshakeToken)
   at Orleans.Streams.StreamConsumerExtension.DeliverBatch(GuidId subscriptionId, QualifiedStreamId streamId, IBatchContainer batch, StreamHandshakeToken handshakeToken) in /_/src/Orleans.Streaming/Internal/StreamConsumerExtension.cs:line 127
   at Orleans.Runtime.TaskRequest`1.Invoke() in /_/src/Orleans.Core.Abstractions/Runtime/GrainReference.cs:line 709
--- End of stack trace from previous location ---
   at Orleans.Serialization.Invocation.ResponseCompletionSource`1.GetResult(Int16 token) in /_/src/Orleans.Serialization/Invocation/ResponseCompletionSource.cs:line 227
   at System.Threading.Tasks.ValueTask`1.ValueTaskSourceAsTask.<>c.<.cctor>b__4_0(Object state)
--- End of stack trace from previous location ---
   at Orleans.Streams.PersistentStreamPullingAgent.DeliverBatchToConsumer(StreamConsumerData consumerData, IBatchContainer batch) in /_/src/Orleans.Streaming/PersistentStreams/PersistentStreamPullingAgent.cs:line 653
[17:31:02 WRN] Failed to deliver message to consumer on 1544bf5b-22cc-aec7-1000-0000c424e1a7 for stream Default/BroadcastMessage/997c71f6ab884b0991eab39d3ec2e219, may retry.
System.Exception: Exception of type 'System.Exception' was thrown.
   at Moq.Behaviors.ThrowException.Execute(Invocation invocation) in /_/src/Moq/Behaviors/ThrowException.cs:line 22
   at Moq.Setup.Execute(Invocation invocation) in /_/src/Moq/Setup.cs:line 84
   at Moq.CastleProxyFactory.Interceptor.Intercept(IInvocation underlying) in /_/src/Moq/Interception/CastleProxyFactory.cs:line 107
   at Castle.DynamicProxy.AbstractInvocation.Proceed()
   at Orleans.Streaming.Grains.Tests.Streams.Grains.SimpleReceiverGrain.OnBroadcastAsync(BroadcastMessage message, StreamSequenceToken token) in C:\tmp\Orleans.Streaming.Grains\src\Orleans.Streaming.Grains.Tests.Shared\Streams\Grains\SimpleReceiverGrain.cs:line 70
   at Orleans.Streams.StreamSubscriptionHandleImpl`1.DeliverBatch(IBatchContainer batch, StreamHandshakeToken handshakeToken)
   at Orleans.Streams.StreamConsumerExtension.DeliverBatch(GuidId subscriptionId, QualifiedStreamId streamId, IBatchContainer batch, StreamHandshakeToken handshakeToken) in /_/src/Orleans.Streaming/Internal/StreamConsumerExtension.cs:line 127
   at Orleans.Runtime.TaskRequest`1.Invoke() in /_/src/Orleans.Core.Abstractions/Runtime/GrainReference.cs:line 709
--- End of stack trace from previous location ---
   at Orleans.Serialization.Invocation.ResponseCompletionSource`1.GetResult(Int16 token) in /_/src/Orleans.Serialization/Invocation/ResponseCompletionSource.cs:line 227
   at System.Threading.Tasks.ValueTask`1.ValueTaskSourceAsTask.<>c.<.cctor>b__4_0(Object state)
--- End of stack trace from previous location ---
   at Orleans.Streams.PersistentStreamPullingAgent.DeliverBatchToConsumer(StreamConsumerData consumerData, IBatchContainer batch) in /_/src/Orleans.Streaming/PersistentStreams/PersistentStreamPullingAgent.cs:line 653
[17:31:02 WRN] Failed to deliver message to consumer on 3f8787ce-8d1e-a4a7-1000-0000c424e1a7 for stream Default/BroadcastMessage/c7b395f41a3a45f3bf73ebfd16b9c775, may retry.
System.Exception: Exception of type 'System.Exception' was thrown.
   at Moq.Behaviors.ThrowException.Execute(Invocation invocation) in /_/src/Moq/Behaviors/ThrowException.cs:line 22
   at Moq.Setup.Execute(Invocation invocation) in /_/src/Moq/Setup.cs:line 84
   at Moq.CastleProxyFactory.Interceptor.Intercept(IInvocation underlying) in /_/src/Moq/Interception/CastleProxyFactory.cs:line 107
   at Castle.DynamicProxy.AbstractInvocation.Proceed()
   at Orleans.Streaming.Grains.Tests.Streams.Grains.BlobReceiverGrain.OnBroadcastAsync(BroadcastMessage message, StreamSequenceToken token) in C:\tmp\Orleans.Streaming.Grains\src\Orleans.Streaming.Grains.Tests.Shared\Streams\Grains\BlobReceiverGrain.cs:line 82
   at Orleans.Streams.StreamSubscriptionHandleImpl`1.DeliverBatch(IBatchContainer batch, StreamHandshakeToken handshakeToken)
   at Orleans.Streams.StreamConsumerExtension.DeliverBatch(GuidId subscriptionId, QualifiedStreamId streamId, IBatchContainer batch, StreamHandshakeToken handshakeToken) in /_/src/Orleans.Streaming/Internal/StreamConsumerExtension.cs:line 127
   at Orleans.Runtime.TaskRequest`1.Invoke() in /_/src/Orleans.Core.Abstractions/Runtime/GrainReference.cs:line 709
--- End of stack trace from previous location ---
   at Orleans.Serialization.Invocation.ResponseCompletionSource`1.GetResult(Int16 token) in /_/src/Orleans.Serialization/Invocation/ResponseCompletionSource.cs:line 227
   at System.Threading.Tasks.ValueTask`1.ValueTaskSourceAsTask.<>c.<.cctor>b__4_0(Object state)
--- End of stack trace from previous location ---
   at Orleans.Streams.PersistentStreamPullingAgent.DeliverBatchToConsumer(StreamConsumerData consumerData, IBatchContainer batch) in /_/src/Orleans.Streaming/PersistentStreams/PersistentStreamPullingAgent.cs:line 653
[17:31:02 WRN] Failed to deliver message to consumer on 1544bf5b-b1c7-1e8e-1000-0000c424e1a7 for stream Default/BroadcastMessage/2b372aec686e4317b52b17b6b31f5336, may retry.
System.Exception: Exception of type 'System.Exception' was thrown.
   at Moq.Behaviors.ThrowException.Execute(Invocation invocation) in /_/src/Moq/Behaviors/ThrowException.cs:line 22
   at Moq.Setup.Execute(Invocation invocation) in /_/src/Moq/Setup.cs:line 84
   at Moq.CastleProxyFactory.Interceptor.Intercept(IInvocation underlying) in /_/src/Moq/Interception/CastleProxyFactory.cs:line 107
   at Castle.DynamicProxy.AbstractInvocation.Proceed()
   at Orleans.Streaming.Grains.Tests.Streams.Grains.SimpleReceiverGrain.OnBroadcastAsync(BroadcastMessage message, StreamSequenceToken token) in C:\tmp\Orleans.Streaming.Grains\src\Orleans.Streaming.Grains.Tests.Shared\Streams\Grains\SimpleReceiverGrain.cs:line 70
   at Orleans.Streams.StreamSubscriptionHandleImpl`1.DeliverBatch(IBatchContainer batch, StreamHandshakeToken handshakeToken)
   at Orleans.Streams.StreamConsumerExtension.DeliverBatch(GuidId subscriptionId, QualifiedStreamId streamId, IBatchContainer batch, StreamHandshakeToken handshakeToken) in /_/src/Orleans.Streaming/Internal/StreamConsumerExtension.cs:line 127
   at Orleans.Runtime.TaskRequest`1.Invoke() in /_/src/Orleans.Core.Abstractions/Runtime/GrainReference.cs:line 709
--- End of stack trace from previous location ---
   at Orleans.Serialization.Invocation.ResponseCompletionSource`1.GetResult(Int16 token) in /_/src/Orleans.Serialization/Invocation/ResponseCompletionSource.cs:line 227
   at System.Threading.Tasks.ValueTask`1.ValueTaskSourceAsTask.<>c.<.cctor>b__4_0(Object state)
--- End of stack trace from previous location ---
   at Orleans.Streams.PersistentStreamPullingAgent.DeliverBatchToConsumer(StreamConsumerData consumerData, IBatchContainer batch) in /_/src/Orleans.Streaming/PersistentStreams/PersistentStreamPullingAgent.cs:line 653
[17:31:02 WRN] Failed to deliver message to consumer on 3f8787ce-b1c7-1e8e-1000-0000c424e1a7 for stream Default/BroadcastMessage/2b372aec686e4317b52b17b6b31f5336, may retry.
System.Exception: Exception of type 'System.Exception' was thrown.
   at Moq.Behaviors.ThrowException.Execute(Invocation invocation) in /_/src/Moq/Behaviors/ThrowException.cs:line 22
   at Moq.Setup.Execute(Invocation invocation) in /_/src/Moq/Setup.cs:line 84
   at Moq.CastleProxyFactory.Interceptor.Intercept(IInvocation underlying) in /_/src/Moq/Interception/CastleProxyFactory.cs:line 107
   at Castle.DynamicProxy.AbstractInvocation.Proceed()
   at Orleans.Streaming.Grains.Tests.Streams.Grains.BlobReceiverGrain.OnBroadcastAsync(BroadcastMessage message, StreamSequenceToken token) in C:\tmp\Orleans.Streaming.Grains\src\Orleans.Streaming.Grains.Tests.Shared\Streams\Grains\BlobReceiverGrain.cs:line 82
   at Orleans.Streams.StreamSubscriptionHandleImpl`1.DeliverBatch(IBatchContainer batch, StreamHandshakeToken handshakeToken)
   at Orleans.Streams.StreamConsumerExtension.DeliverBatch(GuidId subscriptionId, QualifiedStreamId streamId, IBatchContainer batch, StreamHandshakeToken handshakeToken) in /_/src/Orleans.Streaming/Internal/StreamConsumerExtension.cs:line 127
   at Orleans.Runtime.TaskRequest`1.Invoke() in /_/src/Orleans.Core.Abstractions/Runtime/GrainReference.cs:line 709
--- End of stack trace from previous location ---
   at Orleans.Serialization.Invocation.ResponseCompletionSource`1.GetResult(Int16 token) in /_/src/Orleans.Serialization/Invocation/ResponseCompletionSource.cs:line 227
   at System.Threading.Tasks.ValueTask`1.ValueTaskSourceAsTask.<>c.<.cctor>b__4_0(Object state)
--- End of stack trace from previous location ---
   at Orleans.Streams.PersistentStreamPullingAgent.DeliverBatchToConsumer(StreamConsumerData consumerData, IBatchContainer batch) in /_/src/Orleans.Streaming/PersistentStreams/PersistentStreamPullingAgent.cs:line 653
[+73/x0/?3] Orleans.Streaming.Grains.Tests.dll (net10.0|x64) - Orleans.Streaming.Grains.Tests.Streams.Scenarios.When_Sending_Broadcast_Message_One_To_Many_Error_Wait.State_Should_Have_Transactions_Empty (3m 06s)

[17:31:03 WRN] Failed to deliver message to consumer on 1544bf5b-8d1e-a4a7-1000-0000c424e1a7 for stream Default/BroadcastMessage/c7b395f41a3a45f3bf73ebfd16b9c775, may retry.
System.Exception: Exception of type 'System.Exception' was thrown.
   at Moq.Behaviors.ThrowException.Execute(Invocation invocation) in /_/src/Moq/Behaviors/ThrowException.cs:line 22
   at Moq.Setup.Execute(Invocation invocation) in /_/src/Moq/Setup.cs:line 84
   at Moq.CastleProxyFactory.Interceptor.Intercept(IInvocation underlying) in /_/src/Moq/Interception/CastleProxyFactory.cs:line 107
   at Castle.DynamicProxy.AbstractInvocation.Proceed()
   at Orleans.Streaming.Grains.Tests.Streams.Grains.SimpleReceiverGrain.OnBroadcastAsync(BroadcastMessage message, StreamSequenceToken token) in C:\tmp\Orleans.Streaming.Grains\src\Orleans.Streaming.Grains.Tests.Shared\Streams\Grains\SimpleReceiverGrain.cs:line 70
   at Orleans.Streams.StreamSubscriptionHandleImpl`1.DeliverBatch(IBatchContainer batch, StreamHandshakeToken handshakeToken)
   at Orleans.Streams.StreamConsumerExtension.DeliverBatch(GuidId subscriptionId, QualifiedStreamId streamId, IBatchContainer batch, StreamHandshakeToken handshakeToken) in /_/src/Orleans.Streaming/Internal/StreamConsumerExtension.cs:line 127
   at Orleans.Runtime.TaskRequest`1.Invoke() in /_/src/Orleans.Core.Abstractions/Runtime/GrainReference.cs:line 709
--- End of stack trace from previous location ---
   at Orleans.Serialization.Invocation.ResponseCompletionSource`1.GetResult(Int16 token) in /_/src/Orleans.Serialization/Invocation/ResponseCompletionSource.cs:line 227
   at System.Threading.Tasks.ValueTask`1.ValueTaskSourceAsTask.<>c.<.cctor>b__4_0(Object state)
--- End of stack trace from previous location ---
   at Orleans.Streams.PersistentStreamPullingAgent.DeliverBatchToConsumer(StreamConsumerData consumerData, IBatchContainer batch) in /_/src/Orleans.Streaming/PersistentStreams/PersistentStreamPullingAgent.cs:line 653
[17:31:04 WRN] Failed to deliver message to consumer on 3f8787ce-b1c7-1e8e-1000-0000c424e1a7 for stream Default/BroadcastMessage/2b372aec686e4317b52b17b6b31f5336, may retry.
System.Exception: Exception of type 'System.Exception' was thrown.
   at Moq.Behaviors.ThrowException.Execute(Invocation invocation) in /_/src/Moq/Behaviors/ThrowException.cs:line 22
   at Moq.Setup.Execute(Invocation invocation) in /_/src/Moq/Setup.cs:line 84
   at Moq.CastleProxyFactory.Interceptor.Intercept(IInvocation underlying) in /_/src/Moq/Interception/CastleProxyFactory.cs:line 107
   at Castle.DynamicProxy.AbstractInvocation.Proceed()
   at Orleans.Streaming.Grains.Tests.Streams.Grains.BlobReceiverGrain.OnBroadcastAsync(BroadcastMessage message, StreamSequenceToken token) in C:\tmp\Orleans.Streaming.Grains\src\Orleans.Streaming.Grains.Tests.Shared\Streams\Grains\BlobReceiverGrain.cs:line 82
   at Orleans.Streams.StreamSubscriptionHandleImpl`1.DeliverBatch(IBatchContainer batch, StreamHandshakeToken handshakeToken)
   at Orleans.Streams.StreamConsumerExtension.DeliverBatch(GuidId subscriptionId, QualifiedStreamId streamId, IBatchContainer batch, StreamHandshakeToken handshakeToken) in /_/src/Orleans.Streaming/Internal/StreamConsumerExtension.cs:line 127
   at Orleans.Runtime.TaskRequest`1.Invoke() in /_/src/Orleans.Core.Abstractions/Runtime/GrainReference.cs:line 709
--- End of stack trace from previous location ---
   at Orleans.Serialization.Invocation.ResponseCompletionSource`1.GetResult(Int16 token) in /_/src/Orleans.Serialization/Invocation/ResponseCompletionSource.cs:line 227
   at System.Threading.Tasks.ValueTask`1.ValueTaskSourceAsTask.<>c.<.cctor>b__4_0(Object state)
--- End of stack trace from previous location ---
   at Orleans.Streams.PersistentStreamPullingAgent.DeliverBatchToConsumer(StreamConsumerData consumerData, IBatchContainer batch) in /_/src/Orleans.Streaming/PersistentStreams/PersistentStreamPullingAgent.cs:line 653
[17:31:04 WRN] Failed to deliver message to consumer on 1544bf5b-f3f3-839f-1000-0000c424e1a7 for stream Default/BroadcastMessage/b7f9ee7b62c64c3087e104a994bcde5a, may retry.
System.Exception: Exception of type 'System.Exception' was thrown.
   at Moq.Behaviors.ThrowException.Execute(Invocation invocation) in /_/src/Moq/Behaviors/ThrowException.cs:line 22
   at Moq.Setup.Execute(Invocation invocation) in /_/src/Moq/Setup.cs:line 84
   at Moq.CastleProxyFactory.Interceptor.Intercept(IInvocation underlying) in /_/src/Moq/Interception/CastleProxyFactory.cs:line 107
   at Castle.DynamicProxy.AbstractInvocation.Proceed()
   at Orleans.Streaming.Grains.Tests.Streams.Grains.SimpleReceiverGrain.OnBroadcastAsync(BroadcastMessage message, StreamSequenceToken token) in C:\tmp\Orleans.Streaming.Grains\src\Orleans.Streaming.Grains.Tests.Shared\Streams\Grains\SimpleReceiverGrain.cs:line 70
   at Orleans.Streams.StreamSubscriptionHandleImpl`1.DeliverBatch(IBatchContainer batch, StreamHandshakeToken handshakeToken)
   at Orleans.Streams.StreamConsumerExtension.DeliverBatch(GuidId subscriptionId, QualifiedStreamId streamId, IBatchContainer batch, StreamHandshakeToken handshakeToken) in /_/src/Orleans.Streaming/Internal/StreamConsumerExtension.cs:line 127
   at Orleans.Runtime.TaskRequest`1.Invoke() in /_/src/Orleans.Core.Abstractions/Runtime/GrainReference.cs:line 709
--- End of stack trace from previous location ---
   at Orleans.Serialization.Invocation.ResponseCompletionSource`1.GetResult(Int16 token) in /_/src/Orleans.Serialization/Invocation/ResponseCompletionSource.cs:line 227
   at System.Threading.Tasks.ValueTask`1.ValueTaskSourceAsTask.<>c.<.cctor>b__4_0(Object state)
--- End of stack trace from previous location ---
   at Orleans.Streams.PersistentStreamPullingAgent.DeliverBatchToConsumer(StreamConsumerData consumerData, IBatchContainer batch) in /_/src/Orleans.Streaming/PersistentStreams/PersistentStreamPullingAgent.cs:line 653
[17:31:04 WRN] Failed to deliver message to consumer on 3f8787ce-f3f3-839f-1000-0000c424e1a7 for stream Default/BroadcastMessage/b7f9ee7b62c64c3087e104a994bcde5a, may retry.
System.Exception: Exception of type 'System.Exception' was thrown.
   at Moq.Behaviors.ThrowException.Execute(Invocation invocation) in /_/src/Moq/Behaviors/ThrowException.cs:line 22
   at Moq.Setup.Execute(Invocation invocation) in /_/src/Moq/Setup.cs:line 84
   at Moq.CastleProxyFactory.Interceptor.Intercept(IInvocation underlying) in /_/src/Moq/Interception/CastleProxyFactory.cs:line 107
   at Castle.DynamicProxy.AbstractInvocation.Proceed()
   at Orleans.Streaming.Grains.Tests.Streams.Grains.BlobReceiverGrain.OnBroadcastAsync(BroadcastMessage message, StreamSequenceToken token) in C:\tmp\Orleans.Streaming.Grains\src\Orleans.Streaming.Grains.Tests.Shared\Streams\Grains\BlobReceiverGrain.cs:line 82
   at Orleans.Streams.StreamSubscriptionHandleImpl`1.DeliverBatch(IBatchContainer batch, StreamHandshakeToken handshakeToken)
   at Orleans.Streams.StreamConsumerExtension.DeliverBatch(GuidId subscriptionId, QualifiedStreamId streamId, IBatchContainer batch, StreamHandshakeToken handshakeToken) in /_/src/Orleans.Streaming/Internal/StreamConsumerExtension.cs:line 127
   at Orleans.Runtime.TaskRequest`1.Invoke() in /_/src/Orleans.Core.Abstractions/Runtime/GrainReference.cs:line 709
--- End of stack trace from previous location ---
   at Orleans.Serialization.Invocation.ResponseCompletionSource`1.GetResult(Int16 token) in /_/src/Orleans.Serialization/Invocation/ResponseCompletionSource.cs:line 227
   at System.Threading.Tasks.ValueTask`1.ValueTaskSourceAsTask.<>c.<.cctor>b__4_0(Object state)
--- End of stack trace from previous location ---
   at Orleans.Streams.PersistentStreamPullingAgent.DeliverBatchToConsumer(StreamConsumerData consumerData, IBatchContainer batch) in /_/src/Orleans.Streaming/PersistentStreams/PersistentStreamPullingAgent.cs:line 653
[17:31:04 WRN] Failed to deliver message to consumer on 3f8787ce-22cc-aec7-1000-0000c424e1a7 for stream Default/BroadcastMessage/997c71f6ab884b0991eab39d3ec2e219, may retry.
System.Exception: Exception of type 'System.Exception' was thrown.
   at Moq.Behaviors.ThrowException.Execute(Invocation invocation) in /_/src/Moq/Behaviors/ThrowException.cs:line 22
   at Moq.Setup.Execute(Invocation invocation) in /_/src/Moq/Setup.cs:line 84
   at Moq.CastleProxyFactory.Interceptor.Intercept(IInvocation underlying) in /_/src/Moq/Interception/CastleProxyFactory.cs:line 107
   at Castle.DynamicProxy.AbstractInvocation.Proceed()
   at Orleans.Streaming.Grains.Tests.Streams.Grains.BlobReceiverGrain.OnBroadcastAsync(BroadcastMessage message, StreamSequenceToken token) in C:\tmp\Orleans.Streaming.Grains\src\Orleans.Streaming.Grains.Tests.Shared\Streams\Grains\BlobReceiverGrain.cs:line 82
   at Orleans.Streams.StreamSubscriptionHandleImpl`1.DeliverBatch(IBatchContainer batch, StreamHandshakeToken handshakeToken)
   at Orleans.Streams.StreamConsumerExtension.DeliverBatch(GuidId subscriptionId, QualifiedStreamId streamId, IBatchContainer batch, StreamHandshakeToken handshakeToken) in /_/src/Orleans.Streaming/Internal/StreamConsumerExtension.cs:line 127
   at Orleans.Runtime.TaskRequest`1.Invoke() in /_/src/Orleans.Core.Abstractions/Runtime/GrainReference.cs:line 709
--- End of stack trace from previous location ---
   at Orleans.Serialization.Invocation.ResponseCompletionSource`1.GetResult(Int16 token) in /_/src/Orleans.Serialization/Invocation/ResponseCompletionSource.cs:line 227
   at System.Threading.Tasks.ValueTask`1.ValueTaskSourceAsTask.<>c.<.cctor>b__4_0(Object state)
--- End of stack trace from previous location ---
   at Orleans.Streams.PersistentStreamPullingAgent.DeliverBatchToConsumer(StreamConsumerData consumerData, IBatchContainer batch) in /_/src/Orleans.Streaming/PersistentStreams/PersistentStreamPullingAgent.cs:line 653
[17:31:05 WRN] Failed to deliver message to consumer on 3f8787ce-fae5-cd7b-1000-0000c424e1a7 for stream Default/BroadcastMessage/107e2be35ee64afba59cf5e00597f054, may retry.
System.Exception: Exception of type 'System.Exception' was thrown.
   at Moq.Behaviors.ThrowException.Execute(Invocation invocation) in /_/src/Moq/Behaviors/ThrowException.cs:line 22
   at Moq.Setup.Execute(Invocation invocation) in /_/src/Moq/Setup.cs:line 84
   at Moq.CastleProxyFactory.Interceptor.Intercept(IInvocation underlying) in /_/src/Moq/Interception/CastleProxyFactory.cs:line 107
   at Castle.DynamicProxy.AbstractInvocation.Proceed()
   at Orleans.Streaming.Grains.Tests.Streams.Grains.BlobReceiverGrain.OnBroadcastAsync(BroadcastMessage message, StreamSequenceToken token) in C:\tmp\Orleans.Streaming.Grains\src\Orleans.Streaming.Grains.Tests.Shared\Streams\Grains\BlobReceiverGrain.cs:line 82
   at Orleans.Streams.StreamSubscriptionHandleImpl`1.DeliverBatch(IBatchContainer batch, StreamHandshakeToken handshakeToken)
   at Orleans.Streams.StreamConsumerExtension.DeliverBatch(GuidId subscriptionId, QualifiedStreamId streamId, IBatchContainer batch, StreamHandshakeToken handshakeToken) in /_/src/Orleans.Streaming/Internal/StreamConsumerExtension.cs:line 127
   at Orleans.Runtime.TaskRequest`1.Invoke() in /_/src/Orleans.Core.Abstractions/Runtime/GrainReference.cs:line 709
--- End of stack trace from previous location ---
   at Orleans.Serialization.Invocation.ResponseCompletionSource`1.GetResult(Int16 token) in /_/src/Orleans.Serialization/Invocation/ResponseCompletionSource.cs:line 227
   at System.Threading.Tasks.ValueTask`1.ValueTaskSourceAsTask.<>c.<.cctor>b__4_0(Object state)
--- End of stack trace from previous location ---
   at Orleans.Streams.PersistentStreamPullingAgent.DeliverBatchToConsumer(StreamConsumerData consumerData, IBatchContainer batch) in /_/src/Orleans.Streaming/PersistentStreams/PersistentStreamPullingAgent.cs:line 653
[17:31:05 WRN] Failed to deliver message to consumer on 1544bf5b-fae5-cd7b-1000-0000c424e1a7 for stream Default/BroadcastMessage/107e2be35ee64afba59cf5e00597f054, may retry.
System.Exception: Exception of type 'System.Exception' was thrown.
   at Moq.Behaviors.ThrowException.Execute(Invocation invocation) in /_/src/Moq/Behaviors/ThrowException.cs:line 22
   at Moq.Setup.Execute(Invocation invocation) in /_/src/Moq/Setup.cs:line 84
   at Moq.CastleProxyFactory.Interceptor.Intercept(IInvocation underlying) in /_/src/Moq/Interception/CastleProxyFactory.cs:line 107
   at Castle.DynamicProxy.AbstractInvocation.Proceed()
   at Orleans.Streaming.Grains.Tests.Streams.Grains.SimpleReceiverGrain.OnBroadcastAsync(BroadcastMessage message, StreamSequenceToken token) in C:\tmp\Orleans.Streaming.Grains\src\Orleans.Streaming.Grains.Tests.Shared\Streams\Grains\SimpleReceiverGrain.cs:line 70
   at Orleans.Streams.StreamSubscriptionHandleImpl`1.DeliverBatch(IBatchContainer batch, StreamHandshakeToken handshakeToken)
   at Orleans.Streams.StreamConsumerExtension.DeliverBatch(GuidId subscriptionId, QualifiedStreamId streamId, IBatchContainer batch, StreamHandshakeToken handshakeToken) in /_/src/Orleans.Streaming/Internal/StreamConsumerExtension.cs:line 127
   at Orleans.Runtime.TaskRequest`1.Invoke() in /_/src/Orleans.Core.Abstractions/Runtime/GrainReference.cs:line 709
--- End of stack trace from previous location ---
   at Orleans.Serialization.Invocation.ResponseCompletionSource`1.GetResult(Int16 token) in /_/src/Orleans.Serialization/Invocation/ResponseCompletionSource.cs:line 227
   at System.Threading.Tasks.ValueTask`1.ValueTaskSourceAsTask.<>c.<.cctor>b__4_0(Object state)
--- End of stack trace from previous location ---
   at Orleans.Streams.PersistentStreamPullingAgent.DeliverBatchToConsumer(StreamConsumerData consumerData, IBatchContainer batch) in /_/src/Orleans.Streaming/PersistentStreams/PersistentStreamPullingAgent.cs:line 653
[17:31:05 WRN] Failed to deliver message to consumer on 1544bf5b-8d1e-a4a7-1000-0000c424e1a7 for stream Default/BroadcastMessage/c7b395f41a3a45f3bf73ebfd16b9c775, may retry.
System.Exception: Exception of type 'System.Exception' was thrown.
   at Moq.Behaviors.ThrowException.Execute(Invocation invocation) in /_/src/Moq/Behaviors/ThrowException.cs:line 22
   at Moq.Setup.Execute(Invocation invocation) in /_/src/Moq/Setup.cs:line 84
   at Moq.CastleProxyFactory.Interceptor.Intercept(IInvocation underlying) in /_/src/Moq/Interception/CastleProxyFactory.cs:line 107
   at Castle.DynamicProxy.AbstractInvocation.Proceed()
   at Orleans.Streaming.Grains.Tests.Streams.Grains.SimpleReceiverGrain.OnBroadcastAsync(BroadcastMessage message, StreamSequenceToken token) in C:\tmp\Orleans.Streaming.Grains\src\Orleans.Streaming.Grains.Tests.Shared\Streams\Grains\SimpleReceiverGrain.cs:line 70
   at Orleans.Streams.StreamSubscriptionHandleImpl`1.DeliverBatch(IBatchContainer batch, StreamHandshakeToken handshakeToken)
   at Orleans.Streams.StreamConsumerExtension.DeliverBatch(GuidId subscriptionId, QualifiedStreamId streamId, IBatchContainer batch, StreamHandshakeToken handshakeToken) in /_/src/Orleans.Streaming/Internal/StreamConsumerExtension.cs:line 127
   at Orleans.Runtime.TaskRequest`1.Invoke() in /_/src/Orleans.Core.Abstractions/Runtime/GrainReference.cs:line 709
--- End of stack trace from previous location ---
   at Orleans.Serialization.Invocation.ResponseCompletionSource`1.GetResult(Int16 token) in /_/src/Orleans.Serialization/Invocation/ResponseCompletionSource.cs:line 227
   at System.Threading.Tasks.ValueTask`1.ValueTaskSourceAsTask.<>c.<.cctor>b__4_0(Object state)
--- End of stack trace from previous location ---
   at Orleans.Streams.PersistentStreamPullingAgent.DeliverBatchToConsumer(StreamConsumerData consumerData, IBatchContainer batch) in /_/src/Orleans.Streaming/PersistentStreams/PersistentStreamPullingAgent.cs:line 653
[17:31:05 WRN] Failed to deliver message to consumer on 1544bf5b-b1c7-1e8e-1000-0000c424e1a7 for stream Default/BroadcastMessage/2b372aec686e4317b52b17b6b31f5336, may retry.
System.Exception: Exception of type 'System.Exception' was thrown.
   at Moq.Behaviors.ThrowException.Execute(Invocation invocation) in /_/src/Moq/Behaviors/ThrowException.cs:line 22
   at Moq.Setup.Execute(Invocation invocation) in /_/src/Moq/Setup.cs:line 84
   at Moq.CastleProxyFactory.Interceptor.Intercept(IInvocation underlying) in /_/src/Moq/Interception/CastleProxyFactory.cs:line 107
   at Castle.DynamicProxy.AbstractInvocation.Proceed()
   at Orleans.Streaming.Grains.Tests.Streams.Grains.SimpleReceiverGrain.OnBroadcastAsync(BroadcastMessage message, StreamSequenceToken token) in C:\tmp\Orleans.Streaming.Grains\src\Orleans.Streaming.Grains.Tests.Shared\Streams\Grains\SimpleReceiverGrain.cs:line 70
   at Orleans.Streams.StreamSubscriptionHandleImpl`1.DeliverBatch(IBatchContainer batch, StreamHandshakeToken handshakeToken)
   at Orleans.Streams.StreamConsumerExtension.DeliverBatch(GuidId subscriptionId, QualifiedStreamId streamId, IBatchContainer batch, StreamHandshakeToken handshakeToken) in /_/src/Orleans.Streaming/Internal/StreamConsumerExtension.cs:line 127
   at Orleans.Runtime.TaskRequest`1.Invoke() in /_/src/Orleans.Core.Abstractions/Runtime/GrainReference.cs:line 709
--- End of stack trace from previous location ---
   at Orleans.Serialization.Invocation.ResponseCompletionSource`1.GetResult(Int16 token) in /_/src/Orleans.Serialization/Invocation/ResponseCompletionSource.cs:line 227
   at System.Threading.Tasks.ValueTask`1.ValueTaskSourceAsTask.<>c.<.cctor>b__4_0(Object state)
--- End of stack trace from previous location ---
   at Orleans.Streams.PersistentStreamPullingAgent.DeliverBatchToConsumer(StreamConsumerData consumerData, IBatchContainer batch) in /_/src/Orleans.Streaming/PersistentStreams/PersistentStreamPullingAgent.cs:line 653
[+74/x0/?3] Orleans.Streaming.Grains.Tests.dll (net10.0|x64) - Orleans.Streaming.Grains.Tests.Streams.Scenarios.When_Sending_Broadcast_Message_One_To_Many_Error_Wait.State_Should_Have_Poison_At_Least_One (3m 09s)

[17:31:06 WRN] Failed to deliver message to consumer on 3f8787ce-b1c7-1e8e-1000-0000c424e1a7 for stream Default/BroadcastMessage/2b372aec686e4317b52b17b6b31f5336, may retry.
System.Exception: Exception of type 'System.Exception' was thrown.
   at Moq.Behaviors.ThrowException.Execute(Invocation invocation) in /_/src/Moq/Behaviors/ThrowException.cs:line 22
   at Moq.Setup.Execute(Invocation invocation) in /_/src/Moq/Setup.cs:line 84
   at Moq.CastleProxyFactory.Interceptor.Intercept(IInvocation underlying) in /_/src/Moq/Interception/CastleProxyFactory.cs:line 107
   at Castle.DynamicProxy.AbstractInvocation.Proceed()
   at Orleans.Streaming.Grains.Tests.Streams.Grains.BlobReceiverGrain.OnBroadcastAsync(BroadcastMessage message, StreamSequenceToken token) in C:\tmp\Orleans.Streaming.Grains\src\Orleans.Streaming.Grains.Tests.Shared\Streams\Grains\BlobReceiverGrain.cs:line 82
   at Orleans.Streams.StreamSubscriptionHandleImpl`1.DeliverBatch(IBatchContainer batch, StreamHandshakeToken handshakeToken)
   at Orleans.Streams.StreamConsumerExtension.DeliverBatch(GuidId subscriptionId, QualifiedStreamId streamId, IBatchContainer batch, StreamHandshakeToken handshakeToken) in /_/src/Orleans.Streaming/Internal/StreamConsumerExtension.cs:line 127
   at Orleans.Runtime.TaskRequest`1.Invoke() in /_/src/Orleans.Core.Abstractions/Runtime/GrainReference.cs:line 709
--- End of stack trace from previous location ---
   at Orleans.Serialization.Invocation.ResponseCompletionSource`1.GetResult(Int16 token) in /_/src/Orleans.Serialization/Invocation/ResponseCompletionSource.cs:line 227
   at System.Threading.Tasks.ValueTask`1.ValueTaskSourceAsTask.<>c.<.cctor>b__4_0(Object state)
--- End of stack trace from previous location ---
   at Orleans.Streams.PersistentStreamPullingAgent.DeliverBatchToConsumer(StreamConsumerData consumerData, IBatchContainer batch) in /_/src/Orleans.Streaming/PersistentStreams/PersistentStreamPullingAgent.cs:line 653
[17:31:06 WRN] Failed to deliver message to consumer on 3f8787ce-fae5-cd7b-1000-0000c424e1a7 for stream Default/BroadcastMessage/107e2be35ee64afba59cf5e00597f054, may retry.
System.Exception: Exception of type 'System.Exception' was thrown.
   at Moq.Behaviors.ThrowException.Execute(Invocation invocation) in /_/src/Moq/Behaviors/ThrowException.cs:line 22
   at Moq.Setup.Execute(Invocation invocation) in /_/src/Moq/Setup.cs:line 84
   at Moq.CastleProxyFactory.Interceptor.Intercept(IInvocation underlying) in /_/src/Moq/Interception/CastleProxyFactory.cs:line 107
   at Castle.DynamicProxy.AbstractInvocation.Proceed()
   at Orleans.Streaming.Grains.Tests.Streams.Grains.BlobReceiverGrain.OnBroadcastAsync(BroadcastMessage message, StreamSequenceToken token) in C:\tmp\Orleans.Streaming.Grains\src\Orleans.Streaming.Grains.Tests.Shared\Streams\Grains\BlobReceiverGrain.cs:line 82
   at Orleans.Streams.StreamSubscriptionHandleImpl`1.DeliverBatch(IBatchContainer batch, StreamHandshakeToken handshakeToken)
   at Orleans.Streams.StreamConsumerExtension.DeliverBatch(GuidId subscriptionId, QualifiedStreamId streamId, IBatchContainer batch, StreamHandshakeToken handshakeToken) in /_/src/Orleans.Streaming/Internal/StreamConsumerExtension.cs:line 127
   at Orleans.Runtime.TaskRequest`1.Invoke() in /_/src/Orleans.Core.Abstractions/Runtime/GrainReference.cs:line 709
--- End of stack trace from previous location ---
   at Orleans.Serialization.Invocation.ResponseCompletionSource`1.GetResult(Int16 token) in /_/src/Orleans.Serialization/Invocation/ResponseCompletionSource.cs:line 227
   at System.Threading.Tasks.ValueTask`1.ValueTaskSourceAsTask.<>c.<.cctor>b__4_0(Object state)
--- End of stack trace from previous location ---
   at Orleans.Streams.PersistentStreamPullingAgent.DeliverBatchToConsumer(StreamConsumerData consumerData, IBatchContainer batch) in /_/src/Orleans.Streaming/PersistentStreams/PersistentStreamPullingAgent.cs:line 653
[17:31:06 WRN] Failed to deliver message to consumer on 1544bf5b-fae5-cd7b-1000-0000c424e1a7 for stream Default/BroadcastMessage/107e2be35ee64afba59cf5e00597f054, may retry.
System.Exception: Exception of type 'System.Exception' was thrown.
   at Moq.Behaviors.ThrowException.Execute(Invocation invocation) in /_/src/Moq/Behaviors/ThrowException.cs:line 22
   at Moq.Setup.Execute(Invocation invocation) in /_/src/Moq/Setup.cs:line 84
   at Moq.CastleProxyFactory.Interceptor.Intercept(IInvocation underlying) in /_/src/Moq/Interception/CastleProxyFactory.cs:line 107
   at Castle.DynamicProxy.AbstractInvocation.Proceed()
   at Orleans.Streaming.Grains.Tests.Streams.Grains.SimpleReceiverGrain.OnBroadcastAsync(BroadcastMessage message, StreamSequenceToken token) in C:\tmp\Orleans.Streaming.Grains\src\Orleans.Streaming.Grains.Tests.Shared\Streams\Grains\SimpleReceiverGrain.cs:line 70
   at Orleans.Streams.StreamSubscriptionHandleImpl`1.DeliverBatch(IBatchContainer batch, StreamHandshakeToken handshakeToken)
   at Orleans.Streams.StreamConsumerExtension.DeliverBatch(GuidId subscriptionId, QualifiedStreamId streamId, IBatchContainer batch, StreamHandshakeToken handshakeToken) in /_/src/Orleans.Streaming/Internal/StreamConsumerExtension.cs:line 127
   at Orleans.Runtime.TaskRequest`1.Invoke() in /_/src/Orleans.Core.Abstractions/Runtime/GrainReference.cs:line 709
--- End of stack trace from previous location ---
   at Orleans.Serialization.Invocation.ResponseCompletionSource`1.GetResult(Int16 token) in /_/src/Orleans.Serialization/Invocation/ResponseCompletionSource.cs:line 227
   at System.Threading.Tasks.ValueTask`1.ValueTaskSourceAsTask.<>c.<.cctor>b__4_0(Object state)
--- End of stack trace from previous location ---
   at Orleans.Streams.PersistentStreamPullingAgent.DeliverBatchToConsumer(StreamConsumerData consumerData, IBatchContainer batch) in /_/src/Orleans.Streaming/PersistentStreams/PersistentStreamPullingAgent.cs:line 653
[+77/x0/?3] Orleans.Streaming.Grains.Tests.dll (net10.0|x64) - Orleans.Streaming.Grains.Tests.Streams.Scenarios.When_Sending_Broadcast_Message_One_To_Many_Wait.It_Should_Empty_Queue (3m 12s)

[+78/x0/?3] Orleans.Streaming.Grains.Tests.dll (net10.0|x64) - Orleans.Streaming.Grains.Tests.Streams.Scenarios.When_Sending_Broadcast_Message_One_To_Many_Wait.It_Should_Deliver_Text (3m 15s)

[+78/x0/?3] Orleans.Streaming.Grains.Tests.dll (net10.0|x64) - Orleans.Streaming.Grains.Tests.Streams.Scenarios.When_Sending_Broadcast_Message_One_To_Many_Wait.It_Should_Deliver_Text (3m 18s)

[+79/x0/?3] Orleans.Streaming.Grains.Tests.dll (net10.0|x64) - Orleans.Streaming.Grains.Tests.Streams.Scenarios.When_Sending_Broadcast_Message_One_To_Many_Wait.It_Should_Deliver_Data (3m 21s)

skipped Orleans.Streaming.Grains.Tests.Streams.Scenarios.When_Sending_Broadcast_Message_One_To_Many_Wait.It_Should_Empty_Poison (0ms)
  Poison assertions are unreliable when running with shared cluster fixture
skipped Orleans.Streaming.Grains.Tests.Streams.Scenarios.When_Sending_Compound_Message_One_To_Many_Wait.It_Should_Empty_Poison (0ms)
  Poison assertions are unreliable when running with shared cluster fixture
[+85/x0/?5] Orleans.Streaming.Grains.Tests.dll (net10.0|x64) - Orleans.Streaming.Grains.Tests.Streams.Scenarios.When_Sending_Compound_Message_One_To_Many_Wait.It_Should_Empty_Queue (3m 24s)

[+92/x0/?5] Orleans.Streaming.Grains.Tests.dll (net10.0|x64) - Orleans.Streaming.Grains.Tests.Streams.Scenarios.When_Sending_Explosive_Message_One_To_Many_Wait.It_Should_Deliver_Expected_Data (3m 27s)

skipped Orleans.Streaming.Grains.Tests.Streams.Scenarios.When_Sending_Explosive_Message_One_To_Many_Wait.It_Should_Empty_Poison (0ms)
  Poison assertions are unreliable when running with shared cluster fixture
[17:31:25 INF] Closing connection [Local: 127.0.0.1:40212, Remote: 127.0.0.1:33696, ConnectionId: 0HNHOAI258HU4]
[17:31:25 INF] Recorded closed socket from endpoint 127.0.0.1:33696, client ID sys.client/36bdef5362654315ae8d04f6e2a92ce0.
[17:31:25 INF] Connection [Local: 127.0.0.1:40212, Remote: 127.0.0.1:33696, ConnectionId: 0HNHOAI258HU4] terminated
[17:31:25 INF] Application is shutting down...
[17:31:25 INF] Stopping Orleans Silo
[17:31:25 INF] Stopping agents for 1 queues: [default-0].
[17:31:25 INF] About to remove 1 agents from my responsibility: [default-0].
[17:31:25 INF] Shutdown of PersistentStreamPullingAgent responsible for queue: default-0-0x00000000
[17:31:25 INF] Unregister PersistentStreamPullingAgent Producer for stream Default/BroadcastMessage/b7f9ee7b62c64c3087e104a994bcde5a.
[17:31:25 INF] Unregister PersistentStreamPullingAgent Producer for stream Default/BroadcastMessage/997c71f6ab884b0991eab39d3ec2e219.
[17:31:25 INF] Unregister PersistentStreamPullingAgent Producer for stream Default/BroadcastMessage/c7b395f41a3a45f3bf73ebfd16b9c775.
[17:31:25 INF] Unregister PersistentStreamPullingAgent Producer for stream Default/BroadcastMessage/2b372aec686e4317b52b17b6b31f5336.
[17:31:25 INF] Unregister PersistentStreamPullingAgent Producer for stream Default/BroadcastMessage/107e2be35ee64afba59cf5e00597f054.
[17:31:25 INF] Unregister PersistentStreamPullingAgent Producer for stream Default/SimpleMessage/0c9399862c77466bb39c12c65fdffb90.
[17:31:25 INF] Unregister PersistentStreamPullingAgent Producer for stream Default/SimpleMessage/959fa15e9f3c4319952c78d2a0fe6058.
[17:31:25 INF] Unregister PersistentStreamPullingAgent Producer for stream Default/SimpleMessage/f73e21d7ca4e42c6a297809dbc01d406.
[17:31:25 INF] Unregister PersistentStreamPullingAgent Producer for stream Default/SimpleMessage/895ebda4a8404722838d14c86b80690f.
[17:31:25 INF] Unregister PersistentStreamPullingAgent Producer for stream Default/SimpleMessage/12b8df18a711476089da407ceb417ff6.
[17:31:25 INF] Unregister PersistentStreamPullingAgent Producer for stream Default/SimpleMessage/a924dc11c0b44c97a0cc6eecbc6304dc.
[17:31:25 INF] Unregister PersistentStreamPullingAgent Producer for stream Default/SimpleMessage/aa5bf444d5a841f3845ac6bc8d9fccf4.
[17:31:25 INF] Unregister PersistentStreamPullingAgent Producer for stream Default/SimpleMessage/5398e83c84044334ba98d04c29bc3221.
[17:31:25 INF] Unregister PersistentStreamPullingAgent Producer for stream Default/SimpleMessage/72268a48de94492a9d3cd36726c717bc.
[17:31:25 INF] Unregister PersistentStreamPullingAgent Producer for stream Default/SimpleMessage/acc7e3dcca12413cacebc7d03413e3a9.
[17:31:25 INF] Unregister PersistentStreamPullingAgent Producer for stream Default/SimpleMessage/b360f2ed0ef449da9b252958b208bdbf.
[17:31:25 INF] Unregister PersistentStreamPullingAgent Producer for stream Default/SimpleMessage/2bcce454f0a34a999c09df6da454fa50.
[17:31:25 INF] Unregister PersistentStreamPullingAgent Producer for stream Default/SimpleMessage/16935219404443d6a02fb39e8a92ed79.
[17:31:25 INF] Unregister PersistentStreamPullingAgent Producer for stream Default/SimpleMessage/10285ee7af13478b832394686bc9f47b.
[17:31:25 INF] Unregister PersistentStreamPullingAgent Producer for stream Default/SimpleMessage/d7aae9bbb3e649fa9773503cda655a11.
[17:31:25 INF] Unregister PersistentStreamPullingAgent Producer for stream Default/SimpleMessage/76174ee09cc44cb09df93945124b4dba.
[17:31:25 INF] Unregister PersistentStreamPullingAgent Producer for stream Default/SimpleMessage/f6966b45e12949a49df37c177c7feff1.
[17:31:25 INF] Unregister PersistentStreamPullingAgent Producer for stream Default/SimpleMessage/745c5f8fc292444693a8effebf558e60.
[17:31:25 INF] Unregister PersistentStreamPullingAgent Producer for stream Default/SimpleMessage/5ff3965df0464021955c7469584c48c9.
[17:31:25 INF] Unregister PersistentStreamPullingAgent Producer for stream Default/SimpleMessage/f09fc4b92fac47539920d250946009fa.
[17:31:25 INF] Unregister PersistentStreamPullingAgent Producer for stream Default/BroadcastMessage/c686730cd57f49f28a2b845a9a8824e3.
[17:31:25 INF] Unregister PersistentStreamPullingAgent Producer for stream Default/BroadcastMessage/dd9616b90da54d088d44da5d2ac1d885.
[17:31:25 INF] Unregister PersistentStreamPullingAgent Producer for stream Default/BroadcastMessage/ceac8478da174aeb8163cdcd4070f950.
[17:31:25 INF] Unregister PersistentStreamPullingAgent Producer for stream Default/BroadcastMessage/f1d683ee8ba84e258ffde4c09dc02d6d.
[17:31:25 INF] Unregister PersistentStreamPullingAgent Producer for stream Default/BroadcastMessage/bd275bf218c44ab58ff353c3f88a9a0a.
[17:31:25 INF] Unregister PersistentStreamPullingAgent Producer for stream Default/BroadcastMessage/49d9d7a5fd264f509f174842bb30c213.
[17:31:25 INF] Unregister PersistentStreamPullingAgent Producer for stream Default/BroadcastMessage/44738fe4e1464e3a87047c7252df369d.
[17:31:25 INF] Unregister PersistentStreamPullingAgent Producer for stream Default/BroadcastMessage/8504822bb6df430b95fa923b067a33ce.
[17:31:25 INF] Unregister PersistentStreamPullingAgent Producer for stream Default/BroadcastMessage/0d5382b72e054916a3733b1b8789aa76.
[17:31:25 INF] Unregister PersistentStreamPullingAgent Producer for stream Default/BroadcastMessage/c1fab9d23753457884935682b96f3a14.
[17:31:25 INF] Unregister PersistentStreamPullingAgent Producer for stream Default/BroadcastMessage/e46bd48903f64846b26cae9689d9f625.
[17:31:25 INF] Unregister PersistentStreamPullingAgent Producer for stream Default/BroadcastMessage/f478bad38bcb4760a7dec3e46669f280.
[17:31:25 INF] Unregister PersistentStreamPullingAgent Producer for stream Default/BroadcastMessage/5c7ff495d8db45e6b763a51e564a75a6.
[17:31:25 INF] Unregister PersistentStreamPullingAgent Producer for stream Default/BroadcastMessage/80d6b5b5585a47f9893b4428e29b0443.
[17:31:25 INF] Unregister PersistentStreamPullingAgent Producer for stream Default/BroadcastMessage/19f113872bd64ea394d50dd225cf7d39.
[17:31:25 INF] Unregister PersistentStreamPullingAgent Producer for stream Default/BroadcastMessage/c88d8ece79324f62b7ec78114dacd098.
[17:31:25 INF] Unregister PersistentStreamPullingAgent Producer for stream Default/BroadcastMessage/6d272185bf0b4e08982cee5e74ed509b.
[17:31:25 INF] Unregister PersistentStreamPullingAgent Producer for stream Default/BroadcastMessage/1ec7c2e9624248d7b4973782491f39d9.
[17:31:25 INF] Unregister PersistentStreamPullingAgent Producer for stream Default/BroadcastMessage/272fc6c521394ee1880a8f44abfe4ba6.
[17:31:25 INF] Unregister PersistentStreamPullingAgent Producer for stream Default/BroadcastMessage/87af99aa51d04b21b86c9c61d87b9692.
[17:31:25 INF] Unregister PersistentStreamPullingAgent Producer for stream Default/BroadcastMessage/52f4b51b7c474ba0bd6589c6a2e4b2d1.
[17:31:25 INF] Unregister PersistentStreamPullingAgent Producer for stream Default/BroadcastMessage/8b81ef1cfcf54fb4b2d9d0da1c3cecaa.
[17:31:25 INF] Unregister PersistentStreamPullingAgent Producer for stream Default/BroadcastMessage/fbc047cbea2540ed9124228a11d21e74.
[17:31:25 INF] Unregister PersistentStreamPullingAgent Producer for stream Default/BroadcastMessage/ffafe9f40cba4262ae013135bc69824e.
[17:31:25 INF] Unregister PersistentStreamPullingAgent Producer for stream Default/BroadcastMessage/ccc497b5ad334ed5ba1792daff65e6e1.
[17:31:25 INF] Unregister PersistentStreamPullingAgent Producer for stream Default/BroadcastMessage/7637b03b75454a588b6228b04ace5521.
[17:31:25 INF] Unregister PersistentStreamPullingAgent Producer for stream Default/BroadcastMessage/8521d48272044d2fa19c6aed6c39266b.
[17:31:25 INF] Unregister PersistentStreamPullingAgent Producer for stream Default/BroadcastMessage/22a865b589f1413195090c31dd8428ac.
[17:31:25 INF] Unregister PersistentStreamPullingAgent Producer for stream Default/BroadcastMessage/da25b76649c14ea4bc31e72e2f5b72a0.
[17:31:25 INF] Unregister PersistentStreamPullingAgent Producer for stream Default/BroadcastMessage/7edeb21f644d41c38c671c23d16ffd86.
[17:31:25 INF] Unregister PersistentStreamPullingAgent Producer for stream Default/BroadcastMessage/dda96b320c3043be8899871b61829403.
[17:31:25 INF] Unregister PersistentStreamPullingAgent Producer for stream Default/BroadcastMessage/dfaf6f9f60f34a20a61b3b1417cf25c5.
[17:31:25 INF] Unregister PersistentStreamPullingAgent Producer for stream Default/BroadcastMessage/de04777c020a4e79988a38ba56a61b6a.
[17:31:25 INF] Unregister PersistentStreamPullingAgent Producer for stream Default/BroadcastMessage/d2442972457f4c9f8928dfb41eda7671.
[17:31:25 INF] Unregister PersistentStreamPullingAgent Producer for stream Default/BroadcastMessage/efc4e5f6ca1a44d1a02a49a1aafee97c.
[17:31:25 INF] Unregister PersistentStreamPullingAgent Producer for stream Default/BroadcastMessage/9de9528bf97f4f8da63ef200edbd1ea8.
[17:31:25 INF] Unregister PersistentStreamPullingAgent Producer for stream Default/BroadcastMessage/e9ae23d14f8f4e2a867352d23c2369e0.
[17:31:25 INF] Unregister PersistentStreamPullingAgent Producer for stream Default/BroadcastMessage/599ce07742c4444c928ea5df85876987.
[17:31:25 INF] Unregister PersistentStreamPullingAgent Producer for stream Default/BroadcastMessage/bf40373fcf654f378876009c11b65629.
[17:31:25 INF] Unregister PersistentStreamPullingAgent Producer for stream Default/BroadcastMessage/f17cf8fb25b749cfa61f8cf343cf33e5.
[17:31:25 INF] Unregister PersistentStreamPullingAgent Producer for stream Default/BroadcastMessage/25ff5fd6090341a2a5aae55fb8c8a6fa.
[17:31:25 INF] Unregister PersistentStreamPullingAgent Producer for stream Default/BroadcastMessage/4e1a467fe2d5440091440ea0462bb12a.
[17:31:25 INF] Unregister PersistentStreamPullingAgent Producer for stream Default/BroadcastMessage/4d191b8eb13749258fd5f969cb56baba.
[17:31:25 INF] Unregister PersistentStreamPullingAgent Producer for stream Default/BroadcastMessage/d610a50b233b49b78d246ad267fe3f0d.
[17:31:25 INF] Unregister PersistentStreamPullingAgent Producer for stream Default/BroadcastMessage/68c5acf008aa4c289e0537a47f4853c2.
[17:31:25 INF] Unregister PersistentStreamPullingAgent Producer for stream Default/BroadcastMessage/3bed5986dda34ca7a9c6f03bf66593c2.
[17:31:25 INF] Unregister PersistentStreamPullingAgent Producer for stream Default/BroadcastMessage/093e74c54dea4571a1becfcd7342ee93.
[17:31:25 INF] Unregister PersistentStreamPullingAgent Producer for stream Default/BroadcastMessage/543c643930bb42b2b4cf8988ed398ca7.
[17:31:25 INF] Unregister PersistentStreamPullingAgent Producer for stream Default/BroadcastMessage/a622accd506d463a91c1316a070915ba.
[17:31:25 INF] Unregister PersistentStreamPullingAgent Producer for stream Default/BroadcastMessage/9815f4cbd8df42cbbabc61f36000cfbd.
[17:31:25 INF] Unregister PersistentStreamPullingAgent Producer for stream Default/BroadcastMessage/c91759484c1b442ab22dcd965a198a47.
[17:31:25 INF] Unregister PersistentStreamPullingAgent Producer for stream Default/BroadcastMessage/9957756cdad6401387ca11dfe6925cfd.
[17:31:25 INF] Unregister PersistentStreamPullingAgent Producer for stream Default/BroadcastMessage/176b41fc533340b899db1e4e3e12beb9.
[17:31:25 INF] Unregister PersistentStreamPullingAgent Producer for stream Default/BroadcastMessage/c408273db8444511af86f38f103b7619.
[17:31:25 INF] Unregister PersistentStreamPullingAgent Producer for stream Default/BroadcastMessage/c0ab3a486d104cfdb0dcccb739ae6062.
[17:31:25 INF] Unregister PersistentStreamPullingAgent Producer for stream Default/BroadcastMessage/ca5f3a129b044dc4aa38212808636763.
[17:31:25 INF] Unregister PersistentStreamPullingAgent Producer for stream Default/BroadcastMessage/81f78c3644aa44b5a1429c9c07d0f711.
[17:31:25 INF] Unregister PersistentStreamPullingAgent Producer for stream Default/BroadcastMessage/3e1e94af4f474b3fbb02fb1e812bfaa4.
[17:31:25 INF] Unregister PersistentStreamPullingAgent Producer for stream Default/BroadcastMessage/e27839d5c33f469eaf2777570508d230.
[17:31:25 INF] Unregister PersistentStreamPullingAgent Producer for stream Default/BroadcastMessage/d7adb6e7886b4c56bb6fe2f314ce0f14.
[17:31:25 INF] Unregister PersistentStreamPullingAgent Producer for stream Default/CompoundMessage/329ff22928344a41895396929608218a.
[17:31:25 INF] Unregister PersistentStreamPullingAgent Producer for stream Default/CompoundMessage/ec3c99150f3b406abcf601b36cbd0a9e.
[17:31:25 INF] Unregister PersistentStreamPullingAgent Producer for stream Default/CompoundMessage/adbaf4d4e188426a9d79b8b9ed8610a4.
[17:31:25 INF] Unregister PersistentStreamPullingAgent Producer for stream Default/CompoundMessage/404c5b0f970143b38732446d14a24e51.
[17:31:25 INF] Unregister PersistentStreamPullingAgent Producer for stream Default/CompoundMessage/59a21a4195614722b486767d18c602a9.
[17:31:25 INF] Unregister PersistentStreamPullingAgent Producer for stream Default/CompoundMessage/1a8ef70dcb184b45bcabaed722ddb5bf.
[17:31:25 INF] Unregister PersistentStreamPullingAgent Producer for stream Default/CompoundMessage/7bd474d5bcdf4a26bce94bea2c1fc2b3.
[17:31:25 INF] Unregister PersistentStreamPullingAgent Producer for stream Default/CompoundMessage/c9434d8986f645c2b9c5651804f50434.
[17:31:25 INF] Unregister PersistentStreamPullingAgent Producer for stream Default/CompoundMessage/2f394a43c8cb418c884a77dc6e089534.
[17:31:25 INF] Unregister PersistentStreamPullingAgent Producer for stream Default/CompoundMessage/1e59cc543cb94d55b8117b4ad398a7ed.
[17:31:25 INF] Unregister PersistentStreamPullingAgent Producer for stream Default/BlobMessage/1e59cc543cb94d55b8117b4ad398a7ed.
[17:31:25 INF] Unregister PersistentStreamPullingAgent Producer for stream Default/BlobMessage/2f394a43c8cb418c884a77dc6e089534.
[17:31:25 INF] Unregister PersistentStreamPullingAgent Producer for stream Default/BlobMessage/ec3c99150f3b406abcf601b36cbd0a9e.
[17:31:25 INF] Unregister PersistentStreamPullingAgent Producer for stream Default/SimpleMessage/1e59cc543cb94d55b8117b4ad398a7ed.
[17:31:25 INF] Unregister PersistentStreamPullingAgent Producer for stream Default/BlobMessage/329ff22928344a41895396929608218a.
[17:31:25 INF] Unregister PersistentStreamPullingAgent Producer for stream Default/SimpleMessage/2f394a43c8cb418c884a77dc6e089534.
[17:31:25 INF] Unregister PersistentStreamPullingAgent Producer for stream Default/BlobMessage/adbaf4d4e188426a9d79b8b9ed8610a4.
[17:31:25 INF] Unregister PersistentStreamPullingAgent Producer for stream Default/BlobMessage/404c5b0f970143b38732446d14a24e51.
[17:31:25 INF] Unregister PersistentStreamPullingAgent Producer for stream Default/SimpleMessage/ec3c99150f3b406abcf601b36cbd0a9e.
[17:31:25 INF] Unregister PersistentStreamPullingAgent Producer for stream Default/BlobMessage/59a21a4195614722b486767d18c602a9.
[17:31:25 INF] Unregister PersistentStreamPullingAgent Producer for stream Default/SimpleMessage/329ff22928344a41895396929608218a.
[17:31:25 INF] Unregister PersistentStreamPullingAgent Producer for stream Default/BlobMessage/1a8ef70dcb184b45bcabaed722ddb5bf.
[17:31:25 INF] Unregister PersistentStreamPullingAgent Producer for stream Default/BlobMessage/7bd474d5bcdf4a26bce94bea2c1fc2b3.
[17:31:25 INF] Unregister PersistentStreamPullingAgent Producer for stream Default/BlobMessage/c9434d8986f645c2b9c5651804f50434.
[17:31:25 INF] Unregister PersistentStreamPullingAgent Producer for stream Default/SimpleMessage/adbaf4d4e188426a9d79b8b9ed8610a4.
[17:31:25 INF] Unregister PersistentStreamPullingAgent Producer for stream Default/SimpleMessage/404c5b0f970143b38732446d14a24e51.
[17:31:25 INF] Unregister PersistentStreamPullingAgent Producer for stream Default/SimpleMessage/59a21a4195614722b486767d18c602a9.
[17:31:25 INF] Unregister PersistentStreamPullingAgent Producer for stream Default/SimpleMessage/1a8ef70dcb184b45bcabaed722ddb5bf.
[17:31:25 INF] Unregister PersistentStreamPullingAgent Producer for stream Default/SimpleMessage/7bd474d5bcdf4a26bce94bea2c1fc2b3.
[17:31:25 INF] Unregister PersistentStreamPullingAgent Producer for stream Default/SimpleMessage/c9434d8986f645c2b9c5651804f50434.
[17:31:25 INF] Unregister PersistentStreamPullingAgent Producer for stream Default/CompoundMessage/bc341e5609f94ccea2e5756d866e4c17.
[17:31:25 INF] Unregister PersistentStreamPullingAgent Producer for stream Default/CompoundMessage/2efd7681626844beaa0ac7b079abc39f.
[17:31:25 INF] Unregister PersistentStreamPullingAgent Producer for stream Default/CompoundMessage/a851962f556e4fc3ba70aad53a104d03.
[17:31:25 INF] Unregister PersistentStreamPullingAgent Producer for stream Default/CompoundMessage/8f7631e2e00f44659e854cb5b6e04fc4.
[17:31:25 INF] Unregister PersistentStreamPullingAgent Producer for stream Default/CompoundMessage/9ce00b5383db41369ae0a60e383656de.
[17:31:25 INF] Unregister PersistentStreamPullingAgent Producer for stream Default/CompoundMessage/d98b57bae593438fb2f4f0e0b0fcd4fa.
[17:31:25 INF] Unregister PersistentStreamPullingAgent Producer for stream Default/CompoundMessage/094c3f50724946dd9266c4038f98fd27.
[17:31:25 INF] Unregister PersistentStreamPullingAgent Producer for stream Default/CompoundMessage/99f116b6240740408dffc5d3e8d1a722.
[17:31:25 INF] Unregister PersistentStreamPullingAgent Producer for stream Default/CompoundMessage/f595748d032d49bcb4d2d59925db612c.
[17:31:25 INF] Unregister PersistentStreamPullingAgent Producer for stream Default/CompoundMessage/86e6224cc4094a53b28198931ea07a86.
[17:31:25 INF] Unregister PersistentStreamPullingAgent Producer for stream Default/BlobMessage/86e6224cc4094a53b28198931ea07a86.
[17:31:25 INF] Unregister PersistentStreamPullingAgent Producer for stream Default/BlobMessage/f595748d032d49bcb4d2d59925db612c.
[17:31:25 INF] Unregister PersistentStreamPullingAgent Producer for stream Default/BlobMessage/99f116b6240740408dffc5d3e8d1a722.
[17:31:25 INF] Unregister PersistentStreamPullingAgent Producer for stream Default/BlobMessage/9ce00b5383db41369ae0a60e383656de.
[17:31:25 INF] Unregister PersistentStreamPullingAgent Producer for stream Default/BlobMessage/d98b57bae593438fb2f4f0e0b0fcd4fa.
[17:31:25 INF] Unregister PersistentStreamPullingAgent Producer for stream Default/BlobMessage/8f7631e2e00f44659e854cb5b6e04fc4.
[17:31:25 INF] Unregister PersistentStreamPullingAgent Producer for stream Default/BlobMessage/a851962f556e4fc3ba70aad53a104d03.
[17:31:25 INF] Unregister PersistentStreamPullingAgent Producer for stream Default/BlobMessage/2efd7681626844beaa0ac7b079abc39f.
[17:31:25 INF] Unregister PersistentStreamPullingAgent Producer for stream Default/BlobMessage/094c3f50724946dd9266c4038f98fd27.
[17:31:25 INF] Unregister PersistentStreamPullingAgent Producer for stream Default/BlobMessage/bc341e5609f94ccea2e5756d866e4c17.
[17:31:25 INF] Unregister PersistentStreamPullingAgent Producer for stream Default/SimpleMessage/86e6224cc4094a53b28198931ea07a86.
[17:31:25 INF] Unregister PersistentStreamPullingAgent Producer for stream Default/SimpleMessage/f595748d032d49bcb4d2d59925db612c.
[17:31:25 INF] Unregister PersistentStreamPullingAgent Producer for stream Default/SimpleMessage/d98b57bae593438fb2f4f0e0b0fcd4fa.
[17:31:25 INF] Unregister PersistentStreamPullingAgent Producer for stream Default/SimpleMessage/9ce00b5383db41369ae0a60e383656de.
[17:31:25 INF] Unregister PersistentStreamPullingAgent Producer for stream Default/SimpleMessage/99f116b6240740408dffc5d3e8d1a722.
[17:31:25 INF] Unregister PersistentStreamPullingAgent Producer for stream Default/SimpleMessage/8f7631e2e00f44659e854cb5b6e04fc4.
[17:31:25 INF] Unregister PersistentStreamPullingAgent Producer for stream Default/SimpleMessage/a851962f556e4fc3ba70aad53a104d03.
[17:31:25 INF] Unregister PersistentStreamPullingAgent Producer for stream Default/SimpleMessage/094c3f50724946dd9266c4038f98fd27.
[17:31:25 INF] Unregister PersistentStreamPullingAgent Producer for stream Default/SimpleMessage/2efd7681626844beaa0ac7b079abc39f.
[17:31:25 INF] Unregister PersistentStreamPullingAgent Producer for stream Default/SimpleMessage/bc341e5609f94ccea2e5756d866e4c17.
[17:31:25 INF] Unregister PersistentStreamPullingAgent Producer for stream Default/CompoundMessage/4223f083b433412c9d62fe237eb7f54e.
[17:31:25 INF] Unregister PersistentStreamPullingAgent Producer for stream Default/CompoundMessage/c2217f1aa86644e8bba4ac48c3919bd5.
[17:31:25 INF] Unregister PersistentStreamPullingAgent Producer for stream Default/CompoundMessage/e121397902c741ebabc73d66b524617d.
[17:31:25 INF] Unregister PersistentStreamPullingAgent Producer for stream Default/CompoundMessage/bdef1a7af7404683846c2ecce290d456.
[17:31:25 INF] Unregister PersistentStreamPullingAgent Producer for stream Default/CompoundMessage/cca1f97840d948d8b680bc97885da6af.
[17:31:25 INF] Unregister PersistentStreamPullingAgent Producer for stream Default/CompoundMessage/20b574d8fdcd4e78a3932ae0935a0068.
[17:31:25 INF] Unregister PersistentStreamPullingAgent Producer for stream Default/CompoundMessage/4c7495b6522e475794cec906f096a1ad.
[17:31:25 INF] Unregister PersistentStreamPullingAgent Producer for stream Default/CompoundMessage/743fec6e236e4743933745523c77c696.
[17:31:25 INF] Unregister PersistentStreamPullingAgent Producer for stream Default/CompoundMessage/289c3ebb2cac4cadb010cb4d363576c4.
[17:31:25 INF] Unregister PersistentStreamPullingAgent Producer for stream Default/CompoundMessage/c7846562723d4e51b3b10ee20c838249.
[17:31:25 INF] Unregister PersistentStreamPullingAgent Producer for stream Default/BlobMessage/289c3ebb2cac4cadb010cb4d363576c4.
[17:31:25 INF] Unregister PersistentStreamPullingAgent Producer for stream Default/BlobMessage/c7846562723d4e51b3b10ee20c838249.
[17:31:25 INF] Unregister PersistentStreamPullingAgent Producer for stream Default/BlobMessage/4c7495b6522e475794cec906f096a1ad.
[17:31:25 INF] Unregister PersistentStreamPullingAgent Producer for stream Default/BlobMessage/20b574d8fdcd4e78a3932ae0935a0068.
[17:31:25 INF] Unregister PersistentStreamPullingAgent Producer for stream Default/BlobMessage/bdef1a7af7404683846c2ecce290d456.
[17:31:25 INF] Unregister PersistentStreamPullingAgent Producer for stream Default/BlobMessage/743fec6e236e4743933745523c77c696.
[17:31:25 INF] Unregister PersistentStreamPullingAgent Producer for stream Default/SimpleMessage/289c3ebb2cac4cadb010cb4d363576c4.
[17:31:25 INF] Unregister PersistentStreamPullingAgent Producer for stream Default/BlobMessage/4223f083b433412c9d62fe237eb7f54e.
[17:31:25 INF] Unregister PersistentStreamPullingAgent Producer for stream Default/BlobMessage/cca1f97840d948d8b680bc97885da6af.
[17:31:25 INF] Unregister PersistentStreamPullingAgent Producer for stream Default/BlobMessage/c2217f1aa86644e8bba4ac48c3919bd5.
[17:31:25 INF] Unregister PersistentStreamPullingAgent Producer for stream Default/SimpleMessage/c7846562723d4e51b3b10ee20c838249.
[17:31:25 INF] Unregister PersistentStreamPullingAgent Producer for stream Default/BlobMessage/e121397902c741ebabc73d66b524617d.
[17:31:25 INF] Unregister PersistentStreamPullingAgent Producer for stream Default/SimpleMessage/4c7495b6522e475794cec906f096a1ad.
[17:31:25 INF] Unregister PersistentStreamPullingAgent Producer for stream Default/SimpleMessage/20b574d8fdcd4e78a3932ae0935a0068.
[17:31:25 INF] Unregister PersistentStreamPullingAgent Producer for stream Default/SimpleMessage/bdef1a7af7404683846c2ecce290d456.
[17:31:25 INF] Unregister PersistentStreamPullingAgent Producer for stream Default/SimpleMessage/743fec6e236e4743933745523c77c696.
[17:31:25 INF] Unregister PersistentStreamPullingAgent Producer for stream Default/SimpleMessage/cca1f97840d948d8b680bc97885da6af.
[17:31:25 INF] Unregister PersistentStreamPullingAgent Producer for stream Default/SimpleMessage/4223f083b433412c9d62fe237eb7f54e.
[17:31:25 INF] Unregister PersistentStreamPullingAgent Producer for stream Default/SimpleMessage/c2217f1aa86644e8bba4ac48c3919bd5.
[17:31:25 INF] Unregister PersistentStreamPullingAgent Producer for stream Default/SimpleMessage/e121397902c741ebabc73d66b524617d.
[17:31:25 INF] Unregister PersistentStreamPullingAgent Producer for stream Default/CompoundMessage/52e0b42edf8841a4bcd071086358c713.
[17:31:25 INF] Unregister PersistentStreamPullingAgent Producer for stream Default/CompoundMessage/5cf842dcd2a6435089c9e4d14982d1ef.
[17:31:25 INF] Unregister PersistentStreamPullingAgent Producer for stream Default/CompoundMessage/cd45b2d0d8ae4bfd918fcdadec9d6afe.
[17:31:25 INF] Unregister PersistentStreamPullingAgent Producer for stream Default/CompoundMessage/6404f523138f4778adf1167f6580bc6b.
[17:31:25 INF] Unregister PersistentStreamPullingAgent Producer for stream Default/CompoundMessage/65e51259b46044dd9af85d0da816b22f.
[17:31:25 INF] Unregister PersistentStreamPullingAgent Producer for stream Default/CompoundMessage/9d49c32ee5be46f79bb48060898120d4.
[17:31:25 INF] Unregister PersistentStreamPullingAgent Producer for stream Default/CompoundMessage/dce1076307db4e9fad05a7e1f4eaa514.
[17:31:25 INF] Unregister PersistentStreamPullingAgent Producer for stream Default/CompoundMessage/f8d664bbbe7c4bf58df26f98b66b8d2c.
[17:31:25 INF] Unregister PersistentStreamPullingAgent Producer for stream Default/CompoundMessage/f148596e53a3491c81ddf474ee9137a6.
[17:31:25 INF] Unregister PersistentStreamPullingAgent Producer for stream Default/CompoundMessage/e5a1ccc9a7e44069bf0d27f9b0e8d69e.
[17:31:25 INF] Unregister PersistentStreamPullingAgent Producer for stream Default/BlobMessage/f8d664bbbe7c4bf58df26f98b66b8d2c.
[17:31:25 INF] Unregister PersistentStreamPullingAgent Producer for stream Default/BlobMessage/e5a1ccc9a7e44069bf0d27f9b0e8d69e.
[17:31:25 INF] Unregister PersistentStreamPullingAgent Producer for stream Default/BlobMessage/dce1076307db4e9fad05a7e1f4eaa514.
[17:31:25 INF] Unregister PersistentStreamPullingAgent Producer for stream Default/BlobMessage/9d49c32ee5be46f79bb48060898120d4.
[17:31:25 INF] Unregister PersistentStreamPullingAgent Producer for stream Default/BlobMessage/6404f523138f4778adf1167f6580bc6b.
[17:31:25 INF] Unregister PersistentStreamPullingAgent Producer for stream Default/BlobMessage/f148596e53a3491c81ddf474ee9137a6.
[17:31:25 INF] Unregister PersistentStreamPullingAgent Producer for stream Default/BlobMessage/cd45b2d0d8ae4bfd918fcdadec9d6afe.
[17:31:25 INF] Unregister PersistentStreamPullingAgent Producer for stream Default/BlobMessage/5cf842dcd2a6435089c9e4d14982d1ef.
[17:31:25 INF] Unregister PersistentStreamPullingAgent Producer for stream Default/BlobMessage/52e0b42edf8841a4bcd071086358c713.
[17:31:25 INF] Unregister PersistentStreamPullingAgent Producer for stream Default/BlobMessage/65e51259b46044dd9af85d0da816b22f.
[17:31:25 INF] Unregister PersistentStreamPullingAgent Producer for stream Default/SimpleMessage/f8d664bbbe7c4bf58df26f98b66b8d2c.
[17:31:25 INF] Unregister PersistentStreamPullingAgent Producer for stream Default/SimpleMessage/e5a1ccc9a7e44069bf0d27f9b0e8d69e.
[17:31:25 INF] Unregister PersistentStreamPullingAgent Producer for stream Default/SimpleMessage/dce1076307db4e9fad05a7e1f4eaa514.
[17:31:25 INF] Unregister PersistentStreamPullingAgent Producer for stream Default/SimpleMessage/9d49c32ee5be46f79bb48060898120d4.
[17:31:25 INF] Unregister PersistentStreamPullingAgent Producer for stream Default/SimpleMessage/6404f523138f4778adf1167f6580bc6b.
[17:31:25 INF] Unregister PersistentStreamPullingAgent Producer for stream Default/SimpleMessage/f148596e53a3491c81ddf474ee9137a6.
[17:31:25 INF] Unregister PersistentStreamPullingAgent Producer for stream Default/SimpleMessage/cd45b2d0d8ae4bfd918fcdadec9d6afe.
[17:31:25 INF] Unregister PersistentStreamPullingAgent Producer for stream Default/SimpleMessage/5cf842dcd2a6435089c9e4d14982d1ef.
[17:31:25 INF] Unregister PersistentStreamPullingAgent Producer for stream Default/SimpleMessage/52e0b42edf8841a4bcd071086358c713.
[17:31:25 INF] Unregister PersistentStreamPullingAgent Producer for stream Default/SimpleMessage/65e51259b46044dd9af85d0da816b22f.
[17:31:25 INF] Unregister PersistentStreamPullingAgent Producer for stream Default/CompoundMessage/35008548ed1c4aa5bb2c875bdccabfca.
[17:31:25 INF] Unregister PersistentStreamPullingAgent Producer for stream Default/CompoundMessage/4e0a1f7256364f90adf596bd6903d6ac.
[17:31:25 INF] Unregister PersistentStreamPullingAgent Producer for stream Default/CompoundMessage/b5db46d9d5194197a2d2db3ebd584550.
[17:31:25 INF] Unregister PersistentStreamPullingAgent Producer for stream Default/CompoundMessage/50a312ca275a4d0f897eee96d059c478.
[17:31:25 INF] Unregister PersistentStreamPullingAgent Producer for stream Default/CompoundMessage/609700ba8b15466488ff8eb206040584.
[17:31:25 INF] Unregister PersistentStreamPullingAgent Producer for stream Default/CompoundMessage/614d7d2a30a94d8694d117078c41afd3.
[17:31:25 INF] Unregister PersistentStreamPullingAgent Producer for stream Default/CompoundMessage/98923d66daac4238891d51927fd154e3.
[17:31:25 INF] Unregister PersistentStreamPullingAgent Producer for stream Default/CompoundMessage/0436a170917340be8f594349fa473344.
[17:31:25 INF] Unregister PersistentStreamPullingAgent Producer for stream Default/CompoundMessage/686e2b8fe7c040a3aab281a91ca29354.
[17:31:25 INF] Unregister PersistentStreamPullingAgent Producer for stream Default/CompoundMessage/d0f0a41b20b4454c9f2e9143886dd4bc.
[17:31:25 INF] Unregister PersistentStreamPullingAgent Producer for stream Default/BlobMessage/609700ba8b15466488ff8eb206040584.
[17:31:25 INF] Unregister PersistentStreamPullingAgent Producer for stream Default/BlobMessage/614d7d2a30a94d8694d117078c41afd3.
[17:31:25 INF] Unregister PersistentStreamPullingAgent Producer for stream Default/BlobMessage/50a312ca275a4d0f897eee96d059c478.
[17:31:25 INF] Unregister PersistentStreamPullingAgent Producer for stream Default/BlobMessage/686e2b8fe7c040a3aab281a91ca29354.
[17:31:25 INF] Unregister PersistentStreamPullingAgent Producer for stream Default/BlobMessage/0436a170917340be8f594349fa473344.
[17:31:25 INF] Unregister PersistentStreamPullingAgent Producer for stream Default/SimpleMessage/609700ba8b15466488ff8eb206040584.
[17:31:25 INF] Unregister PersistentStreamPullingAgent Producer for stream Default/BlobMessage/d0f0a41b20b4454c9f2e9143886dd4bc.
[17:31:25 INF] Unregister PersistentStreamPullingAgent Producer for stream Default/SimpleMessage/50a312ca275a4d0f897eee96d059c478.
[17:31:25 INF] Unregister PersistentStreamPullingAgent Producer for stream Default/SimpleMessage/614d7d2a30a94d8694d117078c41afd3.
[17:31:25 INF] Unregister PersistentStreamPullingAgent Producer for stream Default/SimpleMessage/686e2b8fe7c040a3aab281a91ca29354.
[17:31:25 INF] Unregister PersistentStreamPullingAgent Producer for stream Default/SimpleMessage/0436a170917340be8f594349fa473344.
[17:31:25 INF] Unregister PersistentStreamPullingAgent Producer for stream Default/SimpleMessage/d0f0a41b20b4454c9f2e9143886dd4bc.
[17:31:25 INF] Unregister PersistentStreamPullingAgent Producer for stream Default/BlobMessage/98923d66daac4238891d51927fd154e3.
[17:31:25 INF] Unregister PersistentStreamPullingAgent Producer for stream Default/BlobMessage/b5db46d9d5194197a2d2db3ebd584550.
[17:31:25 INF] Unregister PersistentStreamPullingAgent Producer for stream Default/SimpleMessage/98923d66daac4238891d51927fd154e3.
[17:31:25 INF] Unregister PersistentStreamPullingAgent Producer for stream Default/BlobMessage/4e0a1f7256364f90adf596bd6903d6ac.
[17:31:25 INF] Unregister PersistentStreamPullingAgent Producer for stream Default/SimpleMessage/b5db46d9d5194197a2d2db3ebd584550.
[17:31:25 INF] Unregister PersistentStreamPullingAgent Producer for stream Default/BlobMessage/35008548ed1c4aa5bb2c875bdccabfca.
[17:31:25 INF] Unregister PersistentStreamPullingAgent Producer for stream Default/SimpleMessage/4e0a1f7256364f90adf596bd6903d6ac.
[17:31:25 INF] Unregister PersistentStreamPullingAgent Producer for stream Default/SimpleMessage/35008548ed1c4aa5bb2c875bdccabfca.
[17:31:25 INF] Unregister PersistentStreamPullingAgent Producer for stream Default/CompoundMessage/75d83ee57f164eacb4cccbe6a31b4914.
[17:31:25 INF] Unregister PersistentStreamPullingAgent Producer for stream Default/CompoundMessage/0a3d3f8f4271475e9e166f9431eaefc5.
[17:31:25 INF] Unregister PersistentStreamPullingAgent Producer for stream Default/CompoundMessage/7c8e143dacf342e38abc65bdfb71d2c4.
[17:31:25 INF] Unregister PersistentStreamPullingAgent Producer for stream Default/CompoundMessage/f494645f148e4129b8717b6c02e136f2.
[17:31:25 INF] Unregister PersistentStreamPullingAgent Producer for stream Default/CompoundMessage/5a9dfba21ca14948b230a3e77bde0497.
[17:31:25 INF] Unregister PersistentStreamPullingAgent Producer for stream Default/CompoundMessage/7623ced2acfb423b9dfd1270afe44502.
[17:31:25 INF] Unregister PersistentStreamPullingAgent Producer for stream Default/CompoundMessage/fdc5bdb0750b469f8de316dbbdfe91b4.
[17:31:25 INF] Unregister PersistentStreamPullingAgent Producer for stream Default/CompoundMessage/6ba8f2b44ce54d79b0d20e97b4122d1d.
[17:31:25 INF] Unregister PersistentStreamPullingAgent Producer for stream Default/CompoundMessage/8a7da788bd3c4ff98aca30069afbb696.
[17:31:25 INF] Unregister PersistentStreamPullingAgent Producer for stream Default/CompoundMessage/2402b59a0a5e4d5392aaf9f0ee159db4.
[17:31:25 INF] Unregister PersistentStreamPullingAgent Producer for stream Default/BlobMessage/7623ced2acfb423b9dfd1270afe44502.
[17:31:25 INF] Unregister PersistentStreamPullingAgent Producer for stream Default/BlobMessage/6ba8f2b44ce54d79b0d20e97b4122d1d.
[17:31:25 INF] Unregister PersistentStreamPullingAgent Producer for stream Default/BlobMessage/2402b59a0a5e4d5392aaf9f0ee159db4.
[17:31:25 INF] Unregister PersistentStreamPullingAgent Producer for stream Default/BlobMessage/75d83ee57f164eacb4cccbe6a31b4914.
[17:31:25 INF] Unregister PersistentStreamPullingAgent Producer for stream Default/BlobMessage/0a3d3f8f4271475e9e166f9431eaefc5.
[17:31:25 INF] Unregister PersistentStreamPullingAgent Producer for stream Default/BlobMessage/7c8e143dacf342e38abc65bdfb71d2c4.
[17:31:25 INF] Unregister PersistentStreamPullingAgent Producer for stream Default/SimpleMessage/7623ced2acfb423b9dfd1270afe44502.
[17:31:25 INF] Unregister PersistentStreamPullingAgent Producer for stream Default/SimpleMessage/6ba8f2b44ce54d79b0d20e97b4122d1d.
[17:31:25 INF] Unregister PersistentStreamPullingAgent Producer for stream Default/SimpleMessage/75d83ee57f164eacb4cccbe6a31b4914.
[17:31:25 INF] Unregister PersistentStreamPullingAgent Producer for stream Default/SimpleMessage/2402b59a0a5e4d5392aaf9f0ee159db4.
[17:31:25 INF] Unregister PersistentStreamPullingAgent Producer for stream Default/BlobMessage/5a9dfba21ca14948b230a3e77bde0497.
[17:31:25 INF] Unregister PersistentStreamPullingAgent Producer for stream Default/SimpleMessage/0a3d3f8f4271475e9e166f9431eaefc5.
[17:31:25 INF] Unregister PersistentStreamPullingAgent Producer for stream Default/SimpleMessage/7c8e143dacf342e38abc65bdfb71d2c4.
[17:31:25 INF] Unregister PersistentStreamPullingAgent Producer for stream Default/BlobMessage/8a7da788bd3c4ff98aca30069afbb696.
[17:31:25 INF] Unregister PersistentStreamPullingAgent Producer for stream Default/BlobMessage/fdc5bdb0750b469f8de316dbbdfe91b4.
[17:31:25 INF] Unregister PersistentStreamPullingAgent Producer for stream Default/BlobMessage/f494645f148e4129b8717b6c02e136f2.
[17:31:25 INF] Unregister PersistentStreamPullingAgent Producer for stream Default/SimpleMessage/5a9dfba21ca14948b230a3e77bde0497.
[17:31:25 INF] Unregister PersistentStreamPullingAgent Producer for stream Default/SimpleMessage/8a7da788bd3c4ff98aca30069afbb696.
[17:31:25 INF] Unregister PersistentStreamPullingAgent Producer for stream Default/SimpleMessage/fdc5bdb0750b469f8de316dbbdfe91b4.
[17:31:25 INF] Unregister PersistentStreamPullingAgent Producer for stream Default/SimpleMessage/f494645f148e4129b8717b6c02e136f2.
[17:31:25 INF] Unregister PersistentStreamPullingAgent Producer for stream Default/ExplosiveMessage/75c0b8bb64dc442b913d68e9067575c4.
[17:31:25 INF] Unregister PersistentStreamPullingAgent Producer for stream Default/ExplosiveNextMessage/75c0b8bb64dc442b913d68e9067575c4.
[17:31:25 INF] Unregister PersistentStreamPullingAgent Producer for stream Default/CompoundMessage/28c4e45a8efa44eb990d0bab1801a93a.
[17:31:25 INF] Unregister PersistentStreamPullingAgent Producer for stream Default/CompoundMessage/62026ce9484142078dfa7b1b9ea5e6fc.
[17:31:25 INF] Unregister PersistentStreamPullingAgent Producer for stream Default/CompoundMessage/dfb27d29a5b7439e8b84b0be3c4f1ef3.
[17:31:25 INF] Unregister PersistentStreamPullingAgent Producer for stream Default/CompoundMessage/eb72923fb8664781be6433ff4166b720.
[17:31:25 INF] Unregister PersistentStreamPullingAgent Producer for stream Default/CompoundMessage/9f1fe184038c486fa9bb5423ae9f01b1.
[17:31:25 INF] Unregister PersistentStreamPullingAgent Producer for stream Default/CompoundMessage/9d0c97ec80ad43ffb99e695bab08c8a8.
[17:31:25 INF] Unregister PersistentStreamPullingAgent Producer for stream Default/CompoundMessage/7800a671914443609ec3d06e26bafb78.
[17:31:25 INF] Unregister PersistentStreamPullingAgent Producer for stream Default/CompoundMessage/a5cb9b6a09fd4c6fae67616a49e1ccee.
[17:31:25 INF] Unregister PersistentStreamPullingAgent Producer for stream Default/CompoundMessage/00a5382798534182ab5f6c1826da210d.
[17:31:25 INF] Unregister PersistentStreamPullingAgent Producer for stream Default/CompoundMessage/4d29994ef4704f97a7a069f80ac30df1.
[17:31:25 INF] Unregister PersistentStreamPullingAgent Producer for stream Default/BlobMessage/7800a671914443609ec3d06e26bafb78.
[17:31:25 INF] Unregister PersistentStreamPullingAgent Producer for stream Default/BlobMessage/4d29994ef4704f97a7a069f80ac30df1.
[17:31:25 INF] Unregister PersistentStreamPullingAgent Producer for stream Default/BlobMessage/9d0c97ec80ad43ffb99e695bab08c8a8.
[17:31:25 INF] Unregister PersistentStreamPullingAgent Producer for stream Default/SimpleMessage/7800a671914443609ec3d06e26bafb78.
[17:31:25 INF] Unregister PersistentStreamPullingAgent Producer for stream Default/SimpleMessage/9d0c97ec80ad43ffb99e695bab08c8a8.
[17:31:25 INF] Unregister PersistentStreamPullingAgent Producer for stream Default/BlobMessage/28c4e45a8efa44eb990d0bab1801a93a.
[17:31:25 INF] Unregister PersistentStreamPullingAgent Producer for stream Default/SimpleMessage/4d29994ef4704f97a7a069f80ac30df1.
[17:31:25 INF] Unregister PersistentStreamPullingAgent Producer for stream Default/SimpleMessage/28c4e45a8efa44eb990d0bab1801a93a.
[17:31:25 INF] Unregister PersistentStreamPullingAgent Producer for stream Default/BlobMessage/a5cb9b6a09fd4c6fae67616a49e1ccee.
[17:31:25 INF] Unregister PersistentStreamPullingAgent Producer for stream Default/BlobMessage/9f1fe184038c486fa9bb5423ae9f01b1.
[17:31:25 INF] Unregister PersistentStreamPullingAgent Producer for stream Default/BlobMessage/62026ce9484142078dfa7b1b9ea5e6fc.
[17:31:25 INF] Unregister PersistentStreamPullingAgent Producer for stream Default/SimpleMessage/9f1fe184038c486fa9bb5423ae9f01b1.
[17:31:25 INF] Unregister PersistentStreamPullingAgent Producer for stream Default/SimpleMessage/a5cb9b6a09fd4c6fae67616a49e1ccee.
[17:31:25 INF] Unregister PersistentStreamPullingAgent Producer for stream Default/SimpleMessage/62026ce9484142078dfa7b1b9ea5e6fc.
[17:31:25 INF] Unregister PersistentStreamPullingAgent Producer for stream Default/BlobMessage/dfb27d29a5b7439e8b84b0be3c4f1ef3.
[17:31:25 INF] Unregister PersistentStreamPullingAgent Producer for stream Default/BlobMessage/eb72923fb8664781be6433ff4166b720.
[17:31:25 INF] Unregister PersistentStreamPullingAgent Producer for stream Default/SimpleMessage/dfb27d29a5b7439e8b84b0be3c4f1ef3.
[17:31:25 INF] Unregister PersistentStreamPullingAgent Producer for stream Default/SimpleMessage/eb72923fb8664781be6433ff4166b720.
[17:31:25 INF] Unregister PersistentStreamPullingAgent Producer for stream Default/BlobMessage/00a5382798534182ab5f6c1826da210d.
[17:31:25 INF] Unregister PersistentStreamPullingAgent Producer for stream Default/SimpleMessage/00a5382798534182ab5f6c1826da210d.
[17:31:25 INF] Unregister PersistentStreamPullingAgent Producer for stream Default/ExplosiveMessage/5196ee43de93403cab2dd527af7d7ed6.
[17:31:25 INF] Unregister PersistentStreamPullingAgent Producer for stream Default/ExplosiveNextMessage/5196ee43de93403cab2dd527af7d7ed6.
[17:31:25 INF] Unregister PersistentStreamPullingAgent Producer for stream Default/ExplosiveMessage/cec89b4ee53343958a887969fc933d4d.
[17:31:25 INF] Unregister PersistentStreamPullingAgent Producer for stream Default/ExplosiveNextMessage/cec89b4ee53343958a887969fc933d4d.
[17:31:25 INF] Unregister PersistentStreamPullingAgent Producer for stream Default/ExplosiveMessage/d267b3070e2b4f86b82e4235c167b28d.
[17:31:25 INF] Unregister PersistentStreamPullingAgent Producer for stream Default/ExplosiveNextMessage/d267b3070e2b4f86b82e4235c167b28d.
[17:31:25 INF] Unregister PersistentStreamPullingAgent Producer for stream Default/ExplosiveMessage/6df7131a71fe442cb3f44f8e151a272d.
[17:31:25 INF] Unregister PersistentStreamPullingAgent Producer for stream Default/ExplosiveNextMessage/6df7131a71fe442cb3f44f8e151a272d.
[17:31:25 INF] Unregister PersistentStreamPullingAgent Producer for stream Default/ExplosiveMessage/51836a87c6614268891a5661c96c32b7.
[17:31:25 INF] Unregister PersistentStreamPullingAgent Producer for stream Default/ExplosiveNextMessage/51836a87c6614268891a5661c96c32b7.
[17:31:25 INF] Unregister PersistentStreamPullingAgent Producer for stream Default/BlobMessage/c673facb0b954c6ca63814be61f5f9f9.
[17:31:25 INF] Unregister PersistentStreamPullingAgent Producer for stream Default/BlobMessage/d96090dc80a44ab69144621baabaa5ff.
[17:31:25 INF] Unregister PersistentStreamPullingAgent Producer for stream Default/BlobMessage/c44aa4ccadd045649c5feb0120dbb771.
[17:31:25 INF] Unregister PersistentStreamPullingAgent Producer for stream Default/BlobMessage/d1f6dbd96571459ca8ad7288be22238c.
[17:31:25 INF] Unregister PersistentStreamPullingAgent Producer for stream Default/BlobMessage/5fdf51427c1d4cb1977d271764cc198a.
[17:31:25 INF] Unregister PersistentStreamPullingAgent Producer for stream Default/BlobMessage/4f0d72ec7e9b4fa2b55905bf9af0def2.
[17:31:25 INF] Unregister PersistentStreamPullingAgent Producer for stream Default/BlobMessage/72827026e8b54283b7debc2a615030b3.
[17:31:25 INF] Unregister PersistentStreamPullingAgent Producer for stream Default/BlobMessage/a848e252a575430682ef2290ff200f58.
[17:31:25 INF] Unregister PersistentStreamPullingAgent Producer for stream Default/BlobMessage/beff3cb8ed3a4d619d17b6caf4c15b42.
[17:31:25 INF] Unregister PersistentStreamPullingAgent Producer for stream Default/BlobMessage/a80b474267ce4af3b38001b11f34bfe1.
[17:31:25 INF] Unregister PersistentStreamPullingAgent Producer for stream Default/BlobMessage/b6228a135de34f7198610168d6871123.
[17:31:25 INF] Unregister PersistentStreamPullingAgent Producer for stream Default/BlobMessage/b3f218eb6e534d6f8f032cdaab4b1705.
[17:31:25 INF] Unregister PersistentStreamPullingAgent Producer for stream Default/BlobMessage/9a1953900bd14a2fade1c377cc9e758a.
[17:31:25 INF] Unregister PersistentStreamPullingAgent Producer for stream Default/BlobMessage/0cff5ba78d014cffb7f300e2f02e62a6.
[17:31:25 INF] Unregister PersistentStreamPullingAgent Producer for stream Default/BlobMessage/81606109c4fb4c7db5a4985f7d262ced.
[17:31:25 INF] Unregister PersistentStreamPullingAgent Producer for stream Default/BlobMessage/c458bd1b62a440b59c6e34fcdc35fd55.
[17:31:25 INF] Unregister PersistentStreamPullingAgent Producer for stream Default/BlobMessage/db1a4b701a844d1b9175f84f14114e3f.
[17:31:25 INF] Unregister PersistentStreamPullingAgent Producer for stream Default/BlobMessage/bfab7556e161443ca4ffbd45970ee071.
[17:31:25 INF] Unregister PersistentStreamPullingAgent Producer for stream Default/BlobMessage/c55bafad61df46248f8ec05eb070906b.
[17:31:25 INF] Unregister PersistentStreamPullingAgent Producer for stream Default/BlobMessage/df806f2ea10b4c64bc576c2cd987fefc.
[17:31:25 INF] Removed 1 queues: [default-0]. Now own total of 0 queues: [].
[17:31:25 INF] Stopped agents.
[17:31:25 WRN] AllActiveSilos SiloStatusOracle.GetApproximateSiloStatuses empty
[17:31:25 WRN] AllActiveSilos SiloStatusOracle.GetApproximateSiloStatuses empty
[17:31:25 WRN] AllActiveSilos SiloStatusOracle.GetApproximateSiloStatuses empty
[17:31:25 WRN] Failed to forward message Request [S127.0.0.1:29897:124421451 transaction/default-0]->[S127.0.0.1:29897:124421451 memorystorage/4] Orleans.Storage.IMemoryStorageGrain.WriteStateAsync<T>(System.String, Orleans.IGrainState`1[System.ReadOnlyMemory`1[System.Byte]]) #471DA0C3DD1007DB[ForwardCount=2] from [GrainAddress GrainId memorystorage/4, ActivationId: @00000000000000000000000000000000, SiloAddress: S127.0.0.1:29897:124421451] to null after Unable to create local activation. Attempt 2
[17:31:25 ERR] Error from storage provider MemoryGrainStorage.state during WriteStateAsync for grain transaction/default-0null
Orleans.Runtime.OrleansMessageRejectionException: Forwarding failed: tried to forward message Request [S127.0.0.1:29897:124421451 transaction/default-0]->[S127.0.0.1:29897:124421451 memorystorage/4] Orleans.Storage.IMemoryStorageGrain.WriteStateAsync<T>(System.String, Orleans.IGrainState`1[System.ReadOnlyMemory`1[System.Byte]]) #471DA0C3DD1007DB[ForwardCount=2] for 2 times after "Unable to create local activation" to invalid activation. Rejecting now. 
   at System.Threading.Tasks.ValueTask`1.ValueTaskSourceAsTask.<>c.<.cctor>b__4_0(Object state)
--- End of stack trace from previous location ---
   at Orleans.Storage.MemoryGrainStorage.WriteStateAsync[T](String grainType, GrainId grainId, IGrainState`1 grainState) in /_/src/Orleans.Persistence.Memory/Storage/MemoryStorage.cs:line 102
   at Orleans.Core.StateStorageBridge`1.WriteStateAsync() in /_/src/Orleans.Runtime/Storage/StateStorageBridge.cs:line 106
[17:31:25 ERR] Error thrown from OnDeactivateAsync for activation '[Activation: S127.0.0.1:29897:124421451/transaction/default-0@e57925639b354ea4b7895f841ae3cb20#GrainType=Orleans.Streaming.Grains.Grains.TransactionGrain,Orleans.Streaming.Grains Placement=ResourceOptimizedPlacement State=Deactivating]'
Orleans.Runtime.OrleansMessageRejectionException: Forwarding failed: tried to forward message Request [S127.0.0.1:29897:124421451 transaction/default-0]->[S127.0.0.1:29897:124421451 memorystorage/4] Orleans.Storage.IMemoryStorageGrain.WriteStateAsync<T>(System.String, Orleans.IGrainState`1[System.ReadOnlyMemory`1[System.Byte]]) #471DA0C3DD1007DB[ForwardCount=2] for 2 times after "Unable to create local activation" to invalid activation. Rejecting now. 
   at System.Threading.Tasks.ValueTask`1.ValueTaskSourceAsTask.<>c.<.cctor>b__4_0(Object state)
--- End of stack trace from previous location ---
   at Orleans.Storage.MemoryGrainStorage.WriteStateAsync[T](String grainType, GrainId grainId, IGrainState`1 grainState) in /_/src/Orleans.Persistence.Memory/Storage/MemoryStorage.cs:line 102
   at Orleans.Core.StateStorageBridge`1.WriteStateAsync() in /_/src/Orleans.Runtime/Storage/StateStorageBridge.cs:line 106
   at Orleans.Core.StateStorageBridge`1.OnError(Exception exception, ErrorCode id, String operation) in /_/src/Orleans.Runtime/Storage/StateStorageBridge.cs:line 188
   at Orleans.Core.StateStorageBridge`1.WriteStateAsync() in /_/src/Orleans.Runtime/Storage/StateStorageBridge.cs:line 112
   at Orleans.Streaming.Grains.Grains.TransactionGrain.PersistAsync() in C:\tmp\Orleans.Streaming.Grains\src\Orleans.Streaming.Grains\Grains\TransactionGrain.cs:line 153
   at Orleans.Streaming.Grains.Grains.TransactionGrain.OnDeactivateAsync(DeactivationReason reason, CancellationToken cancellationToken) in C:\tmp\Orleans.Streaming.Grains\src\Orleans.Streaming.Grains\Grains\TransactionGrain.cs:line 53
   at Orleans.Runtime.ActivationData.FinishDeactivating(ActivationState previousState, CancellationToken cancellationToken) in /_/src/Orleans.Runtime/Catalog/ActivationData.cs:line 1704
[17:31:25 INF] Orleans Silo stopped.

Test run summary: Passed! - C:\tmp\Orleans.Streaming.Grains\src\Orleans.Streaming.Grains.Tests\bin\Debug\net10.0\Orleans.Streaming.Grains.Tests.dll (net10.0|x64)
  total: 103
  failed: 0
  succeeded: 97
  skipped: 6
  duration: 3m 28s 965ms
